[2025-06-20T14:34:45.784+0000] {processor.py:161} INFO - Started process (PID=58) to work on /home/airflow/.local/lib/python3.12/site-packages/airflow/example_dags/example_latest_only_with_trigger.py
[2025-06-20T14:34:45.785+0000] {processor.py:830} INFO - Processing file /home/airflow/.local/lib/python3.12/site-packages/airflow/example_dags/example_latest_only_with_trigger.py for tasks to queue
[2025-06-20T14:34:45.787+0000] {logging_mixin.py:188} INFO - [2025-06-20T14:34:45.787+0000] {dagbag.py:540} INFO - Filling up the DagBag from /home/airflow/.local/lib/python3.12/site-packages/airflow/example_dags/example_latest_only_with_trigger.py
[2025-06-20T14:34:45.803+0000] {processor.py:840} INFO - DAG(s) 'latest_only_with_trigger' retrieved from /home/airflow/.local/lib/python3.12/site-packages/airflow/example_dags/example_latest_only_with_trigger.py
[2025-06-20T14:34:45.835+0000] {logging_mixin.py:188} INFO - [2025-06-20T14:34:45.835+0000] {dag.py:3096} INFO - Sync 1 DAGs
[2025-06-20T14:34:45.858+0000] {logging_mixin.py:188} INFO - [2025-06-20T14:34:45.858+0000] {dag.py:3954} INFO - Setting next_dagrun for latest_only_with_trigger to 2025-06-20 08:00:00+00:00, run_after=2025-06-20 12:00:00+00:00
[2025-06-20T14:34:45.875+0000] {processor.py:183} INFO - Processing /home/airflow/.local/lib/python3.12/site-packages/airflow/example_dags/example_latest_only_with_trigger.py took 0.097 seconds
[2025-06-20T14:35:16.172+0000] {processor.py:161} INFO - Started process (PID=116) to work on /home/airflow/.local/lib/python3.12/site-packages/airflow/example_dags/example_latest_only_with_trigger.py
[2025-06-20T14:35:16.173+0000] {processor.py:830} INFO - Processing file /home/airflow/.local/lib/python3.12/site-packages/airflow/example_dags/example_latest_only_with_trigger.py for tasks to queue
[2025-06-20T14:35:16.175+0000] {logging_mixin.py:188} INFO - [2025-06-20T14:35:16.175+0000] {dagbag.py:540} INFO - Filling up the DagBag from /home/airflow/.local/lib/python3.12/site-packages/airflow/example_dags/example_latest_only_with_trigger.py
[2025-06-20T14:35:16.182+0000] {processor.py:840} INFO - DAG(s) 'latest_only_with_trigger' retrieved from /home/airflow/.local/lib/python3.12/site-packages/airflow/example_dags/example_latest_only_with_trigger.py
[2025-06-20T14:35:16.414+0000] {logging_mixin.py:188} INFO - [2025-06-20T14:35:16.413+0000] {dag.py:3096} INFO - Sync 1 DAGs
[2025-06-20T14:35:16.437+0000] {logging_mixin.py:188} INFO - [2025-06-20T14:35:16.437+0000] {dag.py:3954} INFO - Setting next_dagrun for latest_only_with_trigger to 2025-06-20 08:00:00+00:00, run_after=2025-06-20 12:00:00+00:00
[2025-06-20T14:35:16.454+0000] {processor.py:183} INFO - Processing /home/airflow/.local/lib/python3.12/site-packages/airflow/example_dags/example_latest_only_with_trigger.py took 0.290 seconds
[2025-06-20T14:35:47.010+0000] {processor.py:161} INFO - Started process (PID=174) to work on /home/airflow/.local/lib/python3.12/site-packages/airflow/example_dags/example_latest_only_with_trigger.py
[2025-06-20T14:35:47.011+0000] {processor.py:830} INFO - Processing file /home/airflow/.local/lib/python3.12/site-packages/airflow/example_dags/example_latest_only_with_trigger.py for tasks to queue
[2025-06-20T14:35:47.013+0000] {logging_mixin.py:188} INFO - [2025-06-20T14:35:47.012+0000] {dagbag.py:540} INFO - Filling up the DagBag from /home/airflow/.local/lib/python3.12/site-packages/airflow/example_dags/example_latest_only_with_trigger.py
[2025-06-20T14:35:47.018+0000] {processor.py:840} INFO - DAG(s) 'latest_only_with_trigger' retrieved from /home/airflow/.local/lib/python3.12/site-packages/airflow/example_dags/example_latest_only_with_trigger.py
[2025-06-20T14:35:47.038+0000] {logging_mixin.py:188} INFO - [2025-06-20T14:35:47.038+0000] {dag.py:3096} INFO - Sync 1 DAGs
[2025-06-20T14:35:47.059+0000] {logging_mixin.py:188} INFO - [2025-06-20T14:35:47.059+0000] {dag.py:3954} INFO - Setting next_dagrun for latest_only_with_trigger to 2025-06-20 08:00:00+00:00, run_after=2025-06-20 12:00:00+00:00
[2025-06-20T14:35:47.079+0000] {processor.py:183} INFO - Processing /home/airflow/.local/lib/python3.12/site-packages/airflow/example_dags/example_latest_only_with_trigger.py took 0.075 seconds
[2025-06-20T14:36:17.308+0000] {processor.py:161} INFO - Started process (PID=232) to work on /home/airflow/.local/lib/python3.12/site-packages/airflow/example_dags/example_latest_only_with_trigger.py
[2025-06-20T14:36:17.309+0000] {processor.py:830} INFO - Processing file /home/airflow/.local/lib/python3.12/site-packages/airflow/example_dags/example_latest_only_with_trigger.py for tasks to queue
[2025-06-20T14:36:17.311+0000] {logging_mixin.py:188} INFO - [2025-06-20T14:36:17.311+0000] {dagbag.py:540} INFO - Filling up the DagBag from /home/airflow/.local/lib/python3.12/site-packages/airflow/example_dags/example_latest_only_with_trigger.py
[2025-06-20T14:36:17.316+0000] {processor.py:840} INFO - DAG(s) 'latest_only_with_trigger' retrieved from /home/airflow/.local/lib/python3.12/site-packages/airflow/example_dags/example_latest_only_with_trigger.py
[2025-06-20T14:36:17.339+0000] {logging_mixin.py:188} INFO - [2025-06-20T14:36:17.339+0000] {dag.py:3096} INFO - Sync 1 DAGs
[2025-06-20T14:36:17.358+0000] {logging_mixin.py:188} INFO - [2025-06-20T14:36:17.358+0000] {dag.py:3954} INFO - Setting next_dagrun for latest_only_with_trigger to 2025-06-20 08:00:00+00:00, run_after=2025-06-20 12:00:00+00:00
[2025-06-20T14:36:17.374+0000] {processor.py:183} INFO - Processing /home/airflow/.local/lib/python3.12/site-packages/airflow/example_dags/example_latest_only_with_trigger.py took 0.072 seconds
[2025-06-20T14:36:47.902+0000] {processor.py:161} INFO - Started process (PID=290) to work on /home/airflow/.local/lib/python3.12/site-packages/airflow/example_dags/example_latest_only_with_trigger.py
[2025-06-20T14:36:47.903+0000] {processor.py:830} INFO - Processing file /home/airflow/.local/lib/python3.12/site-packages/airflow/example_dags/example_latest_only_with_trigger.py for tasks to queue
[2025-06-20T14:36:47.905+0000] {logging_mixin.py:188} INFO - [2025-06-20T14:36:47.905+0000] {dagbag.py:540} INFO - Filling up the DagBag from /home/airflow/.local/lib/python3.12/site-packages/airflow/example_dags/example_latest_only_with_trigger.py
[2025-06-20T14:36:47.911+0000] {processor.py:840} INFO - DAG(s) 'latest_only_with_trigger' retrieved from /home/airflow/.local/lib/python3.12/site-packages/airflow/example_dags/example_latest_only_with_trigger.py
[2025-06-20T14:36:47.933+0000] {logging_mixin.py:188} INFO - [2025-06-20T14:36:47.933+0000] {dag.py:3096} INFO - Sync 1 DAGs
[2025-06-20T14:36:47.954+0000] {logging_mixin.py:188} INFO - [2025-06-20T14:36:47.953+0000] {dag.py:3954} INFO - Setting next_dagrun for latest_only_with_trigger to 2025-06-20 08:00:00+00:00, run_after=2025-06-20 12:00:00+00:00
[2025-06-20T14:36:47.969+0000] {processor.py:183} INFO - Processing /home/airflow/.local/lib/python3.12/site-packages/airflow/example_dags/example_latest_only_with_trigger.py took 0.073 seconds
[2025-06-20T14:37:18.543+0000] {processor.py:161} INFO - Started process (PID=364) to work on /home/airflow/.local/lib/python3.12/site-packages/airflow/example_dags/example_latest_only_with_trigger.py
[2025-06-20T14:37:18.544+0000] {processor.py:830} INFO - Processing file /home/airflow/.local/lib/python3.12/site-packages/airflow/example_dags/example_latest_only_with_trigger.py for tasks to queue
[2025-06-20T14:37:18.546+0000] {logging_mixin.py:188} INFO - [2025-06-20T14:37:18.546+0000] {dagbag.py:540} INFO - Filling up the DagBag from /home/airflow/.local/lib/python3.12/site-packages/airflow/example_dags/example_latest_only_with_trigger.py
[2025-06-20T14:37:18.551+0000] {processor.py:840} INFO - DAG(s) 'latest_only_with_trigger' retrieved from /home/airflow/.local/lib/python3.12/site-packages/airflow/example_dags/example_latest_only_with_trigger.py
[2025-06-20T14:37:18.571+0000] {logging_mixin.py:188} INFO - [2025-06-20T14:37:18.570+0000] {dag.py:3096} INFO - Sync 1 DAGs
[2025-06-20T14:37:18.590+0000] {logging_mixin.py:188} INFO - [2025-06-20T14:37:18.590+0000] {dag.py:3954} INFO - Setting next_dagrun for latest_only_with_trigger to 2025-06-20 08:00:00+00:00, run_after=2025-06-20 12:00:00+00:00
[2025-06-20T14:37:18.605+0000] {processor.py:183} INFO - Processing /home/airflow/.local/lib/python3.12/site-packages/airflow/example_dags/example_latest_only_with_trigger.py took 0.068 seconds
[2025-06-20T14:37:48.924+0000] {processor.py:161} INFO - Started process (PID=422) to work on /home/airflow/.local/lib/python3.12/site-packages/airflow/example_dags/example_latest_only_with_trigger.py
[2025-06-20T14:37:48.925+0000] {processor.py:830} INFO - Processing file /home/airflow/.local/lib/python3.12/site-packages/airflow/example_dags/example_latest_only_with_trigger.py for tasks to queue
[2025-06-20T14:37:48.927+0000] {logging_mixin.py:188} INFO - [2025-06-20T14:37:48.927+0000] {dagbag.py:540} INFO - Filling up the DagBag from /home/airflow/.local/lib/python3.12/site-packages/airflow/example_dags/example_latest_only_with_trigger.py
[2025-06-20T14:37:48.933+0000] {processor.py:840} INFO - DAG(s) 'latest_only_with_trigger' retrieved from /home/airflow/.local/lib/python3.12/site-packages/airflow/example_dags/example_latest_only_with_trigger.py
[2025-06-20T14:37:48.952+0000] {logging_mixin.py:188} INFO - [2025-06-20T14:37:48.952+0000] {dag.py:3096} INFO - Sync 1 DAGs
[2025-06-20T14:37:48.973+0000] {logging_mixin.py:188} INFO - [2025-06-20T14:37:48.973+0000] {dag.py:3954} INFO - Setting next_dagrun for latest_only_with_trigger to 2025-06-20 08:00:00+00:00, run_after=2025-06-20 12:00:00+00:00
[2025-06-20T14:37:48.989+0000] {processor.py:183} INFO - Processing /home/airflow/.local/lib/python3.12/site-packages/airflow/example_dags/example_latest_only_with_trigger.py took 0.071 seconds
[2025-06-20T14:38:19.435+0000] {processor.py:161} INFO - Started process (PID=486) to work on /home/airflow/.local/lib/python3.12/site-packages/airflow/example_dags/example_latest_only_with_trigger.py
[2025-06-20T14:38:19.436+0000] {processor.py:830} INFO - Processing file /home/airflow/.local/lib/python3.12/site-packages/airflow/example_dags/example_latest_only_with_trigger.py for tasks to queue
[2025-06-20T14:38:19.438+0000] {logging_mixin.py:188} INFO - [2025-06-20T14:38:19.438+0000] {dagbag.py:540} INFO - Filling up the DagBag from /home/airflow/.local/lib/python3.12/site-packages/airflow/example_dags/example_latest_only_with_trigger.py
[2025-06-20T14:38:19.443+0000] {processor.py:840} INFO - DAG(s) 'latest_only_with_trigger' retrieved from /home/airflow/.local/lib/python3.12/site-packages/airflow/example_dags/example_latest_only_with_trigger.py
[2025-06-20T14:38:19.464+0000] {logging_mixin.py:188} INFO - [2025-06-20T14:38:19.463+0000] {dag.py:3096} INFO - Sync 1 DAGs
[2025-06-20T14:38:19.483+0000] {logging_mixin.py:188} INFO - [2025-06-20T14:38:19.483+0000] {dag.py:3954} INFO - Setting next_dagrun for latest_only_with_trigger to 2025-06-20 08:00:00+00:00, run_after=2025-06-20 12:00:00+00:00
[2025-06-20T14:38:19.499+0000] {processor.py:183} INFO - Processing /home/airflow/.local/lib/python3.12/site-packages/airflow/example_dags/example_latest_only_with_trigger.py took 0.070 seconds
[2025-06-20T14:38:49.569+0000] {processor.py:161} INFO - Started process (PID=544) to work on /home/airflow/.local/lib/python3.12/site-packages/airflow/example_dags/example_latest_only_with_trigger.py
[2025-06-20T14:38:49.570+0000] {processor.py:830} INFO - Processing file /home/airflow/.local/lib/python3.12/site-packages/airflow/example_dags/example_latest_only_with_trigger.py for tasks to queue
[2025-06-20T14:38:49.572+0000] {logging_mixin.py:188} INFO - [2025-06-20T14:38:49.572+0000] {dagbag.py:540} INFO - Filling up the DagBag from /home/airflow/.local/lib/python3.12/site-packages/airflow/example_dags/example_latest_only_with_trigger.py
[2025-06-20T14:38:49.577+0000] {processor.py:840} INFO - DAG(s) 'latest_only_with_trigger' retrieved from /home/airflow/.local/lib/python3.12/site-packages/airflow/example_dags/example_latest_only_with_trigger.py
[2025-06-20T14:38:49.596+0000] {logging_mixin.py:188} INFO - [2025-06-20T14:38:49.596+0000] {dag.py:3096} INFO - Sync 1 DAGs
[2025-06-20T14:38:49.616+0000] {logging_mixin.py:188} INFO - [2025-06-20T14:38:49.616+0000] {dag.py:3954} INFO - Setting next_dagrun for latest_only_with_trigger to 2025-06-20 08:00:00+00:00, run_after=2025-06-20 12:00:00+00:00
[2025-06-20T14:38:49.631+0000] {processor.py:183} INFO - Processing /home/airflow/.local/lib/python3.12/site-packages/airflow/example_dags/example_latest_only_with_trigger.py took 0.068 seconds
[2025-06-20T14:39:19.829+0000] {processor.py:161} INFO - Started process (PID=602) to work on /home/airflow/.local/lib/python3.12/site-packages/airflow/example_dags/example_latest_only_with_trigger.py
[2025-06-20T14:39:19.830+0000] {processor.py:830} INFO - Processing file /home/airflow/.local/lib/python3.12/site-packages/airflow/example_dags/example_latest_only_with_trigger.py for tasks to queue
[2025-06-20T14:39:19.832+0000] {logging_mixin.py:188} INFO - [2025-06-20T14:39:19.832+0000] {dagbag.py:540} INFO - Filling up the DagBag from /home/airflow/.local/lib/python3.12/site-packages/airflow/example_dags/example_latest_only_with_trigger.py
[2025-06-20T14:39:19.837+0000] {processor.py:840} INFO - DAG(s) 'latest_only_with_trigger' retrieved from /home/airflow/.local/lib/python3.12/site-packages/airflow/example_dags/example_latest_only_with_trigger.py
[2025-06-20T14:39:19.860+0000] {logging_mixin.py:188} INFO - [2025-06-20T14:39:19.859+0000] {dag.py:3096} INFO - Sync 1 DAGs
[2025-06-20T14:39:19.880+0000] {logging_mixin.py:188} INFO - [2025-06-20T14:39:19.880+0000] {dag.py:3954} INFO - Setting next_dagrun for latest_only_with_trigger to 2025-06-20 08:00:00+00:00, run_after=2025-06-20 12:00:00+00:00
[2025-06-20T14:39:19.895+0000] {processor.py:183} INFO - Processing /home/airflow/.local/lib/python3.12/site-packages/airflow/example_dags/example_latest_only_with_trigger.py took 0.072 seconds
[2025-06-20T14:39:50.093+0000] {processor.py:161} INFO - Started process (PID=660) to work on /home/airflow/.local/lib/python3.12/site-packages/airflow/example_dags/example_latest_only_with_trigger.py
[2025-06-20T14:39:50.094+0000] {processor.py:830} INFO - Processing file /home/airflow/.local/lib/python3.12/site-packages/airflow/example_dags/example_latest_only_with_trigger.py for tasks to queue
[2025-06-20T14:39:50.095+0000] {logging_mixin.py:188} INFO - [2025-06-20T14:39:50.095+0000] {dagbag.py:540} INFO - Filling up the DagBag from /home/airflow/.local/lib/python3.12/site-packages/airflow/example_dags/example_latest_only_with_trigger.py
[2025-06-20T14:39:50.101+0000] {processor.py:840} INFO - DAG(s) 'latest_only_with_trigger' retrieved from /home/airflow/.local/lib/python3.12/site-packages/airflow/example_dags/example_latest_only_with_trigger.py
[2025-06-20T14:39:50.121+0000] {logging_mixin.py:188} INFO - [2025-06-20T14:39:50.121+0000] {dag.py:3096} INFO - Sync 1 DAGs
[2025-06-20T14:39:50.141+0000] {logging_mixin.py:188} INFO - [2025-06-20T14:39:50.141+0000] {dag.py:3954} INFO - Setting next_dagrun for latest_only_with_trigger to 2025-06-20 08:00:00+00:00, run_after=2025-06-20 12:00:00+00:00
[2025-06-20T14:39:50.158+0000] {processor.py:183} INFO - Processing /home/airflow/.local/lib/python3.12/site-packages/airflow/example_dags/example_latest_only_with_trigger.py took 0.071 seconds
[2025-06-20T14:40:20.436+0000] {processor.py:161} INFO - Started process (PID=718) to work on /home/airflow/.local/lib/python3.12/site-packages/airflow/example_dags/example_latest_only_with_trigger.py
[2025-06-20T14:40:20.437+0000] {processor.py:830} INFO - Processing file /home/airflow/.local/lib/python3.12/site-packages/airflow/example_dags/example_latest_only_with_trigger.py for tasks to queue
[2025-06-20T14:40:20.439+0000] {logging_mixin.py:188} INFO - [2025-06-20T14:40:20.439+0000] {dagbag.py:540} INFO - Filling up the DagBag from /home/airflow/.local/lib/python3.12/site-packages/airflow/example_dags/example_latest_only_with_trigger.py
[2025-06-20T14:40:20.445+0000] {processor.py:840} INFO - DAG(s) 'latest_only_with_trigger' retrieved from /home/airflow/.local/lib/python3.12/site-packages/airflow/example_dags/example_latest_only_with_trigger.py
[2025-06-20T14:40:20.466+0000] {logging_mixin.py:188} INFO - [2025-06-20T14:40:20.465+0000] {dag.py:3096} INFO - Sync 1 DAGs
[2025-06-20T14:40:20.487+0000] {logging_mixin.py:188} INFO - [2025-06-20T14:40:20.487+0000] {dag.py:3954} INFO - Setting next_dagrun for latest_only_with_trigger to 2025-06-20 08:00:00+00:00, run_after=2025-06-20 12:00:00+00:00
[2025-06-20T14:40:20.504+0000] {processor.py:183} INFO - Processing /home/airflow/.local/lib/python3.12/site-packages/airflow/example_dags/example_latest_only_with_trigger.py took 0.074 seconds
[2025-06-20T14:40:50.709+0000] {processor.py:161} INFO - Started process (PID=776) to work on /home/airflow/.local/lib/python3.12/site-packages/airflow/example_dags/example_latest_only_with_trigger.py
[2025-06-20T14:40:50.710+0000] {processor.py:830} INFO - Processing file /home/airflow/.local/lib/python3.12/site-packages/airflow/example_dags/example_latest_only_with_trigger.py for tasks to queue
[2025-06-20T14:40:50.711+0000] {logging_mixin.py:188} INFO - [2025-06-20T14:40:50.711+0000] {dagbag.py:540} INFO - Filling up the DagBag from /home/airflow/.local/lib/python3.12/site-packages/airflow/example_dags/example_latest_only_with_trigger.py
[2025-06-20T14:40:50.717+0000] {processor.py:840} INFO - DAG(s) 'latest_only_with_trigger' retrieved from /home/airflow/.local/lib/python3.12/site-packages/airflow/example_dags/example_latest_only_with_trigger.py
[2025-06-20T14:40:50.736+0000] {logging_mixin.py:188} INFO - [2025-06-20T14:40:50.736+0000] {dag.py:3096} INFO - Sync 1 DAGs
[2025-06-20T14:40:50.755+0000] {logging_mixin.py:188} INFO - [2025-06-20T14:40:50.755+0000] {dag.py:3954} INFO - Setting next_dagrun for latest_only_with_trigger to 2025-06-20 08:00:00+00:00, run_after=2025-06-20 12:00:00+00:00
[2025-06-20T14:40:50.770+0000] {processor.py:183} INFO - Processing /home/airflow/.local/lib/python3.12/site-packages/airflow/example_dags/example_latest_only_with_trigger.py took 0.067 seconds
[2025-06-20T14:41:20.894+0000] {processor.py:161} INFO - Started process (PID=834) to work on /home/airflow/.local/lib/python3.12/site-packages/airflow/example_dags/example_latest_only_with_trigger.py
[2025-06-20T14:41:20.894+0000] {processor.py:830} INFO - Processing file /home/airflow/.local/lib/python3.12/site-packages/airflow/example_dags/example_latest_only_with_trigger.py for tasks to queue
[2025-06-20T14:41:20.896+0000] {logging_mixin.py:188} INFO - [2025-06-20T14:41:20.896+0000] {dagbag.py:540} INFO - Filling up the DagBag from /home/airflow/.local/lib/python3.12/site-packages/airflow/example_dags/example_latest_only_with_trigger.py
[2025-06-20T14:41:20.902+0000] {processor.py:840} INFO - DAG(s) 'latest_only_with_trigger' retrieved from /home/airflow/.local/lib/python3.12/site-packages/airflow/example_dags/example_latest_only_with_trigger.py
[2025-06-20T14:41:20.922+0000] {logging_mixin.py:188} INFO - [2025-06-20T14:41:20.922+0000] {dag.py:3096} INFO - Sync 1 DAGs
[2025-06-20T14:41:20.945+0000] {logging_mixin.py:188} INFO - [2025-06-20T14:41:20.945+0000] {dag.py:3954} INFO - Setting next_dagrun for latest_only_with_trigger to 2025-06-20 08:00:00+00:00, run_after=2025-06-20 12:00:00+00:00
[2025-06-20T14:41:20.961+0000] {processor.py:183} INFO - Processing /home/airflow/.local/lib/python3.12/site-packages/airflow/example_dags/example_latest_only_with_trigger.py took 0.073 seconds
[2025-06-20T14:41:51.192+0000] {processor.py:161} INFO - Started process (PID=892) to work on /home/airflow/.local/lib/python3.12/site-packages/airflow/example_dags/example_latest_only_with_trigger.py
[2025-06-20T14:41:51.192+0000] {processor.py:830} INFO - Processing file /home/airflow/.local/lib/python3.12/site-packages/airflow/example_dags/example_latest_only_with_trigger.py for tasks to queue
[2025-06-20T14:41:51.194+0000] {logging_mixin.py:188} INFO - [2025-06-20T14:41:51.194+0000] {dagbag.py:540} INFO - Filling up the DagBag from /home/airflow/.local/lib/python3.12/site-packages/airflow/example_dags/example_latest_only_with_trigger.py
[2025-06-20T14:41:51.200+0000] {processor.py:840} INFO - DAG(s) 'latest_only_with_trigger' retrieved from /home/airflow/.local/lib/python3.12/site-packages/airflow/example_dags/example_latest_only_with_trigger.py
[2025-06-20T14:41:51.220+0000] {logging_mixin.py:188} INFO - [2025-06-20T14:41:51.220+0000] {dag.py:3096} INFO - Sync 1 DAGs
[2025-06-20T14:41:51.241+0000] {logging_mixin.py:188} INFO - [2025-06-20T14:41:51.241+0000] {dag.py:3954} INFO - Setting next_dagrun for latest_only_with_trigger to 2025-06-20 08:00:00+00:00, run_after=2025-06-20 12:00:00+00:00
[2025-06-20T14:41:51.257+0000] {processor.py:183} INFO - Processing /home/airflow/.local/lib/python3.12/site-packages/airflow/example_dags/example_latest_only_with_trigger.py took 0.071 seconds
[2025-06-20T14:42:21.376+0000] {processor.py:161} INFO - Started process (PID=950) to work on /home/airflow/.local/lib/python3.12/site-packages/airflow/example_dags/example_latest_only_with_trigger.py
[2025-06-20T14:42:21.376+0000] {processor.py:830} INFO - Processing file /home/airflow/.local/lib/python3.12/site-packages/airflow/example_dags/example_latest_only_with_trigger.py for tasks to queue
[2025-06-20T14:42:21.378+0000] {logging_mixin.py:188} INFO - [2025-06-20T14:42:21.378+0000] {dagbag.py:540} INFO - Filling up the DagBag from /home/airflow/.local/lib/python3.12/site-packages/airflow/example_dags/example_latest_only_with_trigger.py
[2025-06-20T14:42:21.384+0000] {processor.py:840} INFO - DAG(s) 'latest_only_with_trigger' retrieved from /home/airflow/.local/lib/python3.12/site-packages/airflow/example_dags/example_latest_only_with_trigger.py
[2025-06-20T14:42:21.405+0000] {logging_mixin.py:188} INFO - [2025-06-20T14:42:21.405+0000] {dag.py:3096} INFO - Sync 1 DAGs
[2025-06-20T14:42:21.427+0000] {logging_mixin.py:188} INFO - [2025-06-20T14:42:21.427+0000] {dag.py:3954} INFO - Setting next_dagrun for latest_only_with_trigger to 2025-06-20 08:00:00+00:00, run_after=2025-06-20 12:00:00+00:00
[2025-06-20T14:42:21.586+0000] {processor.py:183} INFO - Processing /home/airflow/.local/lib/python3.12/site-packages/airflow/example_dags/example_latest_only_with_trigger.py took 0.217 seconds
[2025-06-20T14:42:51.687+0000] {processor.py:161} INFO - Started process (PID=1008) to work on /home/airflow/.local/lib/python3.12/site-packages/airflow/example_dags/example_latest_only_with_trigger.py
[2025-06-20T14:42:51.688+0000] {processor.py:830} INFO - Processing file /home/airflow/.local/lib/python3.12/site-packages/airflow/example_dags/example_latest_only_with_trigger.py for tasks to queue
[2025-06-20T14:42:51.690+0000] {logging_mixin.py:188} INFO - [2025-06-20T14:42:51.689+0000] {dagbag.py:540} INFO - Filling up the DagBag from /home/airflow/.local/lib/python3.12/site-packages/airflow/example_dags/example_latest_only_with_trigger.py
[2025-06-20T14:42:51.695+0000] {processor.py:840} INFO - DAG(s) 'latest_only_with_trigger' retrieved from /home/airflow/.local/lib/python3.12/site-packages/airflow/example_dags/example_latest_only_with_trigger.py
[2025-06-20T14:42:51.715+0000] {logging_mixin.py:188} INFO - [2025-06-20T14:42:51.715+0000] {dag.py:3096} INFO - Sync 1 DAGs
[2025-06-20T14:42:51.737+0000] {logging_mixin.py:188} INFO - [2025-06-20T14:42:51.737+0000] {dag.py:3954} INFO - Setting next_dagrun for latest_only_with_trigger to 2025-06-20 08:00:00+00:00, run_after=2025-06-20 12:00:00+00:00
[2025-06-20T14:42:51.755+0000] {processor.py:183} INFO - Processing /home/airflow/.local/lib/python3.12/site-packages/airflow/example_dags/example_latest_only_with_trigger.py took 0.074 seconds
[2025-06-20T14:43:22.101+0000] {processor.py:161} INFO - Started process (PID=1066) to work on /home/airflow/.local/lib/python3.12/site-packages/airflow/example_dags/example_latest_only_with_trigger.py
[2025-06-20T14:43:22.102+0000] {processor.py:830} INFO - Processing file /home/airflow/.local/lib/python3.12/site-packages/airflow/example_dags/example_latest_only_with_trigger.py for tasks to queue
[2025-06-20T14:43:22.104+0000] {logging_mixin.py:188} INFO - [2025-06-20T14:43:22.104+0000] {dagbag.py:540} INFO - Filling up the DagBag from /home/airflow/.local/lib/python3.12/site-packages/airflow/example_dags/example_latest_only_with_trigger.py
[2025-06-20T14:43:22.109+0000] {processor.py:840} INFO - DAG(s) 'latest_only_with_trigger' retrieved from /home/airflow/.local/lib/python3.12/site-packages/airflow/example_dags/example_latest_only_with_trigger.py
[2025-06-20T14:43:22.130+0000] {logging_mixin.py:188} INFO - [2025-06-20T14:43:22.129+0000] {dag.py:3096} INFO - Sync 1 DAGs
[2025-06-20T14:43:22.149+0000] {logging_mixin.py:188} INFO - [2025-06-20T14:43:22.149+0000] {dag.py:3954} INFO - Setting next_dagrun for latest_only_with_trigger to 2025-06-20 08:00:00+00:00, run_after=2025-06-20 12:00:00+00:00
[2025-06-20T14:43:22.164+0000] {processor.py:183} INFO - Processing /home/airflow/.local/lib/python3.12/site-packages/airflow/example_dags/example_latest_only_with_trigger.py took 0.069 seconds
[2025-06-20T14:43:52.235+0000] {processor.py:161} INFO - Started process (PID=1124) to work on /home/airflow/.local/lib/python3.12/site-packages/airflow/example_dags/example_latest_only_with_trigger.py
[2025-06-20T14:43:52.236+0000] {processor.py:830} INFO - Processing file /home/airflow/.local/lib/python3.12/site-packages/airflow/example_dags/example_latest_only_with_trigger.py for tasks to queue
[2025-06-20T14:43:52.238+0000] {logging_mixin.py:188} INFO - [2025-06-20T14:43:52.238+0000] {dagbag.py:540} INFO - Filling up the DagBag from /home/airflow/.local/lib/python3.12/site-packages/airflow/example_dags/example_latest_only_with_trigger.py
[2025-06-20T14:43:52.243+0000] {processor.py:840} INFO - DAG(s) 'latest_only_with_trigger' retrieved from /home/airflow/.local/lib/python3.12/site-packages/airflow/example_dags/example_latest_only_with_trigger.py
[2025-06-20T14:43:52.262+0000] {logging_mixin.py:188} INFO - [2025-06-20T14:43:52.262+0000] {dag.py:3096} INFO - Sync 1 DAGs
[2025-06-20T14:43:52.281+0000] {logging_mixin.py:188} INFO - [2025-06-20T14:43:52.281+0000] {dag.py:3954} INFO - Setting next_dagrun for latest_only_with_trigger to 2025-06-20 08:00:00+00:00, run_after=2025-06-20 12:00:00+00:00
[2025-06-20T14:43:52.297+0000] {processor.py:183} INFO - Processing /home/airflow/.local/lib/python3.12/site-packages/airflow/example_dags/example_latest_only_with_trigger.py took 0.067 seconds
[2025-06-20T14:44:22.411+0000] {processor.py:161} INFO - Started process (PID=1182) to work on /home/airflow/.local/lib/python3.12/site-packages/airflow/example_dags/example_latest_only_with_trigger.py
[2025-06-20T14:44:22.412+0000] {processor.py:830} INFO - Processing file /home/airflow/.local/lib/python3.12/site-packages/airflow/example_dags/example_latest_only_with_trigger.py for tasks to queue
[2025-06-20T14:44:22.414+0000] {logging_mixin.py:188} INFO - [2025-06-20T14:44:22.414+0000] {dagbag.py:540} INFO - Filling up the DagBag from /home/airflow/.local/lib/python3.12/site-packages/airflow/example_dags/example_latest_only_with_trigger.py
[2025-06-20T14:44:22.419+0000] {processor.py:840} INFO - DAG(s) 'latest_only_with_trigger' retrieved from /home/airflow/.local/lib/python3.12/site-packages/airflow/example_dags/example_latest_only_with_trigger.py
[2025-06-20T14:44:22.439+0000] {logging_mixin.py:188} INFO - [2025-06-20T14:44:22.439+0000] {dag.py:3096} INFO - Sync 1 DAGs
[2025-06-20T14:44:22.458+0000] {logging_mixin.py:188} INFO - [2025-06-20T14:44:22.458+0000] {dag.py:3954} INFO - Setting next_dagrun for latest_only_with_trigger to 2025-06-20 08:00:00+00:00, run_after=2025-06-20 12:00:00+00:00
[2025-06-20T14:44:22.479+0000] {processor.py:183} INFO - Processing /home/airflow/.local/lib/python3.12/site-packages/airflow/example_dags/example_latest_only_with_trigger.py took 0.074 seconds
[2025-06-20T14:44:52.785+0000] {processor.py:161} INFO - Started process (PID=1240) to work on /home/airflow/.local/lib/python3.12/site-packages/airflow/example_dags/example_latest_only_with_trigger.py
[2025-06-20T14:44:52.786+0000] {processor.py:830} INFO - Processing file /home/airflow/.local/lib/python3.12/site-packages/airflow/example_dags/example_latest_only_with_trigger.py for tasks to queue
[2025-06-20T14:44:52.788+0000] {logging_mixin.py:188} INFO - [2025-06-20T14:44:52.787+0000] {dagbag.py:540} INFO - Filling up the DagBag from /home/airflow/.local/lib/python3.12/site-packages/airflow/example_dags/example_latest_only_with_trigger.py
[2025-06-20T14:44:52.793+0000] {processor.py:840} INFO - DAG(s) 'latest_only_with_trigger' retrieved from /home/airflow/.local/lib/python3.12/site-packages/airflow/example_dags/example_latest_only_with_trigger.py
[2025-06-20T14:44:52.947+0000] {logging_mixin.py:188} INFO - [2025-06-20T14:44:52.947+0000] {dag.py:3096} INFO - Sync 1 DAGs
[2025-06-20T14:44:52.967+0000] {logging_mixin.py:188} INFO - [2025-06-20T14:44:52.966+0000] {dag.py:3954} INFO - Setting next_dagrun for latest_only_with_trigger to 2025-06-20 08:00:00+00:00, run_after=2025-06-20 12:00:00+00:00
[2025-06-20T14:44:52.981+0000] {processor.py:183} INFO - Processing /home/airflow/.local/lib/python3.12/site-packages/airflow/example_dags/example_latest_only_with_trigger.py took 0.201 seconds
[2025-06-20T14:45:23.325+0000] {processor.py:161} INFO - Started process (PID=1298) to work on /home/airflow/.local/lib/python3.12/site-packages/airflow/example_dags/example_latest_only_with_trigger.py
[2025-06-20T14:45:23.326+0000] {processor.py:830} INFO - Processing file /home/airflow/.local/lib/python3.12/site-packages/airflow/example_dags/example_latest_only_with_trigger.py for tasks to queue
[2025-06-20T14:45:23.328+0000] {logging_mixin.py:188} INFO - [2025-06-20T14:45:23.328+0000] {dagbag.py:540} INFO - Filling up the DagBag from /home/airflow/.local/lib/python3.12/site-packages/airflow/example_dags/example_latest_only_with_trigger.py
[2025-06-20T14:45:23.333+0000] {processor.py:840} INFO - DAG(s) 'latest_only_with_trigger' retrieved from /home/airflow/.local/lib/python3.12/site-packages/airflow/example_dags/example_latest_only_with_trigger.py
[2025-06-20T14:45:23.353+0000] {logging_mixin.py:188} INFO - [2025-06-20T14:45:23.353+0000] {dag.py:3096} INFO - Sync 1 DAGs
[2025-06-20T14:45:23.496+0000] {logging_mixin.py:188} INFO - [2025-06-20T14:45:23.496+0000] {dag.py:3954} INFO - Setting next_dagrun for latest_only_with_trigger to 2025-06-20 08:00:00+00:00, run_after=2025-06-20 12:00:00+00:00
[2025-06-20T14:45:23.510+0000] {processor.py:183} INFO - Processing /home/airflow/.local/lib/python3.12/site-packages/airflow/example_dags/example_latest_only_with_trigger.py took 0.192 seconds
[2025-06-20T14:45:53.765+0000] {processor.py:161} INFO - Started process (PID=1356) to work on /home/airflow/.local/lib/python3.12/site-packages/airflow/example_dags/example_latest_only_with_trigger.py
[2025-06-20T14:45:53.766+0000] {processor.py:830} INFO - Processing file /home/airflow/.local/lib/python3.12/site-packages/airflow/example_dags/example_latest_only_with_trigger.py for tasks to queue
[2025-06-20T14:45:53.768+0000] {logging_mixin.py:188} INFO - [2025-06-20T14:45:53.768+0000] {dagbag.py:540} INFO - Filling up the DagBag from /home/airflow/.local/lib/python3.12/site-packages/airflow/example_dags/example_latest_only_with_trigger.py
[2025-06-20T14:45:53.773+0000] {processor.py:840} INFO - DAG(s) 'latest_only_with_trigger' retrieved from /home/airflow/.local/lib/python3.12/site-packages/airflow/example_dags/example_latest_only_with_trigger.py
[2025-06-20T14:45:53.793+0000] {logging_mixin.py:188} INFO - [2025-06-20T14:45:53.793+0000] {dag.py:3096} INFO - Sync 1 DAGs
[2025-06-20T14:45:53.813+0000] {logging_mixin.py:188} INFO - [2025-06-20T14:45:53.812+0000] {dag.py:3954} INFO - Setting next_dagrun for latest_only_with_trigger to 2025-06-20 08:00:00+00:00, run_after=2025-06-20 12:00:00+00:00
[2025-06-20T14:45:53.829+0000] {processor.py:183} INFO - Processing /home/airflow/.local/lib/python3.12/site-packages/airflow/example_dags/example_latest_only_with_trigger.py took 0.070 seconds
[2025-06-20T14:46:23.997+0000] {processor.py:161} INFO - Started process (PID=1414) to work on /home/airflow/.local/lib/python3.12/site-packages/airflow/example_dags/example_latest_only_with_trigger.py
[2025-06-20T14:46:23.998+0000] {processor.py:830} INFO - Processing file /home/airflow/.local/lib/python3.12/site-packages/airflow/example_dags/example_latest_only_with_trigger.py for tasks to queue
[2025-06-20T14:46:24.000+0000] {logging_mixin.py:188} INFO - [2025-06-20T14:46:23.999+0000] {dagbag.py:540} INFO - Filling up the DagBag from /home/airflow/.local/lib/python3.12/site-packages/airflow/example_dags/example_latest_only_with_trigger.py
[2025-06-20T14:46:24.005+0000] {processor.py:840} INFO - DAG(s) 'latest_only_with_trigger' retrieved from /home/airflow/.local/lib/python3.12/site-packages/airflow/example_dags/example_latest_only_with_trigger.py
[2025-06-20T14:46:24.024+0000] {logging_mixin.py:188} INFO - [2025-06-20T14:46:24.024+0000] {dag.py:3096} INFO - Sync 1 DAGs
[2025-06-20T14:46:24.044+0000] {logging_mixin.py:188} INFO - [2025-06-20T14:46:24.044+0000] {dag.py:3954} INFO - Setting next_dagrun for latest_only_with_trigger to 2025-06-20 08:00:00+00:00, run_after=2025-06-20 12:00:00+00:00
[2025-06-20T14:46:24.059+0000] {processor.py:183} INFO - Processing /home/airflow/.local/lib/python3.12/site-packages/airflow/example_dags/example_latest_only_with_trigger.py took 0.069 seconds
[2025-06-20T14:46:54.336+0000] {processor.py:161} INFO - Started process (PID=1472) to work on /home/airflow/.local/lib/python3.12/site-packages/airflow/example_dags/example_latest_only_with_trigger.py
[2025-06-20T14:46:54.337+0000] {processor.py:830} INFO - Processing file /home/airflow/.local/lib/python3.12/site-packages/airflow/example_dags/example_latest_only_with_trigger.py for tasks to queue
[2025-06-20T14:46:54.339+0000] {logging_mixin.py:188} INFO - [2025-06-20T14:46:54.338+0000] {dagbag.py:540} INFO - Filling up the DagBag from /home/airflow/.local/lib/python3.12/site-packages/airflow/example_dags/example_latest_only_with_trigger.py
[2025-06-20T14:46:54.344+0000] {processor.py:840} INFO - DAG(s) 'latest_only_with_trigger' retrieved from /home/airflow/.local/lib/python3.12/site-packages/airflow/example_dags/example_latest_only_with_trigger.py
[2025-06-20T14:46:54.365+0000] {logging_mixin.py:188} INFO - [2025-06-20T14:46:54.364+0000] {dag.py:3096} INFO - Sync 1 DAGs
[2025-06-20T14:46:54.385+0000] {logging_mixin.py:188} INFO - [2025-06-20T14:46:54.385+0000] {dag.py:3954} INFO - Setting next_dagrun for latest_only_with_trigger to 2025-06-20 08:00:00+00:00, run_after=2025-06-20 12:00:00+00:00
[2025-06-20T14:46:54.401+0000] {processor.py:183} INFO - Processing /home/airflow/.local/lib/python3.12/site-packages/airflow/example_dags/example_latest_only_with_trigger.py took 0.072 seconds
[2025-06-20T14:47:24.554+0000] {processor.py:161} INFO - Started process (PID=1530) to work on /home/airflow/.local/lib/python3.12/site-packages/airflow/example_dags/example_latest_only_with_trigger.py
[2025-06-20T14:47:24.555+0000] {processor.py:830} INFO - Processing file /home/airflow/.local/lib/python3.12/site-packages/airflow/example_dags/example_latest_only_with_trigger.py for tasks to queue
[2025-06-20T14:47:24.559+0000] {logging_mixin.py:188} INFO - [2025-06-20T14:47:24.558+0000] {dagbag.py:540} INFO - Filling up the DagBag from /home/airflow/.local/lib/python3.12/site-packages/airflow/example_dags/example_latest_only_with_trigger.py
[2025-06-20T14:47:24.564+0000] {processor.py:840} INFO - DAG(s) 'latest_only_with_trigger' retrieved from /home/airflow/.local/lib/python3.12/site-packages/airflow/example_dags/example_latest_only_with_trigger.py
[2025-06-20T14:47:24.590+0000] {logging_mixin.py:188} INFO - [2025-06-20T14:47:24.590+0000] {dag.py:3096} INFO - Sync 1 DAGs
[2025-06-20T14:47:24.621+0000] {logging_mixin.py:188} INFO - [2025-06-20T14:47:24.621+0000] {dag.py:3954} INFO - Setting next_dagrun for latest_only_with_trigger to 2025-06-20 08:00:00+00:00, run_after=2025-06-20 12:00:00+00:00
[2025-06-20T14:47:24.641+0000] {processor.py:183} INFO - Processing /home/airflow/.local/lib/python3.12/site-packages/airflow/example_dags/example_latest_only_with_trigger.py took 0.094 seconds
[2025-06-20T14:47:54.868+0000] {processor.py:161} INFO - Started process (PID=1588) to work on /home/airflow/.local/lib/python3.12/site-packages/airflow/example_dags/example_latest_only_with_trigger.py
[2025-06-20T14:47:54.868+0000] {processor.py:830} INFO - Processing file /home/airflow/.local/lib/python3.12/site-packages/airflow/example_dags/example_latest_only_with_trigger.py for tasks to queue
[2025-06-20T14:47:54.871+0000] {logging_mixin.py:188} INFO - [2025-06-20T14:47:54.871+0000] {dagbag.py:540} INFO - Filling up the DagBag from /home/airflow/.local/lib/python3.12/site-packages/airflow/example_dags/example_latest_only_with_trigger.py
[2025-06-20T14:47:54.876+0000] {processor.py:840} INFO - DAG(s) 'latest_only_with_trigger' retrieved from /home/airflow/.local/lib/python3.12/site-packages/airflow/example_dags/example_latest_only_with_trigger.py
[2025-06-20T14:47:54.896+0000] {logging_mixin.py:188} INFO - [2025-06-20T14:47:54.896+0000] {dag.py:3096} INFO - Sync 1 DAGs
[2025-06-20T14:47:54.917+0000] {logging_mixin.py:188} INFO - [2025-06-20T14:47:54.916+0000] {dag.py:3954} INFO - Setting next_dagrun for latest_only_with_trigger to 2025-06-20 08:00:00+00:00, run_after=2025-06-20 12:00:00+00:00
[2025-06-20T14:47:54.932+0000] {processor.py:183} INFO - Processing /home/airflow/.local/lib/python3.12/site-packages/airflow/example_dags/example_latest_only_with_trigger.py took 0.071 seconds
[2025-06-20T14:48:25.284+0000] {processor.py:161} INFO - Started process (PID=1646) to work on /home/airflow/.local/lib/python3.12/site-packages/airflow/example_dags/example_latest_only_with_trigger.py
[2025-06-20T14:48:25.285+0000] {processor.py:830} INFO - Processing file /home/airflow/.local/lib/python3.12/site-packages/airflow/example_dags/example_latest_only_with_trigger.py for tasks to queue
[2025-06-20T14:48:25.288+0000] {logging_mixin.py:188} INFO - [2025-06-20T14:48:25.288+0000] {dagbag.py:540} INFO - Filling up the DagBag from /home/airflow/.local/lib/python3.12/site-packages/airflow/example_dags/example_latest_only_with_trigger.py
[2025-06-20T14:48:25.293+0000] {processor.py:840} INFO - DAG(s) 'latest_only_with_trigger' retrieved from /home/airflow/.local/lib/python3.12/site-packages/airflow/example_dags/example_latest_only_with_trigger.py
[2025-06-20T14:48:25.317+0000] {logging_mixin.py:188} INFO - [2025-06-20T14:48:25.317+0000] {dag.py:3096} INFO - Sync 1 DAGs
[2025-06-20T14:48:25.344+0000] {logging_mixin.py:188} INFO - [2025-06-20T14:48:25.344+0000] {dag.py:3954} INFO - Setting next_dagrun for latest_only_with_trigger to 2025-06-20 08:00:00+00:00, run_after=2025-06-20 12:00:00+00:00
[2025-06-20T14:48:25.362+0000] {processor.py:183} INFO - Processing /home/airflow/.local/lib/python3.12/site-packages/airflow/example_dags/example_latest_only_with_trigger.py took 0.084 seconds
[2025-06-20T14:48:55.506+0000] {processor.py:161} INFO - Started process (PID=1704) to work on /home/airflow/.local/lib/python3.12/site-packages/airflow/example_dags/example_latest_only_with_trigger.py
[2025-06-20T14:48:55.507+0000] {processor.py:830} INFO - Processing file /home/airflow/.local/lib/python3.12/site-packages/airflow/example_dags/example_latest_only_with_trigger.py for tasks to queue
[2025-06-20T14:48:55.509+0000] {logging_mixin.py:188} INFO - [2025-06-20T14:48:55.509+0000] {dagbag.py:540} INFO - Filling up the DagBag from /home/airflow/.local/lib/python3.12/site-packages/airflow/example_dags/example_latest_only_with_trigger.py
[2025-06-20T14:48:55.514+0000] {processor.py:840} INFO - DAG(s) 'latest_only_with_trigger' retrieved from /home/airflow/.local/lib/python3.12/site-packages/airflow/example_dags/example_latest_only_with_trigger.py
[2025-06-20T14:48:55.535+0000] {logging_mixin.py:188} INFO - [2025-06-20T14:48:55.534+0000] {dag.py:3096} INFO - Sync 1 DAGs
[2025-06-20T14:48:55.554+0000] {logging_mixin.py:188} INFO - [2025-06-20T14:48:55.554+0000] {dag.py:3954} INFO - Setting next_dagrun for latest_only_with_trigger to 2025-06-20 08:00:00+00:00, run_after=2025-06-20 12:00:00+00:00
[2025-06-20T14:48:55.570+0000] {processor.py:183} INFO - Processing /home/airflow/.local/lib/python3.12/site-packages/airflow/example_dags/example_latest_only_with_trigger.py took 0.070 seconds
[2025-06-20T14:49:25.617+0000] {processor.py:161} INFO - Started process (PID=1762) to work on /home/airflow/.local/lib/python3.12/site-packages/airflow/example_dags/example_latest_only_with_trigger.py
[2025-06-20T14:49:25.618+0000] {processor.py:830} INFO - Processing file /home/airflow/.local/lib/python3.12/site-packages/airflow/example_dags/example_latest_only_with_trigger.py for tasks to queue
[2025-06-20T14:49:25.620+0000] {logging_mixin.py:188} INFO - [2025-06-20T14:49:25.620+0000] {dagbag.py:540} INFO - Filling up the DagBag from /home/airflow/.local/lib/python3.12/site-packages/airflow/example_dags/example_latest_only_with_trigger.py
[2025-06-20T14:49:25.626+0000] {processor.py:840} INFO - DAG(s) 'latest_only_with_trigger' retrieved from /home/airflow/.local/lib/python3.12/site-packages/airflow/example_dags/example_latest_only_with_trigger.py
[2025-06-20T14:49:25.646+0000] {logging_mixin.py:188} INFO - [2025-06-20T14:49:25.646+0000] {dag.py:3096} INFO - Sync 1 DAGs
[2025-06-20T14:49:25.666+0000] {logging_mixin.py:188} INFO - [2025-06-20T14:49:25.666+0000] {dag.py:3954} INFO - Setting next_dagrun for latest_only_with_trigger to 2025-06-20 08:00:00+00:00, run_after=2025-06-20 12:00:00+00:00
[2025-06-20T14:49:25.682+0000] {processor.py:183} INFO - Processing /home/airflow/.local/lib/python3.12/site-packages/airflow/example_dags/example_latest_only_with_trigger.py took 0.072 seconds
[2025-06-20T14:49:55.887+0000] {processor.py:161} INFO - Started process (PID=1820) to work on /home/airflow/.local/lib/python3.12/site-packages/airflow/example_dags/example_latest_only_with_trigger.py
[2025-06-20T14:49:55.888+0000] {processor.py:830} INFO - Processing file /home/airflow/.local/lib/python3.12/site-packages/airflow/example_dags/example_latest_only_with_trigger.py for tasks to queue
[2025-06-20T14:49:55.890+0000] {logging_mixin.py:188} INFO - [2025-06-20T14:49:55.890+0000] {dagbag.py:540} INFO - Filling up the DagBag from /home/airflow/.local/lib/python3.12/site-packages/airflow/example_dags/example_latest_only_with_trigger.py
[2025-06-20T14:49:55.898+0000] {processor.py:840} INFO - DAG(s) 'latest_only_with_trigger' retrieved from /home/airflow/.local/lib/python3.12/site-packages/airflow/example_dags/example_latest_only_with_trigger.py
[2025-06-20T14:49:55.925+0000] {logging_mixin.py:188} INFO - [2025-06-20T14:49:55.924+0000] {dag.py:3096} INFO - Sync 1 DAGs
[2025-06-20T14:49:55.954+0000] {logging_mixin.py:188} INFO - [2025-06-20T14:49:55.954+0000] {dag.py:3954} INFO - Setting next_dagrun for latest_only_with_trigger to 2025-06-20 08:00:00+00:00, run_after=2025-06-20 12:00:00+00:00
[2025-06-20T14:49:55.976+0000] {processor.py:183} INFO - Processing /home/airflow/.local/lib/python3.12/site-packages/airflow/example_dags/example_latest_only_with_trigger.py took 0.097 seconds
[2025-06-20T14:50:26.035+0000] {processor.py:161} INFO - Started process (PID=1878) to work on /home/airflow/.local/lib/python3.12/site-packages/airflow/example_dags/example_latest_only_with_trigger.py
[2025-06-20T14:50:26.036+0000] {processor.py:830} INFO - Processing file /home/airflow/.local/lib/python3.12/site-packages/airflow/example_dags/example_latest_only_with_trigger.py for tasks to queue
[2025-06-20T14:50:26.039+0000] {logging_mixin.py:188} INFO - [2025-06-20T14:50:26.038+0000] {dagbag.py:540} INFO - Filling up the DagBag from /home/airflow/.local/lib/python3.12/site-packages/airflow/example_dags/example_latest_only_with_trigger.py
[2025-06-20T14:50:26.044+0000] {processor.py:840} INFO - DAG(s) 'latest_only_with_trigger' retrieved from /home/airflow/.local/lib/python3.12/site-packages/airflow/example_dags/example_latest_only_with_trigger.py
[2025-06-20T14:50:26.065+0000] {logging_mixin.py:188} INFO - [2025-06-20T14:50:26.065+0000] {dag.py:3096} INFO - Sync 1 DAGs
[2025-06-20T14:50:26.089+0000] {logging_mixin.py:188} INFO - [2025-06-20T14:50:26.089+0000] {dag.py:3954} INFO - Setting next_dagrun for latest_only_with_trigger to 2025-06-20 08:00:00+00:00, run_after=2025-06-20 12:00:00+00:00
[2025-06-20T14:50:26.121+0000] {processor.py:183} INFO - Processing /home/airflow/.local/lib/python3.12/site-packages/airflow/example_dags/example_latest_only_with_trigger.py took 0.092 seconds
[2025-06-20T14:50:56.244+0000] {processor.py:161} INFO - Started process (PID=1936) to work on /home/airflow/.local/lib/python3.12/site-packages/airflow/example_dags/example_latest_only_with_trigger.py
[2025-06-20T14:50:56.245+0000] {processor.py:830} INFO - Processing file /home/airflow/.local/lib/python3.12/site-packages/airflow/example_dags/example_latest_only_with_trigger.py for tasks to queue
[2025-06-20T14:50:56.247+0000] {logging_mixin.py:188} INFO - [2025-06-20T14:50:56.246+0000] {dagbag.py:540} INFO - Filling up the DagBag from /home/airflow/.local/lib/python3.12/site-packages/airflow/example_dags/example_latest_only_with_trigger.py
[2025-06-20T14:50:56.252+0000] {processor.py:840} INFO - DAG(s) 'latest_only_with_trigger' retrieved from /home/airflow/.local/lib/python3.12/site-packages/airflow/example_dags/example_latest_only_with_trigger.py
[2025-06-20T14:50:56.273+0000] {logging_mixin.py:188} INFO - [2025-06-20T14:50:56.273+0000] {dag.py:3096} INFO - Sync 1 DAGs
[2025-06-20T14:50:56.293+0000] {logging_mixin.py:188} INFO - [2025-06-20T14:50:56.293+0000] {dag.py:3954} INFO - Setting next_dagrun for latest_only_with_trigger to 2025-06-20 08:00:00+00:00, run_after=2025-06-20 12:00:00+00:00
[2025-06-20T14:50:56.309+0000] {processor.py:183} INFO - Processing /home/airflow/.local/lib/python3.12/site-packages/airflow/example_dags/example_latest_only_with_trigger.py took 0.071 seconds
[2025-06-20T14:51:26.433+0000] {processor.py:161} INFO - Started process (PID=1994) to work on /home/airflow/.local/lib/python3.12/site-packages/airflow/example_dags/example_latest_only_with_trigger.py
[2025-06-20T14:51:26.434+0000] {processor.py:830} INFO - Processing file /home/airflow/.local/lib/python3.12/site-packages/airflow/example_dags/example_latest_only_with_trigger.py for tasks to queue
[2025-06-20T14:51:26.436+0000] {logging_mixin.py:188} INFO - [2025-06-20T14:51:26.436+0000] {dagbag.py:540} INFO - Filling up the DagBag from /home/airflow/.local/lib/python3.12/site-packages/airflow/example_dags/example_latest_only_with_trigger.py
[2025-06-20T14:51:26.442+0000] {processor.py:840} INFO - DAG(s) 'latest_only_with_trigger' retrieved from /home/airflow/.local/lib/python3.12/site-packages/airflow/example_dags/example_latest_only_with_trigger.py
[2025-06-20T14:51:26.462+0000] {logging_mixin.py:188} INFO - [2025-06-20T14:51:26.462+0000] {dag.py:3096} INFO - Sync 1 DAGs
[2025-06-20T14:51:26.482+0000] {logging_mixin.py:188} INFO - [2025-06-20T14:51:26.482+0000] {dag.py:3954} INFO - Setting next_dagrun for latest_only_with_trigger to 2025-06-20 08:00:00+00:00, run_after=2025-06-20 12:00:00+00:00
[2025-06-20T14:51:26.497+0000] {processor.py:183} INFO - Processing /home/airflow/.local/lib/python3.12/site-packages/airflow/example_dags/example_latest_only_with_trigger.py took 0.070 seconds
[2025-06-20T14:51:56.817+0000] {processor.py:161} INFO - Started process (PID=2052) to work on /home/airflow/.local/lib/python3.12/site-packages/airflow/example_dags/example_latest_only_with_trigger.py
[2025-06-20T14:51:56.818+0000] {processor.py:830} INFO - Processing file /home/airflow/.local/lib/python3.12/site-packages/airflow/example_dags/example_latest_only_with_trigger.py for tasks to queue
[2025-06-20T14:51:56.819+0000] {logging_mixin.py:188} INFO - [2025-06-20T14:51:56.819+0000] {dagbag.py:540} INFO - Filling up the DagBag from /home/airflow/.local/lib/python3.12/site-packages/airflow/example_dags/example_latest_only_with_trigger.py
[2025-06-20T14:51:56.825+0000] {processor.py:840} INFO - DAG(s) 'latest_only_with_trigger' retrieved from /home/airflow/.local/lib/python3.12/site-packages/airflow/example_dags/example_latest_only_with_trigger.py
[2025-06-20T14:51:56.845+0000] {logging_mixin.py:188} INFO - [2025-06-20T14:51:56.845+0000] {dag.py:3096} INFO - Sync 1 DAGs
[2025-06-20T14:51:56.865+0000] {logging_mixin.py:188} INFO - [2025-06-20T14:51:56.865+0000] {dag.py:3954} INFO - Setting next_dagrun for latest_only_with_trigger to 2025-06-20 08:00:00+00:00, run_after=2025-06-20 12:00:00+00:00
[2025-06-20T14:51:56.882+0000] {processor.py:183} INFO - Processing /home/airflow/.local/lib/python3.12/site-packages/airflow/example_dags/example_latest_only_with_trigger.py took 0.071 seconds
[2025-06-20T14:52:27.709+0000] {processor.py:161} INFO - Started process (PID=2110) to work on /home/airflow/.local/lib/python3.12/site-packages/airflow/example_dags/example_latest_only_with_trigger.py
[2025-06-20T14:52:27.709+0000] {processor.py:830} INFO - Processing file /home/airflow/.local/lib/python3.12/site-packages/airflow/example_dags/example_latest_only_with_trigger.py for tasks to queue
[2025-06-20T14:52:27.711+0000] {logging_mixin.py:188} INFO - [2025-06-20T14:52:27.711+0000] {dagbag.py:540} INFO - Filling up the DagBag from /home/airflow/.local/lib/python3.12/site-packages/airflow/example_dags/example_latest_only_with_trigger.py
[2025-06-20T14:52:27.717+0000] {processor.py:840} INFO - DAG(s) 'latest_only_with_trigger' retrieved from /home/airflow/.local/lib/python3.12/site-packages/airflow/example_dags/example_latest_only_with_trigger.py
[2025-06-20T14:52:27.737+0000] {logging_mixin.py:188} INFO - [2025-06-20T14:52:27.737+0000] {dag.py:3096} INFO - Sync 1 DAGs
[2025-06-20T14:52:27.757+0000] {logging_mixin.py:188} INFO - [2025-06-20T14:52:27.756+0000] {dag.py:3954} INFO - Setting next_dagrun for latest_only_with_trigger to 2025-06-20 08:00:00+00:00, run_after=2025-06-20 12:00:00+00:00
[2025-06-20T14:52:27.772+0000] {processor.py:183} INFO - Processing /home/airflow/.local/lib/python3.12/site-packages/airflow/example_dags/example_latest_only_with_trigger.py took 0.069 seconds
[2025-06-20T14:52:57.870+0000] {processor.py:161} INFO - Started process (PID=2168) to work on /home/airflow/.local/lib/python3.12/site-packages/airflow/example_dags/example_latest_only_with_trigger.py
[2025-06-20T14:52:57.871+0000] {processor.py:830} INFO - Processing file /home/airflow/.local/lib/python3.12/site-packages/airflow/example_dags/example_latest_only_with_trigger.py for tasks to queue
[2025-06-20T14:52:57.873+0000] {logging_mixin.py:188} INFO - [2025-06-20T14:52:57.872+0000] {dagbag.py:540} INFO - Filling up the DagBag from /home/airflow/.local/lib/python3.12/site-packages/airflow/example_dags/example_latest_only_with_trigger.py
[2025-06-20T14:52:57.878+0000] {processor.py:840} INFO - DAG(s) 'latest_only_with_trigger' retrieved from /home/airflow/.local/lib/python3.12/site-packages/airflow/example_dags/example_latest_only_with_trigger.py
[2025-06-20T14:52:57.898+0000] {logging_mixin.py:188} INFO - [2025-06-20T14:52:57.898+0000] {dag.py:3096} INFO - Sync 1 DAGs
[2025-06-20T14:52:57.919+0000] {logging_mixin.py:188} INFO - [2025-06-20T14:52:57.919+0000] {dag.py:3954} INFO - Setting next_dagrun for latest_only_with_trigger to 2025-06-20 08:00:00+00:00, run_after=2025-06-20 12:00:00+00:00
[2025-06-20T14:52:57.945+0000] {processor.py:183} INFO - Processing /home/airflow/.local/lib/python3.12/site-packages/airflow/example_dags/example_latest_only_with_trigger.py took 0.082 seconds
[2025-06-20T14:53:28.287+0000] {processor.py:161} INFO - Started process (PID=2226) to work on /home/airflow/.local/lib/python3.12/site-packages/airflow/example_dags/example_latest_only_with_trigger.py
[2025-06-20T14:53:28.288+0000] {processor.py:830} INFO - Processing file /home/airflow/.local/lib/python3.12/site-packages/airflow/example_dags/example_latest_only_with_trigger.py for tasks to queue
[2025-06-20T14:53:28.290+0000] {logging_mixin.py:188} INFO - [2025-06-20T14:53:28.289+0000] {dagbag.py:540} INFO - Filling up the DagBag from /home/airflow/.local/lib/python3.12/site-packages/airflow/example_dags/example_latest_only_with_trigger.py
[2025-06-20T14:53:28.295+0000] {processor.py:840} INFO - DAG(s) 'latest_only_with_trigger' retrieved from /home/airflow/.local/lib/python3.12/site-packages/airflow/example_dags/example_latest_only_with_trigger.py
[2025-06-20T14:53:28.317+0000] {logging_mixin.py:188} INFO - [2025-06-20T14:53:28.317+0000] {dag.py:3096} INFO - Sync 1 DAGs
[2025-06-20T14:53:28.336+0000] {logging_mixin.py:188} INFO - [2025-06-20T14:53:28.336+0000] {dag.py:3954} INFO - Setting next_dagrun for latest_only_with_trigger to 2025-06-20 08:00:00+00:00, run_after=2025-06-20 12:00:00+00:00
[2025-06-20T14:53:28.367+0000] {processor.py:183} INFO - Processing /home/airflow/.local/lib/python3.12/site-packages/airflow/example_dags/example_latest_only_with_trigger.py took 0.087 seconds
[2025-06-20T14:53:59.268+0000] {processor.py:161} INFO - Started process (PID=2284) to work on /home/airflow/.local/lib/python3.12/site-packages/airflow/example_dags/example_latest_only_with_trigger.py
[2025-06-20T14:53:59.268+0000] {processor.py:830} INFO - Processing file /home/airflow/.local/lib/python3.12/site-packages/airflow/example_dags/example_latest_only_with_trigger.py for tasks to queue
[2025-06-20T14:53:59.270+0000] {logging_mixin.py:188} INFO - [2025-06-20T14:53:59.270+0000] {dagbag.py:540} INFO - Filling up the DagBag from /home/airflow/.local/lib/python3.12/site-packages/airflow/example_dags/example_latest_only_with_trigger.py
[2025-06-20T14:53:59.276+0000] {processor.py:840} INFO - DAG(s) 'latest_only_with_trigger' retrieved from /home/airflow/.local/lib/python3.12/site-packages/airflow/example_dags/example_latest_only_with_trigger.py
[2025-06-20T14:53:59.296+0000] {logging_mixin.py:188} INFO - [2025-06-20T14:53:59.295+0000] {dag.py:3096} INFO - Sync 1 DAGs
[2025-06-20T14:53:59.320+0000] {logging_mixin.py:188} INFO - [2025-06-20T14:53:59.320+0000] {dag.py:3954} INFO - Setting next_dagrun for latest_only_with_trigger to 2025-06-20 08:00:00+00:00, run_after=2025-06-20 12:00:00+00:00
[2025-06-20T14:53:59.364+0000] {processor.py:183} INFO - Processing /home/airflow/.local/lib/python3.12/site-packages/airflow/example_dags/example_latest_only_with_trigger.py took 0.102 seconds
[2025-06-20T14:54:30.158+0000] {processor.py:161} INFO - Started process (PID=2342) to work on /home/airflow/.local/lib/python3.12/site-packages/airflow/example_dags/example_latest_only_with_trigger.py
[2025-06-20T14:54:30.159+0000] {processor.py:830} INFO - Processing file /home/airflow/.local/lib/python3.12/site-packages/airflow/example_dags/example_latest_only_with_trigger.py for tasks to queue
[2025-06-20T14:54:30.161+0000] {logging_mixin.py:188} INFO - [2025-06-20T14:54:30.161+0000] {dagbag.py:540} INFO - Filling up the DagBag from /home/airflow/.local/lib/python3.12/site-packages/airflow/example_dags/example_latest_only_with_trigger.py
[2025-06-20T14:54:30.167+0000] {processor.py:840} INFO - DAG(s) 'latest_only_with_trigger' retrieved from /home/airflow/.local/lib/python3.12/site-packages/airflow/example_dags/example_latest_only_with_trigger.py
[2025-06-20T14:54:30.189+0000] {logging_mixin.py:188} INFO - [2025-06-20T14:54:30.188+0000] {dag.py:3096} INFO - Sync 1 DAGs
[2025-06-20T14:54:30.210+0000] {logging_mixin.py:188} INFO - [2025-06-20T14:54:30.209+0000] {dag.py:3954} INFO - Setting next_dagrun for latest_only_with_trigger to 2025-06-20 08:00:00+00:00, run_after=2025-06-20 12:00:00+00:00
[2025-06-20T14:54:30.229+0000] {processor.py:183} INFO - Processing /home/airflow/.local/lib/python3.12/site-packages/airflow/example_dags/example_latest_only_with_trigger.py took 0.077 seconds
[2025-06-20T14:55:00.343+0000] {processor.py:161} INFO - Started process (PID=2401) to work on /home/airflow/.local/lib/python3.12/site-packages/airflow/example_dags/example_latest_only_with_trigger.py
[2025-06-20T14:55:00.344+0000] {processor.py:830} INFO - Processing file /home/airflow/.local/lib/python3.12/site-packages/airflow/example_dags/example_latest_only_with_trigger.py for tasks to queue
[2025-06-20T14:55:00.346+0000] {logging_mixin.py:188} INFO - [2025-06-20T14:55:00.346+0000] {dagbag.py:540} INFO - Filling up the DagBag from /home/airflow/.local/lib/python3.12/site-packages/airflow/example_dags/example_latest_only_with_trigger.py
[2025-06-20T14:55:00.352+0000] {processor.py:840} INFO - DAG(s) 'latest_only_with_trigger' retrieved from /home/airflow/.local/lib/python3.12/site-packages/airflow/example_dags/example_latest_only_with_trigger.py
[2025-06-20T14:55:00.371+0000] {logging_mixin.py:188} INFO - [2025-06-20T14:55:00.371+0000] {dag.py:3096} INFO - Sync 1 DAGs
[2025-06-20T14:55:00.394+0000] {logging_mixin.py:188} INFO - [2025-06-20T14:55:00.393+0000] {dag.py:3954} INFO - Setting next_dagrun for latest_only_with_trigger to 2025-06-20 08:00:00+00:00, run_after=2025-06-20 12:00:00+00:00
[2025-06-20T14:55:00.413+0000] {processor.py:183} INFO - Processing /home/airflow/.local/lib/python3.12/site-packages/airflow/example_dags/example_latest_only_with_trigger.py took 0.076 seconds
[2025-06-20T14:55:30.612+0000] {processor.py:161} INFO - Started process (PID=2460) to work on /home/airflow/.local/lib/python3.12/site-packages/airflow/example_dags/example_latest_only_with_trigger.py
[2025-06-20T14:55:30.613+0000] {processor.py:830} INFO - Processing file /home/airflow/.local/lib/python3.12/site-packages/airflow/example_dags/example_latest_only_with_trigger.py for tasks to queue
[2025-06-20T14:55:30.614+0000] {logging_mixin.py:188} INFO - [2025-06-20T14:55:30.614+0000] {dagbag.py:540} INFO - Filling up the DagBag from /home/airflow/.local/lib/python3.12/site-packages/airflow/example_dags/example_latest_only_with_trigger.py
[2025-06-20T14:55:30.620+0000] {processor.py:840} INFO - DAG(s) 'latest_only_with_trigger' retrieved from /home/airflow/.local/lib/python3.12/site-packages/airflow/example_dags/example_latest_only_with_trigger.py
[2025-06-20T14:55:30.640+0000] {logging_mixin.py:188} INFO - [2025-06-20T14:55:30.640+0000] {dag.py:3096} INFO - Sync 1 DAGs
[2025-06-20T14:55:30.663+0000] {logging_mixin.py:188} INFO - [2025-06-20T14:55:30.663+0000] {dag.py:3954} INFO - Setting next_dagrun for latest_only_with_trigger to 2025-06-20 08:00:00+00:00, run_after=2025-06-20 12:00:00+00:00
[2025-06-20T14:55:30.678+0000] {processor.py:183} INFO - Processing /home/airflow/.local/lib/python3.12/site-packages/airflow/example_dags/example_latest_only_with_trigger.py took 0.073 seconds
[2025-06-20T14:56:01.018+0000] {processor.py:161} INFO - Started process (PID=2519) to work on /home/airflow/.local/lib/python3.12/site-packages/airflow/example_dags/example_latest_only_with_trigger.py
[2025-06-20T14:56:01.019+0000] {processor.py:830} INFO - Processing file /home/airflow/.local/lib/python3.12/site-packages/airflow/example_dags/example_latest_only_with_trigger.py for tasks to queue
[2025-06-20T14:56:01.021+0000] {logging_mixin.py:188} INFO - [2025-06-20T14:56:01.021+0000] {dagbag.py:540} INFO - Filling up the DagBag from /home/airflow/.local/lib/python3.12/site-packages/airflow/example_dags/example_latest_only_with_trigger.py
[2025-06-20T14:56:01.027+0000] {processor.py:840} INFO - DAG(s) 'latest_only_with_trigger' retrieved from /home/airflow/.local/lib/python3.12/site-packages/airflow/example_dags/example_latest_only_with_trigger.py
[2025-06-20T14:56:01.048+0000] {logging_mixin.py:188} INFO - [2025-06-20T14:56:01.048+0000] {dag.py:3096} INFO - Sync 1 DAGs
[2025-06-20T14:56:01.070+0000] {logging_mixin.py:188} INFO - [2025-06-20T14:56:01.070+0000] {dag.py:3954} INFO - Setting next_dagrun for latest_only_with_trigger to 2025-06-20 08:00:00+00:00, run_after=2025-06-20 12:00:00+00:00
[2025-06-20T14:56:01.087+0000] {processor.py:183} INFO - Processing /home/airflow/.local/lib/python3.12/site-packages/airflow/example_dags/example_latest_only_with_trigger.py took 0.075 seconds
[2025-06-20T14:56:31.164+0000] {processor.py:161} INFO - Started process (PID=2578) to work on /home/airflow/.local/lib/python3.12/site-packages/airflow/example_dags/example_latest_only_with_trigger.py
[2025-06-20T14:56:31.165+0000] {processor.py:830} INFO - Processing file /home/airflow/.local/lib/python3.12/site-packages/airflow/example_dags/example_latest_only_with_trigger.py for tasks to queue
[2025-06-20T14:56:31.167+0000] {logging_mixin.py:188} INFO - [2025-06-20T14:56:31.167+0000] {dagbag.py:540} INFO - Filling up the DagBag from /home/airflow/.local/lib/python3.12/site-packages/airflow/example_dags/example_latest_only_with_trigger.py
[2025-06-20T14:56:31.172+0000] {processor.py:840} INFO - DAG(s) 'latest_only_with_trigger' retrieved from /home/airflow/.local/lib/python3.12/site-packages/airflow/example_dags/example_latest_only_with_trigger.py
[2025-06-20T14:56:31.192+0000] {logging_mixin.py:188} INFO - [2025-06-20T14:56:31.191+0000] {dag.py:3096} INFO - Sync 1 DAGs
[2025-06-20T14:56:31.211+0000] {logging_mixin.py:188} INFO - [2025-06-20T14:56:31.211+0000] {dag.py:3954} INFO - Setting next_dagrun for latest_only_with_trigger to 2025-06-20 08:00:00+00:00, run_after=2025-06-20 12:00:00+00:00
[2025-06-20T14:56:31.226+0000] {processor.py:183} INFO - Processing /home/airflow/.local/lib/python3.12/site-packages/airflow/example_dags/example_latest_only_with_trigger.py took 0.068 seconds
[2025-06-20T14:57:01.264+0000] {processor.py:161} INFO - Started process (PID=2635) to work on /home/airflow/.local/lib/python3.12/site-packages/airflow/example_dags/example_latest_only_with_trigger.py
[2025-06-20T14:57:01.265+0000] {processor.py:830} INFO - Processing file /home/airflow/.local/lib/python3.12/site-packages/airflow/example_dags/example_latest_only_with_trigger.py for tasks to queue
[2025-06-20T14:57:01.268+0000] {logging_mixin.py:188} INFO - [2025-06-20T14:57:01.267+0000] {dagbag.py:540} INFO - Filling up the DagBag from /home/airflow/.local/lib/python3.12/site-packages/airflow/example_dags/example_latest_only_with_trigger.py
[2025-06-20T14:57:01.273+0000] {processor.py:840} INFO - DAG(s) 'latest_only_with_trigger' retrieved from /home/airflow/.local/lib/python3.12/site-packages/airflow/example_dags/example_latest_only_with_trigger.py
[2025-06-20T14:57:01.292+0000] {logging_mixin.py:188} INFO - [2025-06-20T14:57:01.292+0000] {dag.py:3096} INFO - Sync 1 DAGs
[2025-06-20T14:57:01.312+0000] {logging_mixin.py:188} INFO - [2025-06-20T14:57:01.312+0000] {dag.py:3954} INFO - Setting next_dagrun for latest_only_with_trigger to 2025-06-20 08:00:00+00:00, run_after=2025-06-20 12:00:00+00:00
[2025-06-20T14:57:01.336+0000] {processor.py:183} INFO - Processing /home/airflow/.local/lib/python3.12/site-packages/airflow/example_dags/example_latest_only_with_trigger.py took 0.078 seconds
[2025-06-20T14:57:31.401+0000] {processor.py:161} INFO - Started process (PID=2694) to work on /home/airflow/.local/lib/python3.12/site-packages/airflow/example_dags/example_latest_only_with_trigger.py
[2025-06-20T14:57:31.402+0000] {processor.py:830} INFO - Processing file /home/airflow/.local/lib/python3.12/site-packages/airflow/example_dags/example_latest_only_with_trigger.py for tasks to queue
[2025-06-20T14:57:31.404+0000] {logging_mixin.py:188} INFO - [2025-06-20T14:57:31.404+0000] {dagbag.py:540} INFO - Filling up the DagBag from /home/airflow/.local/lib/python3.12/site-packages/airflow/example_dags/example_latest_only_with_trigger.py
[2025-06-20T14:57:31.409+0000] {processor.py:840} INFO - DAG(s) 'latest_only_with_trigger' retrieved from /home/airflow/.local/lib/python3.12/site-packages/airflow/example_dags/example_latest_only_with_trigger.py
[2025-06-20T14:57:31.430+0000] {logging_mixin.py:188} INFO - [2025-06-20T14:57:31.430+0000] {dag.py:3096} INFO - Sync 1 DAGs
[2025-06-20T14:57:31.451+0000] {logging_mixin.py:188} INFO - [2025-06-20T14:57:31.451+0000] {dag.py:3954} INFO - Setting next_dagrun for latest_only_with_trigger to 2025-06-20 08:00:00+00:00, run_after=2025-06-20 12:00:00+00:00
[2025-06-20T14:57:31.468+0000] {processor.py:183} INFO - Processing /home/airflow/.local/lib/python3.12/site-packages/airflow/example_dags/example_latest_only_with_trigger.py took 0.073 seconds
[2025-06-20T14:58:01.534+0000] {processor.py:161} INFO - Started process (PID=2753) to work on /home/airflow/.local/lib/python3.12/site-packages/airflow/example_dags/example_latest_only_with_trigger.py
[2025-06-20T14:58:01.535+0000] {processor.py:830} INFO - Processing file /home/airflow/.local/lib/python3.12/site-packages/airflow/example_dags/example_latest_only_with_trigger.py for tasks to queue
[2025-06-20T14:58:01.538+0000] {logging_mixin.py:188} INFO - [2025-06-20T14:58:01.537+0000] {dagbag.py:540} INFO - Filling up the DagBag from /home/airflow/.local/lib/python3.12/site-packages/airflow/example_dags/example_latest_only_with_trigger.py
[2025-06-20T14:58:01.543+0000] {processor.py:840} INFO - DAG(s) 'latest_only_with_trigger' retrieved from /home/airflow/.local/lib/python3.12/site-packages/airflow/example_dags/example_latest_only_with_trigger.py
[2025-06-20T14:58:01.563+0000] {logging_mixin.py:188} INFO - [2025-06-20T14:58:01.563+0000] {dag.py:3096} INFO - Sync 1 DAGs
[2025-06-20T14:58:01.582+0000] {logging_mixin.py:188} INFO - [2025-06-20T14:58:01.582+0000] {dag.py:3954} INFO - Setting next_dagrun for latest_only_with_trigger to 2025-06-20 08:00:00+00:00, run_after=2025-06-20 12:00:00+00:00
[2025-06-20T14:58:01.601+0000] {processor.py:183} INFO - Processing /home/airflow/.local/lib/python3.12/site-packages/airflow/example_dags/example_latest_only_with_trigger.py took 0.075 seconds
[2025-06-20T14:58:31.743+0000] {processor.py:161} INFO - Started process (PID=2812) to work on /home/airflow/.local/lib/python3.12/site-packages/airflow/example_dags/example_latest_only_with_trigger.py
[2025-06-20T14:58:31.744+0000] {processor.py:830} INFO - Processing file /home/airflow/.local/lib/python3.12/site-packages/airflow/example_dags/example_latest_only_with_trigger.py for tasks to queue
[2025-06-20T14:58:31.745+0000] {logging_mixin.py:188} INFO - [2025-06-20T14:58:31.745+0000] {dagbag.py:540} INFO - Filling up the DagBag from /home/airflow/.local/lib/python3.12/site-packages/airflow/example_dags/example_latest_only_with_trigger.py
[2025-06-20T14:58:31.751+0000] {processor.py:840} INFO - DAG(s) 'latest_only_with_trigger' retrieved from /home/airflow/.local/lib/python3.12/site-packages/airflow/example_dags/example_latest_only_with_trigger.py
[2025-06-20T14:58:31.773+0000] {logging_mixin.py:188} INFO - [2025-06-20T14:58:31.773+0000] {dag.py:3096} INFO - Sync 1 DAGs
[2025-06-20T14:58:31.794+0000] {logging_mixin.py:188} INFO - [2025-06-20T14:58:31.794+0000] {dag.py:3954} INFO - Setting next_dagrun for latest_only_with_trigger to 2025-06-20 08:00:00+00:00, run_after=2025-06-20 12:00:00+00:00
[2025-06-20T14:58:31.812+0000] {processor.py:183} INFO - Processing /home/airflow/.local/lib/python3.12/site-packages/airflow/example_dags/example_latest_only_with_trigger.py took 0.075 seconds
[2025-06-20T14:59:01.891+0000] {processor.py:161} INFO - Started process (PID=2871) to work on /home/airflow/.local/lib/python3.12/site-packages/airflow/example_dags/example_latest_only_with_trigger.py
[2025-06-20T14:59:01.892+0000] {processor.py:830} INFO - Processing file /home/airflow/.local/lib/python3.12/site-packages/airflow/example_dags/example_latest_only_with_trigger.py for tasks to queue
[2025-06-20T14:59:01.894+0000] {logging_mixin.py:188} INFO - [2025-06-20T14:59:01.894+0000] {dagbag.py:540} INFO - Filling up the DagBag from /home/airflow/.local/lib/python3.12/site-packages/airflow/example_dags/example_latest_only_with_trigger.py
[2025-06-20T14:59:01.899+0000] {processor.py:840} INFO - DAG(s) 'latest_only_with_trigger' retrieved from /home/airflow/.local/lib/python3.12/site-packages/airflow/example_dags/example_latest_only_with_trigger.py
[2025-06-20T14:59:01.919+0000] {logging_mixin.py:188} INFO - [2025-06-20T14:59:01.919+0000] {dag.py:3096} INFO - Sync 1 DAGs
[2025-06-20T14:59:01.938+0000] {logging_mixin.py:188} INFO - [2025-06-20T14:59:01.938+0000] {dag.py:3954} INFO - Setting next_dagrun for latest_only_with_trigger to 2025-06-20 08:00:00+00:00, run_after=2025-06-20 12:00:00+00:00
[2025-06-20T14:59:01.954+0000] {processor.py:183} INFO - Processing /home/airflow/.local/lib/python3.12/site-packages/airflow/example_dags/example_latest_only_with_trigger.py took 0.070 seconds
[2025-06-20T14:59:32.145+0000] {processor.py:161} INFO - Started process (PID=2930) to work on /home/airflow/.local/lib/python3.12/site-packages/airflow/example_dags/example_latest_only_with_trigger.py
[2025-06-20T14:59:32.146+0000] {processor.py:830} INFO - Processing file /home/airflow/.local/lib/python3.12/site-packages/airflow/example_dags/example_latest_only_with_trigger.py for tasks to queue
[2025-06-20T14:59:32.148+0000] {logging_mixin.py:188} INFO - [2025-06-20T14:59:32.147+0000] {dagbag.py:540} INFO - Filling up the DagBag from /home/airflow/.local/lib/python3.12/site-packages/airflow/example_dags/example_latest_only_with_trigger.py
[2025-06-20T14:59:32.153+0000] {processor.py:840} INFO - DAG(s) 'latest_only_with_trigger' retrieved from /home/airflow/.local/lib/python3.12/site-packages/airflow/example_dags/example_latest_only_with_trigger.py
[2025-06-20T14:59:32.173+0000] {logging_mixin.py:188} INFO - [2025-06-20T14:59:32.173+0000] {dag.py:3096} INFO - Sync 1 DAGs
[2025-06-20T14:59:32.195+0000] {logging_mixin.py:188} INFO - [2025-06-20T14:59:32.195+0000] {dag.py:3954} INFO - Setting next_dagrun for latest_only_with_trigger to 2025-06-20 08:00:00+00:00, run_after=2025-06-20 12:00:00+00:00
[2025-06-20T14:59:32.214+0000] {processor.py:183} INFO - Processing /home/airflow/.local/lib/python3.12/site-packages/airflow/example_dags/example_latest_only_with_trigger.py took 0.076 seconds
[2025-06-20T15:00:02.749+0000] {processor.py:161} INFO - Started process (PID=2989) to work on /home/airflow/.local/lib/python3.12/site-packages/airflow/example_dags/example_latest_only_with_trigger.py
[2025-06-20T15:00:02.750+0000] {processor.py:830} INFO - Processing file /home/airflow/.local/lib/python3.12/site-packages/airflow/example_dags/example_latest_only_with_trigger.py for tasks to queue
[2025-06-20T15:00:02.752+0000] {logging_mixin.py:188} INFO - [2025-06-20T15:00:02.752+0000] {dagbag.py:540} INFO - Filling up the DagBag from /home/airflow/.local/lib/python3.12/site-packages/airflow/example_dags/example_latest_only_with_trigger.py
[2025-06-20T15:00:02.758+0000] {processor.py:840} INFO - DAG(s) 'latest_only_with_trigger' retrieved from /home/airflow/.local/lib/python3.12/site-packages/airflow/example_dags/example_latest_only_with_trigger.py
[2025-06-20T15:00:02.778+0000] {logging_mixin.py:188} INFO - [2025-06-20T15:00:02.778+0000] {dag.py:3096} INFO - Sync 1 DAGs
[2025-06-20T15:00:02.798+0000] {logging_mixin.py:188} INFO - [2025-06-20T15:00:02.798+0000] {dag.py:3954} INFO - Setting next_dagrun for latest_only_with_trigger to 2025-06-20 08:00:00+00:00, run_after=2025-06-20 12:00:00+00:00
[2025-06-20T15:00:02.813+0000] {processor.py:183} INFO - Processing /home/airflow/.local/lib/python3.12/site-packages/airflow/example_dags/example_latest_only_with_trigger.py took 0.069 seconds
[2025-06-20T15:00:33.112+0000] {processor.py:161} INFO - Started process (PID=3048) to work on /home/airflow/.local/lib/python3.12/site-packages/airflow/example_dags/example_latest_only_with_trigger.py
[2025-06-20T15:00:33.112+0000] {processor.py:830} INFO - Processing file /home/airflow/.local/lib/python3.12/site-packages/airflow/example_dags/example_latest_only_with_trigger.py for tasks to queue
[2025-06-20T15:00:33.114+0000] {logging_mixin.py:188} INFO - [2025-06-20T15:00:33.114+0000] {dagbag.py:540} INFO - Filling up the DagBag from /home/airflow/.local/lib/python3.12/site-packages/airflow/example_dags/example_latest_only_with_trigger.py
[2025-06-20T15:00:33.120+0000] {processor.py:840} INFO - DAG(s) 'latest_only_with_trigger' retrieved from /home/airflow/.local/lib/python3.12/site-packages/airflow/example_dags/example_latest_only_with_trigger.py
[2025-06-20T15:00:33.142+0000] {logging_mixin.py:188} INFO - [2025-06-20T15:00:33.142+0000] {dag.py:3096} INFO - Sync 1 DAGs
[2025-06-20T15:00:33.163+0000] {logging_mixin.py:188} INFO - [2025-06-20T15:00:33.163+0000] {dag.py:3954} INFO - Setting next_dagrun for latest_only_with_trigger to 2025-06-20 08:00:00+00:00, run_after=2025-06-20 12:00:00+00:00
[2025-06-20T15:00:33.179+0000] {processor.py:183} INFO - Processing /home/airflow/.local/lib/python3.12/site-packages/airflow/example_dags/example_latest_only_with_trigger.py took 0.073 seconds
[2025-06-20T15:01:03.438+0000] {processor.py:161} INFO - Started process (PID=3107) to work on /home/airflow/.local/lib/python3.12/site-packages/airflow/example_dags/example_latest_only_with_trigger.py
[2025-06-20T15:01:03.439+0000] {processor.py:830} INFO - Processing file /home/airflow/.local/lib/python3.12/site-packages/airflow/example_dags/example_latest_only_with_trigger.py for tasks to queue
[2025-06-20T15:01:03.440+0000] {logging_mixin.py:188} INFO - [2025-06-20T15:01:03.440+0000] {dagbag.py:540} INFO - Filling up the DagBag from /home/airflow/.local/lib/python3.12/site-packages/airflow/example_dags/example_latest_only_with_trigger.py
[2025-06-20T15:01:03.448+0000] {processor.py:840} INFO - DAG(s) 'latest_only_with_trigger' retrieved from /home/airflow/.local/lib/python3.12/site-packages/airflow/example_dags/example_latest_only_with_trigger.py
[2025-06-20T15:01:03.469+0000] {logging_mixin.py:188} INFO - [2025-06-20T15:01:03.469+0000] {dag.py:3096} INFO - Sync 1 DAGs
[2025-06-20T15:01:03.489+0000] {logging_mixin.py:188} INFO - [2025-06-20T15:01:03.489+0000] {dag.py:3954} INFO - Setting next_dagrun for latest_only_with_trigger to 2025-06-20 08:00:00+00:00, run_after=2025-06-20 12:00:00+00:00
[2025-06-20T15:01:03.505+0000] {processor.py:183} INFO - Processing /home/airflow/.local/lib/python3.12/site-packages/airflow/example_dags/example_latest_only_with_trigger.py took 0.073 seconds
[2025-06-20T15:01:33.646+0000] {processor.py:161} INFO - Started process (PID=3166) to work on /home/airflow/.local/lib/python3.12/site-packages/airflow/example_dags/example_latest_only_with_trigger.py
[2025-06-20T15:01:33.647+0000] {processor.py:830} INFO - Processing file /home/airflow/.local/lib/python3.12/site-packages/airflow/example_dags/example_latest_only_with_trigger.py for tasks to queue
[2025-06-20T15:01:33.650+0000] {logging_mixin.py:188} INFO - [2025-06-20T15:01:33.649+0000] {dagbag.py:540} INFO - Filling up the DagBag from /home/airflow/.local/lib/python3.12/site-packages/airflow/example_dags/example_latest_only_with_trigger.py
[2025-06-20T15:01:33.655+0000] {processor.py:840} INFO - DAG(s) 'latest_only_with_trigger' retrieved from /home/airflow/.local/lib/python3.12/site-packages/airflow/example_dags/example_latest_only_with_trigger.py
[2025-06-20T15:01:33.675+0000] {logging_mixin.py:188} INFO - [2025-06-20T15:01:33.675+0000] {dag.py:3096} INFO - Sync 1 DAGs
[2025-06-20T15:01:33.695+0000] {logging_mixin.py:188} INFO - [2025-06-20T15:01:33.694+0000] {dag.py:3954} INFO - Setting next_dagrun for latest_only_with_trigger to 2025-06-20 08:00:00+00:00, run_after=2025-06-20 12:00:00+00:00
[2025-06-20T15:01:33.710+0000] {processor.py:183} INFO - Processing /home/airflow/.local/lib/python3.12/site-packages/airflow/example_dags/example_latest_only_with_trigger.py took 0.070 seconds
[2025-06-20T15:02:04.351+0000] {processor.py:161} INFO - Started process (PID=3225) to work on /home/airflow/.local/lib/python3.12/site-packages/airflow/example_dags/example_latest_only_with_trigger.py
[2025-06-20T15:02:04.352+0000] {processor.py:830} INFO - Processing file /home/airflow/.local/lib/python3.12/site-packages/airflow/example_dags/example_latest_only_with_trigger.py for tasks to queue
[2025-06-20T15:02:04.355+0000] {logging_mixin.py:188} INFO - [2025-06-20T15:02:04.354+0000] {dagbag.py:540} INFO - Filling up the DagBag from /home/airflow/.local/lib/python3.12/site-packages/airflow/example_dags/example_latest_only_with_trigger.py
[2025-06-20T15:02:04.360+0000] {processor.py:840} INFO - DAG(s) 'latest_only_with_trigger' retrieved from /home/airflow/.local/lib/python3.12/site-packages/airflow/example_dags/example_latest_only_with_trigger.py
[2025-06-20T15:02:04.382+0000] {logging_mixin.py:188} INFO - [2025-06-20T15:02:04.381+0000] {dag.py:3096} INFO - Sync 1 DAGs
[2025-06-20T15:02:04.405+0000] {logging_mixin.py:188} INFO - [2025-06-20T15:02:04.405+0000] {dag.py:3954} INFO - Setting next_dagrun for latest_only_with_trigger to 2025-06-20 08:00:00+00:00, run_after=2025-06-20 12:00:00+00:00
[2025-06-20T15:02:04.421+0000] {processor.py:183} INFO - Processing /home/airflow/.local/lib/python3.12/site-packages/airflow/example_dags/example_latest_only_with_trigger.py took 0.079 seconds
[2025-06-20T15:02:35.058+0000] {processor.py:161} INFO - Started process (PID=3284) to work on /home/airflow/.local/lib/python3.12/site-packages/airflow/example_dags/example_latest_only_with_trigger.py
[2025-06-20T15:02:35.059+0000] {processor.py:830} INFO - Processing file /home/airflow/.local/lib/python3.12/site-packages/airflow/example_dags/example_latest_only_with_trigger.py for tasks to queue
[2025-06-20T15:02:35.061+0000] {logging_mixin.py:188} INFO - [2025-06-20T15:02:35.061+0000] {dagbag.py:540} INFO - Filling up the DagBag from /home/airflow/.local/lib/python3.12/site-packages/airflow/example_dags/example_latest_only_with_trigger.py
[2025-06-20T15:02:35.066+0000] {processor.py:840} INFO - DAG(s) 'latest_only_with_trigger' retrieved from /home/airflow/.local/lib/python3.12/site-packages/airflow/example_dags/example_latest_only_with_trigger.py
[2025-06-20T15:02:35.086+0000] {logging_mixin.py:188} INFO - [2025-06-20T15:02:35.086+0000] {dag.py:3096} INFO - Sync 1 DAGs
[2025-06-20T15:02:35.106+0000] {logging_mixin.py:188} INFO - [2025-06-20T15:02:35.106+0000] {dag.py:3954} INFO - Setting next_dagrun for latest_only_with_trigger to 2025-06-20 08:00:00+00:00, run_after=2025-06-20 12:00:00+00:00
[2025-06-20T15:02:35.121+0000] {processor.py:183} INFO - Processing /home/airflow/.local/lib/python3.12/site-packages/airflow/example_dags/example_latest_only_with_trigger.py took 0.070 seconds
[2025-06-20T15:03:05.806+0000] {processor.py:161} INFO - Started process (PID=3343) to work on /home/airflow/.local/lib/python3.12/site-packages/airflow/example_dags/example_latest_only_with_trigger.py
[2025-06-20T15:03:05.807+0000] {processor.py:830} INFO - Processing file /home/airflow/.local/lib/python3.12/site-packages/airflow/example_dags/example_latest_only_with_trigger.py for tasks to queue
[2025-06-20T15:03:05.809+0000] {logging_mixin.py:188} INFO - [2025-06-20T15:03:05.809+0000] {dagbag.py:540} INFO - Filling up the DagBag from /home/airflow/.local/lib/python3.12/site-packages/airflow/example_dags/example_latest_only_with_trigger.py
[2025-06-20T15:03:05.815+0000] {processor.py:840} INFO - DAG(s) 'latest_only_with_trigger' retrieved from /home/airflow/.local/lib/python3.12/site-packages/airflow/example_dags/example_latest_only_with_trigger.py
[2025-06-20T15:03:05.837+0000] {logging_mixin.py:188} INFO - [2025-06-20T15:03:05.837+0000] {dag.py:3096} INFO - Sync 1 DAGs
[2025-06-20T15:03:05.857+0000] {logging_mixin.py:188} INFO - [2025-06-20T15:03:05.857+0000] {dag.py:3954} INFO - Setting next_dagrun for latest_only_with_trigger to 2025-06-20 08:00:00+00:00, run_after=2025-06-20 12:00:00+00:00
[2025-06-20T15:03:05.873+0000] {processor.py:183} INFO - Processing /home/airflow/.local/lib/python3.12/site-packages/airflow/example_dags/example_latest_only_with_trigger.py took 0.073 seconds
[2025-06-20T15:03:36.458+0000] {processor.py:161} INFO - Started process (PID=3402) to work on /home/airflow/.local/lib/python3.12/site-packages/airflow/example_dags/example_latest_only_with_trigger.py
[2025-06-20T15:03:36.458+0000] {processor.py:830} INFO - Processing file /home/airflow/.local/lib/python3.12/site-packages/airflow/example_dags/example_latest_only_with_trigger.py for tasks to queue
[2025-06-20T15:03:36.461+0000] {logging_mixin.py:188} INFO - [2025-06-20T15:03:36.461+0000] {dagbag.py:540} INFO - Filling up the DagBag from /home/airflow/.local/lib/python3.12/site-packages/airflow/example_dags/example_latest_only_with_trigger.py
[2025-06-20T15:03:36.466+0000] {processor.py:840} INFO - DAG(s) 'latest_only_with_trigger' retrieved from /home/airflow/.local/lib/python3.12/site-packages/airflow/example_dags/example_latest_only_with_trigger.py
[2025-06-20T15:03:36.486+0000] {logging_mixin.py:188} INFO - [2025-06-20T15:03:36.486+0000] {dag.py:3096} INFO - Sync 1 DAGs
[2025-06-20T15:03:36.505+0000] {logging_mixin.py:188} INFO - [2025-06-20T15:03:36.505+0000] {dag.py:3954} INFO - Setting next_dagrun for latest_only_with_trigger to 2025-06-20 08:00:00+00:00, run_after=2025-06-20 12:00:00+00:00
[2025-06-20T15:03:36.520+0000] {processor.py:183} INFO - Processing /home/airflow/.local/lib/python3.12/site-packages/airflow/example_dags/example_latest_only_with_trigger.py took 0.069 seconds
[2025-06-20T15:04:06.914+0000] {processor.py:161} INFO - Started process (PID=3461) to work on /home/airflow/.local/lib/python3.12/site-packages/airflow/example_dags/example_latest_only_with_trigger.py
[2025-06-20T15:04:06.915+0000] {processor.py:830} INFO - Processing file /home/airflow/.local/lib/python3.12/site-packages/airflow/example_dags/example_latest_only_with_trigger.py for tasks to queue
[2025-06-20T15:04:06.918+0000] {logging_mixin.py:188} INFO - [2025-06-20T15:04:06.917+0000] {dagbag.py:540} INFO - Filling up the DagBag from /home/airflow/.local/lib/python3.12/site-packages/airflow/example_dags/example_latest_only_with_trigger.py
[2025-06-20T15:04:06.923+0000] {processor.py:840} INFO - DAG(s) 'latest_only_with_trigger' retrieved from /home/airflow/.local/lib/python3.12/site-packages/airflow/example_dags/example_latest_only_with_trigger.py
[2025-06-20T15:04:06.944+0000] {logging_mixin.py:188} INFO - [2025-06-20T15:04:06.944+0000] {dag.py:3096} INFO - Sync 1 DAGs
[2025-06-20T15:04:06.964+0000] {logging_mixin.py:188} INFO - [2025-06-20T15:04:06.963+0000] {dag.py:3954} INFO - Setting next_dagrun for latest_only_with_trigger to 2025-06-20 08:00:00+00:00, run_after=2025-06-20 12:00:00+00:00
[2025-06-20T15:04:06.979+0000] {processor.py:183} INFO - Processing /home/airflow/.local/lib/python3.12/site-packages/airflow/example_dags/example_latest_only_with_trigger.py took 0.071 seconds
[2025-06-20T15:04:37.702+0000] {processor.py:161} INFO - Started process (PID=3520) to work on /home/airflow/.local/lib/python3.12/site-packages/airflow/example_dags/example_latest_only_with_trigger.py
[2025-06-20T15:04:37.702+0000] {processor.py:830} INFO - Processing file /home/airflow/.local/lib/python3.12/site-packages/airflow/example_dags/example_latest_only_with_trigger.py for tasks to queue
[2025-06-20T15:04:37.705+0000] {logging_mixin.py:188} INFO - [2025-06-20T15:04:37.705+0000] {dagbag.py:540} INFO - Filling up the DagBag from /home/airflow/.local/lib/python3.12/site-packages/airflow/example_dags/example_latest_only_with_trigger.py
[2025-06-20T15:04:37.711+0000] {processor.py:840} INFO - DAG(s) 'latest_only_with_trigger' retrieved from /home/airflow/.local/lib/python3.12/site-packages/airflow/example_dags/example_latest_only_with_trigger.py
[2025-06-20T15:04:37.733+0000] {logging_mixin.py:188} INFO - [2025-06-20T15:04:37.733+0000] {dag.py:3096} INFO - Sync 1 DAGs
[2025-06-20T15:04:37.756+0000] {logging_mixin.py:188} INFO - [2025-06-20T15:04:37.756+0000] {dag.py:3954} INFO - Setting next_dagrun for latest_only_with_trigger to 2025-06-20 08:00:00+00:00, run_after=2025-06-20 12:00:00+00:00
[2025-06-20T15:04:37.772+0000] {processor.py:183} INFO - Processing /home/airflow/.local/lib/python3.12/site-packages/airflow/example_dags/example_latest_only_with_trigger.py took 0.077 seconds
[2025-06-20T15:05:07.834+0000] {processor.py:161} INFO - Started process (PID=3579) to work on /home/airflow/.local/lib/python3.12/site-packages/airflow/example_dags/example_latest_only_with_trigger.py
[2025-06-20T15:05:07.835+0000] {processor.py:830} INFO - Processing file /home/airflow/.local/lib/python3.12/site-packages/airflow/example_dags/example_latest_only_with_trigger.py for tasks to queue
[2025-06-20T15:05:07.838+0000] {logging_mixin.py:188} INFO - [2025-06-20T15:05:07.838+0000] {dagbag.py:540} INFO - Filling up the DagBag from /home/airflow/.local/lib/python3.12/site-packages/airflow/example_dags/example_latest_only_with_trigger.py
[2025-06-20T15:05:07.843+0000] {processor.py:840} INFO - DAG(s) 'latest_only_with_trigger' retrieved from /home/airflow/.local/lib/python3.12/site-packages/airflow/example_dags/example_latest_only_with_trigger.py
[2025-06-20T15:05:07.864+0000] {logging_mixin.py:188} INFO - [2025-06-20T15:05:07.863+0000] {dag.py:3096} INFO - Sync 1 DAGs
[2025-06-20T15:05:07.884+0000] {logging_mixin.py:188} INFO - [2025-06-20T15:05:07.884+0000] {dag.py:3954} INFO - Setting next_dagrun for latest_only_with_trigger to 2025-06-20 08:00:00+00:00, run_after=2025-06-20 12:00:00+00:00
[2025-06-20T15:05:07.901+0000] {processor.py:183} INFO - Processing /home/airflow/.local/lib/python3.12/site-packages/airflow/example_dags/example_latest_only_with_trigger.py took 0.072 seconds
[2025-06-20T15:05:38.216+0000] {processor.py:161} INFO - Started process (PID=3638) to work on /home/airflow/.local/lib/python3.12/site-packages/airflow/example_dags/example_latest_only_with_trigger.py
[2025-06-20T15:05:38.217+0000] {processor.py:830} INFO - Processing file /home/airflow/.local/lib/python3.12/site-packages/airflow/example_dags/example_latest_only_with_trigger.py for tasks to queue
[2025-06-20T15:05:38.220+0000] {logging_mixin.py:188} INFO - [2025-06-20T15:05:38.220+0000] {dagbag.py:540} INFO - Filling up the DagBag from /home/airflow/.local/lib/python3.12/site-packages/airflow/example_dags/example_latest_only_with_trigger.py
[2025-06-20T15:05:38.226+0000] {processor.py:840} INFO - DAG(s) 'latest_only_with_trigger' retrieved from /home/airflow/.local/lib/python3.12/site-packages/airflow/example_dags/example_latest_only_with_trigger.py
[2025-06-20T15:05:38.247+0000] {logging_mixin.py:188} INFO - [2025-06-20T15:05:38.247+0000] {dag.py:3096} INFO - Sync 1 DAGs
[2025-06-20T15:05:38.268+0000] {logging_mixin.py:188} INFO - [2025-06-20T15:05:38.268+0000] {dag.py:3954} INFO - Setting next_dagrun for latest_only_with_trigger to 2025-06-20 08:00:00+00:00, run_after=2025-06-20 12:00:00+00:00
[2025-06-20T15:05:38.290+0000] {processor.py:183} INFO - Processing /home/airflow/.local/lib/python3.12/site-packages/airflow/example_dags/example_latest_only_with_trigger.py took 0.080 seconds
[2025-06-20T15:06:08.448+0000] {processor.py:161} INFO - Started process (PID=3697) to work on /home/airflow/.local/lib/python3.12/site-packages/airflow/example_dags/example_latest_only_with_trigger.py
[2025-06-20T15:06:08.449+0000] {processor.py:830} INFO - Processing file /home/airflow/.local/lib/python3.12/site-packages/airflow/example_dags/example_latest_only_with_trigger.py for tasks to queue
[2025-06-20T15:06:08.452+0000] {logging_mixin.py:188} INFO - [2025-06-20T15:06:08.452+0000] {dagbag.py:540} INFO - Filling up the DagBag from /home/airflow/.local/lib/python3.12/site-packages/airflow/example_dags/example_latest_only_with_trigger.py
[2025-06-20T15:06:08.458+0000] {processor.py:840} INFO - DAG(s) 'latest_only_with_trigger' retrieved from /home/airflow/.local/lib/python3.12/site-packages/airflow/example_dags/example_latest_only_with_trigger.py
[2025-06-20T15:06:08.482+0000] {logging_mixin.py:188} INFO - [2025-06-20T15:06:08.482+0000] {dag.py:3096} INFO - Sync 1 DAGs
[2025-06-20T15:06:08.505+0000] {logging_mixin.py:188} INFO - [2025-06-20T15:06:08.505+0000] {dag.py:3954} INFO - Setting next_dagrun for latest_only_with_trigger to 2025-06-20 08:00:00+00:00, run_after=2025-06-20 12:00:00+00:00
[2025-06-20T15:06:08.521+0000] {processor.py:183} INFO - Processing /home/airflow/.local/lib/python3.12/site-packages/airflow/example_dags/example_latest_only_with_trigger.py took 0.081 seconds
[2025-06-20T15:06:38.772+0000] {processor.py:161} INFO - Started process (PID=3756) to work on /home/airflow/.local/lib/python3.12/site-packages/airflow/example_dags/example_latest_only_with_trigger.py
[2025-06-20T15:06:38.772+0000] {processor.py:830} INFO - Processing file /home/airflow/.local/lib/python3.12/site-packages/airflow/example_dags/example_latest_only_with_trigger.py for tasks to queue
[2025-06-20T15:06:38.775+0000] {logging_mixin.py:188} INFO - [2025-06-20T15:06:38.775+0000] {dagbag.py:540} INFO - Filling up the DagBag from /home/airflow/.local/lib/python3.12/site-packages/airflow/example_dags/example_latest_only_with_trigger.py
[2025-06-20T15:06:38.780+0000] {processor.py:840} INFO - DAG(s) 'latest_only_with_trigger' retrieved from /home/airflow/.local/lib/python3.12/site-packages/airflow/example_dags/example_latest_only_with_trigger.py
[2025-06-20T15:06:38.801+0000] {logging_mixin.py:188} INFO - [2025-06-20T15:06:38.801+0000] {dag.py:3096} INFO - Sync 1 DAGs
[2025-06-20T15:06:38.822+0000] {logging_mixin.py:188} INFO - [2025-06-20T15:06:38.821+0000] {dag.py:3954} INFO - Setting next_dagrun for latest_only_with_trigger to 2025-06-20 08:00:00+00:00, run_after=2025-06-20 12:00:00+00:00
[2025-06-20T15:06:38.840+0000] {processor.py:183} INFO - Processing /home/airflow/.local/lib/python3.12/site-packages/airflow/example_dags/example_latest_only_with_trigger.py took 0.074 seconds
[2025-06-20T15:07:08.988+0000] {processor.py:161} INFO - Started process (PID=3815) to work on /home/airflow/.local/lib/python3.12/site-packages/airflow/example_dags/example_latest_only_with_trigger.py
[2025-06-20T15:07:08.989+0000] {processor.py:830} INFO - Processing file /home/airflow/.local/lib/python3.12/site-packages/airflow/example_dags/example_latest_only_with_trigger.py for tasks to queue
[2025-06-20T15:07:08.991+0000] {logging_mixin.py:188} INFO - [2025-06-20T15:07:08.991+0000] {dagbag.py:540} INFO - Filling up the DagBag from /home/airflow/.local/lib/python3.12/site-packages/airflow/example_dags/example_latest_only_with_trigger.py
[2025-06-20T15:07:08.997+0000] {processor.py:840} INFO - DAG(s) 'latest_only_with_trigger' retrieved from /home/airflow/.local/lib/python3.12/site-packages/airflow/example_dags/example_latest_only_with_trigger.py
[2025-06-20T15:07:09.017+0000] {logging_mixin.py:188} INFO - [2025-06-20T15:07:09.016+0000] {dag.py:3096} INFO - Sync 1 DAGs
[2025-06-20T15:07:09.037+0000] {logging_mixin.py:188} INFO - [2025-06-20T15:07:09.036+0000] {dag.py:3954} INFO - Setting next_dagrun for latest_only_with_trigger to 2025-06-20 08:00:00+00:00, run_after=2025-06-20 12:00:00+00:00
[2025-06-20T15:07:09.053+0000] {processor.py:183} INFO - Processing /home/airflow/.local/lib/python3.12/site-packages/airflow/example_dags/example_latest_only_with_trigger.py took 0.071 seconds
