[2025-06-20T14:34:47.239+0000] {processor.py:161} INFO - Started process (PID=82) to work on /home/airflow/.local/lib/python3.12/site-packages/airflow/example_dags/example_params_ui_tutorial.py
[2025-06-20T14:34:47.240+0000] {processor.py:830} INFO - Processing file /home/airflow/.local/lib/python3.12/site-packages/airflow/example_dags/example_params_ui_tutorial.py for tasks to queue
[2025-06-20T14:34:47.242+0000] {logging_mixin.py:188} INFO - [2025-06-20T14:34:47.242+0000] {dagbag.py:540} INFO - Filling up the DagBag from /home/airflow/.local/lib/python3.12/site-packages/airflow/example_dags/example_params_ui_tutorial.py
[2025-06-20T14:34:47.254+0000] {processor.py:840} INFO - DAG(s) 'example_params_ui_tutorial' retrieved from /home/airflow/.local/lib/python3.12/site-packages/airflow/example_dags/example_params_ui_tutorial.py
[2025-06-20T14:34:47.265+0000] {logging_mixin.py:188} INFO - [2025-06-20T14:34:47.265+0000] {dag.py:3096} INFO - Sync 1 DAGs
[2025-06-20T14:34:47.278+0000] {logging_mixin.py:188} INFO - [2025-06-20T14:34:47.278+0000] {dag.py:3954} INFO - Setting next_dagrun for example_params_ui_tutorial to None, run_after=None
[2025-06-20T14:34:47.294+0000] {processor.py:183} INFO - Processing /home/airflow/.local/lib/python3.12/site-packages/airflow/example_dags/example_params_ui_tutorial.py took 0.061 seconds
[2025-06-20T14:35:18.599+0000] {processor.py:161} INFO - Started process (PID=140) to work on /home/airflow/.local/lib/python3.12/site-packages/airflow/example_dags/example_params_ui_tutorial.py
[2025-06-20T14:35:18.600+0000] {processor.py:830} INFO - Processing file /home/airflow/.local/lib/python3.12/site-packages/airflow/example_dags/example_params_ui_tutorial.py for tasks to queue
[2025-06-20T14:35:18.602+0000] {logging_mixin.py:188} INFO - [2025-06-20T14:35:18.601+0000] {dagbag.py:540} INFO - Filling up the DagBag from /home/airflow/.local/lib/python3.12/site-packages/airflow/example_dags/example_params_ui_tutorial.py
[2025-06-20T14:35:18.613+0000] {processor.py:840} INFO - DAG(s) 'example_params_ui_tutorial' retrieved from /home/airflow/.local/lib/python3.12/site-packages/airflow/example_dags/example_params_ui_tutorial.py
[2025-06-20T14:35:18.758+0000] {logging_mixin.py:188} INFO - [2025-06-20T14:35:18.758+0000] {dag.py:3096} INFO - Sync 1 DAGs
[2025-06-20T14:35:18.769+0000] {logging_mixin.py:188} INFO - [2025-06-20T14:35:18.769+0000] {dag.py:3954} INFO - Setting next_dagrun for example_params_ui_tutorial to None, run_after=None
[2025-06-20T14:35:18.785+0000] {processor.py:183} INFO - Processing /home/airflow/.local/lib/python3.12/site-packages/airflow/example_dags/example_params_ui_tutorial.py took 0.192 seconds
[2025-06-20T14:35:49.019+0000] {processor.py:161} INFO - Started process (PID=204) to work on /home/airflow/.local/lib/python3.12/site-packages/airflow/example_dags/example_params_ui_tutorial.py
[2025-06-20T14:35:49.020+0000] {processor.py:830} INFO - Processing file /home/airflow/.local/lib/python3.12/site-packages/airflow/example_dags/example_params_ui_tutorial.py for tasks to queue
[2025-06-20T14:35:49.022+0000] {logging_mixin.py:188} INFO - [2025-06-20T14:35:49.022+0000] {dagbag.py:540} INFO - Filling up the DagBag from /home/airflow/.local/lib/python3.12/site-packages/airflow/example_dags/example_params_ui_tutorial.py
[2025-06-20T14:35:49.034+0000] {processor.py:840} INFO - DAG(s) 'example_params_ui_tutorial' retrieved from /home/airflow/.local/lib/python3.12/site-packages/airflow/example_dags/example_params_ui_tutorial.py
[2025-06-20T14:35:49.088+0000] {logging_mixin.py:188} INFO - [2025-06-20T14:35:49.088+0000] {dag.py:3096} INFO - Sync 1 DAGs
[2025-06-20T14:35:49.102+0000] {logging_mixin.py:188} INFO - [2025-06-20T14:35:49.102+0000] {dag.py:3954} INFO - Setting next_dagrun for example_params_ui_tutorial to None, run_after=None
[2025-06-20T14:35:49.118+0000] {processor.py:183} INFO - Processing /home/airflow/.local/lib/python3.12/site-packages/airflow/example_dags/example_params_ui_tutorial.py took 0.105 seconds
[2025-06-20T14:36:19.871+0000] {processor.py:161} INFO - Started process (PID=262) to work on /home/airflow/.local/lib/python3.12/site-packages/airflow/example_dags/example_params_ui_tutorial.py
[2025-06-20T14:36:19.872+0000] {processor.py:830} INFO - Processing file /home/airflow/.local/lib/python3.12/site-packages/airflow/example_dags/example_params_ui_tutorial.py for tasks to queue
[2025-06-20T14:36:19.874+0000] {logging_mixin.py:188} INFO - [2025-06-20T14:36:19.873+0000] {dagbag.py:540} INFO - Filling up the DagBag from /home/airflow/.local/lib/python3.12/site-packages/airflow/example_dags/example_params_ui_tutorial.py
[2025-06-20T14:36:19.885+0000] {processor.py:840} INFO - DAG(s) 'example_params_ui_tutorial' retrieved from /home/airflow/.local/lib/python3.12/site-packages/airflow/example_dags/example_params_ui_tutorial.py
[2025-06-20T14:36:19.938+0000] {logging_mixin.py:188} INFO - [2025-06-20T14:36:19.938+0000] {dag.py:3096} INFO - Sync 1 DAGs
[2025-06-20T14:36:19.950+0000] {logging_mixin.py:188} INFO - [2025-06-20T14:36:19.949+0000] {dag.py:3954} INFO - Setting next_dagrun for example_params_ui_tutorial to None, run_after=None
[2025-06-20T14:36:19.965+0000] {processor.py:183} INFO - Processing /home/airflow/.local/lib/python3.12/site-packages/airflow/example_dags/example_params_ui_tutorial.py took 0.101 seconds
[2025-06-20T14:36:50.405+0000] {processor.py:161} INFO - Started process (PID=320) to work on /home/airflow/.local/lib/python3.12/site-packages/airflow/example_dags/example_params_ui_tutorial.py
[2025-06-20T14:36:50.406+0000] {processor.py:830} INFO - Processing file /home/airflow/.local/lib/python3.12/site-packages/airflow/example_dags/example_params_ui_tutorial.py for tasks to queue
[2025-06-20T14:36:50.408+0000] {logging_mixin.py:188} INFO - [2025-06-20T14:36:50.407+0000] {dagbag.py:540} INFO - Filling up the DagBag from /home/airflow/.local/lib/python3.12/site-packages/airflow/example_dags/example_params_ui_tutorial.py
[2025-06-20T14:36:50.419+0000] {processor.py:840} INFO - DAG(s) 'example_params_ui_tutorial' retrieved from /home/airflow/.local/lib/python3.12/site-packages/airflow/example_dags/example_params_ui_tutorial.py
[2025-06-20T14:36:50.468+0000] {logging_mixin.py:188} INFO - [2025-06-20T14:36:50.468+0000] {dag.py:3096} INFO - Sync 1 DAGs
[2025-06-20T14:36:50.479+0000] {logging_mixin.py:188} INFO - [2025-06-20T14:36:50.479+0000] {dag.py:3954} INFO - Setting next_dagrun for example_params_ui_tutorial to None, run_after=None
[2025-06-20T14:36:50.495+0000] {processor.py:183} INFO - Processing /home/airflow/.local/lib/python3.12/site-packages/airflow/example_dags/example_params_ui_tutorial.py took 0.096 seconds
[2025-06-20T14:37:20.928+0000] {processor.py:161} INFO - Started process (PID=394) to work on /home/airflow/.local/lib/python3.12/site-packages/airflow/example_dags/example_params_ui_tutorial.py
[2025-06-20T14:37:20.929+0000] {processor.py:830} INFO - Processing file /home/airflow/.local/lib/python3.12/site-packages/airflow/example_dags/example_params_ui_tutorial.py for tasks to queue
[2025-06-20T14:37:20.931+0000] {logging_mixin.py:188} INFO - [2025-06-20T14:37:20.931+0000] {dagbag.py:540} INFO - Filling up the DagBag from /home/airflow/.local/lib/python3.12/site-packages/airflow/example_dags/example_params_ui_tutorial.py
[2025-06-20T14:37:20.944+0000] {processor.py:840} INFO - DAG(s) 'example_params_ui_tutorial' retrieved from /home/airflow/.local/lib/python3.12/site-packages/airflow/example_dags/example_params_ui_tutorial.py
[2025-06-20T14:37:20.996+0000] {logging_mixin.py:188} INFO - [2025-06-20T14:37:20.996+0000] {dag.py:3096} INFO - Sync 1 DAGs
[2025-06-20T14:37:21.009+0000] {logging_mixin.py:188} INFO - [2025-06-20T14:37:21.008+0000] {dag.py:3954} INFO - Setting next_dagrun for example_params_ui_tutorial to None, run_after=None
[2025-06-20T14:37:21.026+0000] {processor.py:183} INFO - Processing /home/airflow/.local/lib/python3.12/site-packages/airflow/example_dags/example_params_ui_tutorial.py took 0.104 seconds
[2025-06-20T14:37:51.497+0000] {processor.py:161} INFO - Started process (PID=452) to work on /home/airflow/.local/lib/python3.12/site-packages/airflow/example_dags/example_params_ui_tutorial.py
[2025-06-20T14:37:51.498+0000] {processor.py:830} INFO - Processing file /home/airflow/.local/lib/python3.12/site-packages/airflow/example_dags/example_params_ui_tutorial.py for tasks to queue
[2025-06-20T14:37:51.500+0000] {logging_mixin.py:188} INFO - [2025-06-20T14:37:51.500+0000] {dagbag.py:540} INFO - Filling up the DagBag from /home/airflow/.local/lib/python3.12/site-packages/airflow/example_dags/example_params_ui_tutorial.py
[2025-06-20T14:37:51.512+0000] {processor.py:840} INFO - DAG(s) 'example_params_ui_tutorial' retrieved from /home/airflow/.local/lib/python3.12/site-packages/airflow/example_dags/example_params_ui_tutorial.py
[2025-06-20T14:37:51.564+0000] {logging_mixin.py:188} INFO - [2025-06-20T14:37:51.564+0000] {dag.py:3096} INFO - Sync 1 DAGs
[2025-06-20T14:37:51.577+0000] {logging_mixin.py:188} INFO - [2025-06-20T14:37:51.577+0000] {dag.py:3954} INFO - Setting next_dagrun for example_params_ui_tutorial to None, run_after=None
[2025-06-20T14:37:51.595+0000] {processor.py:183} INFO - Processing /home/airflow/.local/lib/python3.12/site-packages/airflow/example_dags/example_params_ui_tutorial.py took 0.105 seconds
[2025-06-20T14:38:21.953+0000] {processor.py:161} INFO - Started process (PID=510) to work on /home/airflow/.local/lib/python3.12/site-packages/airflow/example_dags/example_params_ui_tutorial.py
[2025-06-20T14:38:21.954+0000] {processor.py:830} INFO - Processing file /home/airflow/.local/lib/python3.12/site-packages/airflow/example_dags/example_params_ui_tutorial.py for tasks to queue
[2025-06-20T14:38:21.957+0000] {logging_mixin.py:188} INFO - [2025-06-20T14:38:21.956+0000] {dagbag.py:540} INFO - Filling up the DagBag from /home/airflow/.local/lib/python3.12/site-packages/airflow/example_dags/example_params_ui_tutorial.py
[2025-06-20T14:38:21.969+0000] {processor.py:840} INFO - DAG(s) 'example_params_ui_tutorial' retrieved from /home/airflow/.local/lib/python3.12/site-packages/airflow/example_dags/example_params_ui_tutorial.py
[2025-06-20T14:38:22.023+0000] {logging_mixin.py:188} INFO - [2025-06-20T14:38:22.023+0000] {dag.py:3096} INFO - Sync 1 DAGs
[2025-06-20T14:38:22.036+0000] {logging_mixin.py:188} INFO - [2025-06-20T14:38:22.036+0000] {dag.py:3954} INFO - Setting next_dagrun for example_params_ui_tutorial to None, run_after=None
[2025-06-20T14:38:22.052+0000] {processor.py:183} INFO - Processing /home/airflow/.local/lib/python3.12/site-packages/airflow/example_dags/example_params_ui_tutorial.py took 0.104 seconds
[2025-06-20T14:38:52.817+0000] {processor.py:161} INFO - Started process (PID=568) to work on /home/airflow/.local/lib/python3.12/site-packages/airflow/example_dags/example_params_ui_tutorial.py
[2025-06-20T14:38:52.818+0000] {processor.py:830} INFO - Processing file /home/airflow/.local/lib/python3.12/site-packages/airflow/example_dags/example_params_ui_tutorial.py for tasks to queue
[2025-06-20T14:38:52.820+0000] {logging_mixin.py:188} INFO - [2025-06-20T14:38:52.820+0000] {dagbag.py:540} INFO - Filling up the DagBag from /home/airflow/.local/lib/python3.12/site-packages/airflow/example_dags/example_params_ui_tutorial.py
[2025-06-20T14:38:52.831+0000] {processor.py:840} INFO - DAG(s) 'example_params_ui_tutorial' retrieved from /home/airflow/.local/lib/python3.12/site-packages/airflow/example_dags/example_params_ui_tutorial.py
[2025-06-20T14:38:52.880+0000] {logging_mixin.py:188} INFO - [2025-06-20T14:38:52.880+0000] {dag.py:3096} INFO - Sync 1 DAGs
[2025-06-20T14:38:52.893+0000] {logging_mixin.py:188} INFO - [2025-06-20T14:38:52.893+0000] {dag.py:3954} INFO - Setting next_dagrun for example_params_ui_tutorial to None, run_after=None
[2025-06-20T14:38:52.909+0000] {processor.py:183} INFO - Processing /home/airflow/.local/lib/python3.12/site-packages/airflow/example_dags/example_params_ui_tutorial.py took 0.098 seconds
[2025-06-20T14:39:23.072+0000] {processor.py:161} INFO - Started process (PID=625) to work on /home/airflow/.local/lib/python3.12/site-packages/airflow/example_dags/example_params_ui_tutorial.py
[2025-06-20T14:39:23.073+0000] {processor.py:830} INFO - Processing file /home/airflow/.local/lib/python3.12/site-packages/airflow/example_dags/example_params_ui_tutorial.py for tasks to queue
[2025-06-20T14:39:23.075+0000] {logging_mixin.py:188} INFO - [2025-06-20T14:39:23.075+0000] {dagbag.py:540} INFO - Filling up the DagBag from /home/airflow/.local/lib/python3.12/site-packages/airflow/example_dags/example_params_ui_tutorial.py
[2025-06-20T14:39:23.088+0000] {processor.py:840} INFO - DAG(s) 'example_params_ui_tutorial' retrieved from /home/airflow/.local/lib/python3.12/site-packages/airflow/example_dags/example_params_ui_tutorial.py
[2025-06-20T14:39:23.138+0000] {logging_mixin.py:188} INFO - [2025-06-20T14:39:23.138+0000] {dag.py:3096} INFO - Sync 1 DAGs
[2025-06-20T14:39:23.150+0000] {logging_mixin.py:188} INFO - [2025-06-20T14:39:23.149+0000] {dag.py:3954} INFO - Setting next_dagrun for example_params_ui_tutorial to None, run_after=None
[2025-06-20T14:39:23.165+0000] {processor.py:183} INFO - Processing /home/airflow/.local/lib/python3.12/site-packages/airflow/example_dags/example_params_ui_tutorial.py took 0.100 seconds
[2025-06-20T14:39:53.526+0000] {processor.py:161} INFO - Started process (PID=683) to work on /home/airflow/.local/lib/python3.12/site-packages/airflow/example_dags/example_params_ui_tutorial.py
[2025-06-20T14:39:53.527+0000] {processor.py:830} INFO - Processing file /home/airflow/.local/lib/python3.12/site-packages/airflow/example_dags/example_params_ui_tutorial.py for tasks to queue
[2025-06-20T14:39:53.529+0000] {logging_mixin.py:188} INFO - [2025-06-20T14:39:53.529+0000] {dagbag.py:540} INFO - Filling up the DagBag from /home/airflow/.local/lib/python3.12/site-packages/airflow/example_dags/example_params_ui_tutorial.py
[2025-06-20T14:39:53.542+0000] {processor.py:840} INFO - DAG(s) 'example_params_ui_tutorial' retrieved from /home/airflow/.local/lib/python3.12/site-packages/airflow/example_dags/example_params_ui_tutorial.py
[2025-06-20T14:39:53.590+0000] {logging_mixin.py:188} INFO - [2025-06-20T14:39:53.590+0000] {dag.py:3096} INFO - Sync 1 DAGs
[2025-06-20T14:39:53.602+0000] {logging_mixin.py:188} INFO - [2025-06-20T14:39:53.602+0000] {dag.py:3954} INFO - Setting next_dagrun for example_params_ui_tutorial to None, run_after=None
[2025-06-20T14:39:53.618+0000] {processor.py:183} INFO - Processing /home/airflow/.local/lib/python3.12/site-packages/airflow/example_dags/example_params_ui_tutorial.py took 0.098 seconds
[2025-06-20T14:40:23.678+0000] {processor.py:161} INFO - Started process (PID=741) to work on /home/airflow/.local/lib/python3.12/site-packages/airflow/example_dags/example_params_ui_tutorial.py
[2025-06-20T14:40:23.679+0000] {processor.py:830} INFO - Processing file /home/airflow/.local/lib/python3.12/site-packages/airflow/example_dags/example_params_ui_tutorial.py for tasks to queue
[2025-06-20T14:40:23.681+0000] {logging_mixin.py:188} INFO - [2025-06-20T14:40:23.680+0000] {dagbag.py:540} INFO - Filling up the DagBag from /home/airflow/.local/lib/python3.12/site-packages/airflow/example_dags/example_params_ui_tutorial.py
[2025-06-20T14:40:23.692+0000] {processor.py:840} INFO - DAG(s) 'example_params_ui_tutorial' retrieved from /home/airflow/.local/lib/python3.12/site-packages/airflow/example_dags/example_params_ui_tutorial.py
[2025-06-20T14:40:23.741+0000] {logging_mixin.py:188} INFO - [2025-06-20T14:40:23.741+0000] {dag.py:3096} INFO - Sync 1 DAGs
[2025-06-20T14:40:23.753+0000] {logging_mixin.py:188} INFO - [2025-06-20T14:40:23.753+0000] {dag.py:3954} INFO - Setting next_dagrun for example_params_ui_tutorial to None, run_after=None
[2025-06-20T14:40:23.769+0000] {processor.py:183} INFO - Processing /home/airflow/.local/lib/python3.12/site-packages/airflow/example_dags/example_params_ui_tutorial.py took 0.097 seconds
[2025-06-20T14:40:54.010+0000] {processor.py:161} INFO - Started process (PID=799) to work on /home/airflow/.local/lib/python3.12/site-packages/airflow/example_dags/example_params_ui_tutorial.py
[2025-06-20T14:40:54.011+0000] {processor.py:830} INFO - Processing file /home/airflow/.local/lib/python3.12/site-packages/airflow/example_dags/example_params_ui_tutorial.py for tasks to queue
[2025-06-20T14:40:54.013+0000] {logging_mixin.py:188} INFO - [2025-06-20T14:40:54.013+0000] {dagbag.py:540} INFO - Filling up the DagBag from /home/airflow/.local/lib/python3.12/site-packages/airflow/example_dags/example_params_ui_tutorial.py
[2025-06-20T14:40:54.024+0000] {processor.py:840} INFO - DAG(s) 'example_params_ui_tutorial' retrieved from /home/airflow/.local/lib/python3.12/site-packages/airflow/example_dags/example_params_ui_tutorial.py
[2025-06-20T14:40:54.073+0000] {logging_mixin.py:188} INFO - [2025-06-20T14:40:54.073+0000] {dag.py:3096} INFO - Sync 1 DAGs
[2025-06-20T14:40:54.085+0000] {logging_mixin.py:188} INFO - [2025-06-20T14:40:54.084+0000] {dag.py:3954} INFO - Setting next_dagrun for example_params_ui_tutorial to None, run_after=None
[2025-06-20T14:40:54.100+0000] {processor.py:183} INFO - Processing /home/airflow/.local/lib/python3.12/site-packages/airflow/example_dags/example_params_ui_tutorial.py took 0.095 seconds
[2025-06-20T14:41:24.259+0000] {processor.py:161} INFO - Started process (PID=857) to work on /home/airflow/.local/lib/python3.12/site-packages/airflow/example_dags/example_params_ui_tutorial.py
[2025-06-20T14:41:24.260+0000] {processor.py:830} INFO - Processing file /home/airflow/.local/lib/python3.12/site-packages/airflow/example_dags/example_params_ui_tutorial.py for tasks to queue
[2025-06-20T14:41:24.263+0000] {logging_mixin.py:188} INFO - [2025-06-20T14:41:24.263+0000] {dagbag.py:540} INFO - Filling up the DagBag from /home/airflow/.local/lib/python3.12/site-packages/airflow/example_dags/example_params_ui_tutorial.py
[2025-06-20T14:41:24.280+0000] {processor.py:840} INFO - DAG(s) 'example_params_ui_tutorial' retrieved from /home/airflow/.local/lib/python3.12/site-packages/airflow/example_dags/example_params_ui_tutorial.py
[2025-06-20T14:41:24.342+0000] {logging_mixin.py:188} INFO - [2025-06-20T14:41:24.342+0000] {dag.py:3096} INFO - Sync 1 DAGs
[2025-06-20T14:41:24.355+0000] {logging_mixin.py:188} INFO - [2025-06-20T14:41:24.355+0000] {dag.py:3954} INFO - Setting next_dagrun for example_params_ui_tutorial to None, run_after=None
[2025-06-20T14:41:24.372+0000] {processor.py:183} INFO - Processing /home/airflow/.local/lib/python3.12/site-packages/airflow/example_dags/example_params_ui_tutorial.py took 0.122 seconds
[2025-06-20T14:41:54.651+0000] {processor.py:161} INFO - Started process (PID=915) to work on /home/airflow/.local/lib/python3.12/site-packages/airflow/example_dags/example_params_ui_tutorial.py
[2025-06-20T14:41:54.652+0000] {processor.py:830} INFO - Processing file /home/airflow/.local/lib/python3.12/site-packages/airflow/example_dags/example_params_ui_tutorial.py for tasks to queue
[2025-06-20T14:41:54.654+0000] {logging_mixin.py:188} INFO - [2025-06-20T14:41:54.654+0000] {dagbag.py:540} INFO - Filling up the DagBag from /home/airflow/.local/lib/python3.12/site-packages/airflow/example_dags/example_params_ui_tutorial.py
[2025-06-20T14:41:54.665+0000] {processor.py:840} INFO - DAG(s) 'example_params_ui_tutorial' retrieved from /home/airflow/.local/lib/python3.12/site-packages/airflow/example_dags/example_params_ui_tutorial.py
[2025-06-20T14:41:54.715+0000] {logging_mixin.py:188} INFO - [2025-06-20T14:41:54.715+0000] {dag.py:3096} INFO - Sync 1 DAGs
[2025-06-20T14:41:54.727+0000] {logging_mixin.py:188} INFO - [2025-06-20T14:41:54.727+0000] {dag.py:3954} INFO - Setting next_dagrun for example_params_ui_tutorial to None, run_after=None
[2025-06-20T14:41:54.743+0000] {processor.py:183} INFO - Processing /home/airflow/.local/lib/python3.12/site-packages/airflow/example_dags/example_params_ui_tutorial.py took 0.098 seconds
[2025-06-20T14:42:25.191+0000] {processor.py:161} INFO - Started process (PID=973) to work on /home/airflow/.local/lib/python3.12/site-packages/airflow/example_dags/example_params_ui_tutorial.py
[2025-06-20T14:42:25.192+0000] {processor.py:830} INFO - Processing file /home/airflow/.local/lib/python3.12/site-packages/airflow/example_dags/example_params_ui_tutorial.py for tasks to queue
[2025-06-20T14:42:25.194+0000] {logging_mixin.py:188} INFO - [2025-06-20T14:42:25.193+0000] {dagbag.py:540} INFO - Filling up the DagBag from /home/airflow/.local/lib/python3.12/site-packages/airflow/example_dags/example_params_ui_tutorial.py
[2025-06-20T14:42:25.205+0000] {processor.py:840} INFO - DAG(s) 'example_params_ui_tutorial' retrieved from /home/airflow/.local/lib/python3.12/site-packages/airflow/example_dags/example_params_ui_tutorial.py
[2025-06-20T14:42:25.256+0000] {logging_mixin.py:188} INFO - [2025-06-20T14:42:25.256+0000] {dag.py:3096} INFO - Sync 1 DAGs
[2025-06-20T14:42:25.269+0000] {logging_mixin.py:188} INFO - [2025-06-20T14:42:25.269+0000] {dag.py:3954} INFO - Setting next_dagrun for example_params_ui_tutorial to None, run_after=None
[2025-06-20T14:42:25.285+0000] {processor.py:183} INFO - Processing /home/airflow/.local/lib/python3.12/site-packages/airflow/example_dags/example_params_ui_tutorial.py took 0.100 seconds
[2025-06-20T14:42:55.608+0000] {processor.py:161} INFO - Started process (PID=1031) to work on /home/airflow/.local/lib/python3.12/site-packages/airflow/example_dags/example_params_ui_tutorial.py
[2025-06-20T14:42:55.609+0000] {processor.py:830} INFO - Processing file /home/airflow/.local/lib/python3.12/site-packages/airflow/example_dags/example_params_ui_tutorial.py for tasks to queue
[2025-06-20T14:42:55.611+0000] {logging_mixin.py:188} INFO - [2025-06-20T14:42:55.611+0000] {dagbag.py:540} INFO - Filling up the DagBag from /home/airflow/.local/lib/python3.12/site-packages/airflow/example_dags/example_params_ui_tutorial.py
[2025-06-20T14:42:55.622+0000] {processor.py:840} INFO - DAG(s) 'example_params_ui_tutorial' retrieved from /home/airflow/.local/lib/python3.12/site-packages/airflow/example_dags/example_params_ui_tutorial.py
[2025-06-20T14:42:55.672+0000] {logging_mixin.py:188} INFO - [2025-06-20T14:42:55.671+0000] {dag.py:3096} INFO - Sync 1 DAGs
[2025-06-20T14:42:55.683+0000] {logging_mixin.py:188} INFO - [2025-06-20T14:42:55.683+0000] {dag.py:3954} INFO - Setting next_dagrun for example_params_ui_tutorial to None, run_after=None
[2025-06-20T14:42:55.699+0000] {processor.py:183} INFO - Processing /home/airflow/.local/lib/python3.12/site-packages/airflow/example_dags/example_params_ui_tutorial.py took 0.099 seconds
[2025-06-20T14:43:26.158+0000] {processor.py:161} INFO - Started process (PID=1089) to work on /home/airflow/.local/lib/python3.12/site-packages/airflow/example_dags/example_params_ui_tutorial.py
[2025-06-20T14:43:26.159+0000] {processor.py:830} INFO - Processing file /home/airflow/.local/lib/python3.12/site-packages/airflow/example_dags/example_params_ui_tutorial.py for tasks to queue
[2025-06-20T14:43:26.161+0000] {logging_mixin.py:188} INFO - [2025-06-20T14:43:26.161+0000] {dagbag.py:540} INFO - Filling up the DagBag from /home/airflow/.local/lib/python3.12/site-packages/airflow/example_dags/example_params_ui_tutorial.py
[2025-06-20T14:43:26.173+0000] {processor.py:840} INFO - DAG(s) 'example_params_ui_tutorial' retrieved from /home/airflow/.local/lib/python3.12/site-packages/airflow/example_dags/example_params_ui_tutorial.py
[2025-06-20T14:43:26.224+0000] {logging_mixin.py:188} INFO - [2025-06-20T14:43:26.224+0000] {dag.py:3096} INFO - Sync 1 DAGs
[2025-06-20T14:43:26.364+0000] {logging_mixin.py:188} INFO - [2025-06-20T14:43:26.363+0000] {dag.py:3954} INFO - Setting next_dagrun for example_params_ui_tutorial to None, run_after=None
[2025-06-20T14:43:26.378+0000] {processor.py:183} INFO - Processing /home/airflow/.local/lib/python3.12/site-packages/airflow/example_dags/example_params_ui_tutorial.py took 0.226 seconds
[2025-06-20T14:43:56.790+0000] {processor.py:161} INFO - Started process (PID=1147) to work on /home/airflow/.local/lib/python3.12/site-packages/airflow/example_dags/example_params_ui_tutorial.py
[2025-06-20T14:43:56.791+0000] {processor.py:830} INFO - Processing file /home/airflow/.local/lib/python3.12/site-packages/airflow/example_dags/example_params_ui_tutorial.py for tasks to queue
[2025-06-20T14:43:56.793+0000] {logging_mixin.py:188} INFO - [2025-06-20T14:43:56.792+0000] {dagbag.py:540} INFO - Filling up the DagBag from /home/airflow/.local/lib/python3.12/site-packages/airflow/example_dags/example_params_ui_tutorial.py
[2025-06-20T14:43:56.804+0000] {processor.py:840} INFO - DAG(s) 'example_params_ui_tutorial' retrieved from /home/airflow/.local/lib/python3.12/site-packages/airflow/example_dags/example_params_ui_tutorial.py
[2025-06-20T14:43:56.853+0000] {logging_mixin.py:188} INFO - [2025-06-20T14:43:56.853+0000] {dag.py:3096} INFO - Sync 1 DAGs
[2025-06-20T14:43:56.865+0000] {logging_mixin.py:188} INFO - [2025-06-20T14:43:56.865+0000] {dag.py:3954} INFO - Setting next_dagrun for example_params_ui_tutorial to None, run_after=None
[2025-06-20T14:43:56.988+0000] {processor.py:183} INFO - Processing /home/airflow/.local/lib/python3.12/site-packages/airflow/example_dags/example_params_ui_tutorial.py took 0.204 seconds
[2025-06-20T14:44:27.983+0000] {processor.py:161} INFO - Started process (PID=1205) to work on /home/airflow/.local/lib/python3.12/site-packages/airflow/example_dags/example_params_ui_tutorial.py
[2025-06-20T14:44:27.984+0000] {processor.py:830} INFO - Processing file /home/airflow/.local/lib/python3.12/site-packages/airflow/example_dags/example_params_ui_tutorial.py for tasks to queue
[2025-06-20T14:44:27.986+0000] {logging_mixin.py:188} INFO - [2025-06-20T14:44:27.986+0000] {dagbag.py:540} INFO - Filling up the DagBag from /home/airflow/.local/lib/python3.12/site-packages/airflow/example_dags/example_params_ui_tutorial.py
[2025-06-20T14:44:27.998+0000] {processor.py:840} INFO - DAG(s) 'example_params_ui_tutorial' retrieved from /home/airflow/.local/lib/python3.12/site-packages/airflow/example_dags/example_params_ui_tutorial.py
[2025-06-20T14:44:28.049+0000] {logging_mixin.py:188} INFO - [2025-06-20T14:44:28.049+0000] {dag.py:3096} INFO - Sync 1 DAGs
[2025-06-20T14:44:28.061+0000] {logging_mixin.py:188} INFO - [2025-06-20T14:44:28.061+0000] {dag.py:3954} INFO - Setting next_dagrun for example_params_ui_tutorial to None, run_after=None
[2025-06-20T14:44:28.077+0000] {processor.py:183} INFO - Processing /home/airflow/.local/lib/python3.12/site-packages/airflow/example_dags/example_params_ui_tutorial.py took 0.100 seconds
[2025-06-20T14:44:58.211+0000] {processor.py:161} INFO - Started process (PID=1263) to work on /home/airflow/.local/lib/python3.12/site-packages/airflow/example_dags/example_params_ui_tutorial.py
[2025-06-20T14:44:58.212+0000] {processor.py:830} INFO - Processing file /home/airflow/.local/lib/python3.12/site-packages/airflow/example_dags/example_params_ui_tutorial.py for tasks to queue
[2025-06-20T14:44:58.214+0000] {logging_mixin.py:188} INFO - [2025-06-20T14:44:58.214+0000] {dagbag.py:540} INFO - Filling up the DagBag from /home/airflow/.local/lib/python3.12/site-packages/airflow/example_dags/example_params_ui_tutorial.py
[2025-06-20T14:44:58.226+0000] {processor.py:840} INFO - DAG(s) 'example_params_ui_tutorial' retrieved from /home/airflow/.local/lib/python3.12/site-packages/airflow/example_dags/example_params_ui_tutorial.py
[2025-06-20T14:44:58.273+0000] {logging_mixin.py:188} INFO - [2025-06-20T14:44:58.273+0000] {dag.py:3096} INFO - Sync 1 DAGs
[2025-06-20T14:44:58.285+0000] {logging_mixin.py:188} INFO - [2025-06-20T14:44:58.285+0000] {dag.py:3954} INFO - Setting next_dagrun for example_params_ui_tutorial to None, run_after=None
[2025-06-20T14:44:58.300+0000] {processor.py:183} INFO - Processing /home/airflow/.local/lib/python3.12/site-packages/airflow/example_dags/example_params_ui_tutorial.py took 0.096 seconds
[2025-06-20T14:45:28.576+0000] {processor.py:161} INFO - Started process (PID=1321) to work on /home/airflow/.local/lib/python3.12/site-packages/airflow/example_dags/example_params_ui_tutorial.py
[2025-06-20T14:45:28.577+0000] {processor.py:830} INFO - Processing file /home/airflow/.local/lib/python3.12/site-packages/airflow/example_dags/example_params_ui_tutorial.py for tasks to queue
[2025-06-20T14:45:28.579+0000] {logging_mixin.py:188} INFO - [2025-06-20T14:45:28.579+0000] {dagbag.py:540} INFO - Filling up the DagBag from /home/airflow/.local/lib/python3.12/site-packages/airflow/example_dags/example_params_ui_tutorial.py
[2025-06-20T14:45:28.701+0000] {processor.py:840} INFO - DAG(s) 'example_params_ui_tutorial' retrieved from /home/airflow/.local/lib/python3.12/site-packages/airflow/example_dags/example_params_ui_tutorial.py
[2025-06-20T14:45:28.746+0000] {logging_mixin.py:188} INFO - [2025-06-20T14:45:28.746+0000] {dag.py:3096} INFO - Sync 1 DAGs
[2025-06-20T14:45:28.756+0000] {logging_mixin.py:188} INFO - [2025-06-20T14:45:28.756+0000] {dag.py:3954} INFO - Setting next_dagrun for example_params_ui_tutorial to None, run_after=None
[2025-06-20T14:45:28.771+0000] {processor.py:183} INFO - Processing /home/airflow/.local/lib/python3.12/site-packages/airflow/example_dags/example_params_ui_tutorial.py took 0.200 seconds
[2025-06-20T14:45:59.194+0000] {processor.py:161} INFO - Started process (PID=1379) to work on /home/airflow/.local/lib/python3.12/site-packages/airflow/example_dags/example_params_ui_tutorial.py
[2025-06-20T14:45:59.195+0000] {processor.py:830} INFO - Processing file /home/airflow/.local/lib/python3.12/site-packages/airflow/example_dags/example_params_ui_tutorial.py for tasks to queue
[2025-06-20T14:45:59.197+0000] {logging_mixin.py:188} INFO - [2025-06-20T14:45:59.197+0000] {dagbag.py:540} INFO - Filling up the DagBag from /home/airflow/.local/lib/python3.12/site-packages/airflow/example_dags/example_params_ui_tutorial.py
[2025-06-20T14:45:59.209+0000] {processor.py:840} INFO - DAG(s) 'example_params_ui_tutorial' retrieved from /home/airflow/.local/lib/python3.12/site-packages/airflow/example_dags/example_params_ui_tutorial.py
[2025-06-20T14:45:59.258+0000] {logging_mixin.py:188} INFO - [2025-06-20T14:45:59.257+0000] {dag.py:3096} INFO - Sync 1 DAGs
[2025-06-20T14:45:59.269+0000] {logging_mixin.py:188} INFO - [2025-06-20T14:45:59.269+0000] {dag.py:3954} INFO - Setting next_dagrun for example_params_ui_tutorial to None, run_after=None
[2025-06-20T14:45:59.284+0000] {processor.py:183} INFO - Processing /home/airflow/.local/lib/python3.12/site-packages/airflow/example_dags/example_params_ui_tutorial.py took 0.097 seconds
[2025-06-20T14:46:29.450+0000] {processor.py:161} INFO - Started process (PID=1437) to work on /home/airflow/.local/lib/python3.12/site-packages/airflow/example_dags/example_params_ui_tutorial.py
[2025-06-20T14:46:29.451+0000] {processor.py:830} INFO - Processing file /home/airflow/.local/lib/python3.12/site-packages/airflow/example_dags/example_params_ui_tutorial.py for tasks to queue
[2025-06-20T14:46:29.453+0000] {logging_mixin.py:188} INFO - [2025-06-20T14:46:29.452+0000] {dagbag.py:540} INFO - Filling up the DagBag from /home/airflow/.local/lib/python3.12/site-packages/airflow/example_dags/example_params_ui_tutorial.py
[2025-06-20T14:46:29.464+0000] {processor.py:840} INFO - DAG(s) 'example_params_ui_tutorial' retrieved from /home/airflow/.local/lib/python3.12/site-packages/airflow/example_dags/example_params_ui_tutorial.py
[2025-06-20T14:46:29.514+0000] {logging_mixin.py:188} INFO - [2025-06-20T14:46:29.513+0000] {dag.py:3096} INFO - Sync 1 DAGs
[2025-06-20T14:46:29.526+0000] {logging_mixin.py:188} INFO - [2025-06-20T14:46:29.526+0000] {dag.py:3954} INFO - Setting next_dagrun for example_params_ui_tutorial to None, run_after=None
[2025-06-20T14:46:29.541+0000] {processor.py:183} INFO - Processing /home/airflow/.local/lib/python3.12/site-packages/airflow/example_dags/example_params_ui_tutorial.py took 0.098 seconds
[2025-06-20T14:46:59.656+0000] {processor.py:161} INFO - Started process (PID=1495) to work on /home/airflow/.local/lib/python3.12/site-packages/airflow/example_dags/example_params_ui_tutorial.py
[2025-06-20T14:46:59.657+0000] {processor.py:830} INFO - Processing file /home/airflow/.local/lib/python3.12/site-packages/airflow/example_dags/example_params_ui_tutorial.py for tasks to queue
[2025-06-20T14:46:59.659+0000] {logging_mixin.py:188} INFO - [2025-06-20T14:46:59.659+0000] {dagbag.py:540} INFO - Filling up the DagBag from /home/airflow/.local/lib/python3.12/site-packages/airflow/example_dags/example_params_ui_tutorial.py
[2025-06-20T14:46:59.671+0000] {processor.py:840} INFO - DAG(s) 'example_params_ui_tutorial' retrieved from /home/airflow/.local/lib/python3.12/site-packages/airflow/example_dags/example_params_ui_tutorial.py
[2025-06-20T14:46:59.719+0000] {logging_mixin.py:188} INFO - [2025-06-20T14:46:59.719+0000] {dag.py:3096} INFO - Sync 1 DAGs
[2025-06-20T14:46:59.731+0000] {logging_mixin.py:188} INFO - [2025-06-20T14:46:59.731+0000] {dag.py:3954} INFO - Setting next_dagrun for example_params_ui_tutorial to None, run_after=None
[2025-06-20T14:46:59.746+0000] {processor.py:183} INFO - Processing /home/airflow/.local/lib/python3.12/site-packages/airflow/example_dags/example_params_ui_tutorial.py took 0.099 seconds
[2025-06-20T14:47:29.962+0000] {processor.py:161} INFO - Started process (PID=1553) to work on /home/airflow/.local/lib/python3.12/site-packages/airflow/example_dags/example_params_ui_tutorial.py
[2025-06-20T14:47:29.963+0000] {processor.py:830} INFO - Processing file /home/airflow/.local/lib/python3.12/site-packages/airflow/example_dags/example_params_ui_tutorial.py for tasks to queue
[2025-06-20T14:47:29.965+0000] {logging_mixin.py:188} INFO - [2025-06-20T14:47:29.964+0000] {dagbag.py:540} INFO - Filling up the DagBag from /home/airflow/.local/lib/python3.12/site-packages/airflow/example_dags/example_params_ui_tutorial.py
[2025-06-20T14:47:29.976+0000] {processor.py:840} INFO - DAG(s) 'example_params_ui_tutorial' retrieved from /home/airflow/.local/lib/python3.12/site-packages/airflow/example_dags/example_params_ui_tutorial.py
[2025-06-20T14:47:30.024+0000] {logging_mixin.py:188} INFO - [2025-06-20T14:47:30.024+0000] {dag.py:3096} INFO - Sync 1 DAGs
[2025-06-20T14:47:30.036+0000] {logging_mixin.py:188} INFO - [2025-06-20T14:47:30.035+0000] {dag.py:3954} INFO - Setting next_dagrun for example_params_ui_tutorial to None, run_after=None
[2025-06-20T14:47:30.051+0000] {processor.py:183} INFO - Processing /home/airflow/.local/lib/python3.12/site-packages/airflow/example_dags/example_params_ui_tutorial.py took 0.095 seconds
[2025-06-20T14:48:00.306+0000] {processor.py:161} INFO - Started process (PID=1611) to work on /home/airflow/.local/lib/python3.12/site-packages/airflow/example_dags/example_params_ui_tutorial.py
[2025-06-20T14:48:00.307+0000] {processor.py:830} INFO - Processing file /home/airflow/.local/lib/python3.12/site-packages/airflow/example_dags/example_params_ui_tutorial.py for tasks to queue
[2025-06-20T14:48:00.309+0000] {logging_mixin.py:188} INFO - [2025-06-20T14:48:00.308+0000] {dagbag.py:540} INFO - Filling up the DagBag from /home/airflow/.local/lib/python3.12/site-packages/airflow/example_dags/example_params_ui_tutorial.py
[2025-06-20T14:48:00.320+0000] {processor.py:840} INFO - DAG(s) 'example_params_ui_tutorial' retrieved from /home/airflow/.local/lib/python3.12/site-packages/airflow/example_dags/example_params_ui_tutorial.py
[2025-06-20T14:48:00.370+0000] {logging_mixin.py:188} INFO - [2025-06-20T14:48:00.370+0000] {dag.py:3096} INFO - Sync 1 DAGs
[2025-06-20T14:48:00.382+0000] {logging_mixin.py:188} INFO - [2025-06-20T14:48:00.382+0000] {dag.py:3954} INFO - Setting next_dagrun for example_params_ui_tutorial to None, run_after=None
[2025-06-20T14:48:00.397+0000] {processor.py:183} INFO - Processing /home/airflow/.local/lib/python3.12/site-packages/airflow/example_dags/example_params_ui_tutorial.py took 0.098 seconds
[2025-06-20T14:48:30.568+0000] {processor.py:161} INFO - Started process (PID=1669) to work on /home/airflow/.local/lib/python3.12/site-packages/airflow/example_dags/example_params_ui_tutorial.py
[2025-06-20T14:48:30.569+0000] {processor.py:830} INFO - Processing file /home/airflow/.local/lib/python3.12/site-packages/airflow/example_dags/example_params_ui_tutorial.py for tasks to queue
[2025-06-20T14:48:30.571+0000] {logging_mixin.py:188} INFO - [2025-06-20T14:48:30.571+0000] {dagbag.py:540} INFO - Filling up the DagBag from /home/airflow/.local/lib/python3.12/site-packages/airflow/example_dags/example_params_ui_tutorial.py
[2025-06-20T14:48:30.584+0000] {processor.py:840} INFO - DAG(s) 'example_params_ui_tutorial' retrieved from /home/airflow/.local/lib/python3.12/site-packages/airflow/example_dags/example_params_ui_tutorial.py
[2025-06-20T14:48:30.632+0000] {logging_mixin.py:188} INFO - [2025-06-20T14:48:30.632+0000] {dag.py:3096} INFO - Sync 1 DAGs
[2025-06-20T14:48:30.644+0000] {logging_mixin.py:188} INFO - [2025-06-20T14:48:30.644+0000] {dag.py:3954} INFO - Setting next_dagrun for example_params_ui_tutorial to None, run_after=None
[2025-06-20T14:48:30.660+0000] {processor.py:183} INFO - Processing /home/airflow/.local/lib/python3.12/site-packages/airflow/example_dags/example_params_ui_tutorial.py took 0.099 seconds
[2025-06-20T14:49:00.933+0000] {processor.py:161} INFO - Started process (PID=1727) to work on /home/airflow/.local/lib/python3.12/site-packages/airflow/example_dags/example_params_ui_tutorial.py
[2025-06-20T14:49:00.934+0000] {processor.py:830} INFO - Processing file /home/airflow/.local/lib/python3.12/site-packages/airflow/example_dags/example_params_ui_tutorial.py for tasks to queue
[2025-06-20T14:49:00.936+0000] {logging_mixin.py:188} INFO - [2025-06-20T14:49:00.936+0000] {dagbag.py:540} INFO - Filling up the DagBag from /home/airflow/.local/lib/python3.12/site-packages/airflow/example_dags/example_params_ui_tutorial.py
[2025-06-20T14:49:00.947+0000] {processor.py:840} INFO - DAG(s) 'example_params_ui_tutorial' retrieved from /home/airflow/.local/lib/python3.12/site-packages/airflow/example_dags/example_params_ui_tutorial.py
[2025-06-20T14:49:01.002+0000] {logging_mixin.py:188} INFO - [2025-06-20T14:49:01.001+0000] {dag.py:3096} INFO - Sync 1 DAGs
[2025-06-20T14:49:01.016+0000] {logging_mixin.py:188} INFO - [2025-06-20T14:49:01.015+0000] {dag.py:3954} INFO - Setting next_dagrun for example_params_ui_tutorial to None, run_after=None
[2025-06-20T14:49:01.032+0000] {processor.py:183} INFO - Processing /home/airflow/.local/lib/python3.12/site-packages/airflow/example_dags/example_params_ui_tutorial.py took 0.106 seconds
[2025-06-20T14:49:31.219+0000] {processor.py:161} INFO - Started process (PID=1785) to work on /home/airflow/.local/lib/python3.12/site-packages/airflow/example_dags/example_params_ui_tutorial.py
[2025-06-20T14:49:31.220+0000] {processor.py:830} INFO - Processing file /home/airflow/.local/lib/python3.12/site-packages/airflow/example_dags/example_params_ui_tutorial.py for tasks to queue
[2025-06-20T14:49:31.222+0000] {logging_mixin.py:188} INFO - [2025-06-20T14:49:31.221+0000] {dagbag.py:540} INFO - Filling up the DagBag from /home/airflow/.local/lib/python3.12/site-packages/airflow/example_dags/example_params_ui_tutorial.py
[2025-06-20T14:49:31.234+0000] {processor.py:840} INFO - DAG(s) 'example_params_ui_tutorial' retrieved from /home/airflow/.local/lib/python3.12/site-packages/airflow/example_dags/example_params_ui_tutorial.py
[2025-06-20T14:49:31.287+0000] {logging_mixin.py:188} INFO - [2025-06-20T14:49:31.287+0000] {dag.py:3096} INFO - Sync 1 DAGs
[2025-06-20T14:49:31.300+0000] {logging_mixin.py:188} INFO - [2025-06-20T14:49:31.300+0000] {dag.py:3954} INFO - Setting next_dagrun for example_params_ui_tutorial to None, run_after=None
[2025-06-20T14:49:31.316+0000] {processor.py:183} INFO - Processing /home/airflow/.local/lib/python3.12/site-packages/airflow/example_dags/example_params_ui_tutorial.py took 0.104 seconds
[2025-06-20T14:50:01.427+0000] {processor.py:161} INFO - Started process (PID=1843) to work on /home/airflow/.local/lib/python3.12/site-packages/airflow/example_dags/example_params_ui_tutorial.py
[2025-06-20T14:50:01.428+0000] {processor.py:830} INFO - Processing file /home/airflow/.local/lib/python3.12/site-packages/airflow/example_dags/example_params_ui_tutorial.py for tasks to queue
[2025-06-20T14:50:01.430+0000] {logging_mixin.py:188} INFO - [2025-06-20T14:50:01.430+0000] {dagbag.py:540} INFO - Filling up the DagBag from /home/airflow/.local/lib/python3.12/site-packages/airflow/example_dags/example_params_ui_tutorial.py
[2025-06-20T14:50:01.441+0000] {processor.py:840} INFO - DAG(s) 'example_params_ui_tutorial' retrieved from /home/airflow/.local/lib/python3.12/site-packages/airflow/example_dags/example_params_ui_tutorial.py
[2025-06-20T14:50:01.489+0000] {logging_mixin.py:188} INFO - [2025-06-20T14:50:01.489+0000] {dag.py:3096} INFO - Sync 1 DAGs
[2025-06-20T14:50:01.500+0000] {logging_mixin.py:188} INFO - [2025-06-20T14:50:01.500+0000] {dag.py:3954} INFO - Setting next_dagrun for example_params_ui_tutorial to None, run_after=None
[2025-06-20T14:50:01.516+0000] {processor.py:183} INFO - Processing /home/airflow/.local/lib/python3.12/site-packages/airflow/example_dags/example_params_ui_tutorial.py took 0.095 seconds
[2025-06-20T14:50:32.453+0000] {processor.py:161} INFO - Started process (PID=1901) to work on /home/airflow/.local/lib/python3.12/site-packages/airflow/example_dags/example_params_ui_tutorial.py
[2025-06-20T14:50:32.454+0000] {processor.py:830} INFO - Processing file /home/airflow/.local/lib/python3.12/site-packages/airflow/example_dags/example_params_ui_tutorial.py for tasks to queue
[2025-06-20T14:50:32.456+0000] {logging_mixin.py:188} INFO - [2025-06-20T14:50:32.455+0000] {dagbag.py:540} INFO - Filling up the DagBag from /home/airflow/.local/lib/python3.12/site-packages/airflow/example_dags/example_params_ui_tutorial.py
[2025-06-20T14:50:32.467+0000] {processor.py:840} INFO - DAG(s) 'example_params_ui_tutorial' retrieved from /home/airflow/.local/lib/python3.12/site-packages/airflow/example_dags/example_params_ui_tutorial.py
[2025-06-20T14:50:32.516+0000] {logging_mixin.py:188} INFO - [2025-06-20T14:50:32.516+0000] {dag.py:3096} INFO - Sync 1 DAGs
[2025-06-20T14:50:32.528+0000] {logging_mixin.py:188} INFO - [2025-06-20T14:50:32.528+0000] {dag.py:3954} INFO - Setting next_dagrun for example_params_ui_tutorial to None, run_after=None
[2025-06-20T14:50:32.543+0000] {processor.py:183} INFO - Processing /home/airflow/.local/lib/python3.12/site-packages/airflow/example_dags/example_params_ui_tutorial.py took 0.097 seconds
[2025-06-20T14:51:02.669+0000] {processor.py:161} INFO - Started process (PID=1959) to work on /home/airflow/.local/lib/python3.12/site-packages/airflow/example_dags/example_params_ui_tutorial.py
[2025-06-20T14:51:02.670+0000] {processor.py:830} INFO - Processing file /home/airflow/.local/lib/python3.12/site-packages/airflow/example_dags/example_params_ui_tutorial.py for tasks to queue
[2025-06-20T14:51:02.672+0000] {logging_mixin.py:188} INFO - [2025-06-20T14:51:02.672+0000] {dagbag.py:540} INFO - Filling up the DagBag from /home/airflow/.local/lib/python3.12/site-packages/airflow/example_dags/example_params_ui_tutorial.py
[2025-06-20T14:51:02.684+0000] {processor.py:840} INFO - DAG(s) 'example_params_ui_tutorial' retrieved from /home/airflow/.local/lib/python3.12/site-packages/airflow/example_dags/example_params_ui_tutorial.py
[2025-06-20T14:51:02.734+0000] {logging_mixin.py:188} INFO - [2025-06-20T14:51:02.734+0000] {dag.py:3096} INFO - Sync 1 DAGs
[2025-06-20T14:51:02.746+0000] {logging_mixin.py:188} INFO - [2025-06-20T14:51:02.745+0000] {dag.py:3954} INFO - Setting next_dagrun for example_params_ui_tutorial to None, run_after=None
[2025-06-20T14:51:02.761+0000] {processor.py:183} INFO - Processing /home/airflow/.local/lib/python3.12/site-packages/airflow/example_dags/example_params_ui_tutorial.py took 0.098 seconds
[2025-06-20T14:51:32.869+0000] {processor.py:161} INFO - Started process (PID=2017) to work on /home/airflow/.local/lib/python3.12/site-packages/airflow/example_dags/example_params_ui_tutorial.py
[2025-06-20T14:51:32.870+0000] {processor.py:830} INFO - Processing file /home/airflow/.local/lib/python3.12/site-packages/airflow/example_dags/example_params_ui_tutorial.py for tasks to queue
[2025-06-20T14:51:32.872+0000] {logging_mixin.py:188} INFO - [2025-06-20T14:51:32.872+0000] {dagbag.py:540} INFO - Filling up the DagBag from /home/airflow/.local/lib/python3.12/site-packages/airflow/example_dags/example_params_ui_tutorial.py
[2025-06-20T14:51:32.885+0000] {processor.py:840} INFO - DAG(s) 'example_params_ui_tutorial' retrieved from /home/airflow/.local/lib/python3.12/site-packages/airflow/example_dags/example_params_ui_tutorial.py
[2025-06-20T14:51:32.936+0000] {logging_mixin.py:188} INFO - [2025-06-20T14:51:32.935+0000] {dag.py:3096} INFO - Sync 1 DAGs
[2025-06-20T14:51:32.948+0000] {logging_mixin.py:188} INFO - [2025-06-20T14:51:32.947+0000] {dag.py:3954} INFO - Setting next_dagrun for example_params_ui_tutorial to None, run_after=None
[2025-06-20T14:51:32.967+0000] {processor.py:183} INFO - Processing /home/airflow/.local/lib/python3.12/site-packages/airflow/example_dags/example_params_ui_tutorial.py took 0.104 seconds
[2025-06-20T14:52:03.069+0000] {processor.py:161} INFO - Started process (PID=2075) to work on /home/airflow/.local/lib/python3.12/site-packages/airflow/example_dags/example_params_ui_tutorial.py
[2025-06-20T14:52:03.070+0000] {processor.py:830} INFO - Processing file /home/airflow/.local/lib/python3.12/site-packages/airflow/example_dags/example_params_ui_tutorial.py for tasks to queue
[2025-06-20T14:52:03.072+0000] {logging_mixin.py:188} INFO - [2025-06-20T14:52:03.072+0000] {dagbag.py:540} INFO - Filling up the DagBag from /home/airflow/.local/lib/python3.12/site-packages/airflow/example_dags/example_params_ui_tutorial.py
[2025-06-20T14:52:03.084+0000] {processor.py:840} INFO - DAG(s) 'example_params_ui_tutorial' retrieved from /home/airflow/.local/lib/python3.12/site-packages/airflow/example_dags/example_params_ui_tutorial.py
[2025-06-20T14:52:03.132+0000] {logging_mixin.py:188} INFO - [2025-06-20T14:52:03.132+0000] {dag.py:3096} INFO - Sync 1 DAGs
[2025-06-20T14:52:03.148+0000] {logging_mixin.py:188} INFO - [2025-06-20T14:52:03.148+0000] {dag.py:3954} INFO - Setting next_dagrun for example_params_ui_tutorial to None, run_after=None
[2025-06-20T14:52:03.165+0000] {processor.py:183} INFO - Processing /home/airflow/.local/lib/python3.12/site-packages/airflow/example_dags/example_params_ui_tutorial.py took 0.102 seconds
[2025-06-20T14:52:33.998+0000] {processor.py:161} INFO - Started process (PID=2133) to work on /home/airflow/.local/lib/python3.12/site-packages/airflow/example_dags/example_params_ui_tutorial.py
[2025-06-20T14:52:33.999+0000] {processor.py:830} INFO - Processing file /home/airflow/.local/lib/python3.12/site-packages/airflow/example_dags/example_params_ui_tutorial.py for tasks to queue
[2025-06-20T14:52:34.001+0000] {logging_mixin.py:188} INFO - [2025-06-20T14:52:34.001+0000] {dagbag.py:540} INFO - Filling up the DagBag from /home/airflow/.local/lib/python3.12/site-packages/airflow/example_dags/example_params_ui_tutorial.py
[2025-06-20T14:52:34.013+0000] {processor.py:840} INFO - DAG(s) 'example_params_ui_tutorial' retrieved from /home/airflow/.local/lib/python3.12/site-packages/airflow/example_dags/example_params_ui_tutorial.py
[2025-06-20T14:52:34.066+0000] {logging_mixin.py:188} INFO - [2025-06-20T14:52:34.066+0000] {dag.py:3096} INFO - Sync 1 DAGs
[2025-06-20T14:52:34.082+0000] {logging_mixin.py:188} INFO - [2025-06-20T14:52:34.082+0000] {dag.py:3954} INFO - Setting next_dagrun for example_params_ui_tutorial to None, run_after=None
[2025-06-20T14:52:34.099+0000] {processor.py:183} INFO - Processing /home/airflow/.local/lib/python3.12/site-packages/airflow/example_dags/example_params_ui_tutorial.py took 0.107 seconds
[2025-06-20T14:53:04.217+0000] {processor.py:161} INFO - Started process (PID=2191) to work on /home/airflow/.local/lib/python3.12/site-packages/airflow/example_dags/example_params_ui_tutorial.py
[2025-06-20T14:53:04.218+0000] {processor.py:830} INFO - Processing file /home/airflow/.local/lib/python3.12/site-packages/airflow/example_dags/example_params_ui_tutorial.py for tasks to queue
[2025-06-20T14:53:04.220+0000] {logging_mixin.py:188} INFO - [2025-06-20T14:53:04.220+0000] {dagbag.py:540} INFO - Filling up the DagBag from /home/airflow/.local/lib/python3.12/site-packages/airflow/example_dags/example_params_ui_tutorial.py
[2025-06-20T14:53:04.232+0000] {processor.py:840} INFO - DAG(s) 'example_params_ui_tutorial' retrieved from /home/airflow/.local/lib/python3.12/site-packages/airflow/example_dags/example_params_ui_tutorial.py
[2025-06-20T14:53:04.281+0000] {logging_mixin.py:188} INFO - [2025-06-20T14:53:04.281+0000] {dag.py:3096} INFO - Sync 1 DAGs
[2025-06-20T14:53:04.294+0000] {logging_mixin.py:188} INFO - [2025-06-20T14:53:04.294+0000] {dag.py:3954} INFO - Setting next_dagrun for example_params_ui_tutorial to None, run_after=None
[2025-06-20T14:53:04.310+0000] {processor.py:183} INFO - Processing /home/airflow/.local/lib/python3.12/site-packages/airflow/example_dags/example_params_ui_tutorial.py took 0.099 seconds
[2025-06-20T14:53:34.626+0000] {processor.py:161} INFO - Started process (PID=2249) to work on /home/airflow/.local/lib/python3.12/site-packages/airflow/example_dags/example_params_ui_tutorial.py
[2025-06-20T14:53:34.627+0000] {processor.py:830} INFO - Processing file /home/airflow/.local/lib/python3.12/site-packages/airflow/example_dags/example_params_ui_tutorial.py for tasks to queue
[2025-06-20T14:53:34.629+0000] {logging_mixin.py:188} INFO - [2025-06-20T14:53:34.628+0000] {dagbag.py:540} INFO - Filling up the DagBag from /home/airflow/.local/lib/python3.12/site-packages/airflow/example_dags/example_params_ui_tutorial.py
[2025-06-20T14:53:34.641+0000] {processor.py:840} INFO - DAG(s) 'example_params_ui_tutorial' retrieved from /home/airflow/.local/lib/python3.12/site-packages/airflow/example_dags/example_params_ui_tutorial.py
[2025-06-20T14:53:34.694+0000] {logging_mixin.py:188} INFO - [2025-06-20T14:53:34.694+0000] {dag.py:3096} INFO - Sync 1 DAGs
[2025-06-20T14:53:34.708+0000] {logging_mixin.py:188} INFO - [2025-06-20T14:53:34.707+0000] {dag.py:3954} INFO - Setting next_dagrun for example_params_ui_tutorial to None, run_after=None
[2025-06-20T14:53:34.724+0000] {processor.py:183} INFO - Processing /home/airflow/.local/lib/python3.12/site-packages/airflow/example_dags/example_params_ui_tutorial.py took 0.105 seconds
[2025-06-20T14:54:05.550+0000] {processor.py:161} INFO - Started process (PID=2307) to work on /home/airflow/.local/lib/python3.12/site-packages/airflow/example_dags/example_params_ui_tutorial.py
[2025-06-20T14:54:05.551+0000] {processor.py:830} INFO - Processing file /home/airflow/.local/lib/python3.12/site-packages/airflow/example_dags/example_params_ui_tutorial.py for tasks to queue
[2025-06-20T14:54:05.553+0000] {logging_mixin.py:188} INFO - [2025-06-20T14:54:05.553+0000] {dagbag.py:540} INFO - Filling up the DagBag from /home/airflow/.local/lib/python3.12/site-packages/airflow/example_dags/example_params_ui_tutorial.py
[2025-06-20T14:54:05.564+0000] {processor.py:840} INFO - DAG(s) 'example_params_ui_tutorial' retrieved from /home/airflow/.local/lib/python3.12/site-packages/airflow/example_dags/example_params_ui_tutorial.py
[2025-06-20T14:54:05.618+0000] {logging_mixin.py:188} INFO - [2025-06-20T14:54:05.618+0000] {dag.py:3096} INFO - Sync 1 DAGs
[2025-06-20T14:54:05.632+0000] {logging_mixin.py:188} INFO - [2025-06-20T14:54:05.632+0000] {dag.py:3954} INFO - Setting next_dagrun for example_params_ui_tutorial to None, run_after=None
[2025-06-20T14:54:05.648+0000] {processor.py:183} INFO - Processing /home/airflow/.local/lib/python3.12/site-packages/airflow/example_dags/example_params_ui_tutorial.py took 0.105 seconds
[2025-06-20T14:54:36.539+0000] {processor.py:161} INFO - Started process (PID=2365) to work on /home/airflow/.local/lib/python3.12/site-packages/airflow/example_dags/example_params_ui_tutorial.py
[2025-06-20T14:54:36.540+0000] {processor.py:830} INFO - Processing file /home/airflow/.local/lib/python3.12/site-packages/airflow/example_dags/example_params_ui_tutorial.py for tasks to queue
[2025-06-20T14:54:36.542+0000] {logging_mixin.py:188} INFO - [2025-06-20T14:54:36.541+0000] {dagbag.py:540} INFO - Filling up the DagBag from /home/airflow/.local/lib/python3.12/site-packages/airflow/example_dags/example_params_ui_tutorial.py
[2025-06-20T14:54:36.553+0000] {processor.py:840} INFO - DAG(s) 'example_params_ui_tutorial' retrieved from /home/airflow/.local/lib/python3.12/site-packages/airflow/example_dags/example_params_ui_tutorial.py
[2025-06-20T14:54:36.604+0000] {logging_mixin.py:188} INFO - [2025-06-20T14:54:36.603+0000] {dag.py:3096} INFO - Sync 1 DAGs
[2025-06-20T14:54:36.616+0000] {logging_mixin.py:188} INFO - [2025-06-20T14:54:36.616+0000] {dag.py:3954} INFO - Setting next_dagrun for example_params_ui_tutorial to None, run_after=None
[2025-06-20T14:54:36.632+0000] {processor.py:183} INFO - Processing /home/airflow/.local/lib/python3.12/site-packages/airflow/example_dags/example_params_ui_tutorial.py took 0.100 seconds
[2025-06-20T14:55:06.695+0000] {processor.py:161} INFO - Started process (PID=2424) to work on /home/airflow/.local/lib/python3.12/site-packages/airflow/example_dags/example_params_ui_tutorial.py
[2025-06-20T14:55:06.696+0000] {processor.py:830} INFO - Processing file /home/airflow/.local/lib/python3.12/site-packages/airflow/example_dags/example_params_ui_tutorial.py for tasks to queue
[2025-06-20T14:55:06.698+0000] {logging_mixin.py:188} INFO - [2025-06-20T14:55:06.698+0000] {dagbag.py:540} INFO - Filling up the DagBag from /home/airflow/.local/lib/python3.12/site-packages/airflow/example_dags/example_params_ui_tutorial.py
[2025-06-20T14:55:06.710+0000] {processor.py:840} INFO - DAG(s) 'example_params_ui_tutorial' retrieved from /home/airflow/.local/lib/python3.12/site-packages/airflow/example_dags/example_params_ui_tutorial.py
[2025-06-20T14:55:06.759+0000] {logging_mixin.py:188} INFO - [2025-06-20T14:55:06.759+0000] {dag.py:3096} INFO - Sync 1 DAGs
[2025-06-20T14:55:06.771+0000] {logging_mixin.py:188} INFO - [2025-06-20T14:55:06.770+0000] {dag.py:3954} INFO - Setting next_dagrun for example_params_ui_tutorial to None, run_after=None
[2025-06-20T14:55:06.786+0000] {processor.py:183} INFO - Processing /home/airflow/.local/lib/python3.12/site-packages/airflow/example_dags/example_params_ui_tutorial.py took 0.097 seconds
[2025-06-20T14:55:37.016+0000] {processor.py:161} INFO - Started process (PID=2483) to work on /home/airflow/.local/lib/python3.12/site-packages/airflow/example_dags/example_params_ui_tutorial.py
[2025-06-20T14:55:37.017+0000] {processor.py:830} INFO - Processing file /home/airflow/.local/lib/python3.12/site-packages/airflow/example_dags/example_params_ui_tutorial.py for tasks to queue
[2025-06-20T14:55:37.020+0000] {logging_mixin.py:188} INFO - [2025-06-20T14:55:37.019+0000] {dagbag.py:540} INFO - Filling up the DagBag from /home/airflow/.local/lib/python3.12/site-packages/airflow/example_dags/example_params_ui_tutorial.py
[2025-06-20T14:55:37.034+0000] {processor.py:840} INFO - DAG(s) 'example_params_ui_tutorial' retrieved from /home/airflow/.local/lib/python3.12/site-packages/airflow/example_dags/example_params_ui_tutorial.py
[2025-06-20T14:55:37.090+0000] {logging_mixin.py:188} INFO - [2025-06-20T14:55:37.090+0000] {dag.py:3096} INFO - Sync 1 DAGs
[2025-06-20T14:55:37.103+0000] {logging_mixin.py:188} INFO - [2025-06-20T14:55:37.103+0000] {dag.py:3954} INFO - Setting next_dagrun for example_params_ui_tutorial to None, run_after=None
[2025-06-20T14:55:37.119+0000] {processor.py:183} INFO - Processing /home/airflow/.local/lib/python3.12/site-packages/airflow/example_dags/example_params_ui_tutorial.py took 0.111 seconds
[2025-06-20T14:56:07.457+0000] {processor.py:161} INFO - Started process (PID=2542) to work on /home/airflow/.local/lib/python3.12/site-packages/airflow/example_dags/example_params_ui_tutorial.py
[2025-06-20T14:56:07.458+0000] {processor.py:830} INFO - Processing file /home/airflow/.local/lib/python3.12/site-packages/airflow/example_dags/example_params_ui_tutorial.py for tasks to queue
[2025-06-20T14:56:07.460+0000] {logging_mixin.py:188} INFO - [2025-06-20T14:56:07.460+0000] {dagbag.py:540} INFO - Filling up the DagBag from /home/airflow/.local/lib/python3.12/site-packages/airflow/example_dags/example_params_ui_tutorial.py
[2025-06-20T14:56:07.471+0000] {processor.py:840} INFO - DAG(s) 'example_params_ui_tutorial' retrieved from /home/airflow/.local/lib/python3.12/site-packages/airflow/example_dags/example_params_ui_tutorial.py
[2025-06-20T14:56:07.520+0000] {logging_mixin.py:188} INFO - [2025-06-20T14:56:07.519+0000] {dag.py:3096} INFO - Sync 1 DAGs
[2025-06-20T14:56:07.532+0000] {logging_mixin.py:188} INFO - [2025-06-20T14:56:07.532+0000] {dag.py:3954} INFO - Setting next_dagrun for example_params_ui_tutorial to None, run_after=None
[2025-06-20T14:56:07.547+0000] {processor.py:183} INFO - Processing /home/airflow/.local/lib/python3.12/site-packages/airflow/example_dags/example_params_ui_tutorial.py took 0.097 seconds
[2025-06-20T14:56:37.674+0000] {processor.py:161} INFO - Started process (PID=2602) to work on /home/airflow/.local/lib/python3.12/site-packages/airflow/example_dags/example_params_ui_tutorial.py
[2025-06-20T14:56:37.675+0000] {processor.py:830} INFO - Processing file /home/airflow/.local/lib/python3.12/site-packages/airflow/example_dags/example_params_ui_tutorial.py for tasks to queue
[2025-06-20T14:56:37.677+0000] {logging_mixin.py:188} INFO - [2025-06-20T14:56:37.676+0000] {dagbag.py:540} INFO - Filling up the DagBag from /home/airflow/.local/lib/python3.12/site-packages/airflow/example_dags/example_params_ui_tutorial.py
[2025-06-20T14:56:37.688+0000] {processor.py:840} INFO - DAG(s) 'example_params_ui_tutorial' retrieved from /home/airflow/.local/lib/python3.12/site-packages/airflow/example_dags/example_params_ui_tutorial.py
[2025-06-20T14:56:37.738+0000] {logging_mixin.py:188} INFO - [2025-06-20T14:56:37.737+0000] {dag.py:3096} INFO - Sync 1 DAGs
[2025-06-20T14:56:37.749+0000] {logging_mixin.py:188} INFO - [2025-06-20T14:56:37.749+0000] {dag.py:3954} INFO - Setting next_dagrun for example_params_ui_tutorial to None, run_after=None
[2025-06-20T14:56:37.765+0000] {processor.py:183} INFO - Processing /home/airflow/.local/lib/python3.12/site-packages/airflow/example_dags/example_params_ui_tutorial.py took 0.097 seconds
[2025-06-20T14:57:07.857+0000] {processor.py:161} INFO - Started process (PID=2660) to work on /home/airflow/.local/lib/python3.12/site-packages/airflow/example_dags/example_params_ui_tutorial.py
[2025-06-20T14:57:07.857+0000] {processor.py:830} INFO - Processing file /home/airflow/.local/lib/python3.12/site-packages/airflow/example_dags/example_params_ui_tutorial.py for tasks to queue
[2025-06-20T14:57:07.859+0000] {logging_mixin.py:188} INFO - [2025-06-20T14:57:07.859+0000] {dagbag.py:540} INFO - Filling up the DagBag from /home/airflow/.local/lib/python3.12/site-packages/airflow/example_dags/example_params_ui_tutorial.py
[2025-06-20T14:57:07.871+0000] {processor.py:840} INFO - DAG(s) 'example_params_ui_tutorial' retrieved from /home/airflow/.local/lib/python3.12/site-packages/airflow/example_dags/example_params_ui_tutorial.py
[2025-06-20T14:57:07.918+0000] {logging_mixin.py:188} INFO - [2025-06-20T14:57:07.918+0000] {dag.py:3096} INFO - Sync 1 DAGs
[2025-06-20T14:57:07.930+0000] {logging_mixin.py:188} INFO - [2025-06-20T14:57:07.930+0000] {dag.py:3954} INFO - Setting next_dagrun for example_params_ui_tutorial to None, run_after=None
[2025-06-20T14:57:07.945+0000] {processor.py:183} INFO - Processing /home/airflow/.local/lib/python3.12/site-packages/airflow/example_dags/example_params_ui_tutorial.py took 0.095 seconds
[2025-06-20T14:57:38.076+0000] {processor.py:161} INFO - Started process (PID=2719) to work on /home/airflow/.local/lib/python3.12/site-packages/airflow/example_dags/example_params_ui_tutorial.py
[2025-06-20T14:57:38.077+0000] {processor.py:830} INFO - Processing file /home/airflow/.local/lib/python3.12/site-packages/airflow/example_dags/example_params_ui_tutorial.py for tasks to queue
[2025-06-20T14:57:38.079+0000] {logging_mixin.py:188} INFO - [2025-06-20T14:57:38.079+0000] {dagbag.py:540} INFO - Filling up the DagBag from /home/airflow/.local/lib/python3.12/site-packages/airflow/example_dags/example_params_ui_tutorial.py
[2025-06-20T14:57:38.090+0000] {processor.py:840} INFO - DAG(s) 'example_params_ui_tutorial' retrieved from /home/airflow/.local/lib/python3.12/site-packages/airflow/example_dags/example_params_ui_tutorial.py
[2025-06-20T14:57:38.138+0000] {logging_mixin.py:188} INFO - [2025-06-20T14:57:38.138+0000] {dag.py:3096} INFO - Sync 1 DAGs
[2025-06-20T14:57:38.149+0000] {logging_mixin.py:188} INFO - [2025-06-20T14:57:38.149+0000] {dag.py:3954} INFO - Setting next_dagrun for example_params_ui_tutorial to None, run_after=None
[2025-06-20T14:57:38.164+0000] {processor.py:183} INFO - Processing /home/airflow/.local/lib/python3.12/site-packages/airflow/example_dags/example_params_ui_tutorial.py took 0.095 seconds
[2025-06-20T14:58:08.206+0000] {processor.py:161} INFO - Started process (PID=2778) to work on /home/airflow/.local/lib/python3.12/site-packages/airflow/example_dags/example_params_ui_tutorial.py
[2025-06-20T14:58:08.207+0000] {processor.py:830} INFO - Processing file /home/airflow/.local/lib/python3.12/site-packages/airflow/example_dags/example_params_ui_tutorial.py for tasks to queue
[2025-06-20T14:58:08.209+0000] {logging_mixin.py:188} INFO - [2025-06-20T14:58:08.209+0000] {dagbag.py:540} INFO - Filling up the DagBag from /home/airflow/.local/lib/python3.12/site-packages/airflow/example_dags/example_params_ui_tutorial.py
[2025-06-20T14:58:08.223+0000] {processor.py:840} INFO - DAG(s) 'example_params_ui_tutorial' retrieved from /home/airflow/.local/lib/python3.12/site-packages/airflow/example_dags/example_params_ui_tutorial.py
[2025-06-20T14:58:08.274+0000] {logging_mixin.py:188} INFO - [2025-06-20T14:58:08.274+0000] {dag.py:3096} INFO - Sync 1 DAGs
[2025-06-20T14:58:08.286+0000] {logging_mixin.py:188} INFO - [2025-06-20T14:58:08.286+0000] {dag.py:3954} INFO - Setting next_dagrun for example_params_ui_tutorial to None, run_after=None
[2025-06-20T14:58:08.302+0000] {processor.py:183} INFO - Processing /home/airflow/.local/lib/python3.12/site-packages/airflow/example_dags/example_params_ui_tutorial.py took 0.102 seconds
[2025-06-20T14:58:38.341+0000] {processor.py:161} INFO - Started process (PID=2837) to work on /home/airflow/.local/lib/python3.12/site-packages/airflow/example_dags/example_params_ui_tutorial.py
[2025-06-20T14:58:38.342+0000] {processor.py:830} INFO - Processing file /home/airflow/.local/lib/python3.12/site-packages/airflow/example_dags/example_params_ui_tutorial.py for tasks to queue
[2025-06-20T14:58:38.344+0000] {logging_mixin.py:188} INFO - [2025-06-20T14:58:38.344+0000] {dagbag.py:540} INFO - Filling up the DagBag from /home/airflow/.local/lib/python3.12/site-packages/airflow/example_dags/example_params_ui_tutorial.py
[2025-06-20T14:58:38.355+0000] {processor.py:840} INFO - DAG(s) 'example_params_ui_tutorial' retrieved from /home/airflow/.local/lib/python3.12/site-packages/airflow/example_dags/example_params_ui_tutorial.py
[2025-06-20T14:58:38.405+0000] {logging_mixin.py:188} INFO - [2025-06-20T14:58:38.404+0000] {dag.py:3096} INFO - Sync 1 DAGs
[2025-06-20T14:58:38.416+0000] {logging_mixin.py:188} INFO - [2025-06-20T14:58:38.416+0000] {dag.py:3954} INFO - Setting next_dagrun for example_params_ui_tutorial to None, run_after=None
[2025-06-20T14:58:38.432+0000] {processor.py:183} INFO - Processing /home/airflow/.local/lib/python3.12/site-packages/airflow/example_dags/example_params_ui_tutorial.py took 0.097 seconds
[2025-06-20T14:59:08.737+0000] {processor.py:161} INFO - Started process (PID=2896) to work on /home/airflow/.local/lib/python3.12/site-packages/airflow/example_dags/example_params_ui_tutorial.py
[2025-06-20T14:59:08.738+0000] {processor.py:830} INFO - Processing file /home/airflow/.local/lib/python3.12/site-packages/airflow/example_dags/example_params_ui_tutorial.py for tasks to queue
[2025-06-20T14:59:08.740+0000] {logging_mixin.py:188} INFO - [2025-06-20T14:59:08.739+0000] {dagbag.py:540} INFO - Filling up the DagBag from /home/airflow/.local/lib/python3.12/site-packages/airflow/example_dags/example_params_ui_tutorial.py
[2025-06-20T14:59:08.752+0000] {processor.py:840} INFO - DAG(s) 'example_params_ui_tutorial' retrieved from /home/airflow/.local/lib/python3.12/site-packages/airflow/example_dags/example_params_ui_tutorial.py
[2025-06-20T14:59:08.804+0000] {logging_mixin.py:188} INFO - [2025-06-20T14:59:08.804+0000] {dag.py:3096} INFO - Sync 1 DAGs
[2025-06-20T14:59:08.816+0000] {logging_mixin.py:188} INFO - [2025-06-20T14:59:08.816+0000] {dag.py:3954} INFO - Setting next_dagrun for example_params_ui_tutorial to None, run_after=None
[2025-06-20T14:59:08.833+0000] {processor.py:183} INFO - Processing /home/airflow/.local/lib/python3.12/site-packages/airflow/example_dags/example_params_ui_tutorial.py took 0.104 seconds
[2025-06-20T14:59:39.024+0000] {processor.py:161} INFO - Started process (PID=2955) to work on /home/airflow/.local/lib/python3.12/site-packages/airflow/example_dags/example_params_ui_tutorial.py
[2025-06-20T14:59:39.025+0000] {processor.py:830} INFO - Processing file /home/airflow/.local/lib/python3.12/site-packages/airflow/example_dags/example_params_ui_tutorial.py for tasks to queue
[2025-06-20T14:59:39.027+0000] {logging_mixin.py:188} INFO - [2025-06-20T14:59:39.027+0000] {dagbag.py:540} INFO - Filling up the DagBag from /home/airflow/.local/lib/python3.12/site-packages/airflow/example_dags/example_params_ui_tutorial.py
[2025-06-20T14:59:39.039+0000] {processor.py:840} INFO - DAG(s) 'example_params_ui_tutorial' retrieved from /home/airflow/.local/lib/python3.12/site-packages/airflow/example_dags/example_params_ui_tutorial.py
[2025-06-20T14:59:39.092+0000] {logging_mixin.py:188} INFO - [2025-06-20T14:59:39.092+0000] {dag.py:3096} INFO - Sync 1 DAGs
[2025-06-20T14:59:39.105+0000] {logging_mixin.py:188} INFO - [2025-06-20T14:59:39.105+0000] {dag.py:3954} INFO - Setting next_dagrun for example_params_ui_tutorial to None, run_after=None
[2025-06-20T14:59:39.121+0000] {processor.py:183} INFO - Processing /home/airflow/.local/lib/python3.12/site-packages/airflow/example_dags/example_params_ui_tutorial.py took 0.103 seconds
[2025-06-20T15:00:09.460+0000] {processor.py:161} INFO - Started process (PID=3014) to work on /home/airflow/.local/lib/python3.12/site-packages/airflow/example_dags/example_params_ui_tutorial.py
[2025-06-20T15:00:09.461+0000] {processor.py:830} INFO - Processing file /home/airflow/.local/lib/python3.12/site-packages/airflow/example_dags/example_params_ui_tutorial.py for tasks to queue
[2025-06-20T15:00:09.467+0000] {logging_mixin.py:188} INFO - [2025-06-20T15:00:09.467+0000] {dagbag.py:540} INFO - Filling up the DagBag from /home/airflow/.local/lib/python3.12/site-packages/airflow/example_dags/example_params_ui_tutorial.py
[2025-06-20T15:00:09.479+0000] {processor.py:840} INFO - DAG(s) 'example_params_ui_tutorial' retrieved from /home/airflow/.local/lib/python3.12/site-packages/airflow/example_dags/example_params_ui_tutorial.py
[2025-06-20T15:00:09.529+0000] {logging_mixin.py:188} INFO - [2025-06-20T15:00:09.529+0000] {dag.py:3096} INFO - Sync 1 DAGs
[2025-06-20T15:00:09.540+0000] {logging_mixin.py:188} INFO - [2025-06-20T15:00:09.540+0000] {dag.py:3954} INFO - Setting next_dagrun for example_params_ui_tutorial to None, run_after=None
[2025-06-20T15:00:09.556+0000] {processor.py:183} INFO - Processing /home/airflow/.local/lib/python3.12/site-packages/airflow/example_dags/example_params_ui_tutorial.py took 0.102 seconds
[2025-06-20T15:00:39.791+0000] {processor.py:161} INFO - Started process (PID=3073) to work on /home/airflow/.local/lib/python3.12/site-packages/airflow/example_dags/example_params_ui_tutorial.py
[2025-06-20T15:00:39.792+0000] {processor.py:830} INFO - Processing file /home/airflow/.local/lib/python3.12/site-packages/airflow/example_dags/example_params_ui_tutorial.py for tasks to queue
[2025-06-20T15:00:39.794+0000] {logging_mixin.py:188} INFO - [2025-06-20T15:00:39.794+0000] {dagbag.py:540} INFO - Filling up the DagBag from /home/airflow/.local/lib/python3.12/site-packages/airflow/example_dags/example_params_ui_tutorial.py
[2025-06-20T15:00:39.806+0000] {processor.py:840} INFO - DAG(s) 'example_params_ui_tutorial' retrieved from /home/airflow/.local/lib/python3.12/site-packages/airflow/example_dags/example_params_ui_tutorial.py
[2025-06-20T15:00:39.862+0000] {logging_mixin.py:188} INFO - [2025-06-20T15:00:39.861+0000] {dag.py:3096} INFO - Sync 1 DAGs
[2025-06-20T15:00:39.876+0000] {logging_mixin.py:188} INFO - [2025-06-20T15:00:39.876+0000] {dag.py:3954} INFO - Setting next_dagrun for example_params_ui_tutorial to None, run_after=None
[2025-06-20T15:00:39.893+0000] {processor.py:183} INFO - Processing /home/airflow/.local/lib/python3.12/site-packages/airflow/example_dags/example_params_ui_tutorial.py took 0.109 seconds
[2025-06-20T15:01:10.755+0000] {processor.py:161} INFO - Started process (PID=3130) to work on /home/airflow/.local/lib/python3.12/site-packages/airflow/example_dags/example_params_ui_tutorial.py
[2025-06-20T15:01:10.756+0000] {processor.py:830} INFO - Processing file /home/airflow/.local/lib/python3.12/site-packages/airflow/example_dags/example_params_ui_tutorial.py for tasks to queue
[2025-06-20T15:01:10.758+0000] {logging_mixin.py:188} INFO - [2025-06-20T15:01:10.758+0000] {dagbag.py:540} INFO - Filling up the DagBag from /home/airflow/.local/lib/python3.12/site-packages/airflow/example_dags/example_params_ui_tutorial.py
[2025-06-20T15:01:10.769+0000] {processor.py:840} INFO - DAG(s) 'example_params_ui_tutorial' retrieved from /home/airflow/.local/lib/python3.12/site-packages/airflow/example_dags/example_params_ui_tutorial.py
[2025-06-20T15:01:10.819+0000] {logging_mixin.py:188} INFO - [2025-06-20T15:01:10.819+0000] {dag.py:3096} INFO - Sync 1 DAGs
[2025-06-20T15:01:10.831+0000] {logging_mixin.py:188} INFO - [2025-06-20T15:01:10.831+0000] {dag.py:3954} INFO - Setting next_dagrun for example_params_ui_tutorial to None, run_after=None
[2025-06-20T15:01:10.846+0000] {processor.py:183} INFO - Processing /home/airflow/.local/lib/python3.12/site-packages/airflow/example_dags/example_params_ui_tutorial.py took 0.098 seconds
[2025-06-20T15:01:40.946+0000] {processor.py:161} INFO - Started process (PID=3189) to work on /home/airflow/.local/lib/python3.12/site-packages/airflow/example_dags/example_params_ui_tutorial.py
[2025-06-20T15:01:40.947+0000] {processor.py:830} INFO - Processing file /home/airflow/.local/lib/python3.12/site-packages/airflow/example_dags/example_params_ui_tutorial.py for tasks to queue
[2025-06-20T15:01:40.949+0000] {logging_mixin.py:188} INFO - [2025-06-20T15:01:40.949+0000] {dagbag.py:540} INFO - Filling up the DagBag from /home/airflow/.local/lib/python3.12/site-packages/airflow/example_dags/example_params_ui_tutorial.py
[2025-06-20T15:01:40.963+0000] {processor.py:840} INFO - DAG(s) 'example_params_ui_tutorial' retrieved from /home/airflow/.local/lib/python3.12/site-packages/airflow/example_dags/example_params_ui_tutorial.py
[2025-06-20T15:01:41.015+0000] {logging_mixin.py:188} INFO - [2025-06-20T15:01:41.015+0000] {dag.py:3096} INFO - Sync 1 DAGs
[2025-06-20T15:01:41.028+0000] {logging_mixin.py:188} INFO - [2025-06-20T15:01:41.027+0000] {dag.py:3954} INFO - Setting next_dagrun for example_params_ui_tutorial to None, run_after=None
[2025-06-20T15:01:41.044+0000] {processor.py:183} INFO - Processing /home/airflow/.local/lib/python3.12/site-packages/airflow/example_dags/example_params_ui_tutorial.py took 0.105 seconds
[2025-06-20T15:02:11.644+0000] {processor.py:161} INFO - Started process (PID=3248) to work on /home/airflow/.local/lib/python3.12/site-packages/airflow/example_dags/example_params_ui_tutorial.py
[2025-06-20T15:02:11.645+0000] {processor.py:830} INFO - Processing file /home/airflow/.local/lib/python3.12/site-packages/airflow/example_dags/example_params_ui_tutorial.py for tasks to queue
[2025-06-20T15:02:11.647+0000] {logging_mixin.py:188} INFO - [2025-06-20T15:02:11.647+0000] {dagbag.py:540} INFO - Filling up the DagBag from /home/airflow/.local/lib/python3.12/site-packages/airflow/example_dags/example_params_ui_tutorial.py
[2025-06-20T15:02:11.658+0000] {processor.py:840} INFO - DAG(s) 'example_params_ui_tutorial' retrieved from /home/airflow/.local/lib/python3.12/site-packages/airflow/example_dags/example_params_ui_tutorial.py
[2025-06-20T15:02:11.707+0000] {logging_mixin.py:188} INFO - [2025-06-20T15:02:11.706+0000] {dag.py:3096} INFO - Sync 1 DAGs
[2025-06-20T15:02:11.718+0000] {logging_mixin.py:188} INFO - [2025-06-20T15:02:11.718+0000] {dag.py:3954} INFO - Setting next_dagrun for example_params_ui_tutorial to None, run_after=None
[2025-06-20T15:02:11.733+0000] {processor.py:183} INFO - Processing /home/airflow/.local/lib/python3.12/site-packages/airflow/example_dags/example_params_ui_tutorial.py took 0.095 seconds
[2025-06-20T15:02:42.303+0000] {processor.py:161} INFO - Started process (PID=3307) to work on /home/airflow/.local/lib/python3.12/site-packages/airflow/example_dags/example_params_ui_tutorial.py
[2025-06-20T15:02:42.304+0000] {processor.py:830} INFO - Processing file /home/airflow/.local/lib/python3.12/site-packages/airflow/example_dags/example_params_ui_tutorial.py for tasks to queue
[2025-06-20T15:02:42.306+0000] {logging_mixin.py:188} INFO - [2025-06-20T15:02:42.306+0000] {dagbag.py:540} INFO - Filling up the DagBag from /home/airflow/.local/lib/python3.12/site-packages/airflow/example_dags/example_params_ui_tutorial.py
[2025-06-20T15:02:42.318+0000] {processor.py:840} INFO - DAG(s) 'example_params_ui_tutorial' retrieved from /home/airflow/.local/lib/python3.12/site-packages/airflow/example_dags/example_params_ui_tutorial.py
[2025-06-20T15:02:42.372+0000] {logging_mixin.py:188} INFO - [2025-06-20T15:02:42.372+0000] {dag.py:3096} INFO - Sync 1 DAGs
[2025-06-20T15:02:42.385+0000] {logging_mixin.py:188} INFO - [2025-06-20T15:02:42.384+0000] {dag.py:3954} INFO - Setting next_dagrun for example_params_ui_tutorial to None, run_after=None
[2025-06-20T15:02:42.401+0000] {processor.py:183} INFO - Processing /home/airflow/.local/lib/python3.12/site-packages/airflow/example_dags/example_params_ui_tutorial.py took 0.105 seconds
[2025-06-20T15:03:12.958+0000] {processor.py:161} INFO - Started process (PID=3366) to work on /home/airflow/.local/lib/python3.12/site-packages/airflow/example_dags/example_params_ui_tutorial.py
[2025-06-20T15:03:12.959+0000] {processor.py:830} INFO - Processing file /home/airflow/.local/lib/python3.12/site-packages/airflow/example_dags/example_params_ui_tutorial.py for tasks to queue
[2025-06-20T15:03:12.961+0000] {logging_mixin.py:188} INFO - [2025-06-20T15:03:12.961+0000] {dagbag.py:540} INFO - Filling up the DagBag from /home/airflow/.local/lib/python3.12/site-packages/airflow/example_dags/example_params_ui_tutorial.py
[2025-06-20T15:03:12.975+0000] {processor.py:840} INFO - DAG(s) 'example_params_ui_tutorial' retrieved from /home/airflow/.local/lib/python3.12/site-packages/airflow/example_dags/example_params_ui_tutorial.py
[2025-06-20T15:03:13.024+0000] {logging_mixin.py:188} INFO - [2025-06-20T15:03:13.024+0000] {dag.py:3096} INFO - Sync 1 DAGs
[2025-06-20T15:03:13.037+0000] {logging_mixin.py:188} INFO - [2025-06-20T15:03:13.037+0000] {dag.py:3954} INFO - Setting next_dagrun for example_params_ui_tutorial to None, run_after=None
[2025-06-20T15:03:13.052+0000] {processor.py:183} INFO - Processing /home/airflow/.local/lib/python3.12/site-packages/airflow/example_dags/example_params_ui_tutorial.py took 0.100 seconds
[2025-06-20T15:03:43.850+0000] {processor.py:161} INFO - Started process (PID=3425) to work on /home/airflow/.local/lib/python3.12/site-packages/airflow/example_dags/example_params_ui_tutorial.py
[2025-06-20T15:03:43.851+0000] {processor.py:830} INFO - Processing file /home/airflow/.local/lib/python3.12/site-packages/airflow/example_dags/example_params_ui_tutorial.py for tasks to queue
[2025-06-20T15:03:43.853+0000] {logging_mixin.py:188} INFO - [2025-06-20T15:03:43.853+0000] {dagbag.py:540} INFO - Filling up the DagBag from /home/airflow/.local/lib/python3.12/site-packages/airflow/example_dags/example_params_ui_tutorial.py
[2025-06-20T15:03:43.865+0000] {processor.py:840} INFO - DAG(s) 'example_params_ui_tutorial' retrieved from /home/airflow/.local/lib/python3.12/site-packages/airflow/example_dags/example_params_ui_tutorial.py
[2025-06-20T15:03:43.918+0000] {logging_mixin.py:188} INFO - [2025-06-20T15:03:43.917+0000] {dag.py:3096} INFO - Sync 1 DAGs
[2025-06-20T15:03:43.930+0000] {logging_mixin.py:188} INFO - [2025-06-20T15:03:43.929+0000] {dag.py:3954} INFO - Setting next_dagrun for example_params_ui_tutorial to None, run_after=None
[2025-06-20T15:03:43.946+0000] {processor.py:183} INFO - Processing /home/airflow/.local/lib/python3.12/site-packages/airflow/example_dags/example_params_ui_tutorial.py took 0.102 seconds
[2025-06-20T15:04:14.225+0000] {processor.py:161} INFO - Started process (PID=3484) to work on /home/airflow/.local/lib/python3.12/site-packages/airflow/example_dags/example_params_ui_tutorial.py
[2025-06-20T15:04:14.226+0000] {processor.py:830} INFO - Processing file /home/airflow/.local/lib/python3.12/site-packages/airflow/example_dags/example_params_ui_tutorial.py for tasks to queue
[2025-06-20T15:04:14.228+0000] {logging_mixin.py:188} INFO - [2025-06-20T15:04:14.227+0000] {dagbag.py:540} INFO - Filling up the DagBag from /home/airflow/.local/lib/python3.12/site-packages/airflow/example_dags/example_params_ui_tutorial.py
[2025-06-20T15:04:14.240+0000] {processor.py:840} INFO - DAG(s) 'example_params_ui_tutorial' retrieved from /home/airflow/.local/lib/python3.12/site-packages/airflow/example_dags/example_params_ui_tutorial.py
[2025-06-20T15:04:14.287+0000] {logging_mixin.py:188} INFO - [2025-06-20T15:04:14.287+0000] {dag.py:3096} INFO - Sync 1 DAGs
[2025-06-20T15:04:14.299+0000] {logging_mixin.py:188} INFO - [2025-06-20T15:04:14.298+0000] {dag.py:3954} INFO - Setting next_dagrun for example_params_ui_tutorial to None, run_after=None
[2025-06-20T15:04:14.314+0000] {processor.py:183} INFO - Processing /home/airflow/.local/lib/python3.12/site-packages/airflow/example_dags/example_params_ui_tutorial.py took 0.096 seconds
[2025-06-20T15:04:44.959+0000] {processor.py:161} INFO - Started process (PID=3543) to work on /home/airflow/.local/lib/python3.12/site-packages/airflow/example_dags/example_params_ui_tutorial.py
[2025-06-20T15:04:44.960+0000] {processor.py:830} INFO - Processing file /home/airflow/.local/lib/python3.12/site-packages/airflow/example_dags/example_params_ui_tutorial.py for tasks to queue
[2025-06-20T15:04:44.962+0000] {logging_mixin.py:188} INFO - [2025-06-20T15:04:44.962+0000] {dagbag.py:540} INFO - Filling up the DagBag from /home/airflow/.local/lib/python3.12/site-packages/airflow/example_dags/example_params_ui_tutorial.py
[2025-06-20T15:04:44.976+0000] {processor.py:840} INFO - DAG(s) 'example_params_ui_tutorial' retrieved from /home/airflow/.local/lib/python3.12/site-packages/airflow/example_dags/example_params_ui_tutorial.py
[2025-06-20T15:04:45.031+0000] {logging_mixin.py:188} INFO - [2025-06-20T15:04:45.030+0000] {dag.py:3096} INFO - Sync 1 DAGs
[2025-06-20T15:04:45.043+0000] {logging_mixin.py:188} INFO - [2025-06-20T15:04:45.042+0000] {dag.py:3954} INFO - Setting next_dagrun for example_params_ui_tutorial to None, run_after=None
[2025-06-20T15:04:45.059+0000] {processor.py:183} INFO - Processing /home/airflow/.local/lib/python3.12/site-packages/airflow/example_dags/example_params_ui_tutorial.py took 0.106 seconds
[2025-06-20T15:05:15.224+0000] {processor.py:161} INFO - Started process (PID=3602) to work on /home/airflow/.local/lib/python3.12/site-packages/airflow/example_dags/example_params_ui_tutorial.py
[2025-06-20T15:05:15.225+0000] {processor.py:830} INFO - Processing file /home/airflow/.local/lib/python3.12/site-packages/airflow/example_dags/example_params_ui_tutorial.py for tasks to queue
[2025-06-20T15:05:15.227+0000] {logging_mixin.py:188} INFO - [2025-06-20T15:05:15.226+0000] {dagbag.py:540} INFO - Filling up the DagBag from /home/airflow/.local/lib/python3.12/site-packages/airflow/example_dags/example_params_ui_tutorial.py
[2025-06-20T15:05:15.240+0000] {processor.py:840} INFO - DAG(s) 'example_params_ui_tutorial' retrieved from /home/airflow/.local/lib/python3.12/site-packages/airflow/example_dags/example_params_ui_tutorial.py
[2025-06-20T15:05:15.294+0000] {logging_mixin.py:188} INFO - [2025-06-20T15:05:15.293+0000] {dag.py:3096} INFO - Sync 1 DAGs
[2025-06-20T15:05:15.307+0000] {logging_mixin.py:188} INFO - [2025-06-20T15:05:15.307+0000] {dag.py:3954} INFO - Setting next_dagrun for example_params_ui_tutorial to None, run_after=None
[2025-06-20T15:05:15.323+0000] {processor.py:183} INFO - Processing /home/airflow/.local/lib/python3.12/site-packages/airflow/example_dags/example_params_ui_tutorial.py took 0.106 seconds
[2025-06-20T15:05:45.495+0000] {processor.py:161} INFO - Started process (PID=3662) to work on /home/airflow/.local/lib/python3.12/site-packages/airflow/example_dags/example_params_ui_tutorial.py
[2025-06-20T15:05:45.496+0000] {processor.py:830} INFO - Processing file /home/airflow/.local/lib/python3.12/site-packages/airflow/example_dags/example_params_ui_tutorial.py for tasks to queue
[2025-06-20T15:05:45.499+0000] {logging_mixin.py:188} INFO - [2025-06-20T15:05:45.498+0000] {dagbag.py:540} INFO - Filling up the DagBag from /home/airflow/.local/lib/python3.12/site-packages/airflow/example_dags/example_params_ui_tutorial.py
[2025-06-20T15:05:45.511+0000] {processor.py:840} INFO - DAG(s) 'example_params_ui_tutorial' retrieved from /home/airflow/.local/lib/python3.12/site-packages/airflow/example_dags/example_params_ui_tutorial.py
[2025-06-20T15:05:45.567+0000] {logging_mixin.py:188} INFO - [2025-06-20T15:05:45.567+0000] {dag.py:3096} INFO - Sync 1 DAGs
[2025-06-20T15:05:45.580+0000] {logging_mixin.py:188} INFO - [2025-06-20T15:05:45.579+0000] {dag.py:3954} INFO - Setting next_dagrun for example_params_ui_tutorial to None, run_after=None
[2025-06-20T15:05:45.596+0000] {processor.py:183} INFO - Processing /home/airflow/.local/lib/python3.12/site-packages/airflow/example_dags/example_params_ui_tutorial.py took 0.109 seconds
[2025-06-20T15:06:15.766+0000] {processor.py:161} INFO - Started process (PID=3720) to work on /home/airflow/.local/lib/python3.12/site-packages/airflow/example_dags/example_params_ui_tutorial.py
[2025-06-20T15:06:15.767+0000] {processor.py:830} INFO - Processing file /home/airflow/.local/lib/python3.12/site-packages/airflow/example_dags/example_params_ui_tutorial.py for tasks to queue
[2025-06-20T15:06:15.769+0000] {logging_mixin.py:188} INFO - [2025-06-20T15:06:15.769+0000] {dagbag.py:540} INFO - Filling up the DagBag from /home/airflow/.local/lib/python3.12/site-packages/airflow/example_dags/example_params_ui_tutorial.py
[2025-06-20T15:06:15.781+0000] {processor.py:840} INFO - DAG(s) 'example_params_ui_tutorial' retrieved from /home/airflow/.local/lib/python3.12/site-packages/airflow/example_dags/example_params_ui_tutorial.py
[2025-06-20T15:06:15.833+0000] {logging_mixin.py:188} INFO - [2025-06-20T15:06:15.833+0000] {dag.py:3096} INFO - Sync 1 DAGs
[2025-06-20T15:06:15.845+0000] {logging_mixin.py:188} INFO - [2025-06-20T15:06:15.844+0000] {dag.py:3954} INFO - Setting next_dagrun for example_params_ui_tutorial to None, run_after=None
[2025-06-20T15:06:15.861+0000] {processor.py:183} INFO - Processing /home/airflow/.local/lib/python3.12/site-packages/airflow/example_dags/example_params_ui_tutorial.py took 0.101 seconds
[2025-06-20T15:06:46.093+0000] {processor.py:161} INFO - Started process (PID=3779) to work on /home/airflow/.local/lib/python3.12/site-packages/airflow/example_dags/example_params_ui_tutorial.py
[2025-06-20T15:06:46.094+0000] {processor.py:830} INFO - Processing file /home/airflow/.local/lib/python3.12/site-packages/airflow/example_dags/example_params_ui_tutorial.py for tasks to queue
[2025-06-20T15:06:46.096+0000] {logging_mixin.py:188} INFO - [2025-06-20T15:06:46.096+0000] {dagbag.py:540} INFO - Filling up the DagBag from /home/airflow/.local/lib/python3.12/site-packages/airflow/example_dags/example_params_ui_tutorial.py
[2025-06-20T15:06:46.108+0000] {processor.py:840} INFO - DAG(s) 'example_params_ui_tutorial' retrieved from /home/airflow/.local/lib/python3.12/site-packages/airflow/example_dags/example_params_ui_tutorial.py
[2025-06-20T15:06:46.159+0000] {logging_mixin.py:188} INFO - [2025-06-20T15:06:46.159+0000] {dag.py:3096} INFO - Sync 1 DAGs
[2025-06-20T15:06:46.171+0000] {logging_mixin.py:188} INFO - [2025-06-20T15:06:46.171+0000] {dag.py:3954} INFO - Setting next_dagrun for example_params_ui_tutorial to None, run_after=None
[2025-06-20T15:06:46.186+0000] {processor.py:183} INFO - Processing /home/airflow/.local/lib/python3.12/site-packages/airflow/example_dags/example_params_ui_tutorial.py took 0.100 seconds
[2025-06-20T15:07:16.449+0000] {processor.py:161} INFO - Started process (PID=3838) to work on /home/airflow/.local/lib/python3.12/site-packages/airflow/example_dags/example_params_ui_tutorial.py
[2025-06-20T15:07:16.450+0000] {processor.py:830} INFO - Processing file /home/airflow/.local/lib/python3.12/site-packages/airflow/example_dags/example_params_ui_tutorial.py for tasks to queue
[2025-06-20T15:07:16.452+0000] {logging_mixin.py:188} INFO - [2025-06-20T15:07:16.452+0000] {dagbag.py:540} INFO - Filling up the DagBag from /home/airflow/.local/lib/python3.12/site-packages/airflow/example_dags/example_params_ui_tutorial.py
[2025-06-20T15:07:16.463+0000] {processor.py:840} INFO - DAG(s) 'example_params_ui_tutorial' retrieved from /home/airflow/.local/lib/python3.12/site-packages/airflow/example_dags/example_params_ui_tutorial.py
[2025-06-20T15:07:16.513+0000] {logging_mixin.py:188} INFO - [2025-06-20T15:07:16.513+0000] {dag.py:3096} INFO - Sync 1 DAGs
[2025-06-20T15:07:16.526+0000] {logging_mixin.py:188} INFO - [2025-06-20T15:07:16.526+0000] {dag.py:3954} INFO - Setting next_dagrun for example_params_ui_tutorial to None, run_after=None
[2025-06-20T15:07:16.542+0000] {processor.py:183} INFO - Processing /home/airflow/.local/lib/python3.12/site-packages/airflow/example_dags/example_params_ui_tutorial.py took 0.099 seconds
