[2025-06-20T14:34:46.745+0000] {processor.py:161} INFO - Started process (PID=72) to work on /home/airflow/.local/lib/python3.12/site-packages/airflow/example_dags/example_branch_day_of_week_operator.py
[2025-06-20T14:34:46.746+0000] {processor.py:830} INFO - Processing file /home/airflow/.local/lib/python3.12/site-packages/airflow/example_dags/example_branch_day_of_week_operator.py for tasks to queue
[2025-06-20T14:34:46.749+0000] {logging_mixin.py:188} INFO - [2025-06-20T14:34:46.748+0000] {dagbag.py:540} INFO - Filling up the DagBag from /home/airflow/.local/lib/python3.12/site-packages/airflow/example_dags/example_branch_day_of_week_operator.py
[2025-06-20T14:34:46.758+0000] {processor.py:840} INFO - DAG(s) 'example_weekday_branch_operator' retrieved from /home/airflow/.local/lib/python3.12/site-packages/airflow/example_dags/example_branch_day_of_week_operator.py
[2025-06-20T14:34:46.770+0000] {logging_mixin.py:188} INFO - [2025-06-20T14:34:46.770+0000] {dag.py:3096} INFO - Sync 1 DAGs
[2025-06-20T14:34:46.794+0000] {logging_mixin.py:188} INFO - [2025-06-20T14:34:46.794+0000] {dag.py:3954} INFO - Setting next_dagrun for example_weekday_branch_operator to 2025-06-19 00:00:00+00:00, run_after=2025-06-20 00:00:00+00:00
[2025-06-20T14:34:46.811+0000] {processor.py:183} INFO - Processing /home/airflow/.local/lib/python3.12/site-packages/airflow/example_dags/example_branch_day_of_week_operator.py took 0.073 seconds
[2025-06-20T14:35:17.713+0000] {processor.py:161} INFO - Started process (PID=130) to work on /home/airflow/.local/lib/python3.12/site-packages/airflow/example_dags/example_branch_day_of_week_operator.py
[2025-06-20T14:35:17.714+0000] {processor.py:830} INFO - Processing file /home/airflow/.local/lib/python3.12/site-packages/airflow/example_dags/example_branch_day_of_week_operator.py for tasks to queue
[2025-06-20T14:35:17.715+0000] {logging_mixin.py:188} INFO - [2025-06-20T14:35:17.715+0000] {dagbag.py:540} INFO - Filling up the DagBag from /home/airflow/.local/lib/python3.12/site-packages/airflow/example_dags/example_branch_day_of_week_operator.py
[2025-06-20T14:35:17.723+0000] {processor.py:840} INFO - DAG(s) 'example_weekday_branch_operator' retrieved from /home/airflow/.local/lib/python3.12/site-packages/airflow/example_dags/example_branch_day_of_week_operator.py
[2025-06-20T14:35:17.825+0000] {logging_mixin.py:188} INFO - [2025-06-20T14:35:17.825+0000] {dag.py:3096} INFO - Sync 1 DAGs
[2025-06-20T14:35:17.843+0000] {logging_mixin.py:188} INFO - [2025-06-20T14:35:17.843+0000] {dag.py:3954} INFO - Setting next_dagrun for example_weekday_branch_operator to 2025-06-19 00:00:00+00:00, run_after=2025-06-20 00:00:00+00:00
[2025-06-20T14:35:17.859+0000] {processor.py:183} INFO - Processing /home/airflow/.local/lib/python3.12/site-packages/airflow/example_dags/example_branch_day_of_week_operator.py took 0.152 seconds
[2025-06-20T14:35:47.965+0000] {processor.py:161} INFO - Started process (PID=188) to work on /home/airflow/.local/lib/python3.12/site-packages/airflow/example_dags/example_branch_day_of_week_operator.py
[2025-06-20T14:35:47.966+0000] {processor.py:830} INFO - Processing file /home/airflow/.local/lib/python3.12/site-packages/airflow/example_dags/example_branch_day_of_week_operator.py for tasks to queue
[2025-06-20T14:35:47.968+0000] {logging_mixin.py:188} INFO - [2025-06-20T14:35:47.968+0000] {dagbag.py:540} INFO - Filling up the DagBag from /home/airflow/.local/lib/python3.12/site-packages/airflow/example_dags/example_branch_day_of_week_operator.py
[2025-06-20T14:35:47.977+0000] {processor.py:840} INFO - DAG(s) 'example_weekday_branch_operator' retrieved from /home/airflow/.local/lib/python3.12/site-packages/airflow/example_dags/example_branch_day_of_week_operator.py
[2025-06-20T14:35:47.997+0000] {logging_mixin.py:188} INFO - [2025-06-20T14:35:47.997+0000] {dag.py:3096} INFO - Sync 1 DAGs
[2025-06-20T14:35:48.018+0000] {logging_mixin.py:188} INFO - [2025-06-20T14:35:48.018+0000] {dag.py:3954} INFO - Setting next_dagrun for example_weekday_branch_operator to 2025-06-19 00:00:00+00:00, run_after=2025-06-20 00:00:00+00:00
[2025-06-20T14:35:48.034+0000] {processor.py:183} INFO - Processing /home/airflow/.local/lib/python3.12/site-packages/airflow/example_dags/example_branch_day_of_week_operator.py took 0.077 seconds
[2025-06-20T14:36:18.325+0000] {processor.py:161} INFO - Started process (PID=246) to work on /home/airflow/.local/lib/python3.12/site-packages/airflow/example_dags/example_branch_day_of_week_operator.py
[2025-06-20T14:36:18.326+0000] {processor.py:830} INFO - Processing file /home/airflow/.local/lib/python3.12/site-packages/airflow/example_dags/example_branch_day_of_week_operator.py for tasks to queue
[2025-06-20T14:36:18.328+0000] {logging_mixin.py:188} INFO - [2025-06-20T14:36:18.328+0000] {dagbag.py:540} INFO - Filling up the DagBag from /home/airflow/.local/lib/python3.12/site-packages/airflow/example_dags/example_branch_day_of_week_operator.py
[2025-06-20T14:36:18.335+0000] {processor.py:840} INFO - DAG(s) 'example_weekday_branch_operator' retrieved from /home/airflow/.local/lib/python3.12/site-packages/airflow/example_dags/example_branch_day_of_week_operator.py
[2025-06-20T14:36:18.355+0000] {logging_mixin.py:188} INFO - [2025-06-20T14:36:18.355+0000] {dag.py:3096} INFO - Sync 1 DAGs
[2025-06-20T14:36:18.376+0000] {logging_mixin.py:188} INFO - [2025-06-20T14:36:18.376+0000] {dag.py:3954} INFO - Setting next_dagrun for example_weekday_branch_operator to 2025-06-19 00:00:00+00:00, run_after=2025-06-20 00:00:00+00:00
[2025-06-20T14:36:18.391+0000] {processor.py:183} INFO - Processing /home/airflow/.local/lib/python3.12/site-packages/airflow/example_dags/example_branch_day_of_week_operator.py took 0.072 seconds
[2025-06-20T14:36:48.902+0000] {processor.py:161} INFO - Started process (PID=310) to work on /home/airflow/.local/lib/python3.12/site-packages/airflow/example_dags/example_branch_day_of_week_operator.py
[2025-06-20T14:36:48.903+0000] {processor.py:830} INFO - Processing file /home/airflow/.local/lib/python3.12/site-packages/airflow/example_dags/example_branch_day_of_week_operator.py for tasks to queue
[2025-06-20T14:36:48.905+0000] {logging_mixin.py:188} INFO - [2025-06-20T14:36:48.904+0000] {dagbag.py:540} INFO - Filling up the DagBag from /home/airflow/.local/lib/python3.12/site-packages/airflow/example_dags/example_branch_day_of_week_operator.py
[2025-06-20T14:36:48.913+0000] {processor.py:840} INFO - DAG(s) 'example_weekday_branch_operator' retrieved from /home/airflow/.local/lib/python3.12/site-packages/airflow/example_dags/example_branch_day_of_week_operator.py
[2025-06-20T14:36:48.935+0000] {logging_mixin.py:188} INFO - [2025-06-20T14:36:48.934+0000] {dag.py:3096} INFO - Sync 1 DAGs
[2025-06-20T14:36:48.956+0000] {logging_mixin.py:188} INFO - [2025-06-20T14:36:48.956+0000] {dag.py:3954} INFO - Setting next_dagrun for example_weekday_branch_operator to 2025-06-19 00:00:00+00:00, run_after=2025-06-20 00:00:00+00:00
[2025-06-20T14:36:48.972+0000] {processor.py:183} INFO - Processing /home/airflow/.local/lib/python3.12/site-packages/airflow/example_dags/example_branch_day_of_week_operator.py took 0.075 seconds
[2025-06-20T14:37:19.479+0000] {processor.py:161} INFO - Started process (PID=384) to work on /home/airflow/.local/lib/python3.12/site-packages/airflow/example_dags/example_branch_day_of_week_operator.py
[2025-06-20T14:37:19.480+0000] {processor.py:830} INFO - Processing file /home/airflow/.local/lib/python3.12/site-packages/airflow/example_dags/example_branch_day_of_week_operator.py for tasks to queue
[2025-06-20T14:37:19.482+0000] {logging_mixin.py:188} INFO - [2025-06-20T14:37:19.481+0000] {dagbag.py:540} INFO - Filling up the DagBag from /home/airflow/.local/lib/python3.12/site-packages/airflow/example_dags/example_branch_day_of_week_operator.py
[2025-06-20T14:37:19.490+0000] {processor.py:840} INFO - DAG(s) 'example_weekday_branch_operator' retrieved from /home/airflow/.local/lib/python3.12/site-packages/airflow/example_dags/example_branch_day_of_week_operator.py
[2025-06-20T14:37:19.512+0000] {logging_mixin.py:188} INFO - [2025-06-20T14:37:19.511+0000] {dag.py:3096} INFO - Sync 1 DAGs
[2025-06-20T14:37:19.534+0000] {logging_mixin.py:188} INFO - [2025-06-20T14:37:19.534+0000] {dag.py:3954} INFO - Setting next_dagrun for example_weekday_branch_operator to 2025-06-19 00:00:00+00:00, run_after=2025-06-20 00:00:00+00:00
[2025-06-20T14:37:19.549+0000] {processor.py:183} INFO - Processing /home/airflow/.local/lib/python3.12/site-packages/airflow/example_dags/example_branch_day_of_week_operator.py took 0.078 seconds
[2025-06-20T14:37:49.967+0000] {processor.py:161} INFO - Started process (PID=442) to work on /home/airflow/.local/lib/python3.12/site-packages/airflow/example_dags/example_branch_day_of_week_operator.py
[2025-06-20T14:37:49.968+0000] {processor.py:830} INFO - Processing file /home/airflow/.local/lib/python3.12/site-packages/airflow/example_dags/example_branch_day_of_week_operator.py for tasks to queue
[2025-06-20T14:37:49.970+0000] {logging_mixin.py:188} INFO - [2025-06-20T14:37:49.969+0000] {dagbag.py:540} INFO - Filling up the DagBag from /home/airflow/.local/lib/python3.12/site-packages/airflow/example_dags/example_branch_day_of_week_operator.py
[2025-06-20T14:37:49.977+0000] {processor.py:840} INFO - DAG(s) 'example_weekday_branch_operator' retrieved from /home/airflow/.local/lib/python3.12/site-packages/airflow/example_dags/example_branch_day_of_week_operator.py
[2025-06-20T14:37:49.999+0000] {logging_mixin.py:188} INFO - [2025-06-20T14:37:49.999+0000] {dag.py:3096} INFO - Sync 1 DAGs
[2025-06-20T14:37:50.020+0000] {logging_mixin.py:188} INFO - [2025-06-20T14:37:50.020+0000] {dag.py:3954} INFO - Setting next_dagrun for example_weekday_branch_operator to 2025-06-19 00:00:00+00:00, run_after=2025-06-20 00:00:00+00:00
[2025-06-20T14:37:50.036+0000] {processor.py:183} INFO - Processing /home/airflow/.local/lib/python3.12/site-packages/airflow/example_dags/example_branch_day_of_week_operator.py took 0.075 seconds
[2025-06-20T14:38:20.438+0000] {processor.py:161} INFO - Started process (PID=500) to work on /home/airflow/.local/lib/python3.12/site-packages/airflow/example_dags/example_branch_day_of_week_operator.py
[2025-06-20T14:38:20.439+0000] {processor.py:830} INFO - Processing file /home/airflow/.local/lib/python3.12/site-packages/airflow/example_dags/example_branch_day_of_week_operator.py for tasks to queue
[2025-06-20T14:38:20.441+0000] {logging_mixin.py:188} INFO - [2025-06-20T14:38:20.440+0000] {dagbag.py:540} INFO - Filling up the DagBag from /home/airflow/.local/lib/python3.12/site-packages/airflow/example_dags/example_branch_day_of_week_operator.py
[2025-06-20T14:38:20.448+0000] {processor.py:840} INFO - DAG(s) 'example_weekday_branch_operator' retrieved from /home/airflow/.local/lib/python3.12/site-packages/airflow/example_dags/example_branch_day_of_week_operator.py
[2025-06-20T14:38:20.468+0000] {logging_mixin.py:188} INFO - [2025-06-20T14:38:20.468+0000] {dag.py:3096} INFO - Sync 1 DAGs
[2025-06-20T14:38:20.488+0000] {logging_mixin.py:188} INFO - [2025-06-20T14:38:20.488+0000] {dag.py:3954} INFO - Setting next_dagrun for example_weekday_branch_operator to 2025-06-19 00:00:00+00:00, run_after=2025-06-20 00:00:00+00:00
[2025-06-20T14:38:20.504+0000] {processor.py:183} INFO - Processing /home/airflow/.local/lib/python3.12/site-packages/airflow/example_dags/example_branch_day_of_week_operator.py took 0.073 seconds
[2025-06-20T14:38:51.355+0000] {processor.py:161} INFO - Started process (PID=558) to work on /home/airflow/.local/lib/python3.12/site-packages/airflow/example_dags/example_branch_day_of_week_operator.py
[2025-06-20T14:38:51.356+0000] {processor.py:830} INFO - Processing file /home/airflow/.local/lib/python3.12/site-packages/airflow/example_dags/example_branch_day_of_week_operator.py for tasks to queue
[2025-06-20T14:38:51.358+0000] {logging_mixin.py:188} INFO - [2025-06-20T14:38:51.358+0000] {dagbag.py:540} INFO - Filling up the DagBag from /home/airflow/.local/lib/python3.12/site-packages/airflow/example_dags/example_branch_day_of_week_operator.py
[2025-06-20T14:38:51.366+0000] {processor.py:840} INFO - DAG(s) 'example_weekday_branch_operator' retrieved from /home/airflow/.local/lib/python3.12/site-packages/airflow/example_dags/example_branch_day_of_week_operator.py
[2025-06-20T14:38:51.386+0000] {logging_mixin.py:188} INFO - [2025-06-20T14:38:51.386+0000] {dag.py:3096} INFO - Sync 1 DAGs
[2025-06-20T14:38:51.408+0000] {logging_mixin.py:188} INFO - [2025-06-20T14:38:51.407+0000] {dag.py:3954} INFO - Setting next_dagrun for example_weekday_branch_operator to 2025-06-19 00:00:00+00:00, run_after=2025-06-20 00:00:00+00:00
[2025-06-20T14:38:51.423+0000] {processor.py:183} INFO - Processing /home/airflow/.local/lib/python3.12/site-packages/airflow/example_dags/example_branch_day_of_week_operator.py took 0.074 seconds
[2025-06-20T14:39:21.623+0000] {processor.py:161} INFO - Started process (PID=616) to work on /home/airflow/.local/lib/python3.12/site-packages/airflow/example_dags/example_branch_day_of_week_operator.py
[2025-06-20T14:39:21.624+0000] {processor.py:830} INFO - Processing file /home/airflow/.local/lib/python3.12/site-packages/airflow/example_dags/example_branch_day_of_week_operator.py for tasks to queue
[2025-06-20T14:39:21.625+0000] {logging_mixin.py:188} INFO - [2025-06-20T14:39:21.625+0000] {dagbag.py:540} INFO - Filling up the DagBag from /home/airflow/.local/lib/python3.12/site-packages/airflow/example_dags/example_branch_day_of_week_operator.py
[2025-06-20T14:39:21.633+0000] {processor.py:840} INFO - DAG(s) 'example_weekday_branch_operator' retrieved from /home/airflow/.local/lib/python3.12/site-packages/airflow/example_dags/example_branch_day_of_week_operator.py
[2025-06-20T14:39:21.653+0000] {logging_mixin.py:188} INFO - [2025-06-20T14:39:21.652+0000] {dag.py:3096} INFO - Sync 1 DAGs
[2025-06-20T14:39:21.674+0000] {logging_mixin.py:188} INFO - [2025-06-20T14:39:21.673+0000] {dag.py:3954} INFO - Setting next_dagrun for example_weekday_branch_operator to 2025-06-19 00:00:00+00:00, run_after=2025-06-20 00:00:00+00:00
[2025-06-20T14:39:21.689+0000] {processor.py:183} INFO - Processing /home/airflow/.local/lib/python3.12/site-packages/airflow/example_dags/example_branch_day_of_week_operator.py took 0.072 seconds
[2025-06-20T14:39:51.986+0000] {processor.py:161} INFO - Started process (PID=674) to work on /home/airflow/.local/lib/python3.12/site-packages/airflow/example_dags/example_branch_day_of_week_operator.py
[2025-06-20T14:39:51.987+0000] {processor.py:830} INFO - Processing file /home/airflow/.local/lib/python3.12/site-packages/airflow/example_dags/example_branch_day_of_week_operator.py for tasks to queue
[2025-06-20T14:39:51.989+0000] {logging_mixin.py:188} INFO - [2025-06-20T14:39:51.989+0000] {dagbag.py:540} INFO - Filling up the DagBag from /home/airflow/.local/lib/python3.12/site-packages/airflow/example_dags/example_branch_day_of_week_operator.py
[2025-06-20T14:39:51.997+0000] {processor.py:840} INFO - DAG(s) 'example_weekday_branch_operator' retrieved from /home/airflow/.local/lib/python3.12/site-packages/airflow/example_dags/example_branch_day_of_week_operator.py
[2025-06-20T14:39:52.017+0000] {logging_mixin.py:188} INFO - [2025-06-20T14:39:52.017+0000] {dag.py:3096} INFO - Sync 1 DAGs
[2025-06-20T14:39:52.041+0000] {logging_mixin.py:188} INFO - [2025-06-20T14:39:52.041+0000] {dag.py:3954} INFO - Setting next_dagrun for example_weekday_branch_operator to 2025-06-19 00:00:00+00:00, run_after=2025-06-20 00:00:00+00:00
[2025-06-20T14:39:52.057+0000] {processor.py:183} INFO - Processing /home/airflow/.local/lib/python3.12/site-packages/airflow/example_dags/example_branch_day_of_week_operator.py took 0.076 seconds
[2025-06-20T14:40:22.224+0000] {processor.py:161} INFO - Started process (PID=732) to work on /home/airflow/.local/lib/python3.12/site-packages/airflow/example_dags/example_branch_day_of_week_operator.py
[2025-06-20T14:40:22.225+0000] {processor.py:830} INFO - Processing file /home/airflow/.local/lib/python3.12/site-packages/airflow/example_dags/example_branch_day_of_week_operator.py for tasks to queue
[2025-06-20T14:40:22.227+0000] {logging_mixin.py:188} INFO - [2025-06-20T14:40:22.227+0000] {dagbag.py:540} INFO - Filling up the DagBag from /home/airflow/.local/lib/python3.12/site-packages/airflow/example_dags/example_branch_day_of_week_operator.py
[2025-06-20T14:40:22.235+0000] {processor.py:840} INFO - DAG(s) 'example_weekday_branch_operator' retrieved from /home/airflow/.local/lib/python3.12/site-packages/airflow/example_dags/example_branch_day_of_week_operator.py
[2025-06-20T14:40:22.255+0000] {logging_mixin.py:188} INFO - [2025-06-20T14:40:22.255+0000] {dag.py:3096} INFO - Sync 1 DAGs
[2025-06-20T14:40:22.276+0000] {logging_mixin.py:188} INFO - [2025-06-20T14:40:22.276+0000] {dag.py:3954} INFO - Setting next_dagrun for example_weekday_branch_operator to 2025-06-19 00:00:00+00:00, run_after=2025-06-20 00:00:00+00:00
[2025-06-20T14:40:22.291+0000] {processor.py:183} INFO - Processing /home/airflow/.local/lib/python3.12/site-packages/airflow/example_dags/example_branch_day_of_week_operator.py took 0.073 seconds
[2025-06-20T14:40:52.573+0000] {processor.py:161} INFO - Started process (PID=790) to work on /home/airflow/.local/lib/python3.12/site-packages/airflow/example_dags/example_branch_day_of_week_operator.py
[2025-06-20T14:40:52.574+0000] {processor.py:830} INFO - Processing file /home/airflow/.local/lib/python3.12/site-packages/airflow/example_dags/example_branch_day_of_week_operator.py for tasks to queue
[2025-06-20T14:40:52.575+0000] {logging_mixin.py:188} INFO - [2025-06-20T14:40:52.575+0000] {dagbag.py:540} INFO - Filling up the DagBag from /home/airflow/.local/lib/python3.12/site-packages/airflow/example_dags/example_branch_day_of_week_operator.py
[2025-06-20T14:40:52.583+0000] {processor.py:840} INFO - DAG(s) 'example_weekday_branch_operator' retrieved from /home/airflow/.local/lib/python3.12/site-packages/airflow/example_dags/example_branch_day_of_week_operator.py
[2025-06-20T14:40:52.602+0000] {logging_mixin.py:188} INFO - [2025-06-20T14:40:52.602+0000] {dag.py:3096} INFO - Sync 1 DAGs
[2025-06-20T14:40:52.622+0000] {logging_mixin.py:188} INFO - [2025-06-20T14:40:52.622+0000] {dag.py:3954} INFO - Setting next_dagrun for example_weekday_branch_operator to 2025-06-19 00:00:00+00:00, run_after=2025-06-20 00:00:00+00:00
[2025-06-20T14:40:52.637+0000] {processor.py:183} INFO - Processing /home/airflow/.local/lib/python3.12/site-packages/airflow/example_dags/example_branch_day_of_week_operator.py took 0.070 seconds
[2025-06-20T14:41:22.803+0000] {processor.py:161} INFO - Started process (PID=848) to work on /home/airflow/.local/lib/python3.12/site-packages/airflow/example_dags/example_branch_day_of_week_operator.py
[2025-06-20T14:41:22.803+0000] {processor.py:830} INFO - Processing file /home/airflow/.local/lib/python3.12/site-packages/airflow/example_dags/example_branch_day_of_week_operator.py for tasks to queue
[2025-06-20T14:41:22.805+0000] {logging_mixin.py:188} INFO - [2025-06-20T14:41:22.805+0000] {dagbag.py:540} INFO - Filling up the DagBag from /home/airflow/.local/lib/python3.12/site-packages/airflow/example_dags/example_branch_day_of_week_operator.py
[2025-06-20T14:41:22.813+0000] {processor.py:840} INFO - DAG(s) 'example_weekday_branch_operator' retrieved from /home/airflow/.local/lib/python3.12/site-packages/airflow/example_dags/example_branch_day_of_week_operator.py
[2025-06-20T14:41:22.832+0000] {logging_mixin.py:188} INFO - [2025-06-20T14:41:22.832+0000] {dag.py:3096} INFO - Sync 1 DAGs
[2025-06-20T14:41:22.853+0000] {logging_mixin.py:188} INFO - [2025-06-20T14:41:22.853+0000] {dag.py:3954} INFO - Setting next_dagrun for example_weekday_branch_operator to 2025-06-19 00:00:00+00:00, run_after=2025-06-20 00:00:00+00:00
[2025-06-20T14:41:22.868+0000] {processor.py:183} INFO - Processing /home/airflow/.local/lib/python3.12/site-packages/airflow/example_dags/example_branch_day_of_week_operator.py took 0.072 seconds
[2025-06-20T14:41:53.098+0000] {processor.py:161} INFO - Started process (PID=906) to work on /home/airflow/.local/lib/python3.12/site-packages/airflow/example_dags/example_branch_day_of_week_operator.py
[2025-06-20T14:41:53.099+0000] {processor.py:830} INFO - Processing file /home/airflow/.local/lib/python3.12/site-packages/airflow/example_dags/example_branch_day_of_week_operator.py for tasks to queue
[2025-06-20T14:41:53.101+0000] {logging_mixin.py:188} INFO - [2025-06-20T14:41:53.101+0000] {dagbag.py:540} INFO - Filling up the DagBag from /home/airflow/.local/lib/python3.12/site-packages/airflow/example_dags/example_branch_day_of_week_operator.py
[2025-06-20T14:41:53.110+0000] {processor.py:840} INFO - DAG(s) 'example_weekday_branch_operator' retrieved from /home/airflow/.local/lib/python3.12/site-packages/airflow/example_dags/example_branch_day_of_week_operator.py
[2025-06-20T14:41:53.131+0000] {logging_mixin.py:188} INFO - [2025-06-20T14:41:53.130+0000] {dag.py:3096} INFO - Sync 1 DAGs
[2025-06-20T14:41:53.155+0000] {logging_mixin.py:188} INFO - [2025-06-20T14:41:53.155+0000] {dag.py:3954} INFO - Setting next_dagrun for example_weekday_branch_operator to 2025-06-19 00:00:00+00:00, run_after=2025-06-20 00:00:00+00:00
[2025-06-20T14:41:53.186+0000] {processor.py:183} INFO - Processing /home/airflow/.local/lib/python3.12/site-packages/airflow/example_dags/example_branch_day_of_week_operator.py took 0.094 seconds
[2025-06-20T14:42:23.737+0000] {processor.py:161} INFO - Started process (PID=964) to work on /home/airflow/.local/lib/python3.12/site-packages/airflow/example_dags/example_branch_day_of_week_operator.py
[2025-06-20T14:42:23.738+0000] {processor.py:830} INFO - Processing file /home/airflow/.local/lib/python3.12/site-packages/airflow/example_dags/example_branch_day_of_week_operator.py for tasks to queue
[2025-06-20T14:42:23.740+0000] {logging_mixin.py:188} INFO - [2025-06-20T14:42:23.739+0000] {dagbag.py:540} INFO - Filling up the DagBag from /home/airflow/.local/lib/python3.12/site-packages/airflow/example_dags/example_branch_day_of_week_operator.py
[2025-06-20T14:42:23.747+0000] {processor.py:840} INFO - DAG(s) 'example_weekday_branch_operator' retrieved from /home/airflow/.local/lib/python3.12/site-packages/airflow/example_dags/example_branch_day_of_week_operator.py
[2025-06-20T14:42:23.768+0000] {logging_mixin.py:188} INFO - [2025-06-20T14:42:23.768+0000] {dag.py:3096} INFO - Sync 1 DAGs
[2025-06-20T14:42:23.788+0000] {logging_mixin.py:188} INFO - [2025-06-20T14:42:23.788+0000] {dag.py:3954} INFO - Setting next_dagrun for example_weekday_branch_operator to 2025-06-19 00:00:00+00:00, run_after=2025-06-20 00:00:00+00:00
[2025-06-20T14:42:23.804+0000] {processor.py:183} INFO - Processing /home/airflow/.local/lib/python3.12/site-packages/airflow/example_dags/example_branch_day_of_week_operator.py took 0.073 seconds
[2025-06-20T14:42:54.842+0000] {processor.py:161} INFO - Started process (PID=1022) to work on /home/airflow/.local/lib/python3.12/site-packages/airflow/example_dags/example_branch_day_of_week_operator.py
[2025-06-20T14:42:54.843+0000] {processor.py:830} INFO - Processing file /home/airflow/.local/lib/python3.12/site-packages/airflow/example_dags/example_branch_day_of_week_operator.py for tasks to queue
[2025-06-20T14:42:54.846+0000] {logging_mixin.py:188} INFO - [2025-06-20T14:42:54.845+0000] {dagbag.py:540} INFO - Filling up the DagBag from /home/airflow/.local/lib/python3.12/site-packages/airflow/example_dags/example_branch_day_of_week_operator.py
[2025-06-20T14:42:54.856+0000] {processor.py:840} INFO - DAG(s) 'example_weekday_branch_operator' retrieved from /home/airflow/.local/lib/python3.12/site-packages/airflow/example_dags/example_branch_day_of_week_operator.py
[2025-06-20T14:42:54.879+0000] {logging_mixin.py:188} INFO - [2025-06-20T14:42:54.879+0000] {dag.py:3096} INFO - Sync 1 DAGs
[2025-06-20T14:42:54.903+0000] {logging_mixin.py:188} INFO - [2025-06-20T14:42:54.903+0000] {dag.py:3954} INFO - Setting next_dagrun for example_weekday_branch_operator to 2025-06-19 00:00:00+00:00, run_after=2025-06-20 00:00:00+00:00
[2025-06-20T14:42:54.919+0000] {processor.py:183} INFO - Processing /home/airflow/.local/lib/python3.12/site-packages/airflow/example_dags/example_branch_day_of_week_operator.py took 0.083 seconds
[2025-06-20T14:43:25.269+0000] {processor.py:161} INFO - Started process (PID=1080) to work on /home/airflow/.local/lib/python3.12/site-packages/airflow/example_dags/example_branch_day_of_week_operator.py
[2025-06-20T14:43:25.270+0000] {processor.py:830} INFO - Processing file /home/airflow/.local/lib/python3.12/site-packages/airflow/example_dags/example_branch_day_of_week_operator.py for tasks to queue
[2025-06-20T14:43:25.272+0000] {logging_mixin.py:188} INFO - [2025-06-20T14:43:25.271+0000] {dagbag.py:540} INFO - Filling up the DagBag from /home/airflow/.local/lib/python3.12/site-packages/airflow/example_dags/example_branch_day_of_week_operator.py
[2025-06-20T14:43:25.280+0000] {processor.py:840} INFO - DAG(s) 'example_weekday_branch_operator' retrieved from /home/airflow/.local/lib/python3.12/site-packages/airflow/example_dags/example_branch_day_of_week_operator.py
[2025-06-20T14:43:25.301+0000] {logging_mixin.py:188} INFO - [2025-06-20T14:43:25.301+0000] {dag.py:3096} INFO - Sync 1 DAGs
[2025-06-20T14:43:25.323+0000] {logging_mixin.py:188} INFO - [2025-06-20T14:43:25.323+0000] {dag.py:3954} INFO - Setting next_dagrun for example_weekday_branch_operator to 2025-06-19 00:00:00+00:00, run_after=2025-06-20 00:00:00+00:00
[2025-06-20T14:43:25.340+0000] {processor.py:183} INFO - Processing /home/airflow/.local/lib/python3.12/site-packages/airflow/example_dags/example_branch_day_of_week_operator.py took 0.078 seconds
[2025-06-20T14:43:56.142+0000] {processor.py:161} INFO - Started process (PID=1138) to work on /home/airflow/.local/lib/python3.12/site-packages/airflow/example_dags/example_branch_day_of_week_operator.py
[2025-06-20T14:43:56.143+0000] {processor.py:830} INFO - Processing file /home/airflow/.local/lib/python3.12/site-packages/airflow/example_dags/example_branch_day_of_week_operator.py for tasks to queue
[2025-06-20T14:43:56.145+0000] {logging_mixin.py:188} INFO - [2025-06-20T14:43:56.144+0000] {dagbag.py:540} INFO - Filling up the DagBag from /home/airflow/.local/lib/python3.12/site-packages/airflow/example_dags/example_branch_day_of_week_operator.py
[2025-06-20T14:43:56.153+0000] {processor.py:840} INFO - DAG(s) 'example_weekday_branch_operator' retrieved from /home/airflow/.local/lib/python3.12/site-packages/airflow/example_dags/example_branch_day_of_week_operator.py
[2025-06-20T14:43:56.173+0000] {logging_mixin.py:188} INFO - [2025-06-20T14:43:56.173+0000] {dag.py:3096} INFO - Sync 1 DAGs
[2025-06-20T14:43:56.195+0000] {logging_mixin.py:188} INFO - [2025-06-20T14:43:56.195+0000] {dag.py:3954} INFO - Setting next_dagrun for example_weekday_branch_operator to 2025-06-19 00:00:00+00:00, run_after=2025-06-20 00:00:00+00:00
[2025-06-20T14:43:56.211+0000] {processor.py:183} INFO - Processing /home/airflow/.local/lib/python3.12/site-packages/airflow/example_dags/example_branch_day_of_week_operator.py took 0.076 seconds
[2025-06-20T14:44:26.344+0000] {processor.py:161} INFO - Started process (PID=1196) to work on /home/airflow/.local/lib/python3.12/site-packages/airflow/example_dags/example_branch_day_of_week_operator.py
[2025-06-20T14:44:26.345+0000] {processor.py:830} INFO - Processing file /home/airflow/.local/lib/python3.12/site-packages/airflow/example_dags/example_branch_day_of_week_operator.py for tasks to queue
[2025-06-20T14:44:26.347+0000] {logging_mixin.py:188} INFO - [2025-06-20T14:44:26.347+0000] {dagbag.py:540} INFO - Filling up the DagBag from /home/airflow/.local/lib/python3.12/site-packages/airflow/example_dags/example_branch_day_of_week_operator.py
[2025-06-20T14:44:26.355+0000] {processor.py:840} INFO - DAG(s) 'example_weekday_branch_operator' retrieved from /home/airflow/.local/lib/python3.12/site-packages/airflow/example_dags/example_branch_day_of_week_operator.py
[2025-06-20T14:44:26.375+0000] {logging_mixin.py:188} INFO - [2025-06-20T14:44:26.375+0000] {dag.py:3096} INFO - Sync 1 DAGs
[2025-06-20T14:44:26.398+0000] {logging_mixin.py:188} INFO - [2025-06-20T14:44:26.398+0000] {dag.py:3954} INFO - Setting next_dagrun for example_weekday_branch_operator to 2025-06-19 00:00:00+00:00, run_after=2025-06-20 00:00:00+00:00
[2025-06-20T14:44:26.413+0000] {processor.py:183} INFO - Processing /home/airflow/.local/lib/python3.12/site-packages/airflow/example_dags/example_branch_day_of_week_operator.py took 0.075 seconds
[2025-06-20T14:44:56.695+0000] {processor.py:161} INFO - Started process (PID=1254) to work on /home/airflow/.local/lib/python3.12/site-packages/airflow/example_dags/example_branch_day_of_week_operator.py
[2025-06-20T14:44:56.696+0000] {processor.py:830} INFO - Processing file /home/airflow/.local/lib/python3.12/site-packages/airflow/example_dags/example_branch_day_of_week_operator.py for tasks to queue
[2025-06-20T14:44:56.698+0000] {logging_mixin.py:188} INFO - [2025-06-20T14:44:56.697+0000] {dagbag.py:540} INFO - Filling up the DagBag from /home/airflow/.local/lib/python3.12/site-packages/airflow/example_dags/example_branch_day_of_week_operator.py
[2025-06-20T14:44:56.705+0000] {processor.py:840} INFO - DAG(s) 'example_weekday_branch_operator' retrieved from /home/airflow/.local/lib/python3.12/site-packages/airflow/example_dags/example_branch_day_of_week_operator.py
[2025-06-20T14:44:56.724+0000] {logging_mixin.py:188} INFO - [2025-06-20T14:44:56.724+0000] {dag.py:3096} INFO - Sync 1 DAGs
[2025-06-20T14:44:56.744+0000] {logging_mixin.py:188} INFO - [2025-06-20T14:44:56.744+0000] {dag.py:3954} INFO - Setting next_dagrun for example_weekday_branch_operator to 2025-06-19 00:00:00+00:00, run_after=2025-06-20 00:00:00+00:00
[2025-06-20T14:44:56.759+0000] {processor.py:183} INFO - Processing /home/airflow/.local/lib/python3.12/site-packages/airflow/example_dags/example_branch_day_of_week_operator.py took 0.070 seconds
[2025-06-20T14:45:27.455+0000] {processor.py:161} INFO - Started process (PID=1312) to work on /home/airflow/.local/lib/python3.12/site-packages/airflow/example_dags/example_branch_day_of_week_operator.py
[2025-06-20T14:45:27.455+0000] {processor.py:830} INFO - Processing file /home/airflow/.local/lib/python3.12/site-packages/airflow/example_dags/example_branch_day_of_week_operator.py for tasks to queue
[2025-06-20T14:45:27.457+0000] {logging_mixin.py:188} INFO - [2025-06-20T14:45:27.457+0000] {dagbag.py:540} INFO - Filling up the DagBag from /home/airflow/.local/lib/python3.12/site-packages/airflow/example_dags/example_branch_day_of_week_operator.py
[2025-06-20T14:45:27.465+0000] {processor.py:840} INFO - DAG(s) 'example_weekday_branch_operator' retrieved from /home/airflow/.local/lib/python3.12/site-packages/airflow/example_dags/example_branch_day_of_week_operator.py
[2025-06-20T14:45:27.486+0000] {logging_mixin.py:188} INFO - [2025-06-20T14:45:27.486+0000] {dag.py:3096} INFO - Sync 1 DAGs
[2025-06-20T14:45:27.636+0000] {logging_mixin.py:188} INFO - [2025-06-20T14:45:27.636+0000] {dag.py:3954} INFO - Setting next_dagrun for example_weekday_branch_operator to 2025-06-19 00:00:00+00:00, run_after=2025-06-20 00:00:00+00:00
[2025-06-20T14:45:27.650+0000] {processor.py:183} INFO - Processing /home/airflow/.local/lib/python3.12/site-packages/airflow/example_dags/example_branch_day_of_week_operator.py took 0.202 seconds
[2025-06-20T14:45:58.542+0000] {processor.py:161} INFO - Started process (PID=1370) to work on /home/airflow/.local/lib/python3.12/site-packages/airflow/example_dags/example_branch_day_of_week_operator.py
[2025-06-20T14:45:58.543+0000] {processor.py:830} INFO - Processing file /home/airflow/.local/lib/python3.12/site-packages/airflow/example_dags/example_branch_day_of_week_operator.py for tasks to queue
[2025-06-20T14:45:58.545+0000] {logging_mixin.py:188} INFO - [2025-06-20T14:45:58.545+0000] {dagbag.py:540} INFO - Filling up the DagBag from /home/airflow/.local/lib/python3.12/site-packages/airflow/example_dags/example_branch_day_of_week_operator.py
[2025-06-20T14:45:58.553+0000] {processor.py:840} INFO - DAG(s) 'example_weekday_branch_operator' retrieved from /home/airflow/.local/lib/python3.12/site-packages/airflow/example_dags/example_branch_day_of_week_operator.py
[2025-06-20T14:45:58.572+0000] {logging_mixin.py:188} INFO - [2025-06-20T14:45:58.572+0000] {dag.py:3096} INFO - Sync 1 DAGs
[2025-06-20T14:45:58.593+0000] {logging_mixin.py:188} INFO - [2025-06-20T14:45:58.593+0000] {dag.py:3954} INFO - Setting next_dagrun for example_weekday_branch_operator to 2025-06-19 00:00:00+00:00, run_after=2025-06-20 00:00:00+00:00
[2025-06-20T14:45:58.608+0000] {processor.py:183} INFO - Processing /home/airflow/.local/lib/python3.12/site-packages/airflow/example_dags/example_branch_day_of_week_operator.py took 0.072 seconds
[2025-06-20T14:46:28.821+0000] {processor.py:161} INFO - Started process (PID=1428) to work on /home/airflow/.local/lib/python3.12/site-packages/airflow/example_dags/example_branch_day_of_week_operator.py
[2025-06-20T14:46:28.822+0000] {processor.py:830} INFO - Processing file /home/airflow/.local/lib/python3.12/site-packages/airflow/example_dags/example_branch_day_of_week_operator.py for tasks to queue
[2025-06-20T14:46:28.824+0000] {logging_mixin.py:188} INFO - [2025-06-20T14:46:28.824+0000] {dagbag.py:540} INFO - Filling up the DagBag from /home/airflow/.local/lib/python3.12/site-packages/airflow/example_dags/example_branch_day_of_week_operator.py
[2025-06-20T14:46:28.832+0000] {processor.py:840} INFO - DAG(s) 'example_weekday_branch_operator' retrieved from /home/airflow/.local/lib/python3.12/site-packages/airflow/example_dags/example_branch_day_of_week_operator.py
[2025-06-20T14:46:28.852+0000] {logging_mixin.py:188} INFO - [2025-06-20T14:46:28.852+0000] {dag.py:3096} INFO - Sync 1 DAGs
[2025-06-20T14:46:28.872+0000] {logging_mixin.py:188} INFO - [2025-06-20T14:46:28.872+0000] {dag.py:3954} INFO - Setting next_dagrun for example_weekday_branch_operator to 2025-06-19 00:00:00+00:00, run_after=2025-06-20 00:00:00+00:00
[2025-06-20T14:46:28.888+0000] {processor.py:183} INFO - Processing /home/airflow/.local/lib/python3.12/site-packages/airflow/example_dags/example_branch_day_of_week_operator.py took 0.073 seconds
[2025-06-20T14:46:59.050+0000] {processor.py:161} INFO - Started process (PID=1486) to work on /home/airflow/.local/lib/python3.12/site-packages/airflow/example_dags/example_branch_day_of_week_operator.py
[2025-06-20T14:46:59.051+0000] {processor.py:830} INFO - Processing file /home/airflow/.local/lib/python3.12/site-packages/airflow/example_dags/example_branch_day_of_week_operator.py for tasks to queue
[2025-06-20T14:46:59.053+0000] {logging_mixin.py:188} INFO - [2025-06-20T14:46:59.052+0000] {dagbag.py:540} INFO - Filling up the DagBag from /home/airflow/.local/lib/python3.12/site-packages/airflow/example_dags/example_branch_day_of_week_operator.py
[2025-06-20T14:46:59.061+0000] {processor.py:840} INFO - DAG(s) 'example_weekday_branch_operator' retrieved from /home/airflow/.local/lib/python3.12/site-packages/airflow/example_dags/example_branch_day_of_week_operator.py
[2025-06-20T14:46:59.082+0000] {logging_mixin.py:188} INFO - [2025-06-20T14:46:59.082+0000] {dag.py:3096} INFO - Sync 1 DAGs
[2025-06-20T14:46:59.105+0000] {logging_mixin.py:188} INFO - [2025-06-20T14:46:59.105+0000] {dag.py:3954} INFO - Setting next_dagrun for example_weekday_branch_operator to 2025-06-19 00:00:00+00:00, run_after=2025-06-20 00:00:00+00:00
[2025-06-20T14:46:59.122+0000] {processor.py:183} INFO - Processing /home/airflow/.local/lib/python3.12/site-packages/airflow/example_dags/example_branch_day_of_week_operator.py took 0.078 seconds
[2025-06-20T14:47:29.363+0000] {processor.py:161} INFO - Started process (PID=1544) to work on /home/airflow/.local/lib/python3.12/site-packages/airflow/example_dags/example_branch_day_of_week_operator.py
[2025-06-20T14:47:29.364+0000] {processor.py:830} INFO - Processing file /home/airflow/.local/lib/python3.12/site-packages/airflow/example_dags/example_branch_day_of_week_operator.py for tasks to queue
[2025-06-20T14:47:29.366+0000] {logging_mixin.py:188} INFO - [2025-06-20T14:47:29.365+0000] {dagbag.py:540} INFO - Filling up the DagBag from /home/airflow/.local/lib/python3.12/site-packages/airflow/example_dags/example_branch_day_of_week_operator.py
[2025-06-20T14:47:29.373+0000] {processor.py:840} INFO - DAG(s) 'example_weekday_branch_operator' retrieved from /home/airflow/.local/lib/python3.12/site-packages/airflow/example_dags/example_branch_day_of_week_operator.py
[2025-06-20T14:47:29.393+0000] {logging_mixin.py:188} INFO - [2025-06-20T14:47:29.393+0000] {dag.py:3096} INFO - Sync 1 DAGs
[2025-06-20T14:47:29.413+0000] {logging_mixin.py:188} INFO - [2025-06-20T14:47:29.413+0000] {dag.py:3954} INFO - Setting next_dagrun for example_weekday_branch_operator to 2025-06-19 00:00:00+00:00, run_after=2025-06-20 00:00:00+00:00
[2025-06-20T14:47:29.428+0000] {processor.py:183} INFO - Processing /home/airflow/.local/lib/python3.12/site-packages/airflow/example_dags/example_branch_day_of_week_operator.py took 0.071 seconds
[2025-06-20T14:47:59.671+0000] {processor.py:161} INFO - Started process (PID=1602) to work on /home/airflow/.local/lib/python3.12/site-packages/airflow/example_dags/example_branch_day_of_week_operator.py
[2025-06-20T14:47:59.672+0000] {processor.py:830} INFO - Processing file /home/airflow/.local/lib/python3.12/site-packages/airflow/example_dags/example_branch_day_of_week_operator.py for tasks to queue
[2025-06-20T14:47:59.674+0000] {logging_mixin.py:188} INFO - [2025-06-20T14:47:59.674+0000] {dagbag.py:540} INFO - Filling up the DagBag from /home/airflow/.local/lib/python3.12/site-packages/airflow/example_dags/example_branch_day_of_week_operator.py
[2025-06-20T14:47:59.681+0000] {processor.py:840} INFO - DAG(s) 'example_weekday_branch_operator' retrieved from /home/airflow/.local/lib/python3.12/site-packages/airflow/example_dags/example_branch_day_of_week_operator.py
[2025-06-20T14:47:59.701+0000] {logging_mixin.py:188} INFO - [2025-06-20T14:47:59.701+0000] {dag.py:3096} INFO - Sync 1 DAGs
[2025-06-20T14:47:59.722+0000] {logging_mixin.py:188} INFO - [2025-06-20T14:47:59.722+0000] {dag.py:3954} INFO - Setting next_dagrun for example_weekday_branch_operator to 2025-06-19 00:00:00+00:00, run_after=2025-06-20 00:00:00+00:00
[2025-06-20T14:47:59.737+0000] {processor.py:183} INFO - Processing /home/airflow/.local/lib/python3.12/site-packages/airflow/example_dags/example_branch_day_of_week_operator.py took 0.072 seconds
[2025-06-20T14:48:30.060+0000] {processor.py:161} INFO - Started process (PID=1660) to work on /home/airflow/.local/lib/python3.12/site-packages/airflow/example_dags/example_branch_day_of_week_operator.py
[2025-06-20T14:48:30.061+0000] {processor.py:830} INFO - Processing file /home/airflow/.local/lib/python3.12/site-packages/airflow/example_dags/example_branch_day_of_week_operator.py for tasks to queue
[2025-06-20T14:48:30.063+0000] {logging_mixin.py:188} INFO - [2025-06-20T14:48:30.063+0000] {dagbag.py:540} INFO - Filling up the DagBag from /home/airflow/.local/lib/python3.12/site-packages/airflow/example_dags/example_branch_day_of_week_operator.py
[2025-06-20T14:48:30.072+0000] {processor.py:840} INFO - DAG(s) 'example_weekday_branch_operator' retrieved from /home/airflow/.local/lib/python3.12/site-packages/airflow/example_dags/example_branch_day_of_week_operator.py
[2025-06-20T14:48:30.094+0000] {logging_mixin.py:188} INFO - [2025-06-20T14:48:30.094+0000] {dag.py:3096} INFO - Sync 1 DAGs
[2025-06-20T14:48:30.116+0000] {logging_mixin.py:188} INFO - [2025-06-20T14:48:30.116+0000] {dag.py:3954} INFO - Setting next_dagrun for example_weekday_branch_operator to 2025-06-19 00:00:00+00:00, run_after=2025-06-20 00:00:00+00:00
[2025-06-20T14:48:30.131+0000] {processor.py:183} INFO - Processing /home/airflow/.local/lib/python3.12/site-packages/airflow/example_dags/example_branch_day_of_week_operator.py took 0.078 seconds
[2025-06-20T14:49:00.294+0000] {processor.py:161} INFO - Started process (PID=1718) to work on /home/airflow/.local/lib/python3.12/site-packages/airflow/example_dags/example_branch_day_of_week_operator.py
[2025-06-20T14:49:00.295+0000] {processor.py:830} INFO - Processing file /home/airflow/.local/lib/python3.12/site-packages/airflow/example_dags/example_branch_day_of_week_operator.py for tasks to queue
[2025-06-20T14:49:00.297+0000] {logging_mixin.py:188} INFO - [2025-06-20T14:49:00.296+0000] {dagbag.py:540} INFO - Filling up the DagBag from /home/airflow/.local/lib/python3.12/site-packages/airflow/example_dags/example_branch_day_of_week_operator.py
[2025-06-20T14:49:00.305+0000] {processor.py:840} INFO - DAG(s) 'example_weekday_branch_operator' retrieved from /home/airflow/.local/lib/python3.12/site-packages/airflow/example_dags/example_branch_day_of_week_operator.py
[2025-06-20T14:49:00.327+0000] {logging_mixin.py:188} INFO - [2025-06-20T14:49:00.326+0000] {dag.py:3096} INFO - Sync 1 DAGs
[2025-06-20T14:49:00.349+0000] {logging_mixin.py:188} INFO - [2025-06-20T14:49:00.349+0000] {dag.py:3954} INFO - Setting next_dagrun for example_weekday_branch_operator to 2025-06-19 00:00:00+00:00, run_after=2025-06-20 00:00:00+00:00
[2025-06-20T14:49:00.365+0000] {processor.py:183} INFO - Processing /home/airflow/.local/lib/python3.12/site-packages/airflow/example_dags/example_branch_day_of_week_operator.py took 0.077 seconds
[2025-06-20T14:49:30.572+0000] {processor.py:161} INFO - Started process (PID=1776) to work on /home/airflow/.local/lib/python3.12/site-packages/airflow/example_dags/example_branch_day_of_week_operator.py
[2025-06-20T14:49:30.573+0000] {processor.py:830} INFO - Processing file /home/airflow/.local/lib/python3.12/site-packages/airflow/example_dags/example_branch_day_of_week_operator.py for tasks to queue
[2025-06-20T14:49:30.576+0000] {logging_mixin.py:188} INFO - [2025-06-20T14:49:30.575+0000] {dagbag.py:540} INFO - Filling up the DagBag from /home/airflow/.local/lib/python3.12/site-packages/airflow/example_dags/example_branch_day_of_week_operator.py
[2025-06-20T14:49:30.585+0000] {processor.py:840} INFO - DAG(s) 'example_weekday_branch_operator' retrieved from /home/airflow/.local/lib/python3.12/site-packages/airflow/example_dags/example_branch_day_of_week_operator.py
[2025-06-20T14:49:30.609+0000] {logging_mixin.py:188} INFO - [2025-06-20T14:49:30.608+0000] {dag.py:3096} INFO - Sync 1 DAGs
[2025-06-20T14:49:30.634+0000] {logging_mixin.py:188} INFO - [2025-06-20T14:49:30.634+0000] {dag.py:3954} INFO - Setting next_dagrun for example_weekday_branch_operator to 2025-06-19 00:00:00+00:00, run_after=2025-06-20 00:00:00+00:00
[2025-06-20T14:49:30.652+0000] {processor.py:183} INFO - Processing /home/airflow/.local/lib/python3.12/site-packages/airflow/example_dags/example_branch_day_of_week_operator.py took 0.088 seconds
[2025-06-20T14:50:00.777+0000] {processor.py:161} INFO - Started process (PID=1834) to work on /home/airflow/.local/lib/python3.12/site-packages/airflow/example_dags/example_branch_day_of_week_operator.py
[2025-06-20T14:50:00.778+0000] {processor.py:830} INFO - Processing file /home/airflow/.local/lib/python3.12/site-packages/airflow/example_dags/example_branch_day_of_week_operator.py for tasks to queue
[2025-06-20T14:50:00.780+0000] {logging_mixin.py:188} INFO - [2025-06-20T14:50:00.780+0000] {dagbag.py:540} INFO - Filling up the DagBag from /home/airflow/.local/lib/python3.12/site-packages/airflow/example_dags/example_branch_day_of_week_operator.py
[2025-06-20T14:50:00.788+0000] {processor.py:840} INFO - DAG(s) 'example_weekday_branch_operator' retrieved from /home/airflow/.local/lib/python3.12/site-packages/airflow/example_dags/example_branch_day_of_week_operator.py
[2025-06-20T14:50:00.811+0000] {logging_mixin.py:188} INFO - [2025-06-20T14:50:00.811+0000] {dag.py:3096} INFO - Sync 1 DAGs
[2025-06-20T14:50:00.834+0000] {logging_mixin.py:188} INFO - [2025-06-20T14:50:00.834+0000] {dag.py:3954} INFO - Setting next_dagrun for example_weekday_branch_operator to 2025-06-19 00:00:00+00:00, run_after=2025-06-20 00:00:00+00:00
[2025-06-20T14:50:00.851+0000] {processor.py:183} INFO - Processing /home/airflow/.local/lib/python3.12/site-packages/airflow/example_dags/example_branch_day_of_week_operator.py took 0.080 seconds
[2025-06-20T14:50:30.942+0000] {processor.py:161} INFO - Started process (PID=1892) to work on /home/airflow/.local/lib/python3.12/site-packages/airflow/example_dags/example_branch_day_of_week_operator.py
[2025-06-20T14:50:30.943+0000] {processor.py:830} INFO - Processing file /home/airflow/.local/lib/python3.12/site-packages/airflow/example_dags/example_branch_day_of_week_operator.py for tasks to queue
[2025-06-20T14:50:30.945+0000] {logging_mixin.py:188} INFO - [2025-06-20T14:50:30.945+0000] {dagbag.py:540} INFO - Filling up the DagBag from /home/airflow/.local/lib/python3.12/site-packages/airflow/example_dags/example_branch_day_of_week_operator.py
[2025-06-20T14:50:30.952+0000] {processor.py:840} INFO - DAG(s) 'example_weekday_branch_operator' retrieved from /home/airflow/.local/lib/python3.12/site-packages/airflow/example_dags/example_branch_day_of_week_operator.py
[2025-06-20T14:50:30.973+0000] {logging_mixin.py:188} INFO - [2025-06-20T14:50:30.973+0000] {dag.py:3096} INFO - Sync 1 DAGs
[2025-06-20T14:50:30.994+0000] {logging_mixin.py:188} INFO - [2025-06-20T14:50:30.994+0000] {dag.py:3954} INFO - Setting next_dagrun for example_weekday_branch_operator to 2025-06-19 00:00:00+00:00, run_after=2025-06-20 00:00:00+00:00
[2025-06-20T14:50:31.009+0000] {processor.py:183} INFO - Processing /home/airflow/.local/lib/python3.12/site-packages/airflow/example_dags/example_branch_day_of_week_operator.py took 0.074 seconds
[2025-06-20T14:51:01.135+0000] {processor.py:161} INFO - Started process (PID=1950) to work on /home/airflow/.local/lib/python3.12/site-packages/airflow/example_dags/example_branch_day_of_week_operator.py
[2025-06-20T14:51:01.136+0000] {processor.py:830} INFO - Processing file /home/airflow/.local/lib/python3.12/site-packages/airflow/example_dags/example_branch_day_of_week_operator.py for tasks to queue
[2025-06-20T14:51:01.138+0000] {logging_mixin.py:188} INFO - [2025-06-20T14:51:01.137+0000] {dagbag.py:540} INFO - Filling up the DagBag from /home/airflow/.local/lib/python3.12/site-packages/airflow/example_dags/example_branch_day_of_week_operator.py
[2025-06-20T14:51:01.145+0000] {processor.py:840} INFO - DAG(s) 'example_weekday_branch_operator' retrieved from /home/airflow/.local/lib/python3.12/site-packages/airflow/example_dags/example_branch_day_of_week_operator.py
[2025-06-20T14:51:01.166+0000] {logging_mixin.py:188} INFO - [2025-06-20T14:51:01.165+0000] {dag.py:3096} INFO - Sync 1 DAGs
[2025-06-20T14:51:01.187+0000] {logging_mixin.py:188} INFO - [2025-06-20T14:51:01.186+0000] {dag.py:3954} INFO - Setting next_dagrun for example_weekday_branch_operator to 2025-06-19 00:00:00+00:00, run_after=2025-06-20 00:00:00+00:00
[2025-06-20T14:51:01.202+0000] {processor.py:183} INFO - Processing /home/airflow/.local/lib/python3.12/site-packages/airflow/example_dags/example_branch_day_of_week_operator.py took 0.074 seconds
[2025-06-20T14:51:31.344+0000] {processor.py:161} INFO - Started process (PID=2008) to work on /home/airflow/.local/lib/python3.12/site-packages/airflow/example_dags/example_branch_day_of_week_operator.py
[2025-06-20T14:51:31.345+0000] {processor.py:830} INFO - Processing file /home/airflow/.local/lib/python3.12/site-packages/airflow/example_dags/example_branch_day_of_week_operator.py for tasks to queue
[2025-06-20T14:51:31.347+0000] {logging_mixin.py:188} INFO - [2025-06-20T14:51:31.346+0000] {dagbag.py:540} INFO - Filling up the DagBag from /home/airflow/.local/lib/python3.12/site-packages/airflow/example_dags/example_branch_day_of_week_operator.py
[2025-06-20T14:51:31.355+0000] {processor.py:840} INFO - DAG(s) 'example_weekday_branch_operator' retrieved from /home/airflow/.local/lib/python3.12/site-packages/airflow/example_dags/example_branch_day_of_week_operator.py
[2025-06-20T14:51:31.375+0000] {logging_mixin.py:188} INFO - [2025-06-20T14:51:31.375+0000] {dag.py:3096} INFO - Sync 1 DAGs
[2025-06-20T14:51:31.397+0000] {logging_mixin.py:188} INFO - [2025-06-20T14:51:31.397+0000] {dag.py:3954} INFO - Setting next_dagrun for example_weekday_branch_operator to 2025-06-19 00:00:00+00:00, run_after=2025-06-20 00:00:00+00:00
[2025-06-20T14:51:31.416+0000] {processor.py:183} INFO - Processing /home/airflow/.local/lib/python3.12/site-packages/airflow/example_dags/example_branch_day_of_week_operator.py took 0.081 seconds
[2025-06-20T14:52:01.632+0000] {processor.py:161} INFO - Started process (PID=2066) to work on /home/airflow/.local/lib/python3.12/site-packages/airflow/example_dags/example_branch_day_of_week_operator.py
[2025-06-20T14:52:01.633+0000] {processor.py:830} INFO - Processing file /home/airflow/.local/lib/python3.12/site-packages/airflow/example_dags/example_branch_day_of_week_operator.py for tasks to queue
[2025-06-20T14:52:01.635+0000] {logging_mixin.py:188} INFO - [2025-06-20T14:52:01.634+0000] {dagbag.py:540} INFO - Filling up the DagBag from /home/airflow/.local/lib/python3.12/site-packages/airflow/example_dags/example_branch_day_of_week_operator.py
[2025-06-20T14:52:01.642+0000] {processor.py:840} INFO - DAG(s) 'example_weekday_branch_operator' retrieved from /home/airflow/.local/lib/python3.12/site-packages/airflow/example_dags/example_branch_day_of_week_operator.py
[2025-06-20T14:52:01.662+0000] {logging_mixin.py:188} INFO - [2025-06-20T14:52:01.662+0000] {dag.py:3096} INFO - Sync 1 DAGs
[2025-06-20T14:52:01.683+0000] {logging_mixin.py:188} INFO - [2025-06-20T14:52:01.683+0000] {dag.py:3954} INFO - Setting next_dagrun for example_weekday_branch_operator to 2025-06-19 00:00:00+00:00, run_after=2025-06-20 00:00:00+00:00
[2025-06-20T14:52:01.700+0000] {processor.py:183} INFO - Processing /home/airflow/.local/lib/python3.12/site-packages/airflow/example_dags/example_branch_day_of_week_operator.py took 0.074 seconds
[2025-06-20T14:52:32.491+0000] {processor.py:161} INFO - Started process (PID=2124) to work on /home/airflow/.local/lib/python3.12/site-packages/airflow/example_dags/example_branch_day_of_week_operator.py
[2025-06-20T14:52:32.492+0000] {processor.py:830} INFO - Processing file /home/airflow/.local/lib/python3.12/site-packages/airflow/example_dags/example_branch_day_of_week_operator.py for tasks to queue
[2025-06-20T14:52:32.493+0000] {logging_mixin.py:188} INFO - [2025-06-20T14:52:32.493+0000] {dagbag.py:540} INFO - Filling up the DagBag from /home/airflow/.local/lib/python3.12/site-packages/airflow/example_dags/example_branch_day_of_week_operator.py
[2025-06-20T14:52:32.502+0000] {processor.py:840} INFO - DAG(s) 'example_weekday_branch_operator' retrieved from /home/airflow/.local/lib/python3.12/site-packages/airflow/example_dags/example_branch_day_of_week_operator.py
[2025-06-20T14:52:32.524+0000] {logging_mixin.py:188} INFO - [2025-06-20T14:52:32.524+0000] {dag.py:3096} INFO - Sync 1 DAGs
[2025-06-20T14:52:32.547+0000] {logging_mixin.py:188} INFO - [2025-06-20T14:52:32.547+0000] {dag.py:3954} INFO - Setting next_dagrun for example_weekday_branch_operator to 2025-06-19 00:00:00+00:00, run_after=2025-06-20 00:00:00+00:00
[2025-06-20T14:52:32.563+0000] {processor.py:183} INFO - Processing /home/airflow/.local/lib/python3.12/site-packages/airflow/example_dags/example_branch_day_of_week_operator.py took 0.078 seconds
[2025-06-20T14:53:02.686+0000] {processor.py:161} INFO - Started process (PID=2182) to work on /home/airflow/.local/lib/python3.12/site-packages/airflow/example_dags/example_branch_day_of_week_operator.py
[2025-06-20T14:53:02.687+0000] {processor.py:830} INFO - Processing file /home/airflow/.local/lib/python3.12/site-packages/airflow/example_dags/example_branch_day_of_week_operator.py for tasks to queue
[2025-06-20T14:53:02.689+0000] {logging_mixin.py:188} INFO - [2025-06-20T14:53:02.689+0000] {dagbag.py:540} INFO - Filling up the DagBag from /home/airflow/.local/lib/python3.12/site-packages/airflow/example_dags/example_branch_day_of_week_operator.py
[2025-06-20T14:53:02.697+0000] {processor.py:840} INFO - DAG(s) 'example_weekday_branch_operator' retrieved from /home/airflow/.local/lib/python3.12/site-packages/airflow/example_dags/example_branch_day_of_week_operator.py
[2025-06-20T14:53:02.717+0000] {logging_mixin.py:188} INFO - [2025-06-20T14:53:02.717+0000] {dag.py:3096} INFO - Sync 1 DAGs
[2025-06-20T14:53:02.738+0000] {logging_mixin.py:188} INFO - [2025-06-20T14:53:02.737+0000] {dag.py:3954} INFO - Setting next_dagrun for example_weekday_branch_operator to 2025-06-19 00:00:00+00:00, run_after=2025-06-20 00:00:00+00:00
[2025-06-20T14:53:02.753+0000] {processor.py:183} INFO - Processing /home/airflow/.local/lib/python3.12/site-packages/airflow/example_dags/example_branch_day_of_week_operator.py took 0.073 seconds
[2025-06-20T14:53:33.093+0000] {processor.py:161} INFO - Started process (PID=2240) to work on /home/airflow/.local/lib/python3.12/site-packages/airflow/example_dags/example_branch_day_of_week_operator.py
[2025-06-20T14:53:33.094+0000] {processor.py:830} INFO - Processing file /home/airflow/.local/lib/python3.12/site-packages/airflow/example_dags/example_branch_day_of_week_operator.py for tasks to queue
[2025-06-20T14:53:33.096+0000] {logging_mixin.py:188} INFO - [2025-06-20T14:53:33.096+0000] {dagbag.py:540} INFO - Filling up the DagBag from /home/airflow/.local/lib/python3.12/site-packages/airflow/example_dags/example_branch_day_of_week_operator.py
[2025-06-20T14:53:33.104+0000] {processor.py:840} INFO - DAG(s) 'example_weekday_branch_operator' retrieved from /home/airflow/.local/lib/python3.12/site-packages/airflow/example_dags/example_branch_day_of_week_operator.py
[2025-06-20T14:53:33.123+0000] {logging_mixin.py:188} INFO - [2025-06-20T14:53:33.123+0000] {dag.py:3096} INFO - Sync 1 DAGs
[2025-06-20T14:53:33.145+0000] {logging_mixin.py:188} INFO - [2025-06-20T14:53:33.145+0000] {dag.py:3954} INFO - Setting next_dagrun for example_weekday_branch_operator to 2025-06-19 00:00:00+00:00, run_after=2025-06-20 00:00:00+00:00
[2025-06-20T14:53:33.160+0000] {processor.py:183} INFO - Processing /home/airflow/.local/lib/python3.12/site-packages/airflow/example_dags/example_branch_day_of_week_operator.py took 0.073 seconds
[2025-06-20T14:54:04.057+0000] {processor.py:161} INFO - Started process (PID=2298) to work on /home/airflow/.local/lib/python3.12/site-packages/airflow/example_dags/example_branch_day_of_week_operator.py
[2025-06-20T14:54:04.058+0000] {processor.py:830} INFO - Processing file /home/airflow/.local/lib/python3.12/site-packages/airflow/example_dags/example_branch_day_of_week_operator.py for tasks to queue
[2025-06-20T14:54:04.060+0000] {logging_mixin.py:188} INFO - [2025-06-20T14:54:04.060+0000] {dagbag.py:540} INFO - Filling up the DagBag from /home/airflow/.local/lib/python3.12/site-packages/airflow/example_dags/example_branch_day_of_week_operator.py
[2025-06-20T14:54:04.067+0000] {processor.py:840} INFO - DAG(s) 'example_weekday_branch_operator' retrieved from /home/airflow/.local/lib/python3.12/site-packages/airflow/example_dags/example_branch_day_of_week_operator.py
[2025-06-20T14:54:04.087+0000] {logging_mixin.py:188} INFO - [2025-06-20T14:54:04.087+0000] {dag.py:3096} INFO - Sync 1 DAGs
[2025-06-20T14:54:04.107+0000] {logging_mixin.py:188} INFO - [2025-06-20T14:54:04.107+0000] {dag.py:3954} INFO - Setting next_dagrun for example_weekday_branch_operator to 2025-06-19 00:00:00+00:00, run_after=2025-06-20 00:00:00+00:00
[2025-06-20T14:54:04.122+0000] {processor.py:183} INFO - Processing /home/airflow/.local/lib/python3.12/site-packages/airflow/example_dags/example_branch_day_of_week_operator.py took 0.071 seconds
[2025-06-20T14:54:34.988+0000] {processor.py:161} INFO - Started process (PID=2356) to work on /home/airflow/.local/lib/python3.12/site-packages/airflow/example_dags/example_branch_day_of_week_operator.py
[2025-06-20T14:54:34.989+0000] {processor.py:830} INFO - Processing file /home/airflow/.local/lib/python3.12/site-packages/airflow/example_dags/example_branch_day_of_week_operator.py for tasks to queue
[2025-06-20T14:54:34.992+0000] {logging_mixin.py:188} INFO - [2025-06-20T14:54:34.992+0000] {dagbag.py:540} INFO - Filling up the DagBag from /home/airflow/.local/lib/python3.12/site-packages/airflow/example_dags/example_branch_day_of_week_operator.py
[2025-06-20T14:54:35.005+0000] {processor.py:840} INFO - DAG(s) 'example_weekday_branch_operator' retrieved from /home/airflow/.local/lib/python3.12/site-packages/airflow/example_dags/example_branch_day_of_week_operator.py
[2025-06-20T14:54:35.032+0000] {logging_mixin.py:188} INFO - [2025-06-20T14:54:35.031+0000] {dag.py:3096} INFO - Sync 1 DAGs
[2025-06-20T14:54:35.055+0000] {logging_mixin.py:188} INFO - [2025-06-20T14:54:35.054+0000] {dag.py:3954} INFO - Setting next_dagrun for example_weekday_branch_operator to 2025-06-19 00:00:00+00:00, run_after=2025-06-20 00:00:00+00:00
[2025-06-20T14:54:35.072+0000] {processor.py:183} INFO - Processing /home/airflow/.local/lib/python3.12/site-packages/airflow/example_dags/example_branch_day_of_week_operator.py took 0.093 seconds
[2025-06-20T14:55:05.178+0000] {processor.py:161} INFO - Started process (PID=2415) to work on /home/airflow/.local/lib/python3.12/site-packages/airflow/example_dags/example_branch_day_of_week_operator.py
[2025-06-20T14:55:05.179+0000] {processor.py:830} INFO - Processing file /home/airflow/.local/lib/python3.12/site-packages/airflow/example_dags/example_branch_day_of_week_operator.py for tasks to queue
[2025-06-20T14:55:05.181+0000] {logging_mixin.py:188} INFO - [2025-06-20T14:55:05.180+0000] {dagbag.py:540} INFO - Filling up the DagBag from /home/airflow/.local/lib/python3.12/site-packages/airflow/example_dags/example_branch_day_of_week_operator.py
[2025-06-20T14:55:05.189+0000] {processor.py:840} INFO - DAG(s) 'example_weekday_branch_operator' retrieved from /home/airflow/.local/lib/python3.12/site-packages/airflow/example_dags/example_branch_day_of_week_operator.py
[2025-06-20T14:55:05.210+0000] {logging_mixin.py:188} INFO - [2025-06-20T14:55:05.209+0000] {dag.py:3096} INFO - Sync 1 DAGs
[2025-06-20T14:55:05.231+0000] {logging_mixin.py:188} INFO - [2025-06-20T14:55:05.231+0000] {dag.py:3954} INFO - Setting next_dagrun for example_weekday_branch_operator to 2025-06-19 00:00:00+00:00, run_after=2025-06-20 00:00:00+00:00
[2025-06-20T14:55:05.247+0000] {processor.py:183} INFO - Processing /home/airflow/.local/lib/python3.12/site-packages/airflow/example_dags/example_branch_day_of_week_operator.py took 0.077 seconds
[2025-06-20T14:55:35.459+0000] {processor.py:161} INFO - Started process (PID=2474) to work on /home/airflow/.local/lib/python3.12/site-packages/airflow/example_dags/example_branch_day_of_week_operator.py
[2025-06-20T14:55:35.460+0000] {processor.py:830} INFO - Processing file /home/airflow/.local/lib/python3.12/site-packages/airflow/example_dags/example_branch_day_of_week_operator.py for tasks to queue
[2025-06-20T14:55:35.461+0000] {logging_mixin.py:188} INFO - [2025-06-20T14:55:35.461+0000] {dagbag.py:540} INFO - Filling up the DagBag from /home/airflow/.local/lib/python3.12/site-packages/airflow/example_dags/example_branch_day_of_week_operator.py
[2025-06-20T14:55:35.469+0000] {processor.py:840} INFO - DAG(s) 'example_weekday_branch_operator' retrieved from /home/airflow/.local/lib/python3.12/site-packages/airflow/example_dags/example_branch_day_of_week_operator.py
[2025-06-20T14:55:35.489+0000] {logging_mixin.py:188} INFO - [2025-06-20T14:55:35.489+0000] {dag.py:3096} INFO - Sync 1 DAGs
[2025-06-20T14:55:35.514+0000] {logging_mixin.py:188} INFO - [2025-06-20T14:55:35.514+0000] {dag.py:3954} INFO - Setting next_dagrun for example_weekday_branch_operator to 2025-06-19 00:00:00+00:00, run_after=2025-06-20 00:00:00+00:00
[2025-06-20T14:55:35.531+0000] {processor.py:183} INFO - Processing /home/airflow/.local/lib/python3.12/site-packages/airflow/example_dags/example_branch_day_of_week_operator.py took 0.078 seconds
[2025-06-20T14:56:05.831+0000] {processor.py:161} INFO - Started process (PID=2533) to work on /home/airflow/.local/lib/python3.12/site-packages/airflow/example_dags/example_branch_day_of_week_operator.py
[2025-06-20T14:56:05.832+0000] {processor.py:830} INFO - Processing file /home/airflow/.local/lib/python3.12/site-packages/airflow/example_dags/example_branch_day_of_week_operator.py for tasks to queue
[2025-06-20T14:56:05.834+0000] {logging_mixin.py:188} INFO - [2025-06-20T14:56:05.833+0000] {dagbag.py:540} INFO - Filling up the DagBag from /home/airflow/.local/lib/python3.12/site-packages/airflow/example_dags/example_branch_day_of_week_operator.py
[2025-06-20T14:56:05.841+0000] {processor.py:840} INFO - DAG(s) 'example_weekday_branch_operator' retrieved from /home/airflow/.local/lib/python3.12/site-packages/airflow/example_dags/example_branch_day_of_week_operator.py
[2025-06-20T14:56:05.861+0000] {logging_mixin.py:188} INFO - [2025-06-20T14:56:05.861+0000] {dag.py:3096} INFO - Sync 1 DAGs
[2025-06-20T14:56:05.882+0000] {logging_mixin.py:188} INFO - [2025-06-20T14:56:05.881+0000] {dag.py:3954} INFO - Setting next_dagrun for example_weekday_branch_operator to 2025-06-19 00:00:00+00:00, run_after=2025-06-20 00:00:00+00:00
[2025-06-20T14:56:05.897+0000] {processor.py:183} INFO - Processing /home/airflow/.local/lib/python3.12/site-packages/airflow/example_dags/example_branch_day_of_week_operator.py took 0.073 seconds
[2025-06-20T14:56:36.039+0000] {processor.py:161} INFO - Started process (PID=2592) to work on /home/airflow/.local/lib/python3.12/site-packages/airflow/example_dags/example_branch_day_of_week_operator.py
[2025-06-20T14:56:36.040+0000] {processor.py:830} INFO - Processing file /home/airflow/.local/lib/python3.12/site-packages/airflow/example_dags/example_branch_day_of_week_operator.py for tasks to queue
[2025-06-20T14:56:36.042+0000] {logging_mixin.py:188} INFO - [2025-06-20T14:56:36.042+0000] {dagbag.py:540} INFO - Filling up the DagBag from /home/airflow/.local/lib/python3.12/site-packages/airflow/example_dags/example_branch_day_of_week_operator.py
[2025-06-20T14:56:36.050+0000] {processor.py:840} INFO - DAG(s) 'example_weekday_branch_operator' retrieved from /home/airflow/.local/lib/python3.12/site-packages/airflow/example_dags/example_branch_day_of_week_operator.py
[2025-06-20T14:56:36.070+0000] {logging_mixin.py:188} INFO - [2025-06-20T14:56:36.070+0000] {dag.py:3096} INFO - Sync 1 DAGs
[2025-06-20T14:56:36.091+0000] {logging_mixin.py:188} INFO - [2025-06-20T14:56:36.091+0000] {dag.py:3954} INFO - Setting next_dagrun for example_weekday_branch_operator to 2025-06-19 00:00:00+00:00, run_after=2025-06-20 00:00:00+00:00
[2025-06-20T14:56:36.107+0000] {processor.py:183} INFO - Processing /home/airflow/.local/lib/python3.12/site-packages/airflow/example_dags/example_branch_day_of_week_operator.py took 0.074 seconds
[2025-06-20T14:57:06.352+0000] {processor.py:161} INFO - Started process (PID=2651) to work on /home/airflow/.local/lib/python3.12/site-packages/airflow/example_dags/example_branch_day_of_week_operator.py
[2025-06-20T14:57:06.353+0000] {processor.py:830} INFO - Processing file /home/airflow/.local/lib/python3.12/site-packages/airflow/example_dags/example_branch_day_of_week_operator.py for tasks to queue
[2025-06-20T14:57:06.355+0000] {logging_mixin.py:188} INFO - [2025-06-20T14:57:06.355+0000] {dagbag.py:540} INFO - Filling up the DagBag from /home/airflow/.local/lib/python3.12/site-packages/airflow/example_dags/example_branch_day_of_week_operator.py
[2025-06-20T14:57:06.362+0000] {processor.py:840} INFO - DAG(s) 'example_weekday_branch_operator' retrieved from /home/airflow/.local/lib/python3.12/site-packages/airflow/example_dags/example_branch_day_of_week_operator.py
[2025-06-20T14:57:06.383+0000] {logging_mixin.py:188} INFO - [2025-06-20T14:57:06.383+0000] {dag.py:3096} INFO - Sync 1 DAGs
[2025-06-20T14:57:06.403+0000] {logging_mixin.py:188} INFO - [2025-06-20T14:57:06.403+0000] {dag.py:3954} INFO - Setting next_dagrun for example_weekday_branch_operator to 2025-06-19 00:00:00+00:00, run_after=2025-06-20 00:00:00+00:00
[2025-06-20T14:57:06.418+0000] {processor.py:183} INFO - Processing /home/airflow/.local/lib/python3.12/site-packages/airflow/example_dags/example_branch_day_of_week_operator.py took 0.072 seconds
[2025-06-20T14:57:36.548+0000] {processor.py:161} INFO - Started process (PID=2710) to work on /home/airflow/.local/lib/python3.12/site-packages/airflow/example_dags/example_branch_day_of_week_operator.py
[2025-06-20T14:57:36.549+0000] {processor.py:830} INFO - Processing file /home/airflow/.local/lib/python3.12/site-packages/airflow/example_dags/example_branch_day_of_week_operator.py for tasks to queue
[2025-06-20T14:57:36.551+0000] {logging_mixin.py:188} INFO - [2025-06-20T14:57:36.551+0000] {dagbag.py:540} INFO - Filling up the DagBag from /home/airflow/.local/lib/python3.12/site-packages/airflow/example_dags/example_branch_day_of_week_operator.py
[2025-06-20T14:57:36.560+0000] {processor.py:840} INFO - DAG(s) 'example_weekday_branch_operator' retrieved from /home/airflow/.local/lib/python3.12/site-packages/airflow/example_dags/example_branch_day_of_week_operator.py
[2025-06-20T14:57:36.584+0000] {logging_mixin.py:188} INFO - [2025-06-20T14:57:36.584+0000] {dag.py:3096} INFO - Sync 1 DAGs
[2025-06-20T14:57:36.607+0000] {logging_mixin.py:188} INFO - [2025-06-20T14:57:36.607+0000] {dag.py:3954} INFO - Setting next_dagrun for example_weekday_branch_operator to 2025-06-19 00:00:00+00:00, run_after=2025-06-20 00:00:00+00:00
[2025-06-20T14:57:36.625+0000] {processor.py:183} INFO - Processing /home/airflow/.local/lib/python3.12/site-packages/airflow/example_dags/example_branch_day_of_week_operator.py took 0.083 seconds
[2025-06-20T14:58:06.692+0000] {processor.py:161} INFO - Started process (PID=2769) to work on /home/airflow/.local/lib/python3.12/site-packages/airflow/example_dags/example_branch_day_of_week_operator.py
[2025-06-20T14:58:06.693+0000] {processor.py:830} INFO - Processing file /home/airflow/.local/lib/python3.12/site-packages/airflow/example_dags/example_branch_day_of_week_operator.py for tasks to queue
[2025-06-20T14:58:06.694+0000] {logging_mixin.py:188} INFO - [2025-06-20T14:58:06.694+0000] {dagbag.py:540} INFO - Filling up the DagBag from /home/airflow/.local/lib/python3.12/site-packages/airflow/example_dags/example_branch_day_of_week_operator.py
[2025-06-20T14:58:06.702+0000] {processor.py:840} INFO - DAG(s) 'example_weekday_branch_operator' retrieved from /home/airflow/.local/lib/python3.12/site-packages/airflow/example_dags/example_branch_day_of_week_operator.py
[2025-06-20T14:58:06.723+0000] {logging_mixin.py:188} INFO - [2025-06-20T14:58:06.723+0000] {dag.py:3096} INFO - Sync 1 DAGs
[2025-06-20T14:58:06.744+0000] {logging_mixin.py:188} INFO - [2025-06-20T14:58:06.744+0000] {dag.py:3954} INFO - Setting next_dagrun for example_weekday_branch_operator to 2025-06-19 00:00:00+00:00, run_after=2025-06-20 00:00:00+00:00
[2025-06-20T14:58:06.760+0000] {processor.py:183} INFO - Processing /home/airflow/.local/lib/python3.12/site-packages/airflow/example_dags/example_branch_day_of_week_operator.py took 0.075 seconds
[2025-06-20T14:58:36.888+0000] {processor.py:161} INFO - Started process (PID=2828) to work on /home/airflow/.local/lib/python3.12/site-packages/airflow/example_dags/example_branch_day_of_week_operator.py
[2025-06-20T14:58:36.889+0000] {processor.py:830} INFO - Processing file /home/airflow/.local/lib/python3.12/site-packages/airflow/example_dags/example_branch_day_of_week_operator.py for tasks to queue
[2025-06-20T14:58:36.891+0000] {logging_mixin.py:188} INFO - [2025-06-20T14:58:36.891+0000] {dagbag.py:540} INFO - Filling up the DagBag from /home/airflow/.local/lib/python3.12/site-packages/airflow/example_dags/example_branch_day_of_week_operator.py
[2025-06-20T14:58:36.899+0000] {processor.py:840} INFO - DAG(s) 'example_weekday_branch_operator' retrieved from /home/airflow/.local/lib/python3.12/site-packages/airflow/example_dags/example_branch_day_of_week_operator.py
[2025-06-20T14:58:36.920+0000] {logging_mixin.py:188} INFO - [2025-06-20T14:58:36.920+0000] {dag.py:3096} INFO - Sync 1 DAGs
[2025-06-20T14:58:36.941+0000] {logging_mixin.py:188} INFO - [2025-06-20T14:58:36.941+0000] {dag.py:3954} INFO - Setting next_dagrun for example_weekday_branch_operator to 2025-06-19 00:00:00+00:00, run_after=2025-06-20 00:00:00+00:00
[2025-06-20T14:58:36.958+0000] {processor.py:183} INFO - Processing /home/airflow/.local/lib/python3.12/site-packages/airflow/example_dags/example_branch_day_of_week_operator.py took 0.075 seconds
[2025-06-20T14:59:07.210+0000] {processor.py:161} INFO - Started process (PID=2887) to work on /home/airflow/.local/lib/python3.12/site-packages/airflow/example_dags/example_branch_day_of_week_operator.py
[2025-06-20T14:59:07.211+0000] {processor.py:830} INFO - Processing file /home/airflow/.local/lib/python3.12/site-packages/airflow/example_dags/example_branch_day_of_week_operator.py for tasks to queue
[2025-06-20T14:59:07.213+0000] {logging_mixin.py:188} INFO - [2025-06-20T14:59:07.212+0000] {dagbag.py:540} INFO - Filling up the DagBag from /home/airflow/.local/lib/python3.12/site-packages/airflow/example_dags/example_branch_day_of_week_operator.py
[2025-06-20T14:59:07.221+0000] {processor.py:840} INFO - DAG(s) 'example_weekday_branch_operator' retrieved from /home/airflow/.local/lib/python3.12/site-packages/airflow/example_dags/example_branch_day_of_week_operator.py
[2025-06-20T14:59:07.244+0000] {logging_mixin.py:188} INFO - [2025-06-20T14:59:07.244+0000] {dag.py:3096} INFO - Sync 1 DAGs
[2025-06-20T14:59:07.265+0000] {logging_mixin.py:188} INFO - [2025-06-20T14:59:07.265+0000] {dag.py:3954} INFO - Setting next_dagrun for example_weekday_branch_operator to 2025-06-19 00:00:00+00:00, run_after=2025-06-20 00:00:00+00:00
[2025-06-20T14:59:07.280+0000] {processor.py:183} INFO - Processing /home/airflow/.local/lib/python3.12/site-packages/airflow/example_dags/example_branch_day_of_week_operator.py took 0.077 seconds
[2025-06-20T14:59:38.087+0000] {processor.py:161} INFO - Started process (PID=2944) to work on /home/airflow/.local/lib/python3.12/site-packages/airflow/example_dags/example_branch_day_of_week_operator.py
[2025-06-20T14:59:38.088+0000] {processor.py:830} INFO - Processing file /home/airflow/.local/lib/python3.12/site-packages/airflow/example_dags/example_branch_day_of_week_operator.py for tasks to queue
[2025-06-20T14:59:38.090+0000] {logging_mixin.py:188} INFO - [2025-06-20T14:59:38.089+0000] {dagbag.py:540} INFO - Filling up the DagBag from /home/airflow/.local/lib/python3.12/site-packages/airflow/example_dags/example_branch_day_of_week_operator.py
[2025-06-20T14:59:38.097+0000] {processor.py:840} INFO - DAG(s) 'example_weekday_branch_operator' retrieved from /home/airflow/.local/lib/python3.12/site-packages/airflow/example_dags/example_branch_day_of_week_operator.py
[2025-06-20T14:59:38.118+0000] {logging_mixin.py:188} INFO - [2025-06-20T14:59:38.118+0000] {dag.py:3096} INFO - Sync 1 DAGs
[2025-06-20T14:59:38.139+0000] {logging_mixin.py:188} INFO - [2025-06-20T14:59:38.139+0000] {dag.py:3954} INFO - Setting next_dagrun for example_weekday_branch_operator to 2025-06-19 00:00:00+00:00, run_after=2025-06-20 00:00:00+00:00
[2025-06-20T14:59:38.155+0000] {processor.py:183} INFO - Processing /home/airflow/.local/lib/python3.12/site-packages/airflow/example_dags/example_branch_day_of_week_operator.py took 0.074 seconds
[2025-06-20T15:00:08.564+0000] {processor.py:161} INFO - Started process (PID=3003) to work on /home/airflow/.local/lib/python3.12/site-packages/airflow/example_dags/example_branch_day_of_week_operator.py
[2025-06-20T15:00:08.565+0000] {processor.py:830} INFO - Processing file /home/airflow/.local/lib/python3.12/site-packages/airflow/example_dags/example_branch_day_of_week_operator.py for tasks to queue
[2025-06-20T15:00:08.566+0000] {logging_mixin.py:188} INFO - [2025-06-20T15:00:08.566+0000] {dagbag.py:540} INFO - Filling up the DagBag from /home/airflow/.local/lib/python3.12/site-packages/airflow/example_dags/example_branch_day_of_week_operator.py
[2025-06-20T15:00:08.574+0000] {processor.py:840} INFO - DAG(s) 'example_weekday_branch_operator' retrieved from /home/airflow/.local/lib/python3.12/site-packages/airflow/example_dags/example_branch_day_of_week_operator.py
[2025-06-20T15:00:08.595+0000] {logging_mixin.py:188} INFO - [2025-06-20T15:00:08.595+0000] {dag.py:3096} INFO - Sync 1 DAGs
[2025-06-20T15:00:08.618+0000] {logging_mixin.py:188} INFO - [2025-06-20T15:00:08.617+0000] {dag.py:3954} INFO - Setting next_dagrun for example_weekday_branch_operator to 2025-06-19 00:00:00+00:00, run_after=2025-06-20 00:00:00+00:00
[2025-06-20T15:00:08.634+0000] {processor.py:183} INFO - Processing /home/airflow/.local/lib/python3.12/site-packages/airflow/example_dags/example_branch_day_of_week_operator.py took 0.076 seconds
[2025-06-20T15:00:39.055+0000] {processor.py:161} INFO - Started process (PID=3062) to work on /home/airflow/.local/lib/python3.12/site-packages/airflow/example_dags/example_branch_day_of_week_operator.py
[2025-06-20T15:00:39.056+0000] {processor.py:830} INFO - Processing file /home/airflow/.local/lib/python3.12/site-packages/airflow/example_dags/example_branch_day_of_week_operator.py for tasks to queue
[2025-06-20T15:00:39.058+0000] {logging_mixin.py:188} INFO - [2025-06-20T15:00:39.058+0000] {dagbag.py:540} INFO - Filling up the DagBag from /home/airflow/.local/lib/python3.12/site-packages/airflow/example_dags/example_branch_day_of_week_operator.py
[2025-06-20T15:00:39.066+0000] {processor.py:840} INFO - DAG(s) 'example_weekday_branch_operator' retrieved from /home/airflow/.local/lib/python3.12/site-packages/airflow/example_dags/example_branch_day_of_week_operator.py
[2025-06-20T15:00:39.086+0000] {logging_mixin.py:188} INFO - [2025-06-20T15:00:39.086+0000] {dag.py:3096} INFO - Sync 1 DAGs
[2025-06-20T15:00:39.107+0000] {logging_mixin.py:188} INFO - [2025-06-20T15:00:39.107+0000] {dag.py:3954} INFO - Setting next_dagrun for example_weekday_branch_operator to 2025-06-19 00:00:00+00:00, run_after=2025-06-20 00:00:00+00:00
[2025-06-20T15:00:39.122+0000] {processor.py:183} INFO - Processing /home/airflow/.local/lib/python3.12/site-packages/airflow/example_dags/example_branch_day_of_week_operator.py took 0.073 seconds
[2025-06-20T15:01:09.249+0000] {processor.py:161} INFO - Started process (PID=3121) to work on /home/airflow/.local/lib/python3.12/site-packages/airflow/example_dags/example_branch_day_of_week_operator.py
[2025-06-20T15:01:09.250+0000] {processor.py:830} INFO - Processing file /home/airflow/.local/lib/python3.12/site-packages/airflow/example_dags/example_branch_day_of_week_operator.py for tasks to queue
[2025-06-20T15:01:09.252+0000] {logging_mixin.py:188} INFO - [2025-06-20T15:01:09.251+0000] {dagbag.py:540} INFO - Filling up the DagBag from /home/airflow/.local/lib/python3.12/site-packages/airflow/example_dags/example_branch_day_of_week_operator.py
[2025-06-20T15:01:09.259+0000] {processor.py:840} INFO - DAG(s) 'example_weekday_branch_operator' retrieved from /home/airflow/.local/lib/python3.12/site-packages/airflow/example_dags/example_branch_day_of_week_operator.py
[2025-06-20T15:01:09.281+0000] {logging_mixin.py:188} INFO - [2025-06-20T15:01:09.281+0000] {dag.py:3096} INFO - Sync 1 DAGs
[2025-06-20T15:01:09.302+0000] {logging_mixin.py:188} INFO - [2025-06-20T15:01:09.301+0000] {dag.py:3954} INFO - Setting next_dagrun for example_weekday_branch_operator to 2025-06-19 00:00:00+00:00, run_after=2025-06-20 00:00:00+00:00
[2025-06-20T15:01:09.317+0000] {processor.py:183} INFO - Processing /home/airflow/.local/lib/python3.12/site-packages/airflow/example_dags/example_branch_day_of_week_operator.py took 0.074 seconds
[2025-06-20T15:01:39.433+0000] {processor.py:161} INFO - Started process (PID=3180) to work on /home/airflow/.local/lib/python3.12/site-packages/airflow/example_dags/example_branch_day_of_week_operator.py
[2025-06-20T15:01:39.434+0000] {processor.py:830} INFO - Processing file /home/airflow/.local/lib/python3.12/site-packages/airflow/example_dags/example_branch_day_of_week_operator.py for tasks to queue
[2025-06-20T15:01:39.436+0000] {logging_mixin.py:188} INFO - [2025-06-20T15:01:39.436+0000] {dagbag.py:540} INFO - Filling up the DagBag from /home/airflow/.local/lib/python3.12/site-packages/airflow/example_dags/example_branch_day_of_week_operator.py
[2025-06-20T15:01:39.443+0000] {processor.py:840} INFO - DAG(s) 'example_weekday_branch_operator' retrieved from /home/airflow/.local/lib/python3.12/site-packages/airflow/example_dags/example_branch_day_of_week_operator.py
[2025-06-20T15:01:39.464+0000] {logging_mixin.py:188} INFO - [2025-06-20T15:01:39.463+0000] {dag.py:3096} INFO - Sync 1 DAGs
[2025-06-20T15:01:39.484+0000] {logging_mixin.py:188} INFO - [2025-06-20T15:01:39.484+0000] {dag.py:3954} INFO - Setting next_dagrun for example_weekday_branch_operator to 2025-06-19 00:00:00+00:00, run_after=2025-06-20 00:00:00+00:00
[2025-06-20T15:01:39.500+0000] {processor.py:183} INFO - Processing /home/airflow/.local/lib/python3.12/site-packages/airflow/example_dags/example_branch_day_of_week_operator.py took 0.073 seconds
[2025-06-20T15:02:10.152+0000] {processor.py:161} INFO - Started process (PID=3239) to work on /home/airflow/.local/lib/python3.12/site-packages/airflow/example_dags/example_branch_day_of_week_operator.py
[2025-06-20T15:02:10.153+0000] {processor.py:830} INFO - Processing file /home/airflow/.local/lib/python3.12/site-packages/airflow/example_dags/example_branch_day_of_week_operator.py for tasks to queue
[2025-06-20T15:02:10.155+0000] {logging_mixin.py:188} INFO - [2025-06-20T15:02:10.155+0000] {dagbag.py:540} INFO - Filling up the DagBag from /home/airflow/.local/lib/python3.12/site-packages/airflow/example_dags/example_branch_day_of_week_operator.py
[2025-06-20T15:02:10.163+0000] {processor.py:840} INFO - DAG(s) 'example_weekday_branch_operator' retrieved from /home/airflow/.local/lib/python3.12/site-packages/airflow/example_dags/example_branch_day_of_week_operator.py
[2025-06-20T15:02:10.184+0000] {logging_mixin.py:188} INFO - [2025-06-20T15:02:10.184+0000] {dag.py:3096} INFO - Sync 1 DAGs
[2025-06-20T15:02:10.204+0000] {logging_mixin.py:188} INFO - [2025-06-20T15:02:10.204+0000] {dag.py:3954} INFO - Setting next_dagrun for example_weekday_branch_operator to 2025-06-19 00:00:00+00:00, run_after=2025-06-20 00:00:00+00:00
[2025-06-20T15:02:10.220+0000] {processor.py:183} INFO - Processing /home/airflow/.local/lib/python3.12/site-packages/airflow/example_dags/example_branch_day_of_week_operator.py took 0.074 seconds
[2025-06-20T15:02:40.864+0000] {processor.py:161} INFO - Started process (PID=3298) to work on /home/airflow/.local/lib/python3.12/site-packages/airflow/example_dags/example_branch_day_of_week_operator.py
[2025-06-20T15:02:40.865+0000] {processor.py:830} INFO - Processing file /home/airflow/.local/lib/python3.12/site-packages/airflow/example_dags/example_branch_day_of_week_operator.py for tasks to queue
[2025-06-20T15:02:40.866+0000] {logging_mixin.py:188} INFO - [2025-06-20T15:02:40.866+0000] {dagbag.py:540} INFO - Filling up the DagBag from /home/airflow/.local/lib/python3.12/site-packages/airflow/example_dags/example_branch_day_of_week_operator.py
[2025-06-20T15:02:40.874+0000] {processor.py:840} INFO - DAG(s) 'example_weekday_branch_operator' retrieved from /home/airflow/.local/lib/python3.12/site-packages/airflow/example_dags/example_branch_day_of_week_operator.py
[2025-06-20T15:02:40.894+0000] {logging_mixin.py:188} INFO - [2025-06-20T15:02:40.894+0000] {dag.py:3096} INFO - Sync 1 DAGs
[2025-06-20T15:02:40.914+0000] {logging_mixin.py:188} INFO - [2025-06-20T15:02:40.914+0000] {dag.py:3954} INFO - Setting next_dagrun for example_weekday_branch_operator to 2025-06-19 00:00:00+00:00, run_after=2025-06-20 00:00:00+00:00
[2025-06-20T15:02:40.930+0000] {processor.py:183} INFO - Processing /home/airflow/.local/lib/python3.12/site-packages/airflow/example_dags/example_branch_day_of_week_operator.py took 0.072 seconds
[2025-06-20T15:03:11.515+0000] {processor.py:161} INFO - Started process (PID=3357) to work on /home/airflow/.local/lib/python3.12/site-packages/airflow/example_dags/example_branch_day_of_week_operator.py
[2025-06-20T15:03:11.516+0000] {processor.py:830} INFO - Processing file /home/airflow/.local/lib/python3.12/site-packages/airflow/example_dags/example_branch_day_of_week_operator.py for tasks to queue
[2025-06-20T15:03:11.518+0000] {logging_mixin.py:188} INFO - [2025-06-20T15:03:11.518+0000] {dagbag.py:540} INFO - Filling up the DagBag from /home/airflow/.local/lib/python3.12/site-packages/airflow/example_dags/example_branch_day_of_week_operator.py
[2025-06-20T15:03:11.526+0000] {processor.py:840} INFO - DAG(s) 'example_weekday_branch_operator' retrieved from /home/airflow/.local/lib/python3.12/site-packages/airflow/example_dags/example_branch_day_of_week_operator.py
[2025-06-20T15:03:11.546+0000] {logging_mixin.py:188} INFO - [2025-06-20T15:03:11.546+0000] {dag.py:3096} INFO - Sync 1 DAGs
[2025-06-20T15:03:11.567+0000] {logging_mixin.py:188} INFO - [2025-06-20T15:03:11.567+0000] {dag.py:3954} INFO - Setting next_dagrun for example_weekday_branch_operator to 2025-06-19 00:00:00+00:00, run_after=2025-06-20 00:00:00+00:00
[2025-06-20T15:03:11.582+0000] {processor.py:183} INFO - Processing /home/airflow/.local/lib/python3.12/site-packages/airflow/example_dags/example_branch_day_of_week_operator.py took 0.073 seconds
[2025-06-20T15:03:42.348+0000] {processor.py:161} INFO - Started process (PID=3416) to work on /home/airflow/.local/lib/python3.12/site-packages/airflow/example_dags/example_branch_day_of_week_operator.py
[2025-06-20T15:03:42.349+0000] {processor.py:830} INFO - Processing file /home/airflow/.local/lib/python3.12/site-packages/airflow/example_dags/example_branch_day_of_week_operator.py for tasks to queue
[2025-06-20T15:03:42.351+0000] {logging_mixin.py:188} INFO - [2025-06-20T15:03:42.351+0000] {dagbag.py:540} INFO - Filling up the DagBag from /home/airflow/.local/lib/python3.12/site-packages/airflow/example_dags/example_branch_day_of_week_operator.py
[2025-06-20T15:03:42.358+0000] {processor.py:840} INFO - DAG(s) 'example_weekday_branch_operator' retrieved from /home/airflow/.local/lib/python3.12/site-packages/airflow/example_dags/example_branch_day_of_week_operator.py
[2025-06-20T15:03:42.379+0000] {logging_mixin.py:188} INFO - [2025-06-20T15:03:42.379+0000] {dag.py:3096} INFO - Sync 1 DAGs
[2025-06-20T15:03:42.399+0000] {logging_mixin.py:188} INFO - [2025-06-20T15:03:42.399+0000] {dag.py:3954} INFO - Setting next_dagrun for example_weekday_branch_operator to 2025-06-19 00:00:00+00:00, run_after=2025-06-20 00:00:00+00:00
[2025-06-20T15:03:42.414+0000] {processor.py:183} INFO - Processing /home/airflow/.local/lib/python3.12/site-packages/airflow/example_dags/example_branch_day_of_week_operator.py took 0.072 seconds
[2025-06-20T15:04:12.712+0000] {processor.py:161} INFO - Started process (PID=3475) to work on /home/airflow/.local/lib/python3.12/site-packages/airflow/example_dags/example_branch_day_of_week_operator.py
[2025-06-20T15:04:12.713+0000] {processor.py:830} INFO - Processing file /home/airflow/.local/lib/python3.12/site-packages/airflow/example_dags/example_branch_day_of_week_operator.py for tasks to queue
[2025-06-20T15:04:12.715+0000] {logging_mixin.py:188} INFO - [2025-06-20T15:04:12.715+0000] {dagbag.py:540} INFO - Filling up the DagBag from /home/airflow/.local/lib/python3.12/site-packages/airflow/example_dags/example_branch_day_of_week_operator.py
[2025-06-20T15:04:12.723+0000] {processor.py:840} INFO - DAG(s) 'example_weekday_branch_operator' retrieved from /home/airflow/.local/lib/python3.12/site-packages/airflow/example_dags/example_branch_day_of_week_operator.py
[2025-06-20T15:04:12.743+0000] {logging_mixin.py:188} INFO - [2025-06-20T15:04:12.743+0000] {dag.py:3096} INFO - Sync 1 DAGs
[2025-06-20T15:04:12.763+0000] {logging_mixin.py:188} INFO - [2025-06-20T15:04:12.763+0000] {dag.py:3954} INFO - Setting next_dagrun for example_weekday_branch_operator to 2025-06-19 00:00:00+00:00, run_after=2025-06-20 00:00:00+00:00
[2025-06-20T15:04:12.778+0000] {processor.py:183} INFO - Processing /home/airflow/.local/lib/python3.12/site-packages/airflow/example_dags/example_branch_day_of_week_operator.py took 0.072 seconds
[2025-06-20T15:04:43.516+0000] {processor.py:161} INFO - Started process (PID=3534) to work on /home/airflow/.local/lib/python3.12/site-packages/airflow/example_dags/example_branch_day_of_week_operator.py
[2025-06-20T15:04:43.517+0000] {processor.py:830} INFO - Processing file /home/airflow/.local/lib/python3.12/site-packages/airflow/example_dags/example_branch_day_of_week_operator.py for tasks to queue
[2025-06-20T15:04:43.518+0000] {logging_mixin.py:188} INFO - [2025-06-20T15:04:43.518+0000] {dagbag.py:540} INFO - Filling up the DagBag from /home/airflow/.local/lib/python3.12/site-packages/airflow/example_dags/example_branch_day_of_week_operator.py
[2025-06-20T15:04:43.527+0000] {processor.py:840} INFO - DAG(s) 'example_weekday_branch_operator' retrieved from /home/airflow/.local/lib/python3.12/site-packages/airflow/example_dags/example_branch_day_of_week_operator.py
[2025-06-20T15:04:43.547+0000] {logging_mixin.py:188} INFO - [2025-06-20T15:04:43.546+0000] {dag.py:3096} INFO - Sync 1 DAGs
[2025-06-20T15:04:43.568+0000] {logging_mixin.py:188} INFO - [2025-06-20T15:04:43.568+0000] {dag.py:3954} INFO - Setting next_dagrun for example_weekday_branch_operator to 2025-06-19 00:00:00+00:00, run_after=2025-06-20 00:00:00+00:00
[2025-06-20T15:04:43.584+0000] {processor.py:183} INFO - Processing /home/airflow/.local/lib/python3.12/site-packages/airflow/example_dags/example_branch_day_of_week_operator.py took 0.074 seconds
[2025-06-20T15:05:13.684+0000] {processor.py:161} INFO - Started process (PID=3593) to work on /home/airflow/.local/lib/python3.12/site-packages/airflow/example_dags/example_branch_day_of_week_operator.py
[2025-06-20T15:05:13.685+0000] {processor.py:830} INFO - Processing file /home/airflow/.local/lib/python3.12/site-packages/airflow/example_dags/example_branch_day_of_week_operator.py for tasks to queue
[2025-06-20T15:05:13.687+0000] {logging_mixin.py:188} INFO - [2025-06-20T15:05:13.686+0000] {dagbag.py:540} INFO - Filling up the DagBag from /home/airflow/.local/lib/python3.12/site-packages/airflow/example_dags/example_branch_day_of_week_operator.py
[2025-06-20T15:05:13.694+0000] {processor.py:840} INFO - DAG(s) 'example_weekday_branch_operator' retrieved from /home/airflow/.local/lib/python3.12/site-packages/airflow/example_dags/example_branch_day_of_week_operator.py
[2025-06-20T15:05:13.714+0000] {logging_mixin.py:188} INFO - [2025-06-20T15:05:13.714+0000] {dag.py:3096} INFO - Sync 1 DAGs
[2025-06-20T15:05:13.735+0000] {logging_mixin.py:188} INFO - [2025-06-20T15:05:13.735+0000] {dag.py:3954} INFO - Setting next_dagrun for example_weekday_branch_operator to 2025-06-19 00:00:00+00:00, run_after=2025-06-20 00:00:00+00:00
[2025-06-20T15:05:13.750+0000] {processor.py:183} INFO - Processing /home/airflow/.local/lib/python3.12/site-packages/airflow/example_dags/example_branch_day_of_week_operator.py took 0.072 seconds
[2025-06-20T15:05:43.928+0000] {processor.py:161} INFO - Started process (PID=3652) to work on /home/airflow/.local/lib/python3.12/site-packages/airflow/example_dags/example_branch_day_of_week_operator.py
[2025-06-20T15:05:43.929+0000] {processor.py:830} INFO - Processing file /home/airflow/.local/lib/python3.12/site-packages/airflow/example_dags/example_branch_day_of_week_operator.py for tasks to queue
[2025-06-20T15:05:43.931+0000] {logging_mixin.py:188} INFO - [2025-06-20T15:05:43.931+0000] {dagbag.py:540} INFO - Filling up the DagBag from /home/airflow/.local/lib/python3.12/site-packages/airflow/example_dags/example_branch_day_of_week_operator.py
[2025-06-20T15:05:43.939+0000] {processor.py:840} INFO - DAG(s) 'example_weekday_branch_operator' retrieved from /home/airflow/.local/lib/python3.12/site-packages/airflow/example_dags/example_branch_day_of_week_operator.py
[2025-06-20T15:05:43.962+0000] {logging_mixin.py:188} INFO - [2025-06-20T15:05:43.961+0000] {dag.py:3096} INFO - Sync 1 DAGs
[2025-06-20T15:05:43.982+0000] {logging_mixin.py:188} INFO - [2025-06-20T15:05:43.982+0000] {dag.py:3954} INFO - Setting next_dagrun for example_weekday_branch_operator to 2025-06-19 00:00:00+00:00, run_after=2025-06-20 00:00:00+00:00
[2025-06-20T15:05:43.998+0000] {processor.py:183} INFO - Processing /home/airflow/.local/lib/python3.12/site-packages/airflow/example_dags/example_branch_day_of_week_operator.py took 0.078 seconds
[2025-06-20T15:06:14.317+0000] {processor.py:161} INFO - Started process (PID=3711) to work on /home/airflow/.local/lib/python3.12/site-packages/airflow/example_dags/example_branch_day_of_week_operator.py
[2025-06-20T15:06:14.317+0000] {processor.py:830} INFO - Processing file /home/airflow/.local/lib/python3.12/site-packages/airflow/example_dags/example_branch_day_of_week_operator.py for tasks to queue
[2025-06-20T15:06:14.319+0000] {logging_mixin.py:188} INFO - [2025-06-20T15:06:14.319+0000] {dagbag.py:540} INFO - Filling up the DagBag from /home/airflow/.local/lib/python3.12/site-packages/airflow/example_dags/example_branch_day_of_week_operator.py
[2025-06-20T15:06:14.327+0000] {processor.py:840} INFO - DAG(s) 'example_weekday_branch_operator' retrieved from /home/airflow/.local/lib/python3.12/site-packages/airflow/example_dags/example_branch_day_of_week_operator.py
[2025-06-20T15:06:14.347+0000] {logging_mixin.py:188} INFO - [2025-06-20T15:06:14.346+0000] {dag.py:3096} INFO - Sync 1 DAGs
[2025-06-20T15:06:14.367+0000] {logging_mixin.py:188} INFO - [2025-06-20T15:06:14.367+0000] {dag.py:3954} INFO - Setting next_dagrun for example_weekday_branch_operator to 2025-06-19 00:00:00+00:00, run_after=2025-06-20 00:00:00+00:00
[2025-06-20T15:06:14.382+0000] {processor.py:183} INFO - Processing /home/airflow/.local/lib/python3.12/site-packages/airflow/example_dags/example_branch_day_of_week_operator.py took 0.072 seconds
[2025-06-20T15:06:44.589+0000] {processor.py:161} INFO - Started process (PID=3770) to work on /home/airflow/.local/lib/python3.12/site-packages/airflow/example_dags/example_branch_day_of_week_operator.py
[2025-06-20T15:06:44.590+0000] {processor.py:830} INFO - Processing file /home/airflow/.local/lib/python3.12/site-packages/airflow/example_dags/example_branch_day_of_week_operator.py for tasks to queue
[2025-06-20T15:06:44.592+0000] {logging_mixin.py:188} INFO - [2025-06-20T15:06:44.592+0000] {dagbag.py:540} INFO - Filling up the DagBag from /home/airflow/.local/lib/python3.12/site-packages/airflow/example_dags/example_branch_day_of_week_operator.py
[2025-06-20T15:06:44.599+0000] {processor.py:840} INFO - DAG(s) 'example_weekday_branch_operator' retrieved from /home/airflow/.local/lib/python3.12/site-packages/airflow/example_dags/example_branch_day_of_week_operator.py
[2025-06-20T15:06:44.620+0000] {logging_mixin.py:188} INFO - [2025-06-20T15:06:44.619+0000] {dag.py:3096} INFO - Sync 1 DAGs
[2025-06-20T15:06:44.640+0000] {logging_mixin.py:188} INFO - [2025-06-20T15:06:44.640+0000] {dag.py:3954} INFO - Setting next_dagrun for example_weekday_branch_operator to 2025-06-19 00:00:00+00:00, run_after=2025-06-20 00:00:00+00:00
[2025-06-20T15:06:44.656+0000] {processor.py:183} INFO - Processing /home/airflow/.local/lib/python3.12/site-packages/airflow/example_dags/example_branch_day_of_week_operator.py took 0.073 seconds
[2025-06-20T15:07:14.910+0000] {processor.py:161} INFO - Started process (PID=3829) to work on /home/airflow/.local/lib/python3.12/site-packages/airflow/example_dags/example_branch_day_of_week_operator.py
[2025-06-20T15:07:14.911+0000] {processor.py:830} INFO - Processing file /home/airflow/.local/lib/python3.12/site-packages/airflow/example_dags/example_branch_day_of_week_operator.py for tasks to queue
[2025-06-20T15:07:14.913+0000] {logging_mixin.py:188} INFO - [2025-06-20T15:07:14.913+0000] {dagbag.py:540} INFO - Filling up the DagBag from /home/airflow/.local/lib/python3.12/site-packages/airflow/example_dags/example_branch_day_of_week_operator.py
[2025-06-20T15:07:14.921+0000] {processor.py:840} INFO - DAG(s) 'example_weekday_branch_operator' retrieved from /home/airflow/.local/lib/python3.12/site-packages/airflow/example_dags/example_branch_day_of_week_operator.py
[2025-06-20T15:07:14.943+0000] {logging_mixin.py:188} INFO - [2025-06-20T15:07:14.943+0000] {dag.py:3096} INFO - Sync 1 DAGs
[2025-06-20T15:07:14.965+0000] {logging_mixin.py:188} INFO - [2025-06-20T15:07:14.965+0000] {dag.py:3954} INFO - Setting next_dagrun for example_weekday_branch_operator to 2025-06-19 00:00:00+00:00, run_after=2025-06-20 00:00:00+00:00
[2025-06-20T15:07:14.981+0000] {processor.py:183} INFO - Processing /home/airflow/.local/lib/python3.12/site-packages/airflow/example_dags/example_branch_day_of_week_operator.py took 0.078 seconds
