[2025-06-20T14:34:47.906+0000] {processor.py:161} INFO - Started process (PID=91) to work on /home/airflow/.local/lib/python3.12/site-packages/airflow/example_dags/example_trigger_target_dag.py
[2025-06-20T14:34:47.907+0000] {processor.py:830} INFO - Processing file /home/airflow/.local/lib/python3.12/site-packages/airflow/example_dags/example_trigger_target_dag.py for tasks to queue
[2025-06-20T14:34:47.909+0000] {logging_mixin.py:188} INFO - [2025-06-20T14:34:47.909+0000] {dagbag.py:540} INFO - Filling up the DagBag from /home/airflow/.local/lib/python3.12/site-packages/airflow/example_dags/example_trigger_target_dag.py
[2025-06-20T14:34:47.917+0000] {processor.py:840} INFO - DAG(s) 'example_trigger_target_dag' retrieved from /home/airflow/.local/lib/python3.12/site-packages/airflow/example_dags/example_trigger_target_dag.py
[2025-06-20T14:34:47.928+0000] {logging_mixin.py:188} INFO - [2025-06-20T14:34:47.928+0000] {dag.py:3096} INFO - Sync 1 DAGs
[2025-06-20T14:34:47.941+0000] {logging_mixin.py:188} INFO - [2025-06-20T14:34:47.940+0000] {dag.py:3954} INFO - Setting next_dagrun for example_trigger_target_dag to None, run_after=None
[2025-06-20T14:34:47.956+0000] {processor.py:183} INFO - Processing /home/airflow/.local/lib/python3.12/site-packages/airflow/example_dags/example_trigger_target_dag.py took 0.056 seconds
[2025-06-20T14:35:19.511+0000] {processor.py:161} INFO - Started process (PID=155) to work on /home/airflow/.local/lib/python3.12/site-packages/airflow/example_dags/example_trigger_target_dag.py
[2025-06-20T14:35:19.512+0000] {processor.py:830} INFO - Processing file /home/airflow/.local/lib/python3.12/site-packages/airflow/example_dags/example_trigger_target_dag.py for tasks to queue
[2025-06-20T14:35:19.514+0000] {logging_mixin.py:188} INFO - [2025-06-20T14:35:19.514+0000] {dagbag.py:540} INFO - Filling up the DagBag from /home/airflow/.local/lib/python3.12/site-packages/airflow/example_dags/example_trigger_target_dag.py
[2025-06-20T14:35:19.520+0000] {processor.py:840} INFO - DAG(s) 'example_trigger_target_dag' retrieved from /home/airflow/.local/lib/python3.12/site-packages/airflow/example_dags/example_trigger_target_dag.py
[2025-06-20T14:35:19.625+0000] {logging_mixin.py:188} INFO - [2025-06-20T14:35:19.625+0000] {dag.py:3096} INFO - Sync 1 DAGs
[2025-06-20T14:35:19.635+0000] {logging_mixin.py:188} INFO - [2025-06-20T14:35:19.635+0000] {dag.py:3954} INFO - Setting next_dagrun for example_trigger_target_dag to None, run_after=None
[2025-06-20T14:35:19.650+0000] {processor.py:183} INFO - Processing /home/airflow/.local/lib/python3.12/site-packages/airflow/example_dags/example_trigger_target_dag.py took 0.146 seconds
[2025-06-20T14:35:50.468+0000] {processor.py:161} INFO - Started process (PID=213) to work on /home/airflow/.local/lib/python3.12/site-packages/airflow/example_dags/example_trigger_target_dag.py
[2025-06-20T14:35:50.469+0000] {processor.py:830} INFO - Processing file /home/airflow/.local/lib/python3.12/site-packages/airflow/example_dags/example_trigger_target_dag.py for tasks to queue
[2025-06-20T14:35:50.471+0000] {logging_mixin.py:188} INFO - [2025-06-20T14:35:50.470+0000] {dagbag.py:540} INFO - Filling up the DagBag from /home/airflow/.local/lib/python3.12/site-packages/airflow/example_dags/example_trigger_target_dag.py
[2025-06-20T14:35:50.477+0000] {processor.py:840} INFO - DAG(s) 'example_trigger_target_dag' retrieved from /home/airflow/.local/lib/python3.12/site-packages/airflow/example_dags/example_trigger_target_dag.py
[2025-06-20T14:35:50.495+0000] {logging_mixin.py:188} INFO - [2025-06-20T14:35:50.494+0000] {dag.py:3096} INFO - Sync 1 DAGs
[2025-06-20T14:35:50.507+0000] {logging_mixin.py:188} INFO - [2025-06-20T14:35:50.506+0000] {dag.py:3954} INFO - Setting next_dagrun for example_trigger_target_dag to None, run_after=None
[2025-06-20T14:35:50.522+0000] {processor.py:183} INFO - Processing /home/airflow/.local/lib/python3.12/site-packages/airflow/example_dags/example_trigger_target_dag.py took 0.060 seconds
[2025-06-20T14:36:21.469+0000] {processor.py:161} INFO - Started process (PID=271) to work on /home/airflow/.local/lib/python3.12/site-packages/airflow/example_dags/example_trigger_target_dag.py
[2025-06-20T14:36:21.470+0000] {processor.py:830} INFO - Processing file /home/airflow/.local/lib/python3.12/site-packages/airflow/example_dags/example_trigger_target_dag.py for tasks to queue
[2025-06-20T14:36:21.472+0000] {logging_mixin.py:188} INFO - [2025-06-20T14:36:21.472+0000] {dagbag.py:540} INFO - Filling up the DagBag from /home/airflow/.local/lib/python3.12/site-packages/airflow/example_dags/example_trigger_target_dag.py
[2025-06-20T14:36:21.478+0000] {processor.py:840} INFO - DAG(s) 'example_trigger_target_dag' retrieved from /home/airflow/.local/lib/python3.12/site-packages/airflow/example_dags/example_trigger_target_dag.py
[2025-06-20T14:36:21.496+0000] {logging_mixin.py:188} INFO - [2025-06-20T14:36:21.496+0000] {dag.py:3096} INFO - Sync 1 DAGs
[2025-06-20T14:36:21.509+0000] {logging_mixin.py:188} INFO - [2025-06-20T14:36:21.509+0000] {dag.py:3954} INFO - Setting next_dagrun for example_trigger_target_dag to None, run_after=None
[2025-06-20T14:36:21.524+0000] {processor.py:183} INFO - Processing /home/airflow/.local/lib/python3.12/site-packages/airflow/example_dags/example_trigger_target_dag.py took 0.061 seconds
[2025-06-20T14:36:52.034+0000] {processor.py:161} INFO - Started process (PID=329) to work on /home/airflow/.local/lib/python3.12/site-packages/airflow/example_dags/example_trigger_target_dag.py
[2025-06-20T14:36:52.034+0000] {processor.py:830} INFO - Processing file /home/airflow/.local/lib/python3.12/site-packages/airflow/example_dags/example_trigger_target_dag.py for tasks to queue
[2025-06-20T14:36:52.036+0000] {logging_mixin.py:188} INFO - [2025-06-20T14:36:52.036+0000] {dagbag.py:540} INFO - Filling up the DagBag from /home/airflow/.local/lib/python3.12/site-packages/airflow/example_dags/example_trigger_target_dag.py
[2025-06-20T14:36:52.042+0000] {processor.py:840} INFO - DAG(s) 'example_trigger_target_dag' retrieved from /home/airflow/.local/lib/python3.12/site-packages/airflow/example_dags/example_trigger_target_dag.py
[2025-06-20T14:36:52.060+0000] {logging_mixin.py:188} INFO - [2025-06-20T14:36:52.060+0000] {dag.py:3096} INFO - Sync 1 DAGs
[2025-06-20T14:36:52.073+0000] {logging_mixin.py:188} INFO - [2025-06-20T14:36:52.073+0000] {dag.py:3954} INFO - Setting next_dagrun for example_trigger_target_dag to None, run_after=None
[2025-06-20T14:36:52.090+0000] {processor.py:183} INFO - Processing /home/airflow/.local/lib/python3.12/site-packages/airflow/example_dags/example_trigger_target_dag.py took 0.063 seconds
[2025-06-20T14:37:22.582+0000] {processor.py:161} INFO - Started process (PID=403) to work on /home/airflow/.local/lib/python3.12/site-packages/airflow/example_dags/example_trigger_target_dag.py
[2025-06-20T14:37:22.583+0000] {processor.py:830} INFO - Processing file /home/airflow/.local/lib/python3.12/site-packages/airflow/example_dags/example_trigger_target_dag.py for tasks to queue
[2025-06-20T14:37:22.584+0000] {logging_mixin.py:188} INFO - [2025-06-20T14:37:22.584+0000] {dagbag.py:540} INFO - Filling up the DagBag from /home/airflow/.local/lib/python3.12/site-packages/airflow/example_dags/example_trigger_target_dag.py
[2025-06-20T14:37:22.590+0000] {processor.py:840} INFO - DAG(s) 'example_trigger_target_dag' retrieved from /home/airflow/.local/lib/python3.12/site-packages/airflow/example_dags/example_trigger_target_dag.py
[2025-06-20T14:37:22.608+0000] {logging_mixin.py:188} INFO - [2025-06-20T14:37:22.608+0000] {dag.py:3096} INFO - Sync 1 DAGs
[2025-06-20T14:37:22.620+0000] {logging_mixin.py:188} INFO - [2025-06-20T14:37:22.620+0000] {dag.py:3954} INFO - Setting next_dagrun for example_trigger_target_dag to None, run_after=None
[2025-06-20T14:37:22.636+0000] {processor.py:183} INFO - Processing /home/airflow/.local/lib/python3.12/site-packages/airflow/example_dags/example_trigger_target_dag.py took 0.060 seconds
[2025-06-20T14:37:53.161+0000] {processor.py:161} INFO - Started process (PID=461) to work on /home/airflow/.local/lib/python3.12/site-packages/airflow/example_dags/example_trigger_target_dag.py
[2025-06-20T14:37:53.162+0000] {processor.py:830} INFO - Processing file /home/airflow/.local/lib/python3.12/site-packages/airflow/example_dags/example_trigger_target_dag.py for tasks to queue
[2025-06-20T14:37:53.164+0000] {logging_mixin.py:188} INFO - [2025-06-20T14:37:53.164+0000] {dagbag.py:540} INFO - Filling up the DagBag from /home/airflow/.local/lib/python3.12/site-packages/airflow/example_dags/example_trigger_target_dag.py
[2025-06-20T14:37:53.170+0000] {processor.py:840} INFO - DAG(s) 'example_trigger_target_dag' retrieved from /home/airflow/.local/lib/python3.12/site-packages/airflow/example_dags/example_trigger_target_dag.py
[2025-06-20T14:37:53.187+0000] {logging_mixin.py:188} INFO - [2025-06-20T14:37:53.187+0000] {dag.py:3096} INFO - Sync 1 DAGs
[2025-06-20T14:37:53.199+0000] {logging_mixin.py:188} INFO - [2025-06-20T14:37:53.199+0000] {dag.py:3954} INFO - Setting next_dagrun for example_trigger_target_dag to None, run_after=None
[2025-06-20T14:37:53.214+0000] {processor.py:183} INFO - Processing /home/airflow/.local/lib/python3.12/site-packages/airflow/example_dags/example_trigger_target_dag.py took 0.058 seconds
[2025-06-20T14:38:23.600+0000] {processor.py:161} INFO - Started process (PID=519) to work on /home/airflow/.local/lib/python3.12/site-packages/airflow/example_dags/example_trigger_target_dag.py
[2025-06-20T14:38:23.601+0000] {processor.py:830} INFO - Processing file /home/airflow/.local/lib/python3.12/site-packages/airflow/example_dags/example_trigger_target_dag.py for tasks to queue
[2025-06-20T14:38:23.603+0000] {logging_mixin.py:188} INFO - [2025-06-20T14:38:23.602+0000] {dagbag.py:540} INFO - Filling up the DagBag from /home/airflow/.local/lib/python3.12/site-packages/airflow/example_dags/example_trigger_target_dag.py
[2025-06-20T14:38:23.610+0000] {processor.py:840} INFO - DAG(s) 'example_trigger_target_dag' retrieved from /home/airflow/.local/lib/python3.12/site-packages/airflow/example_dags/example_trigger_target_dag.py
[2025-06-20T14:38:23.628+0000] {logging_mixin.py:188} INFO - [2025-06-20T14:38:23.628+0000] {dag.py:3096} INFO - Sync 1 DAGs
[2025-06-20T14:38:23.640+0000] {logging_mixin.py:188} INFO - [2025-06-20T14:38:23.640+0000] {dag.py:3954} INFO - Setting next_dagrun for example_trigger_target_dag to None, run_after=None
[2025-06-20T14:38:23.656+0000] {processor.py:183} INFO - Processing /home/airflow/.local/lib/python3.12/site-packages/airflow/example_dags/example_trigger_target_dag.py took 0.062 seconds
[2025-06-20T14:38:54.463+0000] {processor.py:161} INFO - Started process (PID=577) to work on /home/airflow/.local/lib/python3.12/site-packages/airflow/example_dags/example_trigger_target_dag.py
[2025-06-20T14:38:54.464+0000] {processor.py:830} INFO - Processing file /home/airflow/.local/lib/python3.12/site-packages/airflow/example_dags/example_trigger_target_dag.py for tasks to queue
[2025-06-20T14:38:54.466+0000] {logging_mixin.py:188} INFO - [2025-06-20T14:38:54.465+0000] {dagbag.py:540} INFO - Filling up the DagBag from /home/airflow/.local/lib/python3.12/site-packages/airflow/example_dags/example_trigger_target_dag.py
[2025-06-20T14:38:54.472+0000] {processor.py:840} INFO - DAG(s) 'example_trigger_target_dag' retrieved from /home/airflow/.local/lib/python3.12/site-packages/airflow/example_dags/example_trigger_target_dag.py
[2025-06-20T14:38:54.491+0000] {logging_mixin.py:188} INFO - [2025-06-20T14:38:54.491+0000] {dag.py:3096} INFO - Sync 1 DAGs
[2025-06-20T14:38:54.503+0000] {logging_mixin.py:188} INFO - [2025-06-20T14:38:54.503+0000] {dag.py:3954} INFO - Setting next_dagrun for example_trigger_target_dag to None, run_after=None
[2025-06-20T14:38:54.519+0000] {processor.py:183} INFO - Processing /home/airflow/.local/lib/python3.12/site-packages/airflow/example_dags/example_trigger_target_dag.py took 0.062 seconds
[2025-06-20T14:39:24.793+0000] {processor.py:161} INFO - Started process (PID=635) to work on /home/airflow/.local/lib/python3.12/site-packages/airflow/example_dags/example_trigger_target_dag.py
[2025-06-20T14:39:24.794+0000] {processor.py:830} INFO - Processing file /home/airflow/.local/lib/python3.12/site-packages/airflow/example_dags/example_trigger_target_dag.py for tasks to queue
[2025-06-20T14:39:24.796+0000] {logging_mixin.py:188} INFO - [2025-06-20T14:39:24.795+0000] {dagbag.py:540} INFO - Filling up the DagBag from /home/airflow/.local/lib/python3.12/site-packages/airflow/example_dags/example_trigger_target_dag.py
[2025-06-20T14:39:24.801+0000] {processor.py:840} INFO - DAG(s) 'example_trigger_target_dag' retrieved from /home/airflow/.local/lib/python3.12/site-packages/airflow/example_dags/example_trigger_target_dag.py
[2025-06-20T14:39:24.820+0000] {logging_mixin.py:188} INFO - [2025-06-20T14:39:24.820+0000] {dag.py:3096} INFO - Sync 1 DAGs
[2025-06-20T14:39:24.833+0000] {logging_mixin.py:188} INFO - [2025-06-20T14:39:24.833+0000] {dag.py:3954} INFO - Setting next_dagrun for example_trigger_target_dag to None, run_after=None
[2025-06-20T14:39:24.850+0000] {processor.py:183} INFO - Processing /home/airflow/.local/lib/python3.12/site-packages/airflow/example_dags/example_trigger_target_dag.py took 0.063 seconds
[2025-06-20T14:39:55.033+0000] {processor.py:161} INFO - Started process (PID=693) to work on /home/airflow/.local/lib/python3.12/site-packages/airflow/example_dags/example_trigger_target_dag.py
[2025-06-20T14:39:55.034+0000] {processor.py:830} INFO - Processing file /home/airflow/.local/lib/python3.12/site-packages/airflow/example_dags/example_trigger_target_dag.py for tasks to queue
[2025-06-20T14:39:55.036+0000] {logging_mixin.py:188} INFO - [2025-06-20T14:39:55.035+0000] {dagbag.py:540} INFO - Filling up the DagBag from /home/airflow/.local/lib/python3.12/site-packages/airflow/example_dags/example_trigger_target_dag.py
[2025-06-20T14:39:55.042+0000] {processor.py:840} INFO - DAG(s) 'example_trigger_target_dag' retrieved from /home/airflow/.local/lib/python3.12/site-packages/airflow/example_dags/example_trigger_target_dag.py
[2025-06-20T14:39:55.061+0000] {logging_mixin.py:188} INFO - [2025-06-20T14:39:55.061+0000] {dag.py:3096} INFO - Sync 1 DAGs
[2025-06-20T14:39:55.074+0000] {logging_mixin.py:188} INFO - [2025-06-20T14:39:55.073+0000] {dag.py:3954} INFO - Setting next_dagrun for example_trigger_target_dag to None, run_after=None
[2025-06-20T14:39:55.089+0000] {processor.py:183} INFO - Processing /home/airflow/.local/lib/python3.12/site-packages/airflow/example_dags/example_trigger_target_dag.py took 0.063 seconds
[2025-06-20T14:40:25.334+0000] {processor.py:161} INFO - Started process (PID=751) to work on /home/airflow/.local/lib/python3.12/site-packages/airflow/example_dags/example_trigger_target_dag.py
[2025-06-20T14:40:25.335+0000] {processor.py:830} INFO - Processing file /home/airflow/.local/lib/python3.12/site-packages/airflow/example_dags/example_trigger_target_dag.py for tasks to queue
[2025-06-20T14:40:25.336+0000] {logging_mixin.py:188} INFO - [2025-06-20T14:40:25.336+0000] {dagbag.py:540} INFO - Filling up the DagBag from /home/airflow/.local/lib/python3.12/site-packages/airflow/example_dags/example_trigger_target_dag.py
[2025-06-20T14:40:25.342+0000] {processor.py:840} INFO - DAG(s) 'example_trigger_target_dag' retrieved from /home/airflow/.local/lib/python3.12/site-packages/airflow/example_dags/example_trigger_target_dag.py
[2025-06-20T14:40:25.361+0000] {logging_mixin.py:188} INFO - [2025-06-20T14:40:25.361+0000] {dag.py:3096} INFO - Sync 1 DAGs
[2025-06-20T14:40:25.373+0000] {logging_mixin.py:188} INFO - [2025-06-20T14:40:25.373+0000] {dag.py:3954} INFO - Setting next_dagrun for example_trigger_target_dag to None, run_after=None
[2025-06-20T14:40:25.391+0000] {processor.py:183} INFO - Processing /home/airflow/.local/lib/python3.12/site-packages/airflow/example_dags/example_trigger_target_dag.py took 0.063 seconds
[2025-06-20T14:40:55.558+0000] {processor.py:161} INFO - Started process (PID=809) to work on /home/airflow/.local/lib/python3.12/site-packages/airflow/example_dags/example_trigger_target_dag.py
[2025-06-20T14:40:55.560+0000] {processor.py:830} INFO - Processing file /home/airflow/.local/lib/python3.12/site-packages/airflow/example_dags/example_trigger_target_dag.py for tasks to queue
[2025-06-20T14:40:55.562+0000] {logging_mixin.py:188} INFO - [2025-06-20T14:40:55.562+0000] {dagbag.py:540} INFO - Filling up the DagBag from /home/airflow/.local/lib/python3.12/site-packages/airflow/example_dags/example_trigger_target_dag.py
[2025-06-20T14:40:55.569+0000] {processor.py:840} INFO - DAG(s) 'example_trigger_target_dag' retrieved from /home/airflow/.local/lib/python3.12/site-packages/airflow/example_dags/example_trigger_target_dag.py
[2025-06-20T14:40:55.591+0000] {logging_mixin.py:188} INFO - [2025-06-20T14:40:55.591+0000] {dag.py:3096} INFO - Sync 1 DAGs
[2025-06-20T14:40:55.605+0000] {logging_mixin.py:188} INFO - [2025-06-20T14:40:55.605+0000] {dag.py:3954} INFO - Setting next_dagrun for example_trigger_target_dag to None, run_after=None
[2025-06-20T14:40:55.621+0000] {processor.py:183} INFO - Processing /home/airflow/.local/lib/python3.12/site-packages/airflow/example_dags/example_trigger_target_dag.py took 0.069 seconds
[2025-06-20T14:41:26.124+0000] {processor.py:161} INFO - Started process (PID=867) to work on /home/airflow/.local/lib/python3.12/site-packages/airflow/example_dags/example_trigger_target_dag.py
[2025-06-20T14:41:26.125+0000] {processor.py:830} INFO - Processing file /home/airflow/.local/lib/python3.12/site-packages/airflow/example_dags/example_trigger_target_dag.py for tasks to queue
[2025-06-20T14:41:26.126+0000] {logging_mixin.py:188} INFO - [2025-06-20T14:41:26.126+0000] {dagbag.py:540} INFO - Filling up the DagBag from /home/airflow/.local/lib/python3.12/site-packages/airflow/example_dags/example_trigger_target_dag.py
[2025-06-20T14:41:26.133+0000] {processor.py:840} INFO - DAG(s) 'example_trigger_target_dag' retrieved from /home/airflow/.local/lib/python3.12/site-packages/airflow/example_dags/example_trigger_target_dag.py
[2025-06-20T14:41:26.153+0000] {logging_mixin.py:188} INFO - [2025-06-20T14:41:26.153+0000] {dag.py:3096} INFO - Sync 1 DAGs
[2025-06-20T14:41:26.166+0000] {logging_mixin.py:188} INFO - [2025-06-20T14:41:26.166+0000] {dag.py:3954} INFO - Setting next_dagrun for example_trigger_target_dag to None, run_after=None
[2025-06-20T14:41:26.183+0000] {processor.py:183} INFO - Processing /home/airflow/.local/lib/python3.12/site-packages/airflow/example_dags/example_trigger_target_dag.py took 0.066 seconds
[2025-06-20T14:41:57.095+0000] {processor.py:161} INFO - Started process (PID=925) to work on /home/airflow/.local/lib/python3.12/site-packages/airflow/example_dags/example_trigger_target_dag.py
[2025-06-20T14:41:57.096+0000] {processor.py:830} INFO - Processing file /home/airflow/.local/lib/python3.12/site-packages/airflow/example_dags/example_trigger_target_dag.py for tasks to queue
[2025-06-20T14:41:57.098+0000] {logging_mixin.py:188} INFO - [2025-06-20T14:41:57.097+0000] {dagbag.py:540} INFO - Filling up the DagBag from /home/airflow/.local/lib/python3.12/site-packages/airflow/example_dags/example_trigger_target_dag.py
[2025-06-20T14:41:57.105+0000] {processor.py:840} INFO - DAG(s) 'example_trigger_target_dag' retrieved from /home/airflow/.local/lib/python3.12/site-packages/airflow/example_dags/example_trigger_target_dag.py
[2025-06-20T14:41:57.124+0000] {logging_mixin.py:188} INFO - [2025-06-20T14:41:57.124+0000] {dag.py:3096} INFO - Sync 1 DAGs
[2025-06-20T14:41:57.136+0000] {logging_mixin.py:188} INFO - [2025-06-20T14:41:57.136+0000] {dag.py:3954} INFO - Setting next_dagrun for example_trigger_target_dag to None, run_after=None
[2025-06-20T14:41:57.153+0000] {processor.py:183} INFO - Processing /home/airflow/.local/lib/python3.12/site-packages/airflow/example_dags/example_trigger_target_dag.py took 0.064 seconds
[2025-06-20T14:42:27.642+0000] {processor.py:161} INFO - Started process (PID=983) to work on /home/airflow/.local/lib/python3.12/site-packages/airflow/example_dags/example_trigger_target_dag.py
[2025-06-20T14:42:27.643+0000] {processor.py:830} INFO - Processing file /home/airflow/.local/lib/python3.12/site-packages/airflow/example_dags/example_trigger_target_dag.py for tasks to queue
[2025-06-20T14:42:27.645+0000] {logging_mixin.py:188} INFO - [2025-06-20T14:42:27.645+0000] {dagbag.py:540} INFO - Filling up the DagBag from /home/airflow/.local/lib/python3.12/site-packages/airflow/example_dags/example_trigger_target_dag.py
[2025-06-20T14:42:27.651+0000] {processor.py:840} INFO - DAG(s) 'example_trigger_target_dag' retrieved from /home/airflow/.local/lib/python3.12/site-packages/airflow/example_dags/example_trigger_target_dag.py
[2025-06-20T14:42:27.670+0000] {logging_mixin.py:188} INFO - [2025-06-20T14:42:27.670+0000] {dag.py:3096} INFO - Sync 1 DAGs
[2025-06-20T14:42:27.682+0000] {logging_mixin.py:188} INFO - [2025-06-20T14:42:27.682+0000] {dag.py:3954} INFO - Setting next_dagrun for example_trigger_target_dag to None, run_after=None
[2025-06-20T14:42:27.697+0000] {processor.py:183} INFO - Processing /home/airflow/.local/lib/python3.12/site-packages/airflow/example_dags/example_trigger_target_dag.py took 0.061 seconds
[2025-06-20T14:42:58.080+0000] {processor.py:161} INFO - Started process (PID=1041) to work on /home/airflow/.local/lib/python3.12/site-packages/airflow/example_dags/example_trigger_target_dag.py
[2025-06-20T14:42:58.081+0000] {processor.py:830} INFO - Processing file /home/airflow/.local/lib/python3.12/site-packages/airflow/example_dags/example_trigger_target_dag.py for tasks to queue
[2025-06-20T14:42:58.083+0000] {logging_mixin.py:188} INFO - [2025-06-20T14:42:58.082+0000] {dagbag.py:540} INFO - Filling up the DagBag from /home/airflow/.local/lib/python3.12/site-packages/airflow/example_dags/example_trigger_target_dag.py
[2025-06-20T14:42:58.089+0000] {processor.py:840} INFO - DAG(s) 'example_trigger_target_dag' retrieved from /home/airflow/.local/lib/python3.12/site-packages/airflow/example_dags/example_trigger_target_dag.py
[2025-06-20T14:42:58.109+0000] {logging_mixin.py:188} INFO - [2025-06-20T14:42:58.109+0000] {dag.py:3096} INFO - Sync 1 DAGs
[2025-06-20T14:42:58.121+0000] {logging_mixin.py:188} INFO - [2025-06-20T14:42:58.121+0000] {dag.py:3954} INFO - Setting next_dagrun for example_trigger_target_dag to None, run_after=None
[2025-06-20T14:42:58.137+0000] {processor.py:183} INFO - Processing /home/airflow/.local/lib/python3.12/site-packages/airflow/example_dags/example_trigger_target_dag.py took 0.063 seconds
[2025-06-20T14:43:28.785+0000] {processor.py:161} INFO - Started process (PID=1099) to work on /home/airflow/.local/lib/python3.12/site-packages/airflow/example_dags/example_trigger_target_dag.py
[2025-06-20T14:43:28.786+0000] {processor.py:830} INFO - Processing file /home/airflow/.local/lib/python3.12/site-packages/airflow/example_dags/example_trigger_target_dag.py for tasks to queue
[2025-06-20T14:43:28.787+0000] {logging_mixin.py:188} INFO - [2025-06-20T14:43:28.787+0000] {dagbag.py:540} INFO - Filling up the DagBag from /home/airflow/.local/lib/python3.12/site-packages/airflow/example_dags/example_trigger_target_dag.py
[2025-06-20T14:43:28.794+0000] {processor.py:840} INFO - DAG(s) 'example_trigger_target_dag' retrieved from /home/airflow/.local/lib/python3.12/site-packages/airflow/example_dags/example_trigger_target_dag.py
[2025-06-20T14:43:28.813+0000] {logging_mixin.py:188} INFO - [2025-06-20T14:43:28.813+0000] {dag.py:3096} INFO - Sync 1 DAGs
[2025-06-20T14:43:28.825+0000] {logging_mixin.py:188} INFO - [2025-06-20T14:43:28.825+0000] {dag.py:3954} INFO - Setting next_dagrun for example_trigger_target_dag to None, run_after=None
[2025-06-20T14:43:28.841+0000] {processor.py:183} INFO - Processing /home/airflow/.local/lib/python3.12/site-packages/airflow/example_dags/example_trigger_target_dag.py took 0.062 seconds
[2025-06-20T14:43:59.070+0000] {processor.py:161} INFO - Started process (PID=1156) to work on /home/airflow/.local/lib/python3.12/site-packages/airflow/example_dags/example_trigger_target_dag.py
[2025-06-20T14:43:59.071+0000] {processor.py:830} INFO - Processing file /home/airflow/.local/lib/python3.12/site-packages/airflow/example_dags/example_trigger_target_dag.py for tasks to queue
[2025-06-20T14:43:59.072+0000] {logging_mixin.py:188} INFO - [2025-06-20T14:43:59.072+0000] {dagbag.py:540} INFO - Filling up the DagBag from /home/airflow/.local/lib/python3.12/site-packages/airflow/example_dags/example_trigger_target_dag.py
[2025-06-20T14:43:59.078+0000] {processor.py:840} INFO - DAG(s) 'example_trigger_target_dag' retrieved from /home/airflow/.local/lib/python3.12/site-packages/airflow/example_dags/example_trigger_target_dag.py
[2025-06-20T14:43:59.099+0000] {logging_mixin.py:188} INFO - [2025-06-20T14:43:59.099+0000] {dag.py:3096} INFO - Sync 1 DAGs
[2025-06-20T14:43:59.267+0000] {logging_mixin.py:188} INFO - [2025-06-20T14:43:59.266+0000] {dag.py:3954} INFO - Setting next_dagrun for example_trigger_target_dag to None, run_after=None
[2025-06-20T14:43:59.282+0000] {processor.py:183} INFO - Processing /home/airflow/.local/lib/python3.12/site-packages/airflow/example_dags/example_trigger_target_dag.py took 0.218 seconds
[2025-06-20T14:44:29.545+0000] {processor.py:161} INFO - Started process (PID=1214) to work on /home/airflow/.local/lib/python3.12/site-packages/airflow/example_dags/example_trigger_target_dag.py
[2025-06-20T14:44:29.546+0000] {processor.py:830} INFO - Processing file /home/airflow/.local/lib/python3.12/site-packages/airflow/example_dags/example_trigger_target_dag.py for tasks to queue
[2025-06-20T14:44:29.548+0000] {logging_mixin.py:188} INFO - [2025-06-20T14:44:29.547+0000] {dagbag.py:540} INFO - Filling up the DagBag from /home/airflow/.local/lib/python3.12/site-packages/airflow/example_dags/example_trigger_target_dag.py
[2025-06-20T14:44:29.554+0000] {processor.py:840} INFO - DAG(s) 'example_trigger_target_dag' retrieved from /home/airflow/.local/lib/python3.12/site-packages/airflow/example_dags/example_trigger_target_dag.py
[2025-06-20T14:44:29.573+0000] {logging_mixin.py:188} INFO - [2025-06-20T14:44:29.573+0000] {dag.py:3096} INFO - Sync 1 DAGs
[2025-06-20T14:44:29.585+0000] {logging_mixin.py:188} INFO - [2025-06-20T14:44:29.585+0000] {dag.py:3954} INFO - Setting next_dagrun for example_trigger_target_dag to None, run_after=None
[2025-06-20T14:44:29.602+0000] {processor.py:183} INFO - Processing /home/airflow/.local/lib/python3.12/site-packages/airflow/example_dags/example_trigger_target_dag.py took 0.063 seconds
[2025-06-20T14:44:59.644+0000] {processor.py:161} INFO - Started process (PID=1271) to work on /home/airflow/.local/lib/python3.12/site-packages/airflow/example_dags/example_trigger_target_dag.py
[2025-06-20T14:44:59.645+0000] {processor.py:830} INFO - Processing file /home/airflow/.local/lib/python3.12/site-packages/airflow/example_dags/example_trigger_target_dag.py for tasks to queue
[2025-06-20T14:44:59.646+0000] {logging_mixin.py:188} INFO - [2025-06-20T14:44:59.646+0000] {dagbag.py:540} INFO - Filling up the DagBag from /home/airflow/.local/lib/python3.12/site-packages/airflow/example_dags/example_trigger_target_dag.py
[2025-06-20T14:44:59.652+0000] {processor.py:840} INFO - DAG(s) 'example_trigger_target_dag' retrieved from /home/airflow/.local/lib/python3.12/site-packages/airflow/example_dags/example_trigger_target_dag.py
[2025-06-20T14:44:59.671+0000] {logging_mixin.py:188} INFO - [2025-06-20T14:44:59.671+0000] {dag.py:3096} INFO - Sync 1 DAGs
[2025-06-20T14:44:59.683+0000] {logging_mixin.py:188} INFO - [2025-06-20T14:44:59.682+0000] {dag.py:3954} INFO - Setting next_dagrun for example_trigger_target_dag to None, run_after=None
[2025-06-20T14:44:59.698+0000] {processor.py:183} INFO - Processing /home/airflow/.local/lib/python3.12/site-packages/airflow/example_dags/example_trigger_target_dag.py took 0.060 seconds
[2025-06-20T14:45:30.525+0000] {processor.py:161} INFO - Started process (PID=1330) to work on /home/airflow/.local/lib/python3.12/site-packages/airflow/example_dags/example_trigger_target_dag.py
[2025-06-20T14:45:30.526+0000] {processor.py:830} INFO - Processing file /home/airflow/.local/lib/python3.12/site-packages/airflow/example_dags/example_trigger_target_dag.py for tasks to queue
[2025-06-20T14:45:30.527+0000] {logging_mixin.py:188} INFO - [2025-06-20T14:45:30.527+0000] {dagbag.py:540} INFO - Filling up the DagBag from /home/airflow/.local/lib/python3.12/site-packages/airflow/example_dags/example_trigger_target_dag.py
[2025-06-20T14:45:30.533+0000] {processor.py:840} INFO - DAG(s) 'example_trigger_target_dag' retrieved from /home/airflow/.local/lib/python3.12/site-packages/airflow/example_dags/example_trigger_target_dag.py
[2025-06-20T14:45:30.552+0000] {logging_mixin.py:188} INFO - [2025-06-20T14:45:30.552+0000] {dag.py:3096} INFO - Sync 1 DAGs
[2025-06-20T14:45:30.563+0000] {logging_mixin.py:188} INFO - [2025-06-20T14:45:30.563+0000] {dag.py:3954} INFO - Setting next_dagrun for example_trigger_target_dag to None, run_after=None
[2025-06-20T14:45:30.579+0000] {processor.py:183} INFO - Processing /home/airflow/.local/lib/python3.12/site-packages/airflow/example_dags/example_trigger_target_dag.py took 0.060 seconds
[2025-06-20T14:46:00.752+0000] {processor.py:161} INFO - Started process (PID=1388) to work on /home/airflow/.local/lib/python3.12/site-packages/airflow/example_dags/example_trigger_target_dag.py
[2025-06-20T14:46:00.753+0000] {processor.py:830} INFO - Processing file /home/airflow/.local/lib/python3.12/site-packages/airflow/example_dags/example_trigger_target_dag.py for tasks to queue
[2025-06-20T14:46:00.755+0000] {logging_mixin.py:188} INFO - [2025-06-20T14:46:00.755+0000] {dagbag.py:540} INFO - Filling up the DagBag from /home/airflow/.local/lib/python3.12/site-packages/airflow/example_dags/example_trigger_target_dag.py
[2025-06-20T14:46:00.761+0000] {processor.py:840} INFO - DAG(s) 'example_trigger_target_dag' retrieved from /home/airflow/.local/lib/python3.12/site-packages/airflow/example_dags/example_trigger_target_dag.py
[2025-06-20T14:46:00.779+0000] {logging_mixin.py:188} INFO - [2025-06-20T14:46:00.779+0000] {dag.py:3096} INFO - Sync 1 DAGs
[2025-06-20T14:46:00.791+0000] {logging_mixin.py:188} INFO - [2025-06-20T14:46:00.791+0000] {dag.py:3954} INFO - Setting next_dagrun for example_trigger_target_dag to None, run_after=None
[2025-06-20T14:46:00.806+0000] {processor.py:183} INFO - Processing /home/airflow/.local/lib/python3.12/site-packages/airflow/example_dags/example_trigger_target_dag.py took 0.059 seconds
[2025-06-20T14:46:31.002+0000] {processor.py:161} INFO - Started process (PID=1446) to work on /home/airflow/.local/lib/python3.12/site-packages/airflow/example_dags/example_trigger_target_dag.py
[2025-06-20T14:46:31.003+0000] {processor.py:830} INFO - Processing file /home/airflow/.local/lib/python3.12/site-packages/airflow/example_dags/example_trigger_target_dag.py for tasks to queue
[2025-06-20T14:46:31.006+0000] {logging_mixin.py:188} INFO - [2025-06-20T14:46:31.005+0000] {dagbag.py:540} INFO - Filling up the DagBag from /home/airflow/.local/lib/python3.12/site-packages/airflow/example_dags/example_trigger_target_dag.py
[2025-06-20T14:46:31.013+0000] {processor.py:840} INFO - DAG(s) 'example_trigger_target_dag' retrieved from /home/airflow/.local/lib/python3.12/site-packages/airflow/example_dags/example_trigger_target_dag.py
[2025-06-20T14:46:31.034+0000] {logging_mixin.py:188} INFO - [2025-06-20T14:46:31.034+0000] {dag.py:3096} INFO - Sync 1 DAGs
[2025-06-20T14:46:31.047+0000] {logging_mixin.py:188} INFO - [2025-06-20T14:46:31.047+0000] {dag.py:3954} INFO - Setting next_dagrun for example_trigger_target_dag to None, run_after=None
[2025-06-20T14:46:31.064+0000] {processor.py:183} INFO - Processing /home/airflow/.local/lib/python3.12/site-packages/airflow/example_dags/example_trigger_target_dag.py took 0.068 seconds
[2025-06-20T14:47:01.187+0000] {processor.py:161} INFO - Started process (PID=1504) to work on /home/airflow/.local/lib/python3.12/site-packages/airflow/example_dags/example_trigger_target_dag.py
[2025-06-20T14:47:01.188+0000] {processor.py:830} INFO - Processing file /home/airflow/.local/lib/python3.12/site-packages/airflow/example_dags/example_trigger_target_dag.py for tasks to queue
[2025-06-20T14:47:01.190+0000] {logging_mixin.py:188} INFO - [2025-06-20T14:47:01.190+0000] {dagbag.py:540} INFO - Filling up the DagBag from /home/airflow/.local/lib/python3.12/site-packages/airflow/example_dags/example_trigger_target_dag.py
[2025-06-20T14:47:01.196+0000] {processor.py:840} INFO - DAG(s) 'example_trigger_target_dag' retrieved from /home/airflow/.local/lib/python3.12/site-packages/airflow/example_dags/example_trigger_target_dag.py
[2025-06-20T14:47:01.214+0000] {logging_mixin.py:188} INFO - [2025-06-20T14:47:01.214+0000] {dag.py:3096} INFO - Sync 1 DAGs
[2025-06-20T14:47:01.226+0000] {logging_mixin.py:188} INFO - [2025-06-20T14:47:01.225+0000] {dag.py:3954} INFO - Setting next_dagrun for example_trigger_target_dag to None, run_after=None
[2025-06-20T14:47:01.241+0000] {processor.py:183} INFO - Processing /home/airflow/.local/lib/python3.12/site-packages/airflow/example_dags/example_trigger_target_dag.py took 0.059 seconds
[2025-06-20T14:47:31.397+0000] {processor.py:161} INFO - Started process (PID=1562) to work on /home/airflow/.local/lib/python3.12/site-packages/airflow/example_dags/example_trigger_target_dag.py
[2025-06-20T14:47:31.397+0000] {processor.py:830} INFO - Processing file /home/airflow/.local/lib/python3.12/site-packages/airflow/example_dags/example_trigger_target_dag.py for tasks to queue
[2025-06-20T14:47:31.399+0000] {logging_mixin.py:188} INFO - [2025-06-20T14:47:31.399+0000] {dagbag.py:540} INFO - Filling up the DagBag from /home/airflow/.local/lib/python3.12/site-packages/airflow/example_dags/example_trigger_target_dag.py
[2025-06-20T14:47:31.405+0000] {processor.py:840} INFO - DAG(s) 'example_trigger_target_dag' retrieved from /home/airflow/.local/lib/python3.12/site-packages/airflow/example_dags/example_trigger_target_dag.py
[2025-06-20T14:47:31.423+0000] {logging_mixin.py:188} INFO - [2025-06-20T14:47:31.423+0000] {dag.py:3096} INFO - Sync 1 DAGs
[2025-06-20T14:47:31.435+0000] {logging_mixin.py:188} INFO - [2025-06-20T14:47:31.434+0000] {dag.py:3954} INFO - Setting next_dagrun for example_trigger_target_dag to None, run_after=None
[2025-06-20T14:47:31.450+0000] {processor.py:183} INFO - Processing /home/airflow/.local/lib/python3.12/site-packages/airflow/example_dags/example_trigger_target_dag.py took 0.060 seconds
[2025-06-20T14:48:01.862+0000] {processor.py:161} INFO - Started process (PID=1620) to work on /home/airflow/.local/lib/python3.12/site-packages/airflow/example_dags/example_trigger_target_dag.py
[2025-06-20T14:48:01.863+0000] {processor.py:830} INFO - Processing file /home/airflow/.local/lib/python3.12/site-packages/airflow/example_dags/example_trigger_target_dag.py for tasks to queue
[2025-06-20T14:48:01.866+0000] {logging_mixin.py:188} INFO - [2025-06-20T14:48:01.865+0000] {dagbag.py:540} INFO - Filling up the DagBag from /home/airflow/.local/lib/python3.12/site-packages/airflow/example_dags/example_trigger_target_dag.py
[2025-06-20T14:48:01.873+0000] {processor.py:840} INFO - DAG(s) 'example_trigger_target_dag' retrieved from /home/airflow/.local/lib/python3.12/site-packages/airflow/example_dags/example_trigger_target_dag.py
[2025-06-20T14:48:01.895+0000] {logging_mixin.py:188} INFO - [2025-06-20T14:48:01.894+0000] {dag.py:3096} INFO - Sync 1 DAGs
[2025-06-20T14:48:01.908+0000] {logging_mixin.py:188} INFO - [2025-06-20T14:48:01.907+0000] {dag.py:3954} INFO - Setting next_dagrun for example_trigger_target_dag to None, run_after=None
[2025-06-20T14:48:01.924+0000] {processor.py:183} INFO - Processing /home/airflow/.local/lib/python3.12/site-packages/airflow/example_dags/example_trigger_target_dag.py took 0.069 seconds
[2025-06-20T14:48:32.066+0000] {processor.py:161} INFO - Started process (PID=1678) to work on /home/airflow/.local/lib/python3.12/site-packages/airflow/example_dags/example_trigger_target_dag.py
[2025-06-20T14:48:32.067+0000] {processor.py:830} INFO - Processing file /home/airflow/.local/lib/python3.12/site-packages/airflow/example_dags/example_trigger_target_dag.py for tasks to queue
[2025-06-20T14:48:32.069+0000] {logging_mixin.py:188} INFO - [2025-06-20T14:48:32.068+0000] {dagbag.py:540} INFO - Filling up the DagBag from /home/airflow/.local/lib/python3.12/site-packages/airflow/example_dags/example_trigger_target_dag.py
[2025-06-20T14:48:32.074+0000] {processor.py:840} INFO - DAG(s) 'example_trigger_target_dag' retrieved from /home/airflow/.local/lib/python3.12/site-packages/airflow/example_dags/example_trigger_target_dag.py
[2025-06-20T14:48:32.092+0000] {logging_mixin.py:188} INFO - [2025-06-20T14:48:32.091+0000] {dag.py:3096} INFO - Sync 1 DAGs
[2025-06-20T14:48:32.103+0000] {logging_mixin.py:188} INFO - [2025-06-20T14:48:32.103+0000] {dag.py:3954} INFO - Setting next_dagrun for example_trigger_target_dag to None, run_after=None
[2025-06-20T14:48:32.118+0000] {processor.py:183} INFO - Processing /home/airflow/.local/lib/python3.12/site-packages/airflow/example_dags/example_trigger_target_dag.py took 0.058 seconds
[2025-06-20T14:49:02.384+0000] {processor.py:161} INFO - Started process (PID=1736) to work on /home/airflow/.local/lib/python3.12/site-packages/airflow/example_dags/example_trigger_target_dag.py
[2025-06-20T14:49:02.385+0000] {processor.py:830} INFO - Processing file /home/airflow/.local/lib/python3.12/site-packages/airflow/example_dags/example_trigger_target_dag.py for tasks to queue
[2025-06-20T14:49:02.387+0000] {logging_mixin.py:188} INFO - [2025-06-20T14:49:02.386+0000] {dagbag.py:540} INFO - Filling up the DagBag from /home/airflow/.local/lib/python3.12/site-packages/airflow/example_dags/example_trigger_target_dag.py
[2025-06-20T14:49:02.392+0000] {processor.py:840} INFO - DAG(s) 'example_trigger_target_dag' retrieved from /home/airflow/.local/lib/python3.12/site-packages/airflow/example_dags/example_trigger_target_dag.py
[2025-06-20T14:49:02.410+0000] {logging_mixin.py:188} INFO - [2025-06-20T14:49:02.410+0000] {dag.py:3096} INFO - Sync 1 DAGs
[2025-06-20T14:49:02.422+0000] {logging_mixin.py:188} INFO - [2025-06-20T14:49:02.422+0000] {dag.py:3954} INFO - Setting next_dagrun for example_trigger_target_dag to None, run_after=None
[2025-06-20T14:49:02.437+0000] {processor.py:183} INFO - Processing /home/airflow/.local/lib/python3.12/site-packages/airflow/example_dags/example_trigger_target_dag.py took 0.059 seconds
[2025-06-20T14:49:32.777+0000] {processor.py:161} INFO - Started process (PID=1794) to work on /home/airflow/.local/lib/python3.12/site-packages/airflow/example_dags/example_trigger_target_dag.py
[2025-06-20T14:49:32.778+0000] {processor.py:830} INFO - Processing file /home/airflow/.local/lib/python3.12/site-packages/airflow/example_dags/example_trigger_target_dag.py for tasks to queue
[2025-06-20T14:49:32.780+0000] {logging_mixin.py:188} INFO - [2025-06-20T14:49:32.780+0000] {dagbag.py:540} INFO - Filling up the DagBag from /home/airflow/.local/lib/python3.12/site-packages/airflow/example_dags/example_trigger_target_dag.py
[2025-06-20T14:49:32.786+0000] {processor.py:840} INFO - DAG(s) 'example_trigger_target_dag' retrieved from /home/airflow/.local/lib/python3.12/site-packages/airflow/example_dags/example_trigger_target_dag.py
[2025-06-20T14:49:32.804+0000] {logging_mixin.py:188} INFO - [2025-06-20T14:49:32.803+0000] {dag.py:3096} INFO - Sync 1 DAGs
[2025-06-20T14:49:32.815+0000] {logging_mixin.py:188} INFO - [2025-06-20T14:49:32.815+0000] {dag.py:3954} INFO - Setting next_dagrun for example_trigger_target_dag to None, run_after=None
[2025-06-20T14:49:32.831+0000] {processor.py:183} INFO - Processing /home/airflow/.local/lib/python3.12/site-packages/airflow/example_dags/example_trigger_target_dag.py took 0.060 seconds
[2025-06-20T14:50:02.963+0000] {processor.py:161} INFO - Started process (PID=1852) to work on /home/airflow/.local/lib/python3.12/site-packages/airflow/example_dags/example_trigger_target_dag.py
[2025-06-20T14:50:02.964+0000] {processor.py:830} INFO - Processing file /home/airflow/.local/lib/python3.12/site-packages/airflow/example_dags/example_trigger_target_dag.py for tasks to queue
[2025-06-20T14:50:02.965+0000] {logging_mixin.py:188} INFO - [2025-06-20T14:50:02.965+0000] {dagbag.py:540} INFO - Filling up the DagBag from /home/airflow/.local/lib/python3.12/site-packages/airflow/example_dags/example_trigger_target_dag.py
[2025-06-20T14:50:02.971+0000] {processor.py:840} INFO - DAG(s) 'example_trigger_target_dag' retrieved from /home/airflow/.local/lib/python3.12/site-packages/airflow/example_dags/example_trigger_target_dag.py
[2025-06-20T14:50:02.990+0000] {logging_mixin.py:188} INFO - [2025-06-20T14:50:02.989+0000] {dag.py:3096} INFO - Sync 1 DAGs
[2025-06-20T14:50:03.001+0000] {logging_mixin.py:188} INFO - [2025-06-20T14:50:03.001+0000] {dag.py:3954} INFO - Setting next_dagrun for example_trigger_target_dag to None, run_after=None
[2025-06-20T14:50:03.017+0000] {processor.py:183} INFO - Processing /home/airflow/.local/lib/python3.12/site-packages/airflow/example_dags/example_trigger_target_dag.py took 0.060 seconds
[2025-06-20T14:50:33.926+0000] {processor.py:161} INFO - Started process (PID=1910) to work on /home/airflow/.local/lib/python3.12/site-packages/airflow/example_dags/example_trigger_target_dag.py
[2025-06-20T14:50:33.927+0000] {processor.py:830} INFO - Processing file /home/airflow/.local/lib/python3.12/site-packages/airflow/example_dags/example_trigger_target_dag.py for tasks to queue
[2025-06-20T14:50:33.929+0000] {logging_mixin.py:188} INFO - [2025-06-20T14:50:33.928+0000] {dagbag.py:540} INFO - Filling up the DagBag from /home/airflow/.local/lib/python3.12/site-packages/airflow/example_dags/example_trigger_target_dag.py
[2025-06-20T14:50:33.936+0000] {processor.py:840} INFO - DAG(s) 'example_trigger_target_dag' retrieved from /home/airflow/.local/lib/python3.12/site-packages/airflow/example_dags/example_trigger_target_dag.py
[2025-06-20T14:50:33.956+0000] {logging_mixin.py:188} INFO - [2025-06-20T14:50:33.955+0000] {dag.py:3096} INFO - Sync 1 DAGs
[2025-06-20T14:50:33.969+0000] {logging_mixin.py:188} INFO - [2025-06-20T14:50:33.969+0000] {dag.py:3954} INFO - Setting next_dagrun for example_trigger_target_dag to None, run_after=None
[2025-06-20T14:50:33.986+0000] {processor.py:183} INFO - Processing /home/airflow/.local/lib/python3.12/site-packages/airflow/example_dags/example_trigger_target_dag.py took 0.067 seconds
[2025-06-20T14:51:04.219+0000] {processor.py:161} INFO - Started process (PID=1968) to work on /home/airflow/.local/lib/python3.12/site-packages/airflow/example_dags/example_trigger_target_dag.py
[2025-06-20T14:51:04.219+0000] {processor.py:830} INFO - Processing file /home/airflow/.local/lib/python3.12/site-packages/airflow/example_dags/example_trigger_target_dag.py for tasks to queue
[2025-06-20T14:51:04.221+0000] {logging_mixin.py:188} INFO - [2025-06-20T14:51:04.221+0000] {dagbag.py:540} INFO - Filling up the DagBag from /home/airflow/.local/lib/python3.12/site-packages/airflow/example_dags/example_trigger_target_dag.py
[2025-06-20T14:51:04.227+0000] {processor.py:840} INFO - DAG(s) 'example_trigger_target_dag' retrieved from /home/airflow/.local/lib/python3.12/site-packages/airflow/example_dags/example_trigger_target_dag.py
[2025-06-20T14:51:04.246+0000] {logging_mixin.py:188} INFO - [2025-06-20T14:51:04.246+0000] {dag.py:3096} INFO - Sync 1 DAGs
[2025-06-20T14:51:04.258+0000] {logging_mixin.py:188} INFO - [2025-06-20T14:51:04.258+0000] {dag.py:3954} INFO - Setting next_dagrun for example_trigger_target_dag to None, run_after=None
[2025-06-20T14:51:04.274+0000] {processor.py:183} INFO - Processing /home/airflow/.local/lib/python3.12/site-packages/airflow/example_dags/example_trigger_target_dag.py took 0.062 seconds
[2025-06-20T14:51:34.361+0000] {processor.py:161} INFO - Started process (PID=2026) to work on /home/airflow/.local/lib/python3.12/site-packages/airflow/example_dags/example_trigger_target_dag.py
[2025-06-20T14:51:34.362+0000] {processor.py:830} INFO - Processing file /home/airflow/.local/lib/python3.12/site-packages/airflow/example_dags/example_trigger_target_dag.py for tasks to queue
[2025-06-20T14:51:34.363+0000] {logging_mixin.py:188} INFO - [2025-06-20T14:51:34.363+0000] {dagbag.py:540} INFO - Filling up the DagBag from /home/airflow/.local/lib/python3.12/site-packages/airflow/example_dags/example_trigger_target_dag.py
[2025-06-20T14:51:34.370+0000] {processor.py:840} INFO - DAG(s) 'example_trigger_target_dag' retrieved from /home/airflow/.local/lib/python3.12/site-packages/airflow/example_dags/example_trigger_target_dag.py
[2025-06-20T14:51:34.390+0000] {logging_mixin.py:188} INFO - [2025-06-20T14:51:34.389+0000] {dag.py:3096} INFO - Sync 1 DAGs
[2025-06-20T14:51:34.402+0000] {logging_mixin.py:188} INFO - [2025-06-20T14:51:34.402+0000] {dag.py:3954} INFO - Setting next_dagrun for example_trigger_target_dag to None, run_after=None
[2025-06-20T14:51:34.419+0000] {processor.py:183} INFO - Processing /home/airflow/.local/lib/python3.12/site-packages/airflow/example_dags/example_trigger_target_dag.py took 0.064 seconds
[2025-06-20T14:52:04.537+0000] {processor.py:161} INFO - Started process (PID=2084) to work on /home/airflow/.local/lib/python3.12/site-packages/airflow/example_dags/example_trigger_target_dag.py
[2025-06-20T14:52:04.540+0000] {processor.py:830} INFO - Processing file /home/airflow/.local/lib/python3.12/site-packages/airflow/example_dags/example_trigger_target_dag.py for tasks to queue
[2025-06-20T14:52:04.541+0000] {logging_mixin.py:188} INFO - [2025-06-20T14:52:04.541+0000] {dagbag.py:540} INFO - Filling up the DagBag from /home/airflow/.local/lib/python3.12/site-packages/airflow/example_dags/example_trigger_target_dag.py
[2025-06-20T14:52:04.547+0000] {processor.py:840} INFO - DAG(s) 'example_trigger_target_dag' retrieved from /home/airflow/.local/lib/python3.12/site-packages/airflow/example_dags/example_trigger_target_dag.py
[2025-06-20T14:52:04.566+0000] {logging_mixin.py:188} INFO - [2025-06-20T14:52:04.565+0000] {dag.py:3096} INFO - Sync 1 DAGs
[2025-06-20T14:52:04.578+0000] {logging_mixin.py:188} INFO - [2025-06-20T14:52:04.577+0000] {dag.py:3954} INFO - Setting next_dagrun for example_trigger_target_dag to None, run_after=None
[2025-06-20T14:52:04.593+0000] {processor.py:183} INFO - Processing /home/airflow/.local/lib/python3.12/site-packages/airflow/example_dags/example_trigger_target_dag.py took 0.062 seconds
[2025-06-20T14:52:35.533+0000] {processor.py:161} INFO - Started process (PID=2142) to work on /home/airflow/.local/lib/python3.12/site-packages/airflow/example_dags/example_trigger_target_dag.py
[2025-06-20T14:52:35.534+0000] {processor.py:830} INFO - Processing file /home/airflow/.local/lib/python3.12/site-packages/airflow/example_dags/example_trigger_target_dag.py for tasks to queue
[2025-06-20T14:52:35.536+0000] {logging_mixin.py:188} INFO - [2025-06-20T14:52:35.535+0000] {dagbag.py:540} INFO - Filling up the DagBag from /home/airflow/.local/lib/python3.12/site-packages/airflow/example_dags/example_trigger_target_dag.py
[2025-06-20T14:52:35.542+0000] {processor.py:840} INFO - DAG(s) 'example_trigger_target_dag' retrieved from /home/airflow/.local/lib/python3.12/site-packages/airflow/example_dags/example_trigger_target_dag.py
[2025-06-20T14:52:35.564+0000] {logging_mixin.py:188} INFO - [2025-06-20T14:52:35.563+0000] {dag.py:3096} INFO - Sync 1 DAGs
[2025-06-20T14:52:35.576+0000] {logging_mixin.py:188} INFO - [2025-06-20T14:52:35.576+0000] {dag.py:3954} INFO - Setting next_dagrun for example_trigger_target_dag to None, run_after=None
[2025-06-20T14:52:35.592+0000] {processor.py:183} INFO - Processing /home/airflow/.local/lib/python3.12/site-packages/airflow/example_dags/example_trigger_target_dag.py took 0.065 seconds
[2025-06-20T14:53:05.693+0000] {processor.py:161} INFO - Started process (PID=2200) to work on /home/airflow/.local/lib/python3.12/site-packages/airflow/example_dags/example_trigger_target_dag.py
[2025-06-20T14:53:05.694+0000] {processor.py:830} INFO - Processing file /home/airflow/.local/lib/python3.12/site-packages/airflow/example_dags/example_trigger_target_dag.py for tasks to queue
[2025-06-20T14:53:05.696+0000] {logging_mixin.py:188} INFO - [2025-06-20T14:53:05.696+0000] {dagbag.py:540} INFO - Filling up the DagBag from /home/airflow/.local/lib/python3.12/site-packages/airflow/example_dags/example_trigger_target_dag.py
[2025-06-20T14:53:05.702+0000] {processor.py:840} INFO - DAG(s) 'example_trigger_target_dag' retrieved from /home/airflow/.local/lib/python3.12/site-packages/airflow/example_dags/example_trigger_target_dag.py
[2025-06-20T14:53:05.721+0000] {logging_mixin.py:188} INFO - [2025-06-20T14:53:05.720+0000] {dag.py:3096} INFO - Sync 1 DAGs
[2025-06-20T14:53:05.736+0000] {logging_mixin.py:188} INFO - [2025-06-20T14:53:05.736+0000] {dag.py:3954} INFO - Setting next_dagrun for example_trigger_target_dag to None, run_after=None
[2025-06-20T14:53:05.752+0000] {processor.py:183} INFO - Processing /home/airflow/.local/lib/python3.12/site-packages/airflow/example_dags/example_trigger_target_dag.py took 0.065 seconds
[2025-06-20T14:53:36.098+0000] {processor.py:161} INFO - Started process (PID=2258) to work on /home/airflow/.local/lib/python3.12/site-packages/airflow/example_dags/example_trigger_target_dag.py
[2025-06-20T14:53:36.099+0000] {processor.py:830} INFO - Processing file /home/airflow/.local/lib/python3.12/site-packages/airflow/example_dags/example_trigger_target_dag.py for tasks to queue
[2025-06-20T14:53:36.101+0000] {logging_mixin.py:188} INFO - [2025-06-20T14:53:36.100+0000] {dagbag.py:540} INFO - Filling up the DagBag from /home/airflow/.local/lib/python3.12/site-packages/airflow/example_dags/example_trigger_target_dag.py
[2025-06-20T14:53:36.107+0000] {processor.py:840} INFO - DAG(s) 'example_trigger_target_dag' retrieved from /home/airflow/.local/lib/python3.12/site-packages/airflow/example_dags/example_trigger_target_dag.py
[2025-06-20T14:53:36.128+0000] {logging_mixin.py:188} INFO - [2025-06-20T14:53:36.128+0000] {dag.py:3096} INFO - Sync 1 DAGs
[2025-06-20T14:53:36.141+0000] {logging_mixin.py:188} INFO - [2025-06-20T14:53:36.141+0000] {dag.py:3954} INFO - Setting next_dagrun for example_trigger_target_dag to None, run_after=None
[2025-06-20T14:53:36.158+0000] {processor.py:183} INFO - Processing /home/airflow/.local/lib/python3.12/site-packages/airflow/example_dags/example_trigger_target_dag.py took 0.066 seconds
[2025-06-20T14:54:07.023+0000] {processor.py:161} INFO - Started process (PID=2316) to work on /home/airflow/.local/lib/python3.12/site-packages/airflow/example_dags/example_trigger_target_dag.py
[2025-06-20T14:54:07.024+0000] {processor.py:830} INFO - Processing file /home/airflow/.local/lib/python3.12/site-packages/airflow/example_dags/example_trigger_target_dag.py for tasks to queue
[2025-06-20T14:54:07.026+0000] {logging_mixin.py:188} INFO - [2025-06-20T14:54:07.026+0000] {dagbag.py:540} INFO - Filling up the DagBag from /home/airflow/.local/lib/python3.12/site-packages/airflow/example_dags/example_trigger_target_dag.py
[2025-06-20T14:54:07.033+0000] {processor.py:840} INFO - DAG(s) 'example_trigger_target_dag' retrieved from /home/airflow/.local/lib/python3.12/site-packages/airflow/example_dags/example_trigger_target_dag.py
[2025-06-20T14:54:07.053+0000] {logging_mixin.py:188} INFO - [2025-06-20T14:54:07.053+0000] {dag.py:3096} INFO - Sync 1 DAGs
[2025-06-20T14:54:07.067+0000] {logging_mixin.py:188} INFO - [2025-06-20T14:54:07.066+0000] {dag.py:3954} INFO - Setting next_dagrun for example_trigger_target_dag to None, run_after=None
[2025-06-20T14:54:07.084+0000] {processor.py:183} INFO - Processing /home/airflow/.local/lib/python3.12/site-packages/airflow/example_dags/example_trigger_target_dag.py took 0.068 seconds
[2025-06-20T14:54:38.076+0000] {processor.py:161} INFO - Started process (PID=2374) to work on /home/airflow/.local/lib/python3.12/site-packages/airflow/example_dags/example_trigger_target_dag.py
[2025-06-20T14:54:38.077+0000] {processor.py:830} INFO - Processing file /home/airflow/.local/lib/python3.12/site-packages/airflow/example_dags/example_trigger_target_dag.py for tasks to queue
[2025-06-20T14:54:38.079+0000] {logging_mixin.py:188} INFO - [2025-06-20T14:54:38.078+0000] {dagbag.py:540} INFO - Filling up the DagBag from /home/airflow/.local/lib/python3.12/site-packages/airflow/example_dags/example_trigger_target_dag.py
[2025-06-20T14:54:38.085+0000] {processor.py:840} INFO - DAG(s) 'example_trigger_target_dag' retrieved from /home/airflow/.local/lib/python3.12/site-packages/airflow/example_dags/example_trigger_target_dag.py
[2025-06-20T14:54:38.104+0000] {logging_mixin.py:188} INFO - [2025-06-20T14:54:38.104+0000] {dag.py:3096} INFO - Sync 1 DAGs
[2025-06-20T14:54:38.116+0000] {logging_mixin.py:188} INFO - [2025-06-20T14:54:38.116+0000] {dag.py:3954} INFO - Setting next_dagrun for example_trigger_target_dag to None, run_after=None
[2025-06-20T14:54:38.132+0000] {processor.py:183} INFO - Processing /home/airflow/.local/lib/python3.12/site-packages/airflow/example_dags/example_trigger_target_dag.py took 0.063 seconds
[2025-06-20T14:55:08.226+0000] {processor.py:161} INFO - Started process (PID=2433) to work on /home/airflow/.local/lib/python3.12/site-packages/airflow/example_dags/example_trigger_target_dag.py
[2025-06-20T14:55:08.227+0000] {processor.py:830} INFO - Processing file /home/airflow/.local/lib/python3.12/site-packages/airflow/example_dags/example_trigger_target_dag.py for tasks to queue
[2025-06-20T14:55:08.228+0000] {logging_mixin.py:188} INFO - [2025-06-20T14:55:08.228+0000] {dagbag.py:540} INFO - Filling up the DagBag from /home/airflow/.local/lib/python3.12/site-packages/airflow/example_dags/example_trigger_target_dag.py
[2025-06-20T14:55:08.234+0000] {processor.py:840} INFO - DAG(s) 'example_trigger_target_dag' retrieved from /home/airflow/.local/lib/python3.12/site-packages/airflow/example_dags/example_trigger_target_dag.py
[2025-06-20T14:55:08.253+0000] {logging_mixin.py:188} INFO - [2025-06-20T14:55:08.253+0000] {dag.py:3096} INFO - Sync 1 DAGs
[2025-06-20T14:55:08.264+0000] {logging_mixin.py:188} INFO - [2025-06-20T14:55:08.264+0000] {dag.py:3954} INFO - Setting next_dagrun for example_trigger_target_dag to None, run_after=None
[2025-06-20T14:55:08.280+0000] {processor.py:183} INFO - Processing /home/airflow/.local/lib/python3.12/site-packages/airflow/example_dags/example_trigger_target_dag.py took 0.061 seconds
[2025-06-20T14:55:38.480+0000] {processor.py:161} INFO - Started process (PID=2492) to work on /home/airflow/.local/lib/python3.12/site-packages/airflow/example_dags/example_trigger_target_dag.py
[2025-06-20T14:55:38.481+0000] {processor.py:830} INFO - Processing file /home/airflow/.local/lib/python3.12/site-packages/airflow/example_dags/example_trigger_target_dag.py for tasks to queue
[2025-06-20T14:55:38.483+0000] {logging_mixin.py:188} INFO - [2025-06-20T14:55:38.483+0000] {dagbag.py:540} INFO - Filling up the DagBag from /home/airflow/.local/lib/python3.12/site-packages/airflow/example_dags/example_trigger_target_dag.py
[2025-06-20T14:55:38.489+0000] {processor.py:840} INFO - DAG(s) 'example_trigger_target_dag' retrieved from /home/airflow/.local/lib/python3.12/site-packages/airflow/example_dags/example_trigger_target_dag.py
[2025-06-20T14:55:38.507+0000] {logging_mixin.py:188} INFO - [2025-06-20T14:55:38.507+0000] {dag.py:3096} INFO - Sync 1 DAGs
[2025-06-20T14:55:38.520+0000] {logging_mixin.py:188} INFO - [2025-06-20T14:55:38.519+0000] {dag.py:3954} INFO - Setting next_dagrun for example_trigger_target_dag to None, run_after=None
[2025-06-20T14:55:38.536+0000] {processor.py:183} INFO - Processing /home/airflow/.local/lib/python3.12/site-packages/airflow/example_dags/example_trigger_target_dag.py took 0.062 seconds
[2025-06-20T14:56:08.892+0000] {processor.py:161} INFO - Started process (PID=2551) to work on /home/airflow/.local/lib/python3.12/site-packages/airflow/example_dags/example_trigger_target_dag.py
[2025-06-20T14:56:08.893+0000] {processor.py:830} INFO - Processing file /home/airflow/.local/lib/python3.12/site-packages/airflow/example_dags/example_trigger_target_dag.py for tasks to queue
[2025-06-20T14:56:08.895+0000] {logging_mixin.py:188} INFO - [2025-06-20T14:56:08.894+0000] {dagbag.py:540} INFO - Filling up the DagBag from /home/airflow/.local/lib/python3.12/site-packages/airflow/example_dags/example_trigger_target_dag.py
[2025-06-20T14:56:08.901+0000] {processor.py:840} INFO - DAG(s) 'example_trigger_target_dag' retrieved from /home/airflow/.local/lib/python3.12/site-packages/airflow/example_dags/example_trigger_target_dag.py
[2025-06-20T14:56:08.918+0000] {logging_mixin.py:188} INFO - [2025-06-20T14:56:08.918+0000] {dag.py:3096} INFO - Sync 1 DAGs
[2025-06-20T14:56:08.930+0000] {logging_mixin.py:188} INFO - [2025-06-20T14:56:08.930+0000] {dag.py:3954} INFO - Setting next_dagrun for example_trigger_target_dag to None, run_after=None
[2025-06-20T14:56:08.945+0000] {processor.py:183} INFO - Processing /home/airflow/.local/lib/python3.12/site-packages/airflow/example_dags/example_trigger_target_dag.py took 0.059 seconds
[2025-06-20T14:56:39.074+0000] {processor.py:161} INFO - Started process (PID=2610) to work on /home/airflow/.local/lib/python3.12/site-packages/airflow/example_dags/example_trigger_target_dag.py
[2025-06-20T14:56:39.075+0000] {processor.py:830} INFO - Processing file /home/airflow/.local/lib/python3.12/site-packages/airflow/example_dags/example_trigger_target_dag.py for tasks to queue
[2025-06-20T14:56:39.077+0000] {logging_mixin.py:188} INFO - [2025-06-20T14:56:39.076+0000] {dagbag.py:540} INFO - Filling up the DagBag from /home/airflow/.local/lib/python3.12/site-packages/airflow/example_dags/example_trigger_target_dag.py
[2025-06-20T14:56:39.082+0000] {processor.py:840} INFO - DAG(s) 'example_trigger_target_dag' retrieved from /home/airflow/.local/lib/python3.12/site-packages/airflow/example_dags/example_trigger_target_dag.py
[2025-06-20T14:56:39.100+0000] {logging_mixin.py:188} INFO - [2025-06-20T14:56:39.100+0000] {dag.py:3096} INFO - Sync 1 DAGs
[2025-06-20T14:56:39.111+0000] {logging_mixin.py:188} INFO - [2025-06-20T14:56:39.111+0000] {dag.py:3954} INFO - Setting next_dagrun for example_trigger_target_dag to None, run_after=None
[2025-06-20T14:56:39.127+0000] {processor.py:183} INFO - Processing /home/airflow/.local/lib/python3.12/site-packages/airflow/example_dags/example_trigger_target_dag.py took 0.059 seconds
[2025-06-20T14:57:09.295+0000] {processor.py:161} INFO - Started process (PID=2669) to work on /home/airflow/.local/lib/python3.12/site-packages/airflow/example_dags/example_trigger_target_dag.py
[2025-06-20T14:57:09.295+0000] {processor.py:830} INFO - Processing file /home/airflow/.local/lib/python3.12/site-packages/airflow/example_dags/example_trigger_target_dag.py for tasks to queue
[2025-06-20T14:57:09.297+0000] {logging_mixin.py:188} INFO - [2025-06-20T14:57:09.297+0000] {dagbag.py:540} INFO - Filling up the DagBag from /home/airflow/.local/lib/python3.12/site-packages/airflow/example_dags/example_trigger_target_dag.py
[2025-06-20T14:57:09.303+0000] {processor.py:840} INFO - DAG(s) 'example_trigger_target_dag' retrieved from /home/airflow/.local/lib/python3.12/site-packages/airflow/example_dags/example_trigger_target_dag.py
[2025-06-20T14:57:09.321+0000] {logging_mixin.py:188} INFO - [2025-06-20T14:57:09.321+0000] {dag.py:3096} INFO - Sync 1 DAGs
[2025-06-20T14:57:09.335+0000] {logging_mixin.py:188} INFO - [2025-06-20T14:57:09.335+0000] {dag.py:3954} INFO - Setting next_dagrun for example_trigger_target_dag to None, run_after=None
[2025-06-20T14:57:09.350+0000] {processor.py:183} INFO - Processing /home/airflow/.local/lib/python3.12/site-packages/airflow/example_dags/example_trigger_target_dag.py took 0.062 seconds
[2025-06-20T14:57:39.530+0000] {processor.py:161} INFO - Started process (PID=2728) to work on /home/airflow/.local/lib/python3.12/site-packages/airflow/example_dags/example_trigger_target_dag.py
[2025-06-20T14:57:39.531+0000] {processor.py:830} INFO - Processing file /home/airflow/.local/lib/python3.12/site-packages/airflow/example_dags/example_trigger_target_dag.py for tasks to queue
[2025-06-20T14:57:39.533+0000] {logging_mixin.py:188} INFO - [2025-06-20T14:57:39.533+0000] {dagbag.py:540} INFO - Filling up the DagBag from /home/airflow/.local/lib/python3.12/site-packages/airflow/example_dags/example_trigger_target_dag.py
[2025-06-20T14:57:39.540+0000] {processor.py:840} INFO - DAG(s) 'example_trigger_target_dag' retrieved from /home/airflow/.local/lib/python3.12/site-packages/airflow/example_dags/example_trigger_target_dag.py
[2025-06-20T14:57:39.558+0000] {logging_mixin.py:188} INFO - [2025-06-20T14:57:39.558+0000] {dag.py:3096} INFO - Sync 1 DAGs
[2025-06-20T14:57:39.570+0000] {logging_mixin.py:188} INFO - [2025-06-20T14:57:39.570+0000] {dag.py:3954} INFO - Setting next_dagrun for example_trigger_target_dag to None, run_after=None
[2025-06-20T14:57:39.585+0000] {processor.py:183} INFO - Processing /home/airflow/.local/lib/python3.12/site-packages/airflow/example_dags/example_trigger_target_dag.py took 0.061 seconds
[2025-06-20T14:58:09.696+0000] {processor.py:161} INFO - Started process (PID=2787) to work on /home/airflow/.local/lib/python3.12/site-packages/airflow/example_dags/example_trigger_target_dag.py
[2025-06-20T14:58:09.696+0000] {processor.py:830} INFO - Processing file /home/airflow/.local/lib/python3.12/site-packages/airflow/example_dags/example_trigger_target_dag.py for tasks to queue
[2025-06-20T14:58:09.698+0000] {logging_mixin.py:188} INFO - [2025-06-20T14:58:09.698+0000] {dagbag.py:540} INFO - Filling up the DagBag from /home/airflow/.local/lib/python3.12/site-packages/airflow/example_dags/example_trigger_target_dag.py
[2025-06-20T14:58:09.704+0000] {processor.py:840} INFO - DAG(s) 'example_trigger_target_dag' retrieved from /home/airflow/.local/lib/python3.12/site-packages/airflow/example_dags/example_trigger_target_dag.py
[2025-06-20T14:58:09.723+0000] {logging_mixin.py:188} INFO - [2025-06-20T14:58:09.722+0000] {dag.py:3096} INFO - Sync 1 DAGs
[2025-06-20T14:58:09.735+0000] {logging_mixin.py:188} INFO - [2025-06-20T14:58:09.734+0000] {dag.py:3954} INFO - Setting next_dagrun for example_trigger_target_dag to None, run_after=None
[2025-06-20T14:58:09.750+0000] {processor.py:183} INFO - Processing /home/airflow/.local/lib/python3.12/site-packages/airflow/example_dags/example_trigger_target_dag.py took 0.061 seconds
[2025-06-20T14:58:39.887+0000] {processor.py:161} INFO - Started process (PID=2846) to work on /home/airflow/.local/lib/python3.12/site-packages/airflow/example_dags/example_trigger_target_dag.py
[2025-06-20T14:58:39.888+0000] {processor.py:830} INFO - Processing file /home/airflow/.local/lib/python3.12/site-packages/airflow/example_dags/example_trigger_target_dag.py for tasks to queue
[2025-06-20T14:58:39.889+0000] {logging_mixin.py:188} INFO - [2025-06-20T14:58:39.889+0000] {dagbag.py:540} INFO - Filling up the DagBag from /home/airflow/.local/lib/python3.12/site-packages/airflow/example_dags/example_trigger_target_dag.py
[2025-06-20T14:58:39.895+0000] {processor.py:840} INFO - DAG(s) 'example_trigger_target_dag' retrieved from /home/airflow/.local/lib/python3.12/site-packages/airflow/example_dags/example_trigger_target_dag.py
[2025-06-20T14:58:39.914+0000] {logging_mixin.py:188} INFO - [2025-06-20T14:58:39.914+0000] {dag.py:3096} INFO - Sync 1 DAGs
[2025-06-20T14:58:39.926+0000] {logging_mixin.py:188} INFO - [2025-06-20T14:58:39.925+0000] {dag.py:3954} INFO - Setting next_dagrun for example_trigger_target_dag to None, run_after=None
[2025-06-20T14:58:39.941+0000] {processor.py:183} INFO - Processing /home/airflow/.local/lib/python3.12/site-packages/airflow/example_dags/example_trigger_target_dag.py took 0.060 seconds
[2025-06-20T14:59:10.183+0000] {processor.py:161} INFO - Started process (PID=2905) to work on /home/airflow/.local/lib/python3.12/site-packages/airflow/example_dags/example_trigger_target_dag.py
[2025-06-20T14:59:10.184+0000] {processor.py:830} INFO - Processing file /home/airflow/.local/lib/python3.12/site-packages/airflow/example_dags/example_trigger_target_dag.py for tasks to queue
[2025-06-20T14:59:10.185+0000] {logging_mixin.py:188} INFO - [2025-06-20T14:59:10.185+0000] {dagbag.py:540} INFO - Filling up the DagBag from /home/airflow/.local/lib/python3.12/site-packages/airflow/example_dags/example_trigger_target_dag.py
[2025-06-20T14:59:10.191+0000] {processor.py:840} INFO - DAG(s) 'example_trigger_target_dag' retrieved from /home/airflow/.local/lib/python3.12/site-packages/airflow/example_dags/example_trigger_target_dag.py
[2025-06-20T14:59:10.209+0000] {logging_mixin.py:188} INFO - [2025-06-20T14:59:10.209+0000] {dag.py:3096} INFO - Sync 1 DAGs
[2025-06-20T14:59:10.221+0000] {logging_mixin.py:188} INFO - [2025-06-20T14:59:10.221+0000] {dag.py:3954} INFO - Setting next_dagrun for example_trigger_target_dag to None, run_after=None
[2025-06-20T14:59:10.237+0000] {processor.py:183} INFO - Processing /home/airflow/.local/lib/python3.12/site-packages/airflow/example_dags/example_trigger_target_dag.py took 0.060 seconds
[2025-06-20T14:59:40.586+0000] {processor.py:161} INFO - Started process (PID=2964) to work on /home/airflow/.local/lib/python3.12/site-packages/airflow/example_dags/example_trigger_target_dag.py
[2025-06-20T14:59:40.587+0000] {processor.py:830} INFO - Processing file /home/airflow/.local/lib/python3.12/site-packages/airflow/example_dags/example_trigger_target_dag.py for tasks to queue
[2025-06-20T14:59:40.589+0000] {logging_mixin.py:188} INFO - [2025-06-20T14:59:40.589+0000] {dagbag.py:540} INFO - Filling up the DagBag from /home/airflow/.local/lib/python3.12/site-packages/airflow/example_dags/example_trigger_target_dag.py
[2025-06-20T14:59:40.596+0000] {processor.py:840} INFO - DAG(s) 'example_trigger_target_dag' retrieved from /home/airflow/.local/lib/python3.12/site-packages/airflow/example_dags/example_trigger_target_dag.py
[2025-06-20T14:59:40.616+0000] {logging_mixin.py:188} INFO - [2025-06-20T14:59:40.616+0000] {dag.py:3096} INFO - Sync 1 DAGs
[2025-06-20T14:59:40.629+0000] {logging_mixin.py:188} INFO - [2025-06-20T14:59:40.629+0000] {dag.py:3954} INFO - Setting next_dagrun for example_trigger_target_dag to None, run_after=None
[2025-06-20T14:59:40.646+0000] {processor.py:183} INFO - Processing /home/airflow/.local/lib/python3.12/site-packages/airflow/example_dags/example_trigger_target_dag.py took 0.067 seconds
[2025-06-20T15:00:11.036+0000] {processor.py:161} INFO - Started process (PID=3023) to work on /home/airflow/.local/lib/python3.12/site-packages/airflow/example_dags/example_trigger_target_dag.py
[2025-06-20T15:00:11.037+0000] {processor.py:830} INFO - Processing file /home/airflow/.local/lib/python3.12/site-packages/airflow/example_dags/example_trigger_target_dag.py for tasks to queue
[2025-06-20T15:00:11.039+0000] {logging_mixin.py:188} INFO - [2025-06-20T15:00:11.039+0000] {dagbag.py:540} INFO - Filling up the DagBag from /home/airflow/.local/lib/python3.12/site-packages/airflow/example_dags/example_trigger_target_dag.py
[2025-06-20T15:00:11.045+0000] {processor.py:840} INFO - DAG(s) 'example_trigger_target_dag' retrieved from /home/airflow/.local/lib/python3.12/site-packages/airflow/example_dags/example_trigger_target_dag.py
[2025-06-20T15:00:11.064+0000] {logging_mixin.py:188} INFO - [2025-06-20T15:00:11.064+0000] {dag.py:3096} INFO - Sync 1 DAGs
[2025-06-20T15:00:11.076+0000] {logging_mixin.py:188} INFO - [2025-06-20T15:00:11.076+0000] {dag.py:3954} INFO - Setting next_dagrun for example_trigger_target_dag to None, run_after=None
[2025-06-20T15:00:11.091+0000] {processor.py:183} INFO - Processing /home/airflow/.local/lib/python3.12/site-packages/airflow/example_dags/example_trigger_target_dag.py took 0.062 seconds
[2025-06-20T15:00:41.368+0000] {processor.py:161} INFO - Started process (PID=3082) to work on /home/airflow/.local/lib/python3.12/site-packages/airflow/example_dags/example_trigger_target_dag.py
[2025-06-20T15:00:41.369+0000] {processor.py:830} INFO - Processing file /home/airflow/.local/lib/python3.12/site-packages/airflow/example_dags/example_trigger_target_dag.py for tasks to queue
[2025-06-20T15:00:41.371+0000] {logging_mixin.py:188} INFO - [2025-06-20T15:00:41.371+0000] {dagbag.py:540} INFO - Filling up the DagBag from /home/airflow/.local/lib/python3.12/site-packages/airflow/example_dags/example_trigger_target_dag.py
[2025-06-20T15:00:41.377+0000] {processor.py:840} INFO - DAG(s) 'example_trigger_target_dag' retrieved from /home/airflow/.local/lib/python3.12/site-packages/airflow/example_dags/example_trigger_target_dag.py
[2025-06-20T15:00:41.396+0000] {logging_mixin.py:188} INFO - [2025-06-20T15:00:41.396+0000] {dag.py:3096} INFO - Sync 1 DAGs
[2025-06-20T15:00:41.413+0000] {logging_mixin.py:188} INFO - [2025-06-20T15:00:41.412+0000] {dag.py:3954} INFO - Setting next_dagrun for example_trigger_target_dag to None, run_after=None
[2025-06-20T15:00:41.434+0000] {processor.py:183} INFO - Processing /home/airflow/.local/lib/python3.12/site-packages/airflow/example_dags/example_trigger_target_dag.py took 0.072 seconds
[2025-06-20T15:01:11.650+0000] {processor.py:161} INFO - Started process (PID=3141) to work on /home/airflow/.local/lib/python3.12/site-packages/airflow/example_dags/example_trigger_target_dag.py
[2025-06-20T15:01:11.651+0000] {processor.py:830} INFO - Processing file /home/airflow/.local/lib/python3.12/site-packages/airflow/example_dags/example_trigger_target_dag.py for tasks to queue
[2025-06-20T15:01:11.653+0000] {logging_mixin.py:188} INFO - [2025-06-20T15:01:11.652+0000] {dagbag.py:540} INFO - Filling up the DagBag from /home/airflow/.local/lib/python3.12/site-packages/airflow/example_dags/example_trigger_target_dag.py
[2025-06-20T15:01:11.659+0000] {processor.py:840} INFO - DAG(s) 'example_trigger_target_dag' retrieved from /home/airflow/.local/lib/python3.12/site-packages/airflow/example_dags/example_trigger_target_dag.py
[2025-06-20T15:01:11.677+0000] {logging_mixin.py:188} INFO - [2025-06-20T15:01:11.677+0000] {dag.py:3096} INFO - Sync 1 DAGs
[2025-06-20T15:01:11.689+0000] {logging_mixin.py:188} INFO - [2025-06-20T15:01:11.689+0000] {dag.py:3954} INFO - Setting next_dagrun for example_trigger_target_dag to None, run_after=None
[2025-06-20T15:01:11.704+0000] {processor.py:183} INFO - Processing /home/airflow/.local/lib/python3.12/site-packages/airflow/example_dags/example_trigger_target_dag.py took 0.061 seconds
[2025-06-20T15:01:42.390+0000] {processor.py:161} INFO - Started process (PID=3198) to work on /home/airflow/.local/lib/python3.12/site-packages/airflow/example_dags/example_trigger_target_dag.py
[2025-06-20T15:01:42.391+0000] {processor.py:830} INFO - Processing file /home/airflow/.local/lib/python3.12/site-packages/airflow/example_dags/example_trigger_target_dag.py for tasks to queue
[2025-06-20T15:01:42.392+0000] {logging_mixin.py:188} INFO - [2025-06-20T15:01:42.392+0000] {dagbag.py:540} INFO - Filling up the DagBag from /home/airflow/.local/lib/python3.12/site-packages/airflow/example_dags/example_trigger_target_dag.py
[2025-06-20T15:01:42.398+0000] {processor.py:840} INFO - DAG(s) 'example_trigger_target_dag' retrieved from /home/airflow/.local/lib/python3.12/site-packages/airflow/example_dags/example_trigger_target_dag.py
[2025-06-20T15:01:42.415+0000] {logging_mixin.py:188} INFO - [2025-06-20T15:01:42.415+0000] {dag.py:3096} INFO - Sync 1 DAGs
[2025-06-20T15:01:42.427+0000] {logging_mixin.py:188} INFO - [2025-06-20T15:01:42.427+0000] {dag.py:3954} INFO - Setting next_dagrun for example_trigger_target_dag to None, run_after=None
[2025-06-20T15:01:42.442+0000] {processor.py:183} INFO - Processing /home/airflow/.local/lib/python3.12/site-packages/airflow/example_dags/example_trigger_target_dag.py took 0.058 seconds
[2025-06-20T15:02:13.085+0000] {processor.py:161} INFO - Started process (PID=3257) to work on /home/airflow/.local/lib/python3.12/site-packages/airflow/example_dags/example_trigger_target_dag.py
[2025-06-20T15:02:13.086+0000] {processor.py:830} INFO - Processing file /home/airflow/.local/lib/python3.12/site-packages/airflow/example_dags/example_trigger_target_dag.py for tasks to queue
[2025-06-20T15:02:13.087+0000] {logging_mixin.py:188} INFO - [2025-06-20T15:02:13.087+0000] {dagbag.py:540} INFO - Filling up the DagBag from /home/airflow/.local/lib/python3.12/site-packages/airflow/example_dags/example_trigger_target_dag.py
[2025-06-20T15:02:13.093+0000] {processor.py:840} INFO - DAG(s) 'example_trigger_target_dag' retrieved from /home/airflow/.local/lib/python3.12/site-packages/airflow/example_dags/example_trigger_target_dag.py
[2025-06-20T15:02:13.111+0000] {logging_mixin.py:188} INFO - [2025-06-20T15:02:13.111+0000] {dag.py:3096} INFO - Sync 1 DAGs
[2025-06-20T15:02:13.122+0000] {logging_mixin.py:188} INFO - [2025-06-20T15:02:13.122+0000] {dag.py:3954} INFO - Setting next_dagrun for example_trigger_target_dag to None, run_after=None
[2025-06-20T15:02:13.138+0000] {processor.py:183} INFO - Processing /home/airflow/.local/lib/python3.12/site-packages/airflow/example_dags/example_trigger_target_dag.py took 0.058 seconds
[2025-06-20T15:02:43.772+0000] {processor.py:161} INFO - Started process (PID=3316) to work on /home/airflow/.local/lib/python3.12/site-packages/airflow/example_dags/example_trigger_target_dag.py
[2025-06-20T15:02:43.773+0000] {processor.py:830} INFO - Processing file /home/airflow/.local/lib/python3.12/site-packages/airflow/example_dags/example_trigger_target_dag.py for tasks to queue
[2025-06-20T15:02:43.774+0000] {logging_mixin.py:188} INFO - [2025-06-20T15:02:43.774+0000] {dagbag.py:540} INFO - Filling up the DagBag from /home/airflow/.local/lib/python3.12/site-packages/airflow/example_dags/example_trigger_target_dag.py
[2025-06-20T15:02:43.780+0000] {processor.py:840} INFO - DAG(s) 'example_trigger_target_dag' retrieved from /home/airflow/.local/lib/python3.12/site-packages/airflow/example_dags/example_trigger_target_dag.py
[2025-06-20T15:02:43.798+0000] {logging_mixin.py:188} INFO - [2025-06-20T15:02:43.798+0000] {dag.py:3096} INFO - Sync 1 DAGs
[2025-06-20T15:02:43.809+0000] {logging_mixin.py:188} INFO - [2025-06-20T15:02:43.809+0000] {dag.py:3954} INFO - Setting next_dagrun for example_trigger_target_dag to None, run_after=None
[2025-06-20T15:02:43.825+0000] {processor.py:183} INFO - Processing /home/airflow/.local/lib/python3.12/site-packages/airflow/example_dags/example_trigger_target_dag.py took 0.059 seconds
[2025-06-20T15:03:14.424+0000] {processor.py:161} INFO - Started process (PID=3375) to work on /home/airflow/.local/lib/python3.12/site-packages/airflow/example_dags/example_trigger_target_dag.py
[2025-06-20T15:03:14.425+0000] {processor.py:830} INFO - Processing file /home/airflow/.local/lib/python3.12/site-packages/airflow/example_dags/example_trigger_target_dag.py for tasks to queue
[2025-06-20T15:03:14.427+0000] {logging_mixin.py:188} INFO - [2025-06-20T15:03:14.426+0000] {dagbag.py:540} INFO - Filling up the DagBag from /home/airflow/.local/lib/python3.12/site-packages/airflow/example_dags/example_trigger_target_dag.py
[2025-06-20T15:03:14.433+0000] {processor.py:840} INFO - DAG(s) 'example_trigger_target_dag' retrieved from /home/airflow/.local/lib/python3.12/site-packages/airflow/example_dags/example_trigger_target_dag.py
[2025-06-20T15:03:14.451+0000] {logging_mixin.py:188} INFO - [2025-06-20T15:03:14.451+0000] {dag.py:3096} INFO - Sync 1 DAGs
[2025-06-20T15:03:14.463+0000] {logging_mixin.py:188} INFO - [2025-06-20T15:03:14.463+0000] {dag.py:3954} INFO - Setting next_dagrun for example_trigger_target_dag to None, run_after=None
[2025-06-20T15:03:14.478+0000] {processor.py:183} INFO - Processing /home/airflow/.local/lib/python3.12/site-packages/airflow/example_dags/example_trigger_target_dag.py took 0.061 seconds
[2025-06-20T15:03:45.491+0000] {processor.py:161} INFO - Started process (PID=3434) to work on /home/airflow/.local/lib/python3.12/site-packages/airflow/example_dags/example_trigger_target_dag.py
[2025-06-20T15:03:45.491+0000] {processor.py:830} INFO - Processing file /home/airflow/.local/lib/python3.12/site-packages/airflow/example_dags/example_trigger_target_dag.py for tasks to queue
[2025-06-20T15:03:45.493+0000] {logging_mixin.py:188} INFO - [2025-06-20T15:03:45.493+0000] {dagbag.py:540} INFO - Filling up the DagBag from /home/airflow/.local/lib/python3.12/site-packages/airflow/example_dags/example_trigger_target_dag.py
[2025-06-20T15:03:45.500+0000] {processor.py:840} INFO - DAG(s) 'example_trigger_target_dag' retrieved from /home/airflow/.local/lib/python3.12/site-packages/airflow/example_dags/example_trigger_target_dag.py
[2025-06-20T15:03:45.519+0000] {logging_mixin.py:188} INFO - [2025-06-20T15:03:45.518+0000] {dag.py:3096} INFO - Sync 1 DAGs
[2025-06-20T15:03:45.531+0000] {logging_mixin.py:188} INFO - [2025-06-20T15:03:45.531+0000] {dag.py:3954} INFO - Setting next_dagrun for example_trigger_target_dag to None, run_after=None
[2025-06-20T15:03:45.548+0000] {processor.py:183} INFO - Processing /home/airflow/.local/lib/python3.12/site-packages/airflow/example_dags/example_trigger_target_dag.py took 0.064 seconds
[2025-06-20T15:04:15.773+0000] {processor.py:161} INFO - Started process (PID=3493) to work on /home/airflow/.local/lib/python3.12/site-packages/airflow/example_dags/example_trigger_target_dag.py
[2025-06-20T15:04:15.774+0000] {processor.py:830} INFO - Processing file /home/airflow/.local/lib/python3.12/site-packages/airflow/example_dags/example_trigger_target_dag.py for tasks to queue
[2025-06-20T15:04:15.776+0000] {logging_mixin.py:188} INFO - [2025-06-20T15:04:15.776+0000] {dagbag.py:540} INFO - Filling up the DagBag from /home/airflow/.local/lib/python3.12/site-packages/airflow/example_dags/example_trigger_target_dag.py
[2025-06-20T15:04:15.782+0000] {processor.py:840} INFO - DAG(s) 'example_trigger_target_dag' retrieved from /home/airflow/.local/lib/python3.12/site-packages/airflow/example_dags/example_trigger_target_dag.py
[2025-06-20T15:04:15.800+0000] {logging_mixin.py:188} INFO - [2025-06-20T15:04:15.800+0000] {dag.py:3096} INFO - Sync 1 DAGs
[2025-06-20T15:04:15.812+0000] {logging_mixin.py:188} INFO - [2025-06-20T15:04:15.812+0000] {dag.py:3954} INFO - Setting next_dagrun for example_trigger_target_dag to None, run_after=None
[2025-06-20T15:04:15.828+0000] {processor.py:183} INFO - Processing /home/airflow/.local/lib/python3.12/site-packages/airflow/example_dags/example_trigger_target_dag.py took 0.060 seconds
[2025-06-20T15:04:46.522+0000] {processor.py:161} INFO - Started process (PID=3552) to work on /home/airflow/.local/lib/python3.12/site-packages/airflow/example_dags/example_trigger_target_dag.py
[2025-06-20T15:04:46.523+0000] {processor.py:830} INFO - Processing file /home/airflow/.local/lib/python3.12/site-packages/airflow/example_dags/example_trigger_target_dag.py for tasks to queue
[2025-06-20T15:04:46.525+0000] {logging_mixin.py:188} INFO - [2025-06-20T15:04:46.525+0000] {dagbag.py:540} INFO - Filling up the DagBag from /home/airflow/.local/lib/python3.12/site-packages/airflow/example_dags/example_trigger_target_dag.py
[2025-06-20T15:04:46.531+0000] {processor.py:840} INFO - DAG(s) 'example_trigger_target_dag' retrieved from /home/airflow/.local/lib/python3.12/site-packages/airflow/example_dags/example_trigger_target_dag.py
[2025-06-20T15:04:46.549+0000] {logging_mixin.py:188} INFO - [2025-06-20T15:04:46.549+0000] {dag.py:3096} INFO - Sync 1 DAGs
[2025-06-20T15:04:46.561+0000] {logging_mixin.py:188} INFO - [2025-06-20T15:04:46.561+0000] {dag.py:3954} INFO - Setting next_dagrun for example_trigger_target_dag to None, run_after=None
[2025-06-20T15:04:46.577+0000] {processor.py:183} INFO - Processing /home/airflow/.local/lib/python3.12/site-packages/airflow/example_dags/example_trigger_target_dag.py took 0.060 seconds
[2025-06-20T15:05:16.817+0000] {processor.py:161} INFO - Started process (PID=3611) to work on /home/airflow/.local/lib/python3.12/site-packages/airflow/example_dags/example_trigger_target_dag.py
[2025-06-20T15:05:16.818+0000] {processor.py:830} INFO - Processing file /home/airflow/.local/lib/python3.12/site-packages/airflow/example_dags/example_trigger_target_dag.py for tasks to queue
[2025-06-20T15:05:16.819+0000] {logging_mixin.py:188} INFO - [2025-06-20T15:05:16.819+0000] {dagbag.py:540} INFO - Filling up the DagBag from /home/airflow/.local/lib/python3.12/site-packages/airflow/example_dags/example_trigger_target_dag.py
[2025-06-20T15:05:16.825+0000] {processor.py:840} INFO - DAG(s) 'example_trigger_target_dag' retrieved from /home/airflow/.local/lib/python3.12/site-packages/airflow/example_dags/example_trigger_target_dag.py
[2025-06-20T15:05:16.844+0000] {logging_mixin.py:188} INFO - [2025-06-20T15:05:16.844+0000] {dag.py:3096} INFO - Sync 1 DAGs
[2025-06-20T15:05:16.857+0000] {logging_mixin.py:188} INFO - [2025-06-20T15:05:16.857+0000] {dag.py:3954} INFO - Setting next_dagrun for example_trigger_target_dag to None, run_after=None
[2025-06-20T15:05:16.874+0000] {processor.py:183} INFO - Processing /home/airflow/.local/lib/python3.12/site-packages/airflow/example_dags/example_trigger_target_dag.py took 0.064 seconds
[2025-06-20T15:05:47.095+0000] {processor.py:161} INFO - Started process (PID=3670) to work on /home/airflow/.local/lib/python3.12/site-packages/airflow/example_dags/example_trigger_target_dag.py
[2025-06-20T15:05:47.096+0000] {processor.py:830} INFO - Processing file /home/airflow/.local/lib/python3.12/site-packages/airflow/example_dags/example_trigger_target_dag.py for tasks to queue
[2025-06-20T15:05:47.098+0000] {logging_mixin.py:188} INFO - [2025-06-20T15:05:47.098+0000] {dagbag.py:540} INFO - Filling up the DagBag from /home/airflow/.local/lib/python3.12/site-packages/airflow/example_dags/example_trigger_target_dag.py
[2025-06-20T15:05:47.105+0000] {processor.py:840} INFO - DAG(s) 'example_trigger_target_dag' retrieved from /home/airflow/.local/lib/python3.12/site-packages/airflow/example_dags/example_trigger_target_dag.py
[2025-06-20T15:05:47.125+0000] {logging_mixin.py:188} INFO - [2025-06-20T15:05:47.125+0000] {dag.py:3096} INFO - Sync 1 DAGs
[2025-06-20T15:05:47.139+0000] {logging_mixin.py:188} INFO - [2025-06-20T15:05:47.138+0000] {dag.py:3954} INFO - Setting next_dagrun for example_trigger_target_dag to None, run_after=None
[2025-06-20T15:05:47.155+0000] {processor.py:183} INFO - Processing /home/airflow/.local/lib/python3.12/site-packages/airflow/example_dags/example_trigger_target_dag.py took 0.067 seconds
[2025-06-20T15:06:17.318+0000] {processor.py:161} INFO - Started process (PID=3729) to work on /home/airflow/.local/lib/python3.12/site-packages/airflow/example_dags/example_trigger_target_dag.py
[2025-06-20T15:06:17.319+0000] {processor.py:830} INFO - Processing file /home/airflow/.local/lib/python3.12/site-packages/airflow/example_dags/example_trigger_target_dag.py for tasks to queue
[2025-06-20T15:06:17.321+0000] {logging_mixin.py:188} INFO - [2025-06-20T15:06:17.321+0000] {dagbag.py:540} INFO - Filling up the DagBag from /home/airflow/.local/lib/python3.12/site-packages/airflow/example_dags/example_trigger_target_dag.py
[2025-06-20T15:06:17.327+0000] {processor.py:840} INFO - DAG(s) 'example_trigger_target_dag' retrieved from /home/airflow/.local/lib/python3.12/site-packages/airflow/example_dags/example_trigger_target_dag.py
[2025-06-20T15:06:17.345+0000] {logging_mixin.py:188} INFO - [2025-06-20T15:06:17.345+0000] {dag.py:3096} INFO - Sync 1 DAGs
[2025-06-20T15:06:17.357+0000] {logging_mixin.py:188} INFO - [2025-06-20T15:06:17.357+0000] {dag.py:3954} INFO - Setting next_dagrun for example_trigger_target_dag to None, run_after=None
[2025-06-20T15:06:17.373+0000] {processor.py:183} INFO - Processing /home/airflow/.local/lib/python3.12/site-packages/airflow/example_dags/example_trigger_target_dag.py took 0.061 seconds
[2025-06-20T15:06:47.651+0000] {processor.py:161} INFO - Started process (PID=3788) to work on /home/airflow/.local/lib/python3.12/site-packages/airflow/example_dags/example_trigger_target_dag.py
[2025-06-20T15:06:47.652+0000] {processor.py:830} INFO - Processing file /home/airflow/.local/lib/python3.12/site-packages/airflow/example_dags/example_trigger_target_dag.py for tasks to queue
[2025-06-20T15:06:47.654+0000] {logging_mixin.py:188} INFO - [2025-06-20T15:06:47.653+0000] {dagbag.py:540} INFO - Filling up the DagBag from /home/airflow/.local/lib/python3.12/site-packages/airflow/example_dags/example_trigger_target_dag.py
[2025-06-20T15:06:47.660+0000] {processor.py:840} INFO - DAG(s) 'example_trigger_target_dag' retrieved from /home/airflow/.local/lib/python3.12/site-packages/airflow/example_dags/example_trigger_target_dag.py
[2025-06-20T15:06:47.679+0000] {logging_mixin.py:188} INFO - [2025-06-20T15:06:47.679+0000] {dag.py:3096} INFO - Sync 1 DAGs
[2025-06-20T15:06:47.692+0000] {logging_mixin.py:188} INFO - [2025-06-20T15:06:47.692+0000] {dag.py:3954} INFO - Setting next_dagrun for example_trigger_target_dag to None, run_after=None
[2025-06-20T15:06:47.708+0000] {processor.py:183} INFO - Processing /home/airflow/.local/lib/python3.12/site-packages/airflow/example_dags/example_trigger_target_dag.py took 0.063 seconds
[2025-06-20T15:07:17.923+0000] {processor.py:161} INFO - Started process (PID=3847) to work on /home/airflow/.local/lib/python3.12/site-packages/airflow/example_dags/example_trigger_target_dag.py
[2025-06-20T15:07:17.924+0000] {processor.py:830} INFO - Processing file /home/airflow/.local/lib/python3.12/site-packages/airflow/example_dags/example_trigger_target_dag.py for tasks to queue
[2025-06-20T15:07:17.926+0000] {logging_mixin.py:188} INFO - [2025-06-20T15:07:17.926+0000] {dagbag.py:540} INFO - Filling up the DagBag from /home/airflow/.local/lib/python3.12/site-packages/airflow/example_dags/example_trigger_target_dag.py
[2025-06-20T15:07:17.932+0000] {processor.py:840} INFO - DAG(s) 'example_trigger_target_dag' retrieved from /home/airflow/.local/lib/python3.12/site-packages/airflow/example_dags/example_trigger_target_dag.py
[2025-06-20T15:07:17.951+0000] {logging_mixin.py:188} INFO - [2025-06-20T15:07:17.951+0000] {dag.py:3096} INFO - Sync 1 DAGs
[2025-06-20T15:07:17.963+0000] {logging_mixin.py:188} INFO - [2025-06-20T15:07:17.963+0000] {dag.py:3954} INFO - Setting next_dagrun for example_trigger_target_dag to None, run_after=None
[2025-06-20T15:07:17.979+0000] {processor.py:183} INFO - Processing /home/airflow/.local/lib/python3.12/site-packages/airflow/example_dags/example_trigger_target_dag.py took 0.062 seconds
