[2025-06-20T14:34:47.514+0000] {processor.py:161} INFO - Started process (PID=85) to work on /home/airflow/.local/lib/python3.12/site-packages/airflow/example_dags/example_skip_dag.py
[2025-06-20T14:34:47.515+0000] {processor.py:830} INFO - Processing file /home/airflow/.local/lib/python3.12/site-packages/airflow/example_dags/example_skip_dag.py for tasks to queue
[2025-06-20T14:34:47.517+0000] {logging_mixin.py:188} INFO - [2025-06-20T14:34:47.517+0000] {dagbag.py:540} INFO - Filling up the DagBag from /home/airflow/.local/lib/python3.12/site-packages/airflow/example_dags/example_skip_dag.py
[2025-06-20T14:34:47.524+0000] {processor.py:840} INFO - DAG(s) 'example_skip_dag' retrieved from /home/airflow/.local/lib/python3.12/site-packages/airflow/example_dags/example_skip_dag.py
[2025-06-20T14:34:47.535+0000] {logging_mixin.py:188} INFO - [2025-06-20T14:34:47.535+0000] {dag.py:3096} INFO - Sync 1 DAGs
[2025-06-20T14:34:47.557+0000] {logging_mixin.py:188} INFO - [2025-06-20T14:34:47.557+0000] {dag.py:3954} INFO - Setting next_dagrun for example_skip_dag to 2025-06-19 00:00:00+00:00, run_after=2025-06-20 00:00:00+00:00
[2025-06-20T14:34:47.574+0000] {processor.py:183} INFO - Processing /home/airflow/.local/lib/python3.12/site-packages/airflow/example_dags/example_skip_dag.py took 0.066 seconds
[2025-06-20T14:35:18.946+0000] {processor.py:161} INFO - Started process (PID=149) to work on /home/airflow/.local/lib/python3.12/site-packages/airflow/example_dags/example_skip_dag.py
[2025-06-20T14:35:18.947+0000] {processor.py:830} INFO - Processing file /home/airflow/.local/lib/python3.12/site-packages/airflow/example_dags/example_skip_dag.py for tasks to queue
[2025-06-20T14:35:18.949+0000] {logging_mixin.py:188} INFO - [2025-06-20T14:35:18.949+0000] {dagbag.py:540} INFO - Filling up the DagBag from /home/airflow/.local/lib/python3.12/site-packages/airflow/example_dags/example_skip_dag.py
[2025-06-20T14:35:18.955+0000] {processor.py:840} INFO - DAG(s) 'example_skip_dag' retrieved from /home/airflow/.local/lib/python3.12/site-packages/airflow/example_dags/example_skip_dag.py
[2025-06-20T14:35:19.056+0000] {logging_mixin.py:188} INFO - [2025-06-20T14:35:19.056+0000] {dag.py:3096} INFO - Sync 1 DAGs
[2025-06-20T14:35:19.074+0000] {logging_mixin.py:188} INFO - [2025-06-20T14:35:19.074+0000] {dag.py:3954} INFO - Setting next_dagrun for example_skip_dag to 2025-06-19 00:00:00+00:00, run_after=2025-06-20 00:00:00+00:00
[2025-06-20T14:35:19.089+0000] {processor.py:183} INFO - Processing /home/airflow/.local/lib/python3.12/site-packages/airflow/example_dags/example_skip_dag.py took 0.149 seconds
[2025-06-20T14:35:49.152+0000] {processor.py:161} INFO - Started process (PID=207) to work on /home/airflow/.local/lib/python3.12/site-packages/airflow/example_dags/example_skip_dag.py
[2025-06-20T14:35:49.153+0000] {processor.py:830} INFO - Processing file /home/airflow/.local/lib/python3.12/site-packages/airflow/example_dags/example_skip_dag.py for tasks to queue
[2025-06-20T14:35:49.155+0000] {logging_mixin.py:188} INFO - [2025-06-20T14:35:49.155+0000] {dagbag.py:540} INFO - Filling up the DagBag from /home/airflow/.local/lib/python3.12/site-packages/airflow/example_dags/example_skip_dag.py
[2025-06-20T14:35:49.162+0000] {processor.py:840} INFO - DAG(s) 'example_skip_dag' retrieved from /home/airflow/.local/lib/python3.12/site-packages/airflow/example_dags/example_skip_dag.py
[2025-06-20T14:35:49.183+0000] {logging_mixin.py:188} INFO - [2025-06-20T14:35:49.183+0000] {dag.py:3096} INFO - Sync 1 DAGs
[2025-06-20T14:35:49.207+0000] {logging_mixin.py:188} INFO - [2025-06-20T14:35:49.207+0000] {dag.py:3954} INFO - Setting next_dagrun for example_skip_dag to 2025-06-19 00:00:00+00:00, run_after=2025-06-20 00:00:00+00:00
[2025-06-20T14:35:49.224+0000] {processor.py:183} INFO - Processing /home/airflow/.local/lib/python3.12/site-packages/airflow/example_dags/example_skip_dag.py took 0.078 seconds
[2025-06-20T14:36:20.142+0000] {processor.py:161} INFO - Started process (PID=265) to work on /home/airflow/.local/lib/python3.12/site-packages/airflow/example_dags/example_skip_dag.py
[2025-06-20T14:36:20.143+0000] {processor.py:830} INFO - Processing file /home/airflow/.local/lib/python3.12/site-packages/airflow/example_dags/example_skip_dag.py for tasks to queue
[2025-06-20T14:36:20.145+0000] {logging_mixin.py:188} INFO - [2025-06-20T14:36:20.144+0000] {dagbag.py:540} INFO - Filling up the DagBag from /home/airflow/.local/lib/python3.12/site-packages/airflow/example_dags/example_skip_dag.py
[2025-06-20T14:36:20.151+0000] {processor.py:840} INFO - DAG(s) 'example_skip_dag' retrieved from /home/airflow/.local/lib/python3.12/site-packages/airflow/example_dags/example_skip_dag.py
[2025-06-20T14:36:20.176+0000] {logging_mixin.py:188} INFO - [2025-06-20T14:36:20.176+0000] {dag.py:3096} INFO - Sync 1 DAGs
[2025-06-20T14:36:20.198+0000] {logging_mixin.py:188} INFO - [2025-06-20T14:36:20.198+0000] {dag.py:3954} INFO - Setting next_dagrun for example_skip_dag to 2025-06-19 00:00:00+00:00, run_after=2025-06-20 00:00:00+00:00
[2025-06-20T14:36:20.214+0000] {processor.py:183} INFO - Processing /home/airflow/.local/lib/python3.12/site-packages/airflow/example_dags/example_skip_dag.py took 0.078 seconds
[2025-06-20T14:36:50.717+0000] {processor.py:161} INFO - Started process (PID=323) to work on /home/airflow/.local/lib/python3.12/site-packages/airflow/example_dags/example_skip_dag.py
[2025-06-20T14:36:50.718+0000] {processor.py:830} INFO - Processing file /home/airflow/.local/lib/python3.12/site-packages/airflow/example_dags/example_skip_dag.py for tasks to queue
[2025-06-20T14:36:50.720+0000] {logging_mixin.py:188} INFO - [2025-06-20T14:36:50.720+0000] {dagbag.py:540} INFO - Filling up the DagBag from /home/airflow/.local/lib/python3.12/site-packages/airflow/example_dags/example_skip_dag.py
[2025-06-20T14:36:50.727+0000] {processor.py:840} INFO - DAG(s) 'example_skip_dag' retrieved from /home/airflow/.local/lib/python3.12/site-packages/airflow/example_dags/example_skip_dag.py
[2025-06-20T14:36:50.748+0000] {logging_mixin.py:188} INFO - [2025-06-20T14:36:50.747+0000] {dag.py:3096} INFO - Sync 1 DAGs
[2025-06-20T14:36:50.767+0000] {logging_mixin.py:188} INFO - [2025-06-20T14:36:50.767+0000] {dag.py:3954} INFO - Setting next_dagrun for example_skip_dag to 2025-06-19 00:00:00+00:00, run_after=2025-06-20 00:00:00+00:00
[2025-06-20T14:36:50.782+0000] {processor.py:183} INFO - Processing /home/airflow/.local/lib/python3.12/site-packages/airflow/example_dags/example_skip_dag.py took 0.071 seconds
[2025-06-20T14:37:21.252+0000] {processor.py:161} INFO - Started process (PID=397) to work on /home/airflow/.local/lib/python3.12/site-packages/airflow/example_dags/example_skip_dag.py
[2025-06-20T14:37:21.253+0000] {processor.py:830} INFO - Processing file /home/airflow/.local/lib/python3.12/site-packages/airflow/example_dags/example_skip_dag.py for tasks to queue
[2025-06-20T14:37:21.255+0000] {logging_mixin.py:188} INFO - [2025-06-20T14:37:21.255+0000] {dagbag.py:540} INFO - Filling up the DagBag from /home/airflow/.local/lib/python3.12/site-packages/airflow/example_dags/example_skip_dag.py
[2025-06-20T14:37:21.263+0000] {processor.py:840} INFO - DAG(s) 'example_skip_dag' retrieved from /home/airflow/.local/lib/python3.12/site-packages/airflow/example_dags/example_skip_dag.py
[2025-06-20T14:37:21.285+0000] {logging_mixin.py:188} INFO - [2025-06-20T14:37:21.285+0000] {dag.py:3096} INFO - Sync 1 DAGs
[2025-06-20T14:37:21.305+0000] {logging_mixin.py:188} INFO - [2025-06-20T14:37:21.305+0000] {dag.py:3954} INFO - Setting next_dagrun for example_skip_dag to 2025-06-19 00:00:00+00:00, run_after=2025-06-20 00:00:00+00:00
[2025-06-20T14:37:21.321+0000] {processor.py:183} INFO - Processing /home/airflow/.local/lib/python3.12/site-packages/airflow/example_dags/example_skip_dag.py took 0.075 seconds
[2025-06-20T14:37:51.838+0000] {processor.py:161} INFO - Started process (PID=455) to work on /home/airflow/.local/lib/python3.12/site-packages/airflow/example_dags/example_skip_dag.py
[2025-06-20T14:37:51.839+0000] {processor.py:830} INFO - Processing file /home/airflow/.local/lib/python3.12/site-packages/airflow/example_dags/example_skip_dag.py for tasks to queue
[2025-06-20T14:37:51.841+0000] {logging_mixin.py:188} INFO - [2025-06-20T14:37:51.841+0000] {dagbag.py:540} INFO - Filling up the DagBag from /home/airflow/.local/lib/python3.12/site-packages/airflow/example_dags/example_skip_dag.py
[2025-06-20T14:37:51.848+0000] {processor.py:840} INFO - DAG(s) 'example_skip_dag' retrieved from /home/airflow/.local/lib/python3.12/site-packages/airflow/example_dags/example_skip_dag.py
[2025-06-20T14:37:51.870+0000] {logging_mixin.py:188} INFO - [2025-06-20T14:37:51.870+0000] {dag.py:3096} INFO - Sync 1 DAGs
[2025-06-20T14:37:51.892+0000] {logging_mixin.py:188} INFO - [2025-06-20T14:37:51.891+0000] {dag.py:3954} INFO - Setting next_dagrun for example_skip_dag to 2025-06-19 00:00:00+00:00, run_after=2025-06-20 00:00:00+00:00
[2025-06-20T14:37:51.909+0000] {processor.py:183} INFO - Processing /home/airflow/.local/lib/python3.12/site-packages/airflow/example_dags/example_skip_dag.py took 0.077 seconds
[2025-06-20T14:38:22.275+0000] {processor.py:161} INFO - Started process (PID=513) to work on /home/airflow/.local/lib/python3.12/site-packages/airflow/example_dags/example_skip_dag.py
[2025-06-20T14:38:22.276+0000] {processor.py:830} INFO - Processing file /home/airflow/.local/lib/python3.12/site-packages/airflow/example_dags/example_skip_dag.py for tasks to queue
[2025-06-20T14:38:22.278+0000] {logging_mixin.py:188} INFO - [2025-06-20T14:38:22.278+0000] {dagbag.py:540} INFO - Filling up the DagBag from /home/airflow/.local/lib/python3.12/site-packages/airflow/example_dags/example_skip_dag.py
[2025-06-20T14:38:22.286+0000] {processor.py:840} INFO - DAG(s) 'example_skip_dag' retrieved from /home/airflow/.local/lib/python3.12/site-packages/airflow/example_dags/example_skip_dag.py
[2025-06-20T14:38:22.309+0000] {logging_mixin.py:188} INFO - [2025-06-20T14:38:22.309+0000] {dag.py:3096} INFO - Sync 1 DAGs
[2025-06-20T14:38:22.332+0000] {logging_mixin.py:188} INFO - [2025-06-20T14:38:22.331+0000] {dag.py:3954} INFO - Setting next_dagrun for example_skip_dag to 2025-06-19 00:00:00+00:00, run_after=2025-06-20 00:00:00+00:00
[2025-06-20T14:38:22.349+0000] {processor.py:183} INFO - Processing /home/airflow/.local/lib/python3.12/site-packages/airflow/example_dags/example_skip_dag.py took 0.081 seconds
[2025-06-20T14:38:53.131+0000] {processor.py:161} INFO - Started process (PID=571) to work on /home/airflow/.local/lib/python3.12/site-packages/airflow/example_dags/example_skip_dag.py
[2025-06-20T14:38:53.132+0000] {processor.py:830} INFO - Processing file /home/airflow/.local/lib/python3.12/site-packages/airflow/example_dags/example_skip_dag.py for tasks to queue
[2025-06-20T14:38:53.134+0000] {logging_mixin.py:188} INFO - [2025-06-20T14:38:53.133+0000] {dagbag.py:540} INFO - Filling up the DagBag from /home/airflow/.local/lib/python3.12/site-packages/airflow/example_dags/example_skip_dag.py
[2025-06-20T14:38:53.140+0000] {processor.py:840} INFO - DAG(s) 'example_skip_dag' retrieved from /home/airflow/.local/lib/python3.12/site-packages/airflow/example_dags/example_skip_dag.py
[2025-06-20T14:38:53.163+0000] {logging_mixin.py:188} INFO - [2025-06-20T14:38:53.163+0000] {dag.py:3096} INFO - Sync 1 DAGs
[2025-06-20T14:38:53.184+0000] {logging_mixin.py:188} INFO - [2025-06-20T14:38:53.184+0000] {dag.py:3954} INFO - Setting next_dagrun for example_skip_dag to 2025-06-19 00:00:00+00:00, run_after=2025-06-20 00:00:00+00:00
[2025-06-20T14:38:53.200+0000] {processor.py:183} INFO - Processing /home/airflow/.local/lib/python3.12/site-packages/airflow/example_dags/example_skip_dag.py took 0.075 seconds
[2025-06-20T14:39:23.271+0000] {processor.py:161} INFO - Started process (PID=629) to work on /home/airflow/.local/lib/python3.12/site-packages/airflow/example_dags/example_skip_dag.py
[2025-06-20T14:39:23.271+0000] {processor.py:830} INFO - Processing file /home/airflow/.local/lib/python3.12/site-packages/airflow/example_dags/example_skip_dag.py for tasks to queue
[2025-06-20T14:39:23.273+0000] {logging_mixin.py:188} INFO - [2025-06-20T14:39:23.273+0000] {dagbag.py:540} INFO - Filling up the DagBag from /home/airflow/.local/lib/python3.12/site-packages/airflow/example_dags/example_skip_dag.py
[2025-06-20T14:39:23.280+0000] {processor.py:840} INFO - DAG(s) 'example_skip_dag' retrieved from /home/airflow/.local/lib/python3.12/site-packages/airflow/example_dags/example_skip_dag.py
[2025-06-20T14:39:23.300+0000] {logging_mixin.py:188} INFO - [2025-06-20T14:39:23.300+0000] {dag.py:3096} INFO - Sync 1 DAGs
[2025-06-20T14:39:23.319+0000] {logging_mixin.py:188} INFO - [2025-06-20T14:39:23.319+0000] {dag.py:3954} INFO - Setting next_dagrun for example_skip_dag to 2025-06-19 00:00:00+00:00, run_after=2025-06-20 00:00:00+00:00
[2025-06-20T14:39:23.334+0000] {processor.py:183} INFO - Processing /home/airflow/.local/lib/python3.12/site-packages/airflow/example_dags/example_skip_dag.py took 0.070 seconds
[2025-06-20T14:39:53.651+0000] {processor.py:161} INFO - Started process (PID=686) to work on /home/airflow/.local/lib/python3.12/site-packages/airflow/example_dags/example_skip_dag.py
[2025-06-20T14:39:53.652+0000] {processor.py:830} INFO - Processing file /home/airflow/.local/lib/python3.12/site-packages/airflow/example_dags/example_skip_dag.py for tasks to queue
[2025-06-20T14:39:53.654+0000] {logging_mixin.py:188} INFO - [2025-06-20T14:39:53.654+0000] {dagbag.py:540} INFO - Filling up the DagBag from /home/airflow/.local/lib/python3.12/site-packages/airflow/example_dags/example_skip_dag.py
[2025-06-20T14:39:53.660+0000] {processor.py:840} INFO - DAG(s) 'example_skip_dag' retrieved from /home/airflow/.local/lib/python3.12/site-packages/airflow/example_dags/example_skip_dag.py
[2025-06-20T14:39:53.681+0000] {logging_mixin.py:188} INFO - [2025-06-20T14:39:53.681+0000] {dag.py:3096} INFO - Sync 1 DAGs
[2025-06-20T14:39:53.701+0000] {logging_mixin.py:188} INFO - [2025-06-20T14:39:53.701+0000] {dag.py:3954} INFO - Setting next_dagrun for example_skip_dag to 2025-06-19 00:00:00+00:00, run_after=2025-06-20 00:00:00+00:00
[2025-06-20T14:39:53.717+0000] {processor.py:183} INFO - Processing /home/airflow/.local/lib/python3.12/site-packages/airflow/example_dags/example_skip_dag.py took 0.072 seconds
[2025-06-20T14:40:23.803+0000] {processor.py:161} INFO - Started process (PID=744) to work on /home/airflow/.local/lib/python3.12/site-packages/airflow/example_dags/example_skip_dag.py
[2025-06-20T14:40:23.804+0000] {processor.py:830} INFO - Processing file /home/airflow/.local/lib/python3.12/site-packages/airflow/example_dags/example_skip_dag.py for tasks to queue
[2025-06-20T14:40:23.806+0000] {logging_mixin.py:188} INFO - [2025-06-20T14:40:23.805+0000] {dagbag.py:540} INFO - Filling up the DagBag from /home/airflow/.local/lib/python3.12/site-packages/airflow/example_dags/example_skip_dag.py
[2025-06-20T14:40:23.812+0000] {processor.py:840} INFO - DAG(s) 'example_skip_dag' retrieved from /home/airflow/.local/lib/python3.12/site-packages/airflow/example_dags/example_skip_dag.py
[2025-06-20T14:40:23.832+0000] {logging_mixin.py:188} INFO - [2025-06-20T14:40:23.832+0000] {dag.py:3096} INFO - Sync 1 DAGs
[2025-06-20T14:40:23.853+0000] {logging_mixin.py:188} INFO - [2025-06-20T14:40:23.853+0000] {dag.py:3954} INFO - Setting next_dagrun for example_skip_dag to 2025-06-19 00:00:00+00:00, run_after=2025-06-20 00:00:00+00:00
[2025-06-20T14:40:23.869+0000] {processor.py:183} INFO - Processing /home/airflow/.local/lib/python3.12/site-packages/airflow/example_dags/example_skip_dag.py took 0.072 seconds
[2025-06-20T14:40:54.131+0000] {processor.py:161} INFO - Started process (PID=802) to work on /home/airflow/.local/lib/python3.12/site-packages/airflow/example_dags/example_skip_dag.py
[2025-06-20T14:40:54.132+0000] {processor.py:830} INFO - Processing file /home/airflow/.local/lib/python3.12/site-packages/airflow/example_dags/example_skip_dag.py for tasks to queue
[2025-06-20T14:40:54.134+0000] {logging_mixin.py:188} INFO - [2025-06-20T14:40:54.134+0000] {dagbag.py:540} INFO - Filling up the DagBag from /home/airflow/.local/lib/python3.12/site-packages/airflow/example_dags/example_skip_dag.py
[2025-06-20T14:40:54.141+0000] {processor.py:840} INFO - DAG(s) 'example_skip_dag' retrieved from /home/airflow/.local/lib/python3.12/site-packages/airflow/example_dags/example_skip_dag.py
[2025-06-20T14:40:54.160+0000] {logging_mixin.py:188} INFO - [2025-06-20T14:40:54.160+0000] {dag.py:3096} INFO - Sync 1 DAGs
[2025-06-20T14:40:54.181+0000] {logging_mixin.py:188} INFO - [2025-06-20T14:40:54.181+0000] {dag.py:3954} INFO - Setting next_dagrun for example_skip_dag to 2025-06-19 00:00:00+00:00, run_after=2025-06-20 00:00:00+00:00
[2025-06-20T14:40:54.198+0000] {processor.py:183} INFO - Processing /home/airflow/.local/lib/python3.12/site-packages/airflow/example_dags/example_skip_dag.py took 0.073 seconds
[2025-06-20T14:41:24.406+0000] {processor.py:161} INFO - Started process (PID=860) to work on /home/airflow/.local/lib/python3.12/site-packages/airflow/example_dags/example_skip_dag.py
[2025-06-20T14:41:24.406+0000] {processor.py:830} INFO - Processing file /home/airflow/.local/lib/python3.12/site-packages/airflow/example_dags/example_skip_dag.py for tasks to queue
[2025-06-20T14:41:24.408+0000] {logging_mixin.py:188} INFO - [2025-06-20T14:41:24.408+0000] {dagbag.py:540} INFO - Filling up the DagBag from /home/airflow/.local/lib/python3.12/site-packages/airflow/example_dags/example_skip_dag.py
[2025-06-20T14:41:24.415+0000] {processor.py:840} INFO - DAG(s) 'example_skip_dag' retrieved from /home/airflow/.local/lib/python3.12/site-packages/airflow/example_dags/example_skip_dag.py
[2025-06-20T14:41:24.436+0000] {logging_mixin.py:188} INFO - [2025-06-20T14:41:24.436+0000] {dag.py:3096} INFO - Sync 1 DAGs
[2025-06-20T14:41:24.456+0000] {logging_mixin.py:188} INFO - [2025-06-20T14:41:24.456+0000] {dag.py:3954} INFO - Setting next_dagrun for example_skip_dag to 2025-06-19 00:00:00+00:00, run_after=2025-06-20 00:00:00+00:00
[2025-06-20T14:41:24.472+0000] {processor.py:183} INFO - Processing /home/airflow/.local/lib/python3.12/site-packages/airflow/example_dags/example_skip_dag.py took 0.074 seconds
[2025-06-20T14:41:54.775+0000] {processor.py:161} INFO - Started process (PID=918) to work on /home/airflow/.local/lib/python3.12/site-packages/airflow/example_dags/example_skip_dag.py
[2025-06-20T14:41:54.776+0000] {processor.py:830} INFO - Processing file /home/airflow/.local/lib/python3.12/site-packages/airflow/example_dags/example_skip_dag.py for tasks to queue
[2025-06-20T14:41:54.778+0000] {logging_mixin.py:188} INFO - [2025-06-20T14:41:54.777+0000] {dagbag.py:540} INFO - Filling up the DagBag from /home/airflow/.local/lib/python3.12/site-packages/airflow/example_dags/example_skip_dag.py
[2025-06-20T14:41:54.784+0000] {processor.py:840} INFO - DAG(s) 'example_skip_dag' retrieved from /home/airflow/.local/lib/python3.12/site-packages/airflow/example_dags/example_skip_dag.py
[2025-06-20T14:41:54.805+0000] {logging_mixin.py:188} INFO - [2025-06-20T14:41:54.804+0000] {dag.py:3096} INFO - Sync 1 DAGs
[2025-06-20T14:41:54.824+0000] {logging_mixin.py:188} INFO - [2025-06-20T14:41:54.824+0000] {dag.py:3954} INFO - Setting next_dagrun for example_skip_dag to 2025-06-19 00:00:00+00:00, run_after=2025-06-20 00:00:00+00:00
[2025-06-20T14:41:54.839+0000] {processor.py:183} INFO - Processing /home/airflow/.local/lib/python3.12/site-packages/airflow/example_dags/example_skip_dag.py took 0.070 seconds
[2025-06-20T14:42:25.316+0000] {processor.py:161} INFO - Started process (PID=976) to work on /home/airflow/.local/lib/python3.12/site-packages/airflow/example_dags/example_skip_dag.py
[2025-06-20T14:42:25.317+0000] {processor.py:830} INFO - Processing file /home/airflow/.local/lib/python3.12/site-packages/airflow/example_dags/example_skip_dag.py for tasks to queue
[2025-06-20T14:42:25.319+0000] {logging_mixin.py:188} INFO - [2025-06-20T14:42:25.318+0000] {dagbag.py:540} INFO - Filling up the DagBag from /home/airflow/.local/lib/python3.12/site-packages/airflow/example_dags/example_skip_dag.py
[2025-06-20T14:42:25.325+0000] {processor.py:840} INFO - DAG(s) 'example_skip_dag' retrieved from /home/airflow/.local/lib/python3.12/site-packages/airflow/example_dags/example_skip_dag.py
[2025-06-20T14:42:25.345+0000] {logging_mixin.py:188} INFO - [2025-06-20T14:42:25.345+0000] {dag.py:3096} INFO - Sync 1 DAGs
[2025-06-20T14:42:25.365+0000] {logging_mixin.py:188} INFO - [2025-06-20T14:42:25.365+0000] {dag.py:3954} INFO - Setting next_dagrun for example_skip_dag to 2025-06-19 00:00:00+00:00, run_after=2025-06-20 00:00:00+00:00
[2025-06-20T14:42:25.380+0000] {processor.py:183} INFO - Processing /home/airflow/.local/lib/python3.12/site-packages/airflow/example_dags/example_skip_dag.py took 0.070 seconds
[2025-06-20T14:42:55.730+0000] {processor.py:161} INFO - Started process (PID=1034) to work on /home/airflow/.local/lib/python3.12/site-packages/airflow/example_dags/example_skip_dag.py
[2025-06-20T14:42:55.731+0000] {processor.py:830} INFO - Processing file /home/airflow/.local/lib/python3.12/site-packages/airflow/example_dags/example_skip_dag.py for tasks to queue
[2025-06-20T14:42:55.733+0000] {logging_mixin.py:188} INFO - [2025-06-20T14:42:55.733+0000] {dagbag.py:540} INFO - Filling up the DagBag from /home/airflow/.local/lib/python3.12/site-packages/airflow/example_dags/example_skip_dag.py
[2025-06-20T14:42:55.739+0000] {processor.py:840} INFO - DAG(s) 'example_skip_dag' retrieved from /home/airflow/.local/lib/python3.12/site-packages/airflow/example_dags/example_skip_dag.py
[2025-06-20T14:42:55.760+0000] {logging_mixin.py:188} INFO - [2025-06-20T14:42:55.760+0000] {dag.py:3096} INFO - Sync 1 DAGs
[2025-06-20T14:42:55.780+0000] {logging_mixin.py:188} INFO - [2025-06-20T14:42:55.780+0000] {dag.py:3954} INFO - Setting next_dagrun for example_skip_dag to 2025-06-19 00:00:00+00:00, run_after=2025-06-20 00:00:00+00:00
[2025-06-20T14:42:55.796+0000] {processor.py:183} INFO - Processing /home/airflow/.local/lib/python3.12/site-packages/airflow/example_dags/example_skip_dag.py took 0.072 seconds
[2025-06-20T14:43:26.419+0000] {processor.py:161} INFO - Started process (PID=1092) to work on /home/airflow/.local/lib/python3.12/site-packages/airflow/example_dags/example_skip_dag.py
[2025-06-20T14:43:26.420+0000] {processor.py:830} INFO - Processing file /home/airflow/.local/lib/python3.12/site-packages/airflow/example_dags/example_skip_dag.py for tasks to queue
[2025-06-20T14:43:26.422+0000] {logging_mixin.py:188} INFO - [2025-06-20T14:43:26.422+0000] {dagbag.py:540} INFO - Filling up the DagBag from /home/airflow/.local/lib/python3.12/site-packages/airflow/example_dags/example_skip_dag.py
[2025-06-20T14:43:26.429+0000] {processor.py:840} INFO - DAG(s) 'example_skip_dag' retrieved from /home/airflow/.local/lib/python3.12/site-packages/airflow/example_dags/example_skip_dag.py
[2025-06-20T14:43:26.452+0000] {logging_mixin.py:188} INFO - [2025-06-20T14:43:26.451+0000] {dag.py:3096} INFO - Sync 1 DAGs
[2025-06-20T14:43:26.583+0000] {logging_mixin.py:188} INFO - [2025-06-20T14:43:26.583+0000] {dag.py:3954} INFO - Setting next_dagrun for example_skip_dag to 2025-06-19 00:00:00+00:00, run_after=2025-06-20 00:00:00+00:00
[2025-06-20T14:43:26.598+0000] {processor.py:183} INFO - Processing /home/airflow/.local/lib/python3.12/site-packages/airflow/example_dags/example_skip_dag.py took 0.185 seconds
[2025-06-20T14:43:57.093+0000] {processor.py:161} INFO - Started process (PID=1150) to work on /home/airflow/.local/lib/python3.12/site-packages/airflow/example_dags/example_skip_dag.py
[2025-06-20T14:43:57.094+0000] {processor.py:830} INFO - Processing file /home/airflow/.local/lib/python3.12/site-packages/airflow/example_dags/example_skip_dag.py for tasks to queue
[2025-06-20T14:43:57.096+0000] {logging_mixin.py:188} INFO - [2025-06-20T14:43:57.096+0000] {dagbag.py:540} INFO - Filling up the DagBag from /home/airflow/.local/lib/python3.12/site-packages/airflow/example_dags/example_skip_dag.py
[2025-06-20T14:43:57.103+0000] {processor.py:840} INFO - DAG(s) 'example_skip_dag' retrieved from /home/airflow/.local/lib/python3.12/site-packages/airflow/example_dags/example_skip_dag.py
[2025-06-20T14:43:57.126+0000] {logging_mixin.py:188} INFO - [2025-06-20T14:43:57.125+0000] {dag.py:3096} INFO - Sync 1 DAGs
[2025-06-20T14:43:57.148+0000] {logging_mixin.py:188} INFO - [2025-06-20T14:43:57.147+0000] {dag.py:3954} INFO - Setting next_dagrun for example_skip_dag to 2025-06-19 00:00:00+00:00, run_after=2025-06-20 00:00:00+00:00
[2025-06-20T14:43:57.304+0000] {processor.py:183} INFO - Processing /home/airflow/.local/lib/python3.12/site-packages/airflow/example_dags/example_skip_dag.py took 0.217 seconds
[2025-06-20T14:44:28.110+0000] {processor.py:161} INFO - Started process (PID=1208) to work on /home/airflow/.local/lib/python3.12/site-packages/airflow/example_dags/example_skip_dag.py
[2025-06-20T14:44:28.111+0000] {processor.py:830} INFO - Processing file /home/airflow/.local/lib/python3.12/site-packages/airflow/example_dags/example_skip_dag.py for tasks to queue
[2025-06-20T14:44:28.112+0000] {logging_mixin.py:188} INFO - [2025-06-20T14:44:28.112+0000] {dagbag.py:540} INFO - Filling up the DagBag from /home/airflow/.local/lib/python3.12/site-packages/airflow/example_dags/example_skip_dag.py
[2025-06-20T14:44:28.119+0000] {processor.py:840} INFO - DAG(s) 'example_skip_dag' retrieved from /home/airflow/.local/lib/python3.12/site-packages/airflow/example_dags/example_skip_dag.py
[2025-06-20T14:44:28.139+0000] {logging_mixin.py:188} INFO - [2025-06-20T14:44:28.139+0000] {dag.py:3096} INFO - Sync 1 DAGs
[2025-06-20T14:44:28.160+0000] {logging_mixin.py:188} INFO - [2025-06-20T14:44:28.160+0000] {dag.py:3954} INFO - Setting next_dagrun for example_skip_dag to 2025-06-19 00:00:00+00:00, run_after=2025-06-20 00:00:00+00:00
[2025-06-20T14:44:28.176+0000] {processor.py:183} INFO - Processing /home/airflow/.local/lib/python3.12/site-packages/airflow/example_dags/example_skip_dag.py took 0.072 seconds
[2025-06-20T14:44:58.332+0000] {processor.py:161} INFO - Started process (PID=1266) to work on /home/airflow/.local/lib/python3.12/site-packages/airflow/example_dags/example_skip_dag.py
[2025-06-20T14:44:58.333+0000] {processor.py:830} INFO - Processing file /home/airflow/.local/lib/python3.12/site-packages/airflow/example_dags/example_skip_dag.py for tasks to queue
[2025-06-20T14:44:58.334+0000] {logging_mixin.py:188} INFO - [2025-06-20T14:44:58.334+0000] {dagbag.py:540} INFO - Filling up the DagBag from /home/airflow/.local/lib/python3.12/site-packages/airflow/example_dags/example_skip_dag.py
[2025-06-20T14:44:58.341+0000] {processor.py:840} INFO - DAG(s) 'example_skip_dag' retrieved from /home/airflow/.local/lib/python3.12/site-packages/airflow/example_dags/example_skip_dag.py
[2025-06-20T14:44:58.361+0000] {logging_mixin.py:188} INFO - [2025-06-20T14:44:58.360+0000] {dag.py:3096} INFO - Sync 1 DAGs
[2025-06-20T14:44:58.380+0000] {logging_mixin.py:188} INFO - [2025-06-20T14:44:58.380+0000] {dag.py:3954} INFO - Setting next_dagrun for example_skip_dag to 2025-06-19 00:00:00+00:00, run_after=2025-06-20 00:00:00+00:00
[2025-06-20T14:44:58.395+0000] {processor.py:183} INFO - Processing /home/airflow/.local/lib/python3.12/site-packages/airflow/example_dags/example_skip_dag.py took 0.070 seconds
[2025-06-20T14:45:28.984+0000] {processor.py:161} INFO - Started process (PID=1324) to work on /home/airflow/.local/lib/python3.12/site-packages/airflow/example_dags/example_skip_dag.py
[2025-06-20T14:45:28.985+0000] {processor.py:830} INFO - Processing file /home/airflow/.local/lib/python3.12/site-packages/airflow/example_dags/example_skip_dag.py for tasks to queue
[2025-06-20T14:45:28.987+0000] {logging_mixin.py:188} INFO - [2025-06-20T14:45:28.987+0000] {dagbag.py:540} INFO - Filling up the DagBag from /home/airflow/.local/lib/python3.12/site-packages/airflow/example_dags/example_skip_dag.py
[2025-06-20T14:45:29.107+0000] {processor.py:840} INFO - DAG(s) 'example_skip_dag' retrieved from /home/airflow/.local/lib/python3.12/site-packages/airflow/example_dags/example_skip_dag.py
[2025-06-20T14:45:29.123+0000] {logging_mixin.py:188} INFO - [2025-06-20T14:45:29.123+0000] {dag.py:3096} INFO - Sync 1 DAGs
[2025-06-20T14:45:29.140+0000] {logging_mixin.py:188} INFO - [2025-06-20T14:45:29.140+0000] {dag.py:3954} INFO - Setting next_dagrun for example_skip_dag to 2025-06-19 00:00:00+00:00, run_after=2025-06-20 00:00:00+00:00
[2025-06-20T14:45:29.154+0000] {processor.py:183} INFO - Processing /home/airflow/.local/lib/python3.12/site-packages/airflow/example_dags/example_skip_dag.py took 0.176 seconds
[2025-06-20T14:45:59.422+0000] {processor.py:161} INFO - Started process (PID=1382) to work on /home/airflow/.local/lib/python3.12/site-packages/airflow/example_dags/example_skip_dag.py
[2025-06-20T14:45:59.423+0000] {processor.py:830} INFO - Processing file /home/airflow/.local/lib/python3.12/site-packages/airflow/example_dags/example_skip_dag.py for tasks to queue
[2025-06-20T14:45:59.425+0000] {logging_mixin.py:188} INFO - [2025-06-20T14:45:59.425+0000] {dagbag.py:540} INFO - Filling up the DagBag from /home/airflow/.local/lib/python3.12/site-packages/airflow/example_dags/example_skip_dag.py
[2025-06-20T14:45:59.431+0000] {processor.py:840} INFO - DAG(s) 'example_skip_dag' retrieved from /home/airflow/.local/lib/python3.12/site-packages/airflow/example_dags/example_skip_dag.py
[2025-06-20T14:45:59.452+0000] {logging_mixin.py:188} INFO - [2025-06-20T14:45:59.451+0000] {dag.py:3096} INFO - Sync 1 DAGs
[2025-06-20T14:45:59.473+0000] {logging_mixin.py:188} INFO - [2025-06-20T14:45:59.473+0000] {dag.py:3954} INFO - Setting next_dagrun for example_skip_dag to 2025-06-19 00:00:00+00:00, run_after=2025-06-20 00:00:00+00:00
[2025-06-20T14:45:59.490+0000] {processor.py:183} INFO - Processing /home/airflow/.local/lib/python3.12/site-packages/airflow/example_dags/example_skip_dag.py took 0.074 seconds
[2025-06-20T14:46:29.675+0000] {processor.py:161} INFO - Started process (PID=1440) to work on /home/airflow/.local/lib/python3.12/site-packages/airflow/example_dags/example_skip_dag.py
[2025-06-20T14:46:29.676+0000] {processor.py:830} INFO - Processing file /home/airflow/.local/lib/python3.12/site-packages/airflow/example_dags/example_skip_dag.py for tasks to queue
[2025-06-20T14:46:29.678+0000] {logging_mixin.py:188} INFO - [2025-06-20T14:46:29.677+0000] {dagbag.py:540} INFO - Filling up the DagBag from /home/airflow/.local/lib/python3.12/site-packages/airflow/example_dags/example_skip_dag.py
[2025-06-20T14:46:29.684+0000] {processor.py:840} INFO - DAG(s) 'example_skip_dag' retrieved from /home/airflow/.local/lib/python3.12/site-packages/airflow/example_dags/example_skip_dag.py
[2025-06-20T14:46:29.704+0000] {logging_mixin.py:188} INFO - [2025-06-20T14:46:29.704+0000] {dag.py:3096} INFO - Sync 1 DAGs
[2025-06-20T14:46:29.725+0000] {logging_mixin.py:188} INFO - [2025-06-20T14:46:29.725+0000] {dag.py:3954} INFO - Setting next_dagrun for example_skip_dag to 2025-06-19 00:00:00+00:00, run_after=2025-06-20 00:00:00+00:00
[2025-06-20T14:46:29.740+0000] {processor.py:183} INFO - Processing /home/airflow/.local/lib/python3.12/site-packages/airflow/example_dags/example_skip_dag.py took 0.072 seconds
[2025-06-20T14:46:59.872+0000] {processor.py:161} INFO - Started process (PID=1498) to work on /home/airflow/.local/lib/python3.12/site-packages/airflow/example_dags/example_skip_dag.py
[2025-06-20T14:46:59.873+0000] {processor.py:830} INFO - Processing file /home/airflow/.local/lib/python3.12/site-packages/airflow/example_dags/example_skip_dag.py for tasks to queue
[2025-06-20T14:46:59.874+0000] {logging_mixin.py:188} INFO - [2025-06-20T14:46:59.874+0000] {dagbag.py:540} INFO - Filling up the DagBag from /home/airflow/.local/lib/python3.12/site-packages/airflow/example_dags/example_skip_dag.py
[2025-06-20T14:46:59.881+0000] {processor.py:840} INFO - DAG(s) 'example_skip_dag' retrieved from /home/airflow/.local/lib/python3.12/site-packages/airflow/example_dags/example_skip_dag.py
[2025-06-20T14:46:59.900+0000] {logging_mixin.py:188} INFO - [2025-06-20T14:46:59.900+0000] {dag.py:3096} INFO - Sync 1 DAGs
[2025-06-20T14:46:59.920+0000] {logging_mixin.py:188} INFO - [2025-06-20T14:46:59.920+0000] {dag.py:3954} INFO - Setting next_dagrun for example_skip_dag to 2025-06-19 00:00:00+00:00, run_after=2025-06-20 00:00:00+00:00
[2025-06-20T14:46:59.935+0000] {processor.py:183} INFO - Processing /home/airflow/.local/lib/python3.12/site-packages/airflow/example_dags/example_skip_dag.py took 0.070 seconds
[2025-06-20T14:47:30.083+0000] {processor.py:161} INFO - Started process (PID=1556) to work on /home/airflow/.local/lib/python3.12/site-packages/airflow/example_dags/example_skip_dag.py
[2025-06-20T14:47:30.084+0000] {processor.py:830} INFO - Processing file /home/airflow/.local/lib/python3.12/site-packages/airflow/example_dags/example_skip_dag.py for tasks to queue
[2025-06-20T14:47:30.085+0000] {logging_mixin.py:188} INFO - [2025-06-20T14:47:30.085+0000] {dagbag.py:540} INFO - Filling up the DagBag from /home/airflow/.local/lib/python3.12/site-packages/airflow/example_dags/example_skip_dag.py
[2025-06-20T14:47:30.092+0000] {processor.py:840} INFO - DAG(s) 'example_skip_dag' retrieved from /home/airflow/.local/lib/python3.12/site-packages/airflow/example_dags/example_skip_dag.py
[2025-06-20T14:47:30.111+0000] {logging_mixin.py:188} INFO - [2025-06-20T14:47:30.111+0000] {dag.py:3096} INFO - Sync 1 DAGs
[2025-06-20T14:47:30.132+0000] {logging_mixin.py:188} INFO - [2025-06-20T14:47:30.131+0000] {dag.py:3954} INFO - Setting next_dagrun for example_skip_dag to 2025-06-19 00:00:00+00:00, run_after=2025-06-20 00:00:00+00:00
[2025-06-20T14:47:30.147+0000] {processor.py:183} INFO - Processing /home/airflow/.local/lib/python3.12/site-packages/airflow/example_dags/example_skip_dag.py took 0.070 seconds
[2025-06-20T14:48:00.534+0000] {processor.py:161} INFO - Started process (PID=1614) to work on /home/airflow/.local/lib/python3.12/site-packages/airflow/example_dags/example_skip_dag.py
[2025-06-20T14:48:00.535+0000] {processor.py:830} INFO - Processing file /home/airflow/.local/lib/python3.12/site-packages/airflow/example_dags/example_skip_dag.py for tasks to queue
[2025-06-20T14:48:00.537+0000] {logging_mixin.py:188} INFO - [2025-06-20T14:48:00.537+0000] {dagbag.py:540} INFO - Filling up the DagBag from /home/airflow/.local/lib/python3.12/site-packages/airflow/example_dags/example_skip_dag.py
[2025-06-20T14:48:00.543+0000] {processor.py:840} INFO - DAG(s) 'example_skip_dag' retrieved from /home/airflow/.local/lib/python3.12/site-packages/airflow/example_dags/example_skip_dag.py
[2025-06-20T14:48:00.564+0000] {logging_mixin.py:188} INFO - [2025-06-20T14:48:00.564+0000] {dag.py:3096} INFO - Sync 1 DAGs
[2025-06-20T14:48:00.584+0000] {logging_mixin.py:188} INFO - [2025-06-20T14:48:00.584+0000] {dag.py:3954} INFO - Setting next_dagrun for example_skip_dag to 2025-06-19 00:00:00+00:00, run_after=2025-06-20 00:00:00+00:00
[2025-06-20T14:48:00.600+0000] {processor.py:183} INFO - Processing /home/airflow/.local/lib/python3.12/site-packages/airflow/example_dags/example_skip_dag.py took 0.072 seconds
[2025-06-20T14:48:30.763+0000] {processor.py:161} INFO - Started process (PID=1672) to work on /home/airflow/.local/lib/python3.12/site-packages/airflow/example_dags/example_skip_dag.py
[2025-06-20T14:48:30.764+0000] {processor.py:830} INFO - Processing file /home/airflow/.local/lib/python3.12/site-packages/airflow/example_dags/example_skip_dag.py for tasks to queue
[2025-06-20T14:48:30.766+0000] {logging_mixin.py:188} INFO - [2025-06-20T14:48:30.766+0000] {dagbag.py:540} INFO - Filling up the DagBag from /home/airflow/.local/lib/python3.12/site-packages/airflow/example_dags/example_skip_dag.py
[2025-06-20T14:48:30.772+0000] {processor.py:840} INFO - DAG(s) 'example_skip_dag' retrieved from /home/airflow/.local/lib/python3.12/site-packages/airflow/example_dags/example_skip_dag.py
[2025-06-20T14:48:30.792+0000] {logging_mixin.py:188} INFO - [2025-06-20T14:48:30.791+0000] {dag.py:3096} INFO - Sync 1 DAGs
[2025-06-20T14:48:30.811+0000] {logging_mixin.py:188} INFO - [2025-06-20T14:48:30.811+0000] {dag.py:3954} INFO - Setting next_dagrun for example_skip_dag to 2025-06-19 00:00:00+00:00, run_after=2025-06-20 00:00:00+00:00
[2025-06-20T14:48:30.826+0000] {processor.py:183} INFO - Processing /home/airflow/.local/lib/python3.12/site-packages/airflow/example_dags/example_skip_dag.py took 0.069 seconds
[2025-06-20T14:49:01.066+0000] {processor.py:161} INFO - Started process (PID=1730) to work on /home/airflow/.local/lib/python3.12/site-packages/airflow/example_dags/example_skip_dag.py
[2025-06-20T14:49:01.067+0000] {processor.py:830} INFO - Processing file /home/airflow/.local/lib/python3.12/site-packages/airflow/example_dags/example_skip_dag.py for tasks to queue
[2025-06-20T14:49:01.069+0000] {logging_mixin.py:188} INFO - [2025-06-20T14:49:01.068+0000] {dagbag.py:540} INFO - Filling up the DagBag from /home/airflow/.local/lib/python3.12/site-packages/airflow/example_dags/example_skip_dag.py
[2025-06-20T14:49:01.075+0000] {processor.py:840} INFO - DAG(s) 'example_skip_dag' retrieved from /home/airflow/.local/lib/python3.12/site-packages/airflow/example_dags/example_skip_dag.py
[2025-06-20T14:49:01.096+0000] {logging_mixin.py:188} INFO - [2025-06-20T14:49:01.096+0000] {dag.py:3096} INFO - Sync 1 DAGs
[2025-06-20T14:49:01.116+0000] {logging_mixin.py:188} INFO - [2025-06-20T14:49:01.115+0000] {dag.py:3954} INFO - Setting next_dagrun for example_skip_dag to 2025-06-19 00:00:00+00:00, run_after=2025-06-20 00:00:00+00:00
[2025-06-20T14:49:01.131+0000] {processor.py:183} INFO - Processing /home/airflow/.local/lib/python3.12/site-packages/airflow/example_dags/example_skip_dag.py took 0.071 seconds
[2025-06-20T14:49:31.462+0000] {processor.py:161} INFO - Started process (PID=1788) to work on /home/airflow/.local/lib/python3.12/site-packages/airflow/example_dags/example_skip_dag.py
[2025-06-20T14:49:31.463+0000] {processor.py:830} INFO - Processing file /home/airflow/.local/lib/python3.12/site-packages/airflow/example_dags/example_skip_dag.py for tasks to queue
[2025-06-20T14:49:31.465+0000] {logging_mixin.py:188} INFO - [2025-06-20T14:49:31.464+0000] {dagbag.py:540} INFO - Filling up the DagBag from /home/airflow/.local/lib/python3.12/site-packages/airflow/example_dags/example_skip_dag.py
[2025-06-20T14:49:31.471+0000] {processor.py:840} INFO - DAG(s) 'example_skip_dag' retrieved from /home/airflow/.local/lib/python3.12/site-packages/airflow/example_dags/example_skip_dag.py
[2025-06-20T14:49:31.492+0000] {logging_mixin.py:188} INFO - [2025-06-20T14:49:31.492+0000] {dag.py:3096} INFO - Sync 1 DAGs
[2025-06-20T14:49:31.512+0000] {logging_mixin.py:188} INFO - [2025-06-20T14:49:31.512+0000] {dag.py:3954} INFO - Setting next_dagrun for example_skip_dag to 2025-06-19 00:00:00+00:00, run_after=2025-06-20 00:00:00+00:00
[2025-06-20T14:49:31.527+0000] {processor.py:183} INFO - Processing /home/airflow/.local/lib/python3.12/site-packages/airflow/example_dags/example_skip_dag.py took 0.071 seconds
[2025-06-20T14:50:01.647+0000] {processor.py:161} INFO - Started process (PID=1846) to work on /home/airflow/.local/lib/python3.12/site-packages/airflow/example_dags/example_skip_dag.py
[2025-06-20T14:50:01.648+0000] {processor.py:830} INFO - Processing file /home/airflow/.local/lib/python3.12/site-packages/airflow/example_dags/example_skip_dag.py for tasks to queue
[2025-06-20T14:50:01.650+0000] {logging_mixin.py:188} INFO - [2025-06-20T14:50:01.650+0000] {dagbag.py:540} INFO - Filling up the DagBag from /home/airflow/.local/lib/python3.12/site-packages/airflow/example_dags/example_skip_dag.py
[2025-06-20T14:50:01.656+0000] {processor.py:840} INFO - DAG(s) 'example_skip_dag' retrieved from /home/airflow/.local/lib/python3.12/site-packages/airflow/example_dags/example_skip_dag.py
[2025-06-20T14:50:01.676+0000] {logging_mixin.py:188} INFO - [2025-06-20T14:50:01.676+0000] {dag.py:3096} INFO - Sync 1 DAGs
[2025-06-20T14:50:01.696+0000] {logging_mixin.py:188} INFO - [2025-06-20T14:50:01.696+0000] {dag.py:3954} INFO - Setting next_dagrun for example_skip_dag to 2025-06-19 00:00:00+00:00, run_after=2025-06-20 00:00:00+00:00
[2025-06-20T14:50:01.711+0000] {processor.py:183} INFO - Processing /home/airflow/.local/lib/python3.12/site-packages/airflow/example_dags/example_skip_dag.py took 0.070 seconds
[2025-06-20T14:50:32.676+0000] {processor.py:161} INFO - Started process (PID=1904) to work on /home/airflow/.local/lib/python3.12/site-packages/airflow/example_dags/example_skip_dag.py
[2025-06-20T14:50:32.677+0000] {processor.py:830} INFO - Processing file /home/airflow/.local/lib/python3.12/site-packages/airflow/example_dags/example_skip_dag.py for tasks to queue
[2025-06-20T14:50:32.678+0000] {logging_mixin.py:188} INFO - [2025-06-20T14:50:32.678+0000] {dagbag.py:540} INFO - Filling up the DagBag from /home/airflow/.local/lib/python3.12/site-packages/airflow/example_dags/example_skip_dag.py
[2025-06-20T14:50:32.685+0000] {processor.py:840} INFO - DAG(s) 'example_skip_dag' retrieved from /home/airflow/.local/lib/python3.12/site-packages/airflow/example_dags/example_skip_dag.py
[2025-06-20T14:50:32.705+0000] {logging_mixin.py:188} INFO - [2025-06-20T14:50:32.705+0000] {dag.py:3096} INFO - Sync 1 DAGs
[2025-06-20T14:50:32.727+0000] {logging_mixin.py:188} INFO - [2025-06-20T14:50:32.726+0000] {dag.py:3954} INFO - Setting next_dagrun for example_skip_dag to 2025-06-19 00:00:00+00:00, run_after=2025-06-20 00:00:00+00:00
[2025-06-20T14:50:32.742+0000] {processor.py:183} INFO - Processing /home/airflow/.local/lib/python3.12/site-packages/airflow/example_dags/example_skip_dag.py took 0.072 seconds
[2025-06-20T14:51:02.902+0000] {processor.py:161} INFO - Started process (PID=1962) to work on /home/airflow/.local/lib/python3.12/site-packages/airflow/example_dags/example_skip_dag.py
[2025-06-20T14:51:02.904+0000] {processor.py:830} INFO - Processing file /home/airflow/.local/lib/python3.12/site-packages/airflow/example_dags/example_skip_dag.py for tasks to queue
[2025-06-20T14:51:02.906+0000] {logging_mixin.py:188} INFO - [2025-06-20T14:51:02.905+0000] {dagbag.py:540} INFO - Filling up the DagBag from /home/airflow/.local/lib/python3.12/site-packages/airflow/example_dags/example_skip_dag.py
[2025-06-20T14:51:02.913+0000] {processor.py:840} INFO - DAG(s) 'example_skip_dag' retrieved from /home/airflow/.local/lib/python3.12/site-packages/airflow/example_dags/example_skip_dag.py
[2025-06-20T14:51:02.936+0000] {logging_mixin.py:188} INFO - [2025-06-20T14:51:02.936+0000] {dag.py:3096} INFO - Sync 1 DAGs
[2025-06-20T14:51:02.958+0000] {logging_mixin.py:188} INFO - [2025-06-20T14:51:02.957+0000] {dag.py:3954} INFO - Setting next_dagrun for example_skip_dag to 2025-06-19 00:00:00+00:00, run_after=2025-06-20 00:00:00+00:00
[2025-06-20T14:51:02.974+0000] {processor.py:183} INFO - Processing /home/airflow/.local/lib/python3.12/site-packages/airflow/example_dags/example_skip_dag.py took 0.079 seconds
[2025-06-20T14:51:33.105+0000] {processor.py:161} INFO - Started process (PID=2021) to work on /home/airflow/.local/lib/python3.12/site-packages/airflow/example_dags/example_skip_dag.py
[2025-06-20T14:51:33.106+0000] {processor.py:830} INFO - Processing file /home/airflow/.local/lib/python3.12/site-packages/airflow/example_dags/example_skip_dag.py for tasks to queue
[2025-06-20T14:51:33.108+0000] {logging_mixin.py:188} INFO - [2025-06-20T14:51:33.108+0000] {dagbag.py:540} INFO - Filling up the DagBag from /home/airflow/.local/lib/python3.12/site-packages/airflow/example_dags/example_skip_dag.py
[2025-06-20T14:51:33.115+0000] {processor.py:840} INFO - DAG(s) 'example_skip_dag' retrieved from /home/airflow/.local/lib/python3.12/site-packages/airflow/example_dags/example_skip_dag.py
[2025-06-20T14:51:33.136+0000] {logging_mixin.py:188} INFO - [2025-06-20T14:51:33.136+0000] {dag.py:3096} INFO - Sync 1 DAGs
[2025-06-20T14:51:33.160+0000] {logging_mixin.py:188} INFO - [2025-06-20T14:51:33.160+0000] {dag.py:3954} INFO - Setting next_dagrun for example_skip_dag to 2025-06-19 00:00:00+00:00, run_after=2025-06-20 00:00:00+00:00
[2025-06-20T14:51:33.179+0000] {processor.py:183} INFO - Processing /home/airflow/.local/lib/python3.12/site-packages/airflow/example_dags/example_skip_dag.py took 0.080 seconds
[2025-06-20T14:52:03.308+0000] {processor.py:161} INFO - Started process (PID=2079) to work on /home/airflow/.local/lib/python3.12/site-packages/airflow/example_dags/example_skip_dag.py
[2025-06-20T14:52:03.309+0000] {processor.py:830} INFO - Processing file /home/airflow/.local/lib/python3.12/site-packages/airflow/example_dags/example_skip_dag.py for tasks to queue
[2025-06-20T14:52:03.311+0000] {logging_mixin.py:188} INFO - [2025-06-20T14:52:03.311+0000] {dagbag.py:540} INFO - Filling up the DagBag from /home/airflow/.local/lib/python3.12/site-packages/airflow/example_dags/example_skip_dag.py
[2025-06-20T14:52:03.320+0000] {processor.py:840} INFO - DAG(s) 'example_skip_dag' retrieved from /home/airflow/.local/lib/python3.12/site-packages/airflow/example_dags/example_skip_dag.py
[2025-06-20T14:52:03.343+0000] {logging_mixin.py:188} INFO - [2025-06-20T14:52:03.343+0000] {dag.py:3096} INFO - Sync 1 DAGs
[2025-06-20T14:52:03.364+0000] {logging_mixin.py:188} INFO - [2025-06-20T14:52:03.363+0000] {dag.py:3954} INFO - Setting next_dagrun for example_skip_dag to 2025-06-19 00:00:00+00:00, run_after=2025-06-20 00:00:00+00:00
[2025-06-20T14:52:03.379+0000] {processor.py:183} INFO - Processing /home/airflow/.local/lib/python3.12/site-packages/airflow/example_dags/example_skip_dag.py took 0.077 seconds
[2025-06-20T14:52:34.238+0000] {processor.py:161} INFO - Started process (PID=2136) to work on /home/airflow/.local/lib/python3.12/site-packages/airflow/example_dags/example_skip_dag.py
[2025-06-20T14:52:34.239+0000] {processor.py:830} INFO - Processing file /home/airflow/.local/lib/python3.12/site-packages/airflow/example_dags/example_skip_dag.py for tasks to queue
[2025-06-20T14:52:34.241+0000] {logging_mixin.py:188} INFO - [2025-06-20T14:52:34.240+0000] {dagbag.py:540} INFO - Filling up the DagBag from /home/airflow/.local/lib/python3.12/site-packages/airflow/example_dags/example_skip_dag.py
[2025-06-20T14:52:34.247+0000] {processor.py:840} INFO - DAG(s) 'example_skip_dag' retrieved from /home/airflow/.local/lib/python3.12/site-packages/airflow/example_dags/example_skip_dag.py
[2025-06-20T14:52:34.268+0000] {logging_mixin.py:188} INFO - [2025-06-20T14:52:34.268+0000] {dag.py:3096} INFO - Sync 1 DAGs
[2025-06-20T14:52:34.289+0000] {logging_mixin.py:188} INFO - [2025-06-20T14:52:34.288+0000] {dag.py:3954} INFO - Setting next_dagrun for example_skip_dag to 2025-06-19 00:00:00+00:00, run_after=2025-06-20 00:00:00+00:00
[2025-06-20T14:52:34.304+0000] {processor.py:183} INFO - Processing /home/airflow/.local/lib/python3.12/site-packages/airflow/example_dags/example_skip_dag.py took 0.072 seconds
[2025-06-20T14:53:04.344+0000] {processor.py:161} INFO - Started process (PID=2194) to work on /home/airflow/.local/lib/python3.12/site-packages/airflow/example_dags/example_skip_dag.py
[2025-06-20T14:53:04.345+0000] {processor.py:830} INFO - Processing file /home/airflow/.local/lib/python3.12/site-packages/airflow/example_dags/example_skip_dag.py for tasks to queue
[2025-06-20T14:53:04.346+0000] {logging_mixin.py:188} INFO - [2025-06-20T14:53:04.346+0000] {dagbag.py:540} INFO - Filling up the DagBag from /home/airflow/.local/lib/python3.12/site-packages/airflow/example_dags/example_skip_dag.py
[2025-06-20T14:53:04.353+0000] {processor.py:840} INFO - DAG(s) 'example_skip_dag' retrieved from /home/airflow/.local/lib/python3.12/site-packages/airflow/example_dags/example_skip_dag.py
[2025-06-20T14:53:04.374+0000] {logging_mixin.py:188} INFO - [2025-06-20T14:53:04.374+0000] {dag.py:3096} INFO - Sync 1 DAGs
[2025-06-20T14:53:04.395+0000] {logging_mixin.py:188} INFO - [2025-06-20T14:53:04.394+0000] {dag.py:3954} INFO - Setting next_dagrun for example_skip_dag to 2025-06-19 00:00:00+00:00, run_after=2025-06-20 00:00:00+00:00
[2025-06-20T14:53:04.410+0000] {processor.py:183} INFO - Processing /home/airflow/.local/lib/python3.12/site-packages/airflow/example_dags/example_skip_dag.py took 0.073 seconds
[2025-06-20T14:53:34.759+0000] {processor.py:161} INFO - Started process (PID=2252) to work on /home/airflow/.local/lib/python3.12/site-packages/airflow/example_dags/example_skip_dag.py
[2025-06-20T14:53:34.760+0000] {processor.py:830} INFO - Processing file /home/airflow/.local/lib/python3.12/site-packages/airflow/example_dags/example_skip_dag.py for tasks to queue
[2025-06-20T14:53:34.762+0000] {logging_mixin.py:188} INFO - [2025-06-20T14:53:34.762+0000] {dagbag.py:540} INFO - Filling up the DagBag from /home/airflow/.local/lib/python3.12/site-packages/airflow/example_dags/example_skip_dag.py
[2025-06-20T14:53:34.770+0000] {processor.py:840} INFO - DAG(s) 'example_skip_dag' retrieved from /home/airflow/.local/lib/python3.12/site-packages/airflow/example_dags/example_skip_dag.py
[2025-06-20T14:53:34.790+0000] {logging_mixin.py:188} INFO - [2025-06-20T14:53:34.790+0000] {dag.py:3096} INFO - Sync 1 DAGs
[2025-06-20T14:53:34.810+0000] {logging_mixin.py:188} INFO - [2025-06-20T14:53:34.810+0000] {dag.py:3954} INFO - Setting next_dagrun for example_skip_dag to 2025-06-19 00:00:00+00:00, run_after=2025-06-20 00:00:00+00:00
[2025-06-20T14:53:34.827+0000] {processor.py:183} INFO - Processing /home/airflow/.local/lib/python3.12/site-packages/airflow/example_dags/example_skip_dag.py took 0.074 seconds
[2025-06-20T14:54:05.786+0000] {processor.py:161} INFO - Started process (PID=2310) to work on /home/airflow/.local/lib/python3.12/site-packages/airflow/example_dags/example_skip_dag.py
[2025-06-20T14:54:05.787+0000] {processor.py:830} INFO - Processing file /home/airflow/.local/lib/python3.12/site-packages/airflow/example_dags/example_skip_dag.py for tasks to queue
[2025-06-20T14:54:05.789+0000] {logging_mixin.py:188} INFO - [2025-06-20T14:54:05.789+0000] {dagbag.py:540} INFO - Filling up the DagBag from /home/airflow/.local/lib/python3.12/site-packages/airflow/example_dags/example_skip_dag.py
[2025-06-20T14:54:05.796+0000] {processor.py:840} INFO - DAG(s) 'example_skip_dag' retrieved from /home/airflow/.local/lib/python3.12/site-packages/airflow/example_dags/example_skip_dag.py
[2025-06-20T14:54:05.816+0000] {logging_mixin.py:188} INFO - [2025-06-20T14:54:05.816+0000] {dag.py:3096} INFO - Sync 1 DAGs
[2025-06-20T14:54:05.836+0000] {logging_mixin.py:188} INFO - [2025-06-20T14:54:05.836+0000] {dag.py:3954} INFO - Setting next_dagrun for example_skip_dag to 2025-06-19 00:00:00+00:00, run_after=2025-06-20 00:00:00+00:00
[2025-06-20T14:54:05.852+0000] {processor.py:183} INFO - Processing /home/airflow/.local/lib/python3.12/site-packages/airflow/example_dags/example_skip_dag.py took 0.072 seconds
[2025-06-20T14:54:36.763+0000] {processor.py:161} INFO - Started process (PID=2368) to work on /home/airflow/.local/lib/python3.12/site-packages/airflow/example_dags/example_skip_dag.py
[2025-06-20T14:54:36.764+0000] {processor.py:830} INFO - Processing file /home/airflow/.local/lib/python3.12/site-packages/airflow/example_dags/example_skip_dag.py for tasks to queue
[2025-06-20T14:54:36.766+0000] {logging_mixin.py:188} INFO - [2025-06-20T14:54:36.766+0000] {dagbag.py:540} INFO - Filling up the DagBag from /home/airflow/.local/lib/python3.12/site-packages/airflow/example_dags/example_skip_dag.py
[2025-06-20T14:54:36.774+0000] {processor.py:840} INFO - DAG(s) 'example_skip_dag' retrieved from /home/airflow/.local/lib/python3.12/site-packages/airflow/example_dags/example_skip_dag.py
[2025-06-20T14:54:36.796+0000] {logging_mixin.py:188} INFO - [2025-06-20T14:54:36.796+0000] {dag.py:3096} INFO - Sync 1 DAGs
[2025-06-20T14:54:36.818+0000] {logging_mixin.py:188} INFO - [2025-06-20T14:54:36.817+0000] {dag.py:3954} INFO - Setting next_dagrun for example_skip_dag to 2025-06-19 00:00:00+00:00, run_after=2025-06-20 00:00:00+00:00
[2025-06-20T14:54:36.835+0000] {processor.py:183} INFO - Processing /home/airflow/.local/lib/python3.12/site-packages/airflow/example_dags/example_skip_dag.py took 0.079 seconds
[2025-06-20T14:55:06.918+0000] {processor.py:161} INFO - Started process (PID=2427) to work on /home/airflow/.local/lib/python3.12/site-packages/airflow/example_dags/example_skip_dag.py
[2025-06-20T14:55:06.919+0000] {processor.py:830} INFO - Processing file /home/airflow/.local/lib/python3.12/site-packages/airflow/example_dags/example_skip_dag.py for tasks to queue
[2025-06-20T14:55:06.921+0000] {logging_mixin.py:188} INFO - [2025-06-20T14:55:06.921+0000] {dagbag.py:540} INFO - Filling up the DagBag from /home/airflow/.local/lib/python3.12/site-packages/airflow/example_dags/example_skip_dag.py
[2025-06-20T14:55:06.927+0000] {processor.py:840} INFO - DAG(s) 'example_skip_dag' retrieved from /home/airflow/.local/lib/python3.12/site-packages/airflow/example_dags/example_skip_dag.py
[2025-06-20T14:55:06.947+0000] {logging_mixin.py:188} INFO - [2025-06-20T14:55:06.947+0000] {dag.py:3096} INFO - Sync 1 DAGs
[2025-06-20T14:55:06.966+0000] {logging_mixin.py:188} INFO - [2025-06-20T14:55:06.966+0000] {dag.py:3954} INFO - Setting next_dagrun for example_skip_dag to 2025-06-19 00:00:00+00:00, run_after=2025-06-20 00:00:00+00:00
[2025-06-20T14:55:06.981+0000] {processor.py:183} INFO - Processing /home/airflow/.local/lib/python3.12/site-packages/airflow/example_dags/example_skip_dag.py took 0.069 seconds
[2025-06-20T14:55:37.153+0000] {processor.py:161} INFO - Started process (PID=2486) to work on /home/airflow/.local/lib/python3.12/site-packages/airflow/example_dags/example_skip_dag.py
[2025-06-20T14:55:37.154+0000] {processor.py:830} INFO - Processing file /home/airflow/.local/lib/python3.12/site-packages/airflow/example_dags/example_skip_dag.py for tasks to queue
[2025-06-20T14:55:37.155+0000] {logging_mixin.py:188} INFO - [2025-06-20T14:55:37.155+0000] {dagbag.py:540} INFO - Filling up the DagBag from /home/airflow/.local/lib/python3.12/site-packages/airflow/example_dags/example_skip_dag.py
[2025-06-20T14:55:37.162+0000] {processor.py:840} INFO - DAG(s) 'example_skip_dag' retrieved from /home/airflow/.local/lib/python3.12/site-packages/airflow/example_dags/example_skip_dag.py
[2025-06-20T14:55:37.183+0000] {logging_mixin.py:188} INFO - [2025-06-20T14:55:37.182+0000] {dag.py:3096} INFO - Sync 1 DAGs
[2025-06-20T14:55:37.202+0000] {logging_mixin.py:188} INFO - [2025-06-20T14:55:37.202+0000] {dag.py:3954} INFO - Setting next_dagrun for example_skip_dag to 2025-06-19 00:00:00+00:00, run_after=2025-06-20 00:00:00+00:00
[2025-06-20T14:55:37.217+0000] {processor.py:183} INFO - Processing /home/airflow/.local/lib/python3.12/site-packages/airflow/example_dags/example_skip_dag.py took 0.071 seconds
[2025-06-20T14:56:07.580+0000] {processor.py:161} INFO - Started process (PID=2545) to work on /home/airflow/.local/lib/python3.12/site-packages/airflow/example_dags/example_skip_dag.py
[2025-06-20T14:56:07.582+0000] {processor.py:830} INFO - Processing file /home/airflow/.local/lib/python3.12/site-packages/airflow/example_dags/example_skip_dag.py for tasks to queue
[2025-06-20T14:56:07.584+0000] {logging_mixin.py:188} INFO - [2025-06-20T14:56:07.584+0000] {dagbag.py:540} INFO - Filling up the DagBag from /home/airflow/.local/lib/python3.12/site-packages/airflow/example_dags/example_skip_dag.py
[2025-06-20T14:56:07.591+0000] {processor.py:840} INFO - DAG(s) 'example_skip_dag' retrieved from /home/airflow/.local/lib/python3.12/site-packages/airflow/example_dags/example_skip_dag.py
[2025-06-20T14:56:07.613+0000] {logging_mixin.py:188} INFO - [2025-06-20T14:56:07.613+0000] {dag.py:3096} INFO - Sync 1 DAGs
[2025-06-20T14:56:07.634+0000] {logging_mixin.py:188} INFO - [2025-06-20T14:56:07.633+0000] {dag.py:3954} INFO - Setting next_dagrun for example_skip_dag to 2025-06-19 00:00:00+00:00, run_after=2025-06-20 00:00:00+00:00
[2025-06-20T14:56:07.649+0000] {processor.py:183} INFO - Processing /home/airflow/.local/lib/python3.12/site-packages/airflow/example_dags/example_skip_dag.py took 0.076 seconds
[2025-06-20T14:56:37.772+0000] {processor.py:161} INFO - Started process (PID=2604) to work on /home/airflow/.local/lib/python3.12/site-packages/airflow/example_dags/example_skip_dag.py
[2025-06-20T14:56:37.773+0000] {processor.py:830} INFO - Processing file /home/airflow/.local/lib/python3.12/site-packages/airflow/example_dags/example_skip_dag.py for tasks to queue
[2025-06-20T14:56:37.775+0000] {logging_mixin.py:188} INFO - [2025-06-20T14:56:37.775+0000] {dagbag.py:540} INFO - Filling up the DagBag from /home/airflow/.local/lib/python3.12/site-packages/airflow/example_dags/example_skip_dag.py
[2025-06-20T14:56:37.781+0000] {processor.py:840} INFO - DAG(s) 'example_skip_dag' retrieved from /home/airflow/.local/lib/python3.12/site-packages/airflow/example_dags/example_skip_dag.py
[2025-06-20T14:56:37.800+0000] {logging_mixin.py:188} INFO - [2025-06-20T14:56:37.800+0000] {dag.py:3096} INFO - Sync 1 DAGs
[2025-06-20T14:56:37.820+0000] {logging_mixin.py:188} INFO - [2025-06-20T14:56:37.820+0000] {dag.py:3954} INFO - Setting next_dagrun for example_skip_dag to 2025-06-19 00:00:00+00:00, run_after=2025-06-20 00:00:00+00:00
[2025-06-20T14:56:37.835+0000] {processor.py:183} INFO - Processing /home/airflow/.local/lib/python3.12/site-packages/airflow/example_dags/example_skip_dag.py took 0.069 seconds
[2025-06-20T14:57:07.979+0000] {processor.py:161} INFO - Started process (PID=2663) to work on /home/airflow/.local/lib/python3.12/site-packages/airflow/example_dags/example_skip_dag.py
[2025-06-20T14:57:07.980+0000] {processor.py:830} INFO - Processing file /home/airflow/.local/lib/python3.12/site-packages/airflow/example_dags/example_skip_dag.py for tasks to queue
[2025-06-20T14:57:07.982+0000] {logging_mixin.py:188} INFO - [2025-06-20T14:57:07.981+0000] {dagbag.py:540} INFO - Filling up the DagBag from /home/airflow/.local/lib/python3.12/site-packages/airflow/example_dags/example_skip_dag.py
[2025-06-20T14:57:07.988+0000] {processor.py:840} INFO - DAG(s) 'example_skip_dag' retrieved from /home/airflow/.local/lib/python3.12/site-packages/airflow/example_dags/example_skip_dag.py
[2025-06-20T14:57:08.008+0000] {logging_mixin.py:188} INFO - [2025-06-20T14:57:08.008+0000] {dag.py:3096} INFO - Sync 1 DAGs
[2025-06-20T14:57:08.027+0000] {logging_mixin.py:188} INFO - [2025-06-20T14:57:08.027+0000] {dag.py:3954} INFO - Setting next_dagrun for example_skip_dag to 2025-06-19 00:00:00+00:00, run_after=2025-06-20 00:00:00+00:00
[2025-06-20T14:57:08.042+0000] {processor.py:183} INFO - Processing /home/airflow/.local/lib/python3.12/site-packages/airflow/example_dags/example_skip_dag.py took 0.069 seconds
[2025-06-20T14:57:38.303+0000] {processor.py:161} INFO - Started process (PID=2722) to work on /home/airflow/.local/lib/python3.12/site-packages/airflow/example_dags/example_skip_dag.py
[2025-06-20T14:57:38.304+0000] {processor.py:830} INFO - Processing file /home/airflow/.local/lib/python3.12/site-packages/airflow/example_dags/example_skip_dag.py for tasks to queue
[2025-06-20T14:57:38.306+0000] {logging_mixin.py:188} INFO - [2025-06-20T14:57:38.305+0000] {dagbag.py:540} INFO - Filling up the DagBag from /home/airflow/.local/lib/python3.12/site-packages/airflow/example_dags/example_skip_dag.py
[2025-06-20T14:57:38.312+0000] {processor.py:840} INFO - DAG(s) 'example_skip_dag' retrieved from /home/airflow/.local/lib/python3.12/site-packages/airflow/example_dags/example_skip_dag.py
[2025-06-20T14:57:38.333+0000] {logging_mixin.py:188} INFO - [2025-06-20T14:57:38.333+0000] {dag.py:3096} INFO - Sync 1 DAGs
[2025-06-20T14:57:38.353+0000] {logging_mixin.py:188} INFO - [2025-06-20T14:57:38.353+0000] {dag.py:3954} INFO - Setting next_dagrun for example_skip_dag to 2025-06-19 00:00:00+00:00, run_after=2025-06-20 00:00:00+00:00
[2025-06-20T14:57:38.368+0000] {processor.py:183} INFO - Processing /home/airflow/.local/lib/python3.12/site-packages/airflow/example_dags/example_skip_dag.py took 0.071 seconds
[2025-06-20T14:58:08.443+0000] {processor.py:161} INFO - Started process (PID=2781) to work on /home/airflow/.local/lib/python3.12/site-packages/airflow/example_dags/example_skip_dag.py
[2025-06-20T14:58:08.444+0000] {processor.py:830} INFO - Processing file /home/airflow/.local/lib/python3.12/site-packages/airflow/example_dags/example_skip_dag.py for tasks to queue
[2025-06-20T14:58:08.446+0000] {logging_mixin.py:188} INFO - [2025-06-20T14:58:08.446+0000] {dagbag.py:540} INFO - Filling up the DagBag from /home/airflow/.local/lib/python3.12/site-packages/airflow/example_dags/example_skip_dag.py
[2025-06-20T14:58:08.452+0000] {processor.py:840} INFO - DAG(s) 'example_skip_dag' retrieved from /home/airflow/.local/lib/python3.12/site-packages/airflow/example_dags/example_skip_dag.py
[2025-06-20T14:58:08.473+0000] {logging_mixin.py:188} INFO - [2025-06-20T14:58:08.473+0000] {dag.py:3096} INFO - Sync 1 DAGs
[2025-06-20T14:58:08.494+0000] {logging_mixin.py:188} INFO - [2025-06-20T14:58:08.493+0000] {dag.py:3954} INFO - Setting next_dagrun for example_skip_dag to 2025-06-19 00:00:00+00:00, run_after=2025-06-20 00:00:00+00:00
[2025-06-20T14:58:08.509+0000] {processor.py:183} INFO - Processing /home/airflow/.local/lib/python3.12/site-packages/airflow/example_dags/example_skip_dag.py took 0.071 seconds
[2025-06-20T14:58:38.576+0000] {processor.py:161} INFO - Started process (PID=2840) to work on /home/airflow/.local/lib/python3.12/site-packages/airflow/example_dags/example_skip_dag.py
[2025-06-20T14:58:38.577+0000] {processor.py:830} INFO - Processing file /home/airflow/.local/lib/python3.12/site-packages/airflow/example_dags/example_skip_dag.py for tasks to queue
[2025-06-20T14:58:38.579+0000] {logging_mixin.py:188} INFO - [2025-06-20T14:58:38.579+0000] {dagbag.py:540} INFO - Filling up the DagBag from /home/airflow/.local/lib/python3.12/site-packages/airflow/example_dags/example_skip_dag.py
[2025-06-20T14:58:38.585+0000] {processor.py:840} INFO - DAG(s) 'example_skip_dag' retrieved from /home/airflow/.local/lib/python3.12/site-packages/airflow/example_dags/example_skip_dag.py
[2025-06-20T14:58:38.606+0000] {logging_mixin.py:188} INFO - [2025-06-20T14:58:38.605+0000] {dag.py:3096} INFO - Sync 1 DAGs
[2025-06-20T14:58:38.625+0000] {logging_mixin.py:188} INFO - [2025-06-20T14:58:38.625+0000] {dag.py:3954} INFO - Setting next_dagrun for example_skip_dag to 2025-06-19 00:00:00+00:00, run_after=2025-06-20 00:00:00+00:00
[2025-06-20T14:58:38.642+0000] {processor.py:183} INFO - Processing /home/airflow/.local/lib/python3.12/site-packages/airflow/example_dags/example_skip_dag.py took 0.072 seconds
[2025-06-20T14:59:08.966+0000] {processor.py:161} INFO - Started process (PID=2899) to work on /home/airflow/.local/lib/python3.12/site-packages/airflow/example_dags/example_skip_dag.py
[2025-06-20T14:59:08.967+0000] {processor.py:830} INFO - Processing file /home/airflow/.local/lib/python3.12/site-packages/airflow/example_dags/example_skip_dag.py for tasks to queue
[2025-06-20T14:59:08.969+0000] {logging_mixin.py:188} INFO - [2025-06-20T14:59:08.969+0000] {dagbag.py:540} INFO - Filling up the DagBag from /home/airflow/.local/lib/python3.12/site-packages/airflow/example_dags/example_skip_dag.py
[2025-06-20T14:59:08.975+0000] {processor.py:840} INFO - DAG(s) 'example_skip_dag' retrieved from /home/airflow/.local/lib/python3.12/site-packages/airflow/example_dags/example_skip_dag.py
[2025-06-20T14:59:08.995+0000] {logging_mixin.py:188} INFO - [2025-06-20T14:59:08.995+0000] {dag.py:3096} INFO - Sync 1 DAGs
[2025-06-20T14:59:09.015+0000] {logging_mixin.py:188} INFO - [2025-06-20T14:59:09.015+0000] {dag.py:3954} INFO - Setting next_dagrun for example_skip_dag to 2025-06-19 00:00:00+00:00, run_after=2025-06-20 00:00:00+00:00
[2025-06-20T14:59:09.030+0000] {processor.py:183} INFO - Processing /home/airflow/.local/lib/python3.12/site-packages/airflow/example_dags/example_skip_dag.py took 0.070 seconds
[2025-06-20T14:59:39.266+0000] {processor.py:161} INFO - Started process (PID=2958) to work on /home/airflow/.local/lib/python3.12/site-packages/airflow/example_dags/example_skip_dag.py
[2025-06-20T14:59:39.267+0000] {processor.py:830} INFO - Processing file /home/airflow/.local/lib/python3.12/site-packages/airflow/example_dags/example_skip_dag.py for tasks to queue
[2025-06-20T14:59:39.269+0000] {logging_mixin.py:188} INFO - [2025-06-20T14:59:39.269+0000] {dagbag.py:540} INFO - Filling up the DagBag from /home/airflow/.local/lib/python3.12/site-packages/airflow/example_dags/example_skip_dag.py
[2025-06-20T14:59:39.276+0000] {processor.py:840} INFO - DAG(s) 'example_skip_dag' retrieved from /home/airflow/.local/lib/python3.12/site-packages/airflow/example_dags/example_skip_dag.py
[2025-06-20T14:59:39.298+0000] {logging_mixin.py:188} INFO - [2025-06-20T14:59:39.298+0000] {dag.py:3096} INFO - Sync 1 DAGs
[2025-06-20T14:59:39.320+0000] {logging_mixin.py:188} INFO - [2025-06-20T14:59:39.320+0000] {dag.py:3954} INFO - Setting next_dagrun for example_skip_dag to 2025-06-19 00:00:00+00:00, run_after=2025-06-20 00:00:00+00:00
[2025-06-20T14:59:39.336+0000] {processor.py:183} INFO - Processing /home/airflow/.local/lib/python3.12/site-packages/airflow/example_dags/example_skip_dag.py took 0.077 seconds
[2025-06-20T15:00:09.694+0000] {processor.py:161} INFO - Started process (PID=3017) to work on /home/airflow/.local/lib/python3.12/site-packages/airflow/example_dags/example_skip_dag.py
[2025-06-20T15:00:09.695+0000] {processor.py:830} INFO - Processing file /home/airflow/.local/lib/python3.12/site-packages/airflow/example_dags/example_skip_dag.py for tasks to queue
[2025-06-20T15:00:09.697+0000] {logging_mixin.py:188} INFO - [2025-06-20T15:00:09.696+0000] {dagbag.py:540} INFO - Filling up the DagBag from /home/airflow/.local/lib/python3.12/site-packages/airflow/example_dags/example_skip_dag.py
[2025-06-20T15:00:09.703+0000] {processor.py:840} INFO - DAG(s) 'example_skip_dag' retrieved from /home/airflow/.local/lib/python3.12/site-packages/airflow/example_dags/example_skip_dag.py
[2025-06-20T15:00:09.724+0000] {logging_mixin.py:188} INFO - [2025-06-20T15:00:09.724+0000] {dag.py:3096} INFO - Sync 1 DAGs
[2025-06-20T15:00:09.746+0000] {logging_mixin.py:188} INFO - [2025-06-20T15:00:09.745+0000] {dag.py:3954} INFO - Setting next_dagrun for example_skip_dag to 2025-06-19 00:00:00+00:00, run_after=2025-06-20 00:00:00+00:00
[2025-06-20T15:00:09.767+0000] {processor.py:183} INFO - Processing /home/airflow/.local/lib/python3.12/site-packages/airflow/example_dags/example_skip_dag.py took 0.079 seconds
[2025-06-20T15:00:40.027+0000] {processor.py:161} INFO - Started process (PID=3076) to work on /home/airflow/.local/lib/python3.12/site-packages/airflow/example_dags/example_skip_dag.py
[2025-06-20T15:00:40.028+0000] {processor.py:830} INFO - Processing file /home/airflow/.local/lib/python3.12/site-packages/airflow/example_dags/example_skip_dag.py for tasks to queue
[2025-06-20T15:00:40.030+0000] {logging_mixin.py:188} INFO - [2025-06-20T15:00:40.030+0000] {dagbag.py:540} INFO - Filling up the DagBag from /home/airflow/.local/lib/python3.12/site-packages/airflow/example_dags/example_skip_dag.py
[2025-06-20T15:00:40.037+0000] {processor.py:840} INFO - DAG(s) 'example_skip_dag' retrieved from /home/airflow/.local/lib/python3.12/site-packages/airflow/example_dags/example_skip_dag.py
[2025-06-20T15:00:40.065+0000] {logging_mixin.py:188} INFO - [2025-06-20T15:00:40.064+0000] {dag.py:3096} INFO - Sync 1 DAGs
[2025-06-20T15:00:40.089+0000] {logging_mixin.py:188} INFO - [2025-06-20T15:00:40.089+0000] {dag.py:3954} INFO - Setting next_dagrun for example_skip_dag to 2025-06-19 00:00:00+00:00, run_after=2025-06-20 00:00:00+00:00
[2025-06-20T15:00:40.106+0000] {processor.py:183} INFO - Processing /home/airflow/.local/lib/python3.12/site-packages/airflow/example_dags/example_skip_dag.py took 0.085 seconds
[2025-06-20T15:01:10.886+0000] {processor.py:161} INFO - Started process (PID=3133) to work on /home/airflow/.local/lib/python3.12/site-packages/airflow/example_dags/example_skip_dag.py
[2025-06-20T15:01:10.887+0000] {processor.py:830} INFO - Processing file /home/airflow/.local/lib/python3.12/site-packages/airflow/example_dags/example_skip_dag.py for tasks to queue
[2025-06-20T15:01:10.889+0000] {logging_mixin.py:188} INFO - [2025-06-20T15:01:10.889+0000] {dagbag.py:540} INFO - Filling up the DagBag from /home/airflow/.local/lib/python3.12/site-packages/airflow/example_dags/example_skip_dag.py
[2025-06-20T15:01:10.895+0000] {processor.py:840} INFO - DAG(s) 'example_skip_dag' retrieved from /home/airflow/.local/lib/python3.12/site-packages/airflow/example_dags/example_skip_dag.py
[2025-06-20T15:01:10.920+0000] {logging_mixin.py:188} INFO - [2025-06-20T15:01:10.920+0000] {dag.py:3096} INFO - Sync 1 DAGs
[2025-06-20T15:01:10.942+0000] {logging_mixin.py:188} INFO - [2025-06-20T15:01:10.942+0000] {dag.py:3954} INFO - Setting next_dagrun for example_skip_dag to 2025-06-19 00:00:00+00:00, run_after=2025-06-20 00:00:00+00:00
[2025-06-20T15:01:10.958+0000] {processor.py:183} INFO - Processing /home/airflow/.local/lib/python3.12/site-packages/airflow/example_dags/example_skip_dag.py took 0.078 seconds
[2025-06-20T15:01:41.079+0000] {processor.py:161} INFO - Started process (PID=3192) to work on /home/airflow/.local/lib/python3.12/site-packages/airflow/example_dags/example_skip_dag.py
[2025-06-20T15:01:41.080+0000] {processor.py:830} INFO - Processing file /home/airflow/.local/lib/python3.12/site-packages/airflow/example_dags/example_skip_dag.py for tasks to queue
[2025-06-20T15:01:41.082+0000] {logging_mixin.py:188} INFO - [2025-06-20T15:01:41.082+0000] {dagbag.py:540} INFO - Filling up the DagBag from /home/airflow/.local/lib/python3.12/site-packages/airflow/example_dags/example_skip_dag.py
[2025-06-20T15:01:41.089+0000] {processor.py:840} INFO - DAG(s) 'example_skip_dag' retrieved from /home/airflow/.local/lib/python3.12/site-packages/airflow/example_dags/example_skip_dag.py
[2025-06-20T15:01:41.110+0000] {logging_mixin.py:188} INFO - [2025-06-20T15:01:41.110+0000] {dag.py:3096} INFO - Sync 1 DAGs
[2025-06-20T15:01:41.133+0000] {logging_mixin.py:188} INFO - [2025-06-20T15:01:41.133+0000] {dag.py:3954} INFO - Setting next_dagrun for example_skip_dag to 2025-06-19 00:00:00+00:00, run_after=2025-06-20 00:00:00+00:00
[2025-06-20T15:01:41.149+0000] {processor.py:183} INFO - Processing /home/airflow/.local/lib/python3.12/site-packages/airflow/example_dags/example_skip_dag.py took 0.076 seconds
[2025-06-20T15:02:11.866+0000] {processor.py:161} INFO - Started process (PID=3251) to work on /home/airflow/.local/lib/python3.12/site-packages/airflow/example_dags/example_skip_dag.py
[2025-06-20T15:02:11.867+0000] {processor.py:830} INFO - Processing file /home/airflow/.local/lib/python3.12/site-packages/airflow/example_dags/example_skip_dag.py for tasks to queue
[2025-06-20T15:02:11.869+0000] {logging_mixin.py:188} INFO - [2025-06-20T15:02:11.869+0000] {dagbag.py:540} INFO - Filling up the DagBag from /home/airflow/.local/lib/python3.12/site-packages/airflow/example_dags/example_skip_dag.py
[2025-06-20T15:02:11.875+0000] {processor.py:840} INFO - DAG(s) 'example_skip_dag' retrieved from /home/airflow/.local/lib/python3.12/site-packages/airflow/example_dags/example_skip_dag.py
[2025-06-20T15:02:11.896+0000] {logging_mixin.py:188} INFO - [2025-06-20T15:02:11.895+0000] {dag.py:3096} INFO - Sync 1 DAGs
[2025-06-20T15:02:11.915+0000] {logging_mixin.py:188} INFO - [2025-06-20T15:02:11.915+0000] {dag.py:3954} INFO - Setting next_dagrun for example_skip_dag to 2025-06-19 00:00:00+00:00, run_after=2025-06-20 00:00:00+00:00
[2025-06-20T15:02:11.930+0000] {processor.py:183} INFO - Processing /home/airflow/.local/lib/python3.12/site-packages/airflow/example_dags/example_skip_dag.py took 0.070 seconds
[2025-06-20T15:02:42.538+0000] {processor.py:161} INFO - Started process (PID=3310) to work on /home/airflow/.local/lib/python3.12/site-packages/airflow/example_dags/example_skip_dag.py
[2025-06-20T15:02:42.539+0000] {processor.py:830} INFO - Processing file /home/airflow/.local/lib/python3.12/site-packages/airflow/example_dags/example_skip_dag.py for tasks to queue
[2025-06-20T15:02:42.541+0000] {logging_mixin.py:188} INFO - [2025-06-20T15:02:42.541+0000] {dagbag.py:540} INFO - Filling up the DagBag from /home/airflow/.local/lib/python3.12/site-packages/airflow/example_dags/example_skip_dag.py
[2025-06-20T15:02:42.548+0000] {processor.py:840} INFO - DAG(s) 'example_skip_dag' retrieved from /home/airflow/.local/lib/python3.12/site-packages/airflow/example_dags/example_skip_dag.py
[2025-06-20T15:02:42.570+0000] {logging_mixin.py:188} INFO - [2025-06-20T15:02:42.569+0000] {dag.py:3096} INFO - Sync 1 DAGs
[2025-06-20T15:02:42.596+0000] {logging_mixin.py:188} INFO - [2025-06-20T15:02:42.596+0000] {dag.py:3954} INFO - Setting next_dagrun for example_skip_dag to 2025-06-19 00:00:00+00:00, run_after=2025-06-20 00:00:00+00:00
[2025-06-20T15:02:42.613+0000] {processor.py:183} INFO - Processing /home/airflow/.local/lib/python3.12/site-packages/airflow/example_dags/example_skip_dag.py took 0.081 seconds
[2025-06-20T15:03:13.197+0000] {processor.py:161} INFO - Started process (PID=3369) to work on /home/airflow/.local/lib/python3.12/site-packages/airflow/example_dags/example_skip_dag.py
[2025-06-20T15:03:13.198+0000] {processor.py:830} INFO - Processing file /home/airflow/.local/lib/python3.12/site-packages/airflow/example_dags/example_skip_dag.py for tasks to queue
[2025-06-20T15:03:13.200+0000] {logging_mixin.py:188} INFO - [2025-06-20T15:03:13.200+0000] {dagbag.py:540} INFO - Filling up the DagBag from /home/airflow/.local/lib/python3.12/site-packages/airflow/example_dags/example_skip_dag.py
[2025-06-20T15:03:13.206+0000] {processor.py:840} INFO - DAG(s) 'example_skip_dag' retrieved from /home/airflow/.local/lib/python3.12/site-packages/airflow/example_dags/example_skip_dag.py
[2025-06-20T15:03:13.228+0000] {logging_mixin.py:188} INFO - [2025-06-20T15:03:13.228+0000] {dag.py:3096} INFO - Sync 1 DAGs
[2025-06-20T15:03:13.249+0000] {logging_mixin.py:188} INFO - [2025-06-20T15:03:13.249+0000] {dag.py:3954} INFO - Setting next_dagrun for example_skip_dag to 2025-06-19 00:00:00+00:00, run_after=2025-06-20 00:00:00+00:00
[2025-06-20T15:03:13.265+0000] {processor.py:183} INFO - Processing /home/airflow/.local/lib/python3.12/site-packages/airflow/example_dags/example_skip_dag.py took 0.074 seconds
[2025-06-20T15:03:44.095+0000] {processor.py:161} INFO - Started process (PID=3428) to work on /home/airflow/.local/lib/python3.12/site-packages/airflow/example_dags/example_skip_dag.py
[2025-06-20T15:03:44.096+0000] {processor.py:830} INFO - Processing file /home/airflow/.local/lib/python3.12/site-packages/airflow/example_dags/example_skip_dag.py for tasks to queue
[2025-06-20T15:03:44.099+0000] {logging_mixin.py:188} INFO - [2025-06-20T15:03:44.098+0000] {dagbag.py:540} INFO - Filling up the DagBag from /home/airflow/.local/lib/python3.12/site-packages/airflow/example_dags/example_skip_dag.py
[2025-06-20T15:03:44.105+0000] {processor.py:840} INFO - DAG(s) 'example_skip_dag' retrieved from /home/airflow/.local/lib/python3.12/site-packages/airflow/example_dags/example_skip_dag.py
[2025-06-20T15:03:44.136+0000] {logging_mixin.py:188} INFO - [2025-06-20T15:03:44.135+0000] {dag.py:3096} INFO - Sync 1 DAGs
[2025-06-20T15:03:44.164+0000] {logging_mixin.py:188} INFO - [2025-06-20T15:03:44.164+0000] {dag.py:3954} INFO - Setting next_dagrun for example_skip_dag to 2025-06-19 00:00:00+00:00, run_after=2025-06-20 00:00:00+00:00
[2025-06-20T15:03:44.184+0000] {processor.py:183} INFO - Processing /home/airflow/.local/lib/python3.12/site-packages/airflow/example_dags/example_skip_dag.py took 0.095 seconds
[2025-06-20T15:04:14.451+0000] {processor.py:161} INFO - Started process (PID=3487) to work on /home/airflow/.local/lib/python3.12/site-packages/airflow/example_dags/example_skip_dag.py
[2025-06-20T15:04:14.452+0000] {processor.py:830} INFO - Processing file /home/airflow/.local/lib/python3.12/site-packages/airflow/example_dags/example_skip_dag.py for tasks to queue
[2025-06-20T15:04:14.454+0000] {logging_mixin.py:188} INFO - [2025-06-20T15:04:14.454+0000] {dagbag.py:540} INFO - Filling up the DagBag from /home/airflow/.local/lib/python3.12/site-packages/airflow/example_dags/example_skip_dag.py
[2025-06-20T15:04:14.460+0000] {processor.py:840} INFO - DAG(s) 'example_skip_dag' retrieved from /home/airflow/.local/lib/python3.12/site-packages/airflow/example_dags/example_skip_dag.py
[2025-06-20T15:04:14.482+0000] {logging_mixin.py:188} INFO - [2025-06-20T15:04:14.481+0000] {dag.py:3096} INFO - Sync 1 DAGs
[2025-06-20T15:04:14.503+0000] {logging_mixin.py:188} INFO - [2025-06-20T15:04:14.503+0000] {dag.py:3954} INFO - Setting next_dagrun for example_skip_dag to 2025-06-19 00:00:00+00:00, run_after=2025-06-20 00:00:00+00:00
[2025-06-20T15:04:14.518+0000] {processor.py:183} INFO - Processing /home/airflow/.local/lib/python3.12/site-packages/airflow/example_dags/example_skip_dag.py took 0.073 seconds
[2025-06-20T15:04:45.202+0000] {processor.py:161} INFO - Started process (PID=3546) to work on /home/airflow/.local/lib/python3.12/site-packages/airflow/example_dags/example_skip_dag.py
[2025-06-20T15:04:45.203+0000] {processor.py:830} INFO - Processing file /home/airflow/.local/lib/python3.12/site-packages/airflow/example_dags/example_skip_dag.py for tasks to queue
[2025-06-20T15:04:45.205+0000] {logging_mixin.py:188} INFO - [2025-06-20T15:04:45.204+0000] {dagbag.py:540} INFO - Filling up the DagBag from /home/airflow/.local/lib/python3.12/site-packages/airflow/example_dags/example_skip_dag.py
[2025-06-20T15:04:45.211+0000] {processor.py:840} INFO - DAG(s) 'example_skip_dag' retrieved from /home/airflow/.local/lib/python3.12/site-packages/airflow/example_dags/example_skip_dag.py
[2025-06-20T15:04:45.233+0000] {logging_mixin.py:188} INFO - [2025-06-20T15:04:45.233+0000] {dag.py:3096} INFO - Sync 1 DAGs
[2025-06-20T15:04:45.254+0000] {logging_mixin.py:188} INFO - [2025-06-20T15:04:45.254+0000] {dag.py:3954} INFO - Setting next_dagrun for example_skip_dag to 2025-06-19 00:00:00+00:00, run_after=2025-06-20 00:00:00+00:00
[2025-06-20T15:04:45.270+0000] {processor.py:183} INFO - Processing /home/airflow/.local/lib/python3.12/site-packages/airflow/example_dags/example_skip_dag.py took 0.075 seconds
[2025-06-20T15:05:15.493+0000] {processor.py:161} INFO - Started process (PID=3605) to work on /home/airflow/.local/lib/python3.12/site-packages/airflow/example_dags/example_skip_dag.py
[2025-06-20T15:05:15.494+0000] {processor.py:830} INFO - Processing file /home/airflow/.local/lib/python3.12/site-packages/airflow/example_dags/example_skip_dag.py for tasks to queue
[2025-06-20T15:05:15.496+0000] {logging_mixin.py:188} INFO - [2025-06-20T15:05:15.496+0000] {dagbag.py:540} INFO - Filling up the DagBag from /home/airflow/.local/lib/python3.12/site-packages/airflow/example_dags/example_skip_dag.py
[2025-06-20T15:05:15.504+0000] {processor.py:840} INFO - DAG(s) 'example_skip_dag' retrieved from /home/airflow/.local/lib/python3.12/site-packages/airflow/example_dags/example_skip_dag.py
[2025-06-20T15:05:15.527+0000] {logging_mixin.py:188} INFO - [2025-06-20T15:05:15.527+0000] {dag.py:3096} INFO - Sync 1 DAGs
[2025-06-20T15:05:15.548+0000] {logging_mixin.py:188} INFO - [2025-06-20T15:05:15.547+0000] {dag.py:3954} INFO - Setting next_dagrun for example_skip_dag to 2025-06-19 00:00:00+00:00, run_after=2025-06-20 00:00:00+00:00
[2025-06-20T15:05:15.564+0000] {processor.py:183} INFO - Processing /home/airflow/.local/lib/python3.12/site-packages/airflow/example_dags/example_skip_dag.py took 0.077 seconds
[2025-06-20T15:05:45.632+0000] {processor.py:161} INFO - Started process (PID=3664) to work on /home/airflow/.local/lib/python3.12/site-packages/airflow/example_dags/example_skip_dag.py
[2025-06-20T15:05:45.633+0000] {processor.py:830} INFO - Processing file /home/airflow/.local/lib/python3.12/site-packages/airflow/example_dags/example_skip_dag.py for tasks to queue
[2025-06-20T15:05:45.634+0000] {logging_mixin.py:188} INFO - [2025-06-20T15:05:45.634+0000] {dagbag.py:540} INFO - Filling up the DagBag from /home/airflow/.local/lib/python3.12/site-packages/airflow/example_dags/example_skip_dag.py
[2025-06-20T15:05:45.644+0000] {processor.py:840} INFO - DAG(s) 'example_skip_dag' retrieved from /home/airflow/.local/lib/python3.12/site-packages/airflow/example_dags/example_skip_dag.py
[2025-06-20T15:05:45.665+0000] {logging_mixin.py:188} INFO - [2025-06-20T15:05:45.665+0000] {dag.py:3096} INFO - Sync 1 DAGs
[2025-06-20T15:05:45.686+0000] {logging_mixin.py:188} INFO - [2025-06-20T15:05:45.686+0000] {dag.py:3954} INFO - Setting next_dagrun for example_skip_dag to 2025-06-19 00:00:00+00:00, run_after=2025-06-20 00:00:00+00:00
[2025-06-20T15:05:45.702+0000] {processor.py:183} INFO - Processing /home/airflow/.local/lib/python3.12/site-packages/airflow/example_dags/example_skip_dag.py took 0.077 seconds
[2025-06-20T15:06:16.005+0000] {processor.py:161} INFO - Started process (PID=3723) to work on /home/airflow/.local/lib/python3.12/site-packages/airflow/example_dags/example_skip_dag.py
[2025-06-20T15:06:16.006+0000] {processor.py:830} INFO - Processing file /home/airflow/.local/lib/python3.12/site-packages/airflow/example_dags/example_skip_dag.py for tasks to queue
[2025-06-20T15:06:16.008+0000] {logging_mixin.py:188} INFO - [2025-06-20T15:06:16.007+0000] {dagbag.py:540} INFO - Filling up the DagBag from /home/airflow/.local/lib/python3.12/site-packages/airflow/example_dags/example_skip_dag.py
[2025-06-20T15:06:16.014+0000] {processor.py:840} INFO - DAG(s) 'example_skip_dag' retrieved from /home/airflow/.local/lib/python3.12/site-packages/airflow/example_dags/example_skip_dag.py
[2025-06-20T15:06:16.034+0000] {logging_mixin.py:188} INFO - [2025-06-20T15:06:16.034+0000] {dag.py:3096} INFO - Sync 1 DAGs
[2025-06-20T15:06:16.055+0000] {logging_mixin.py:188} INFO - [2025-06-20T15:06:16.055+0000] {dag.py:3954} INFO - Setting next_dagrun for example_skip_dag to 2025-06-19 00:00:00+00:00, run_after=2025-06-20 00:00:00+00:00
[2025-06-20T15:06:16.071+0000] {processor.py:183} INFO - Processing /home/airflow/.local/lib/python3.12/site-packages/airflow/example_dags/example_skip_dag.py took 0.072 seconds
[2025-06-20T15:06:46.325+0000] {processor.py:161} INFO - Started process (PID=3782) to work on /home/airflow/.local/lib/python3.12/site-packages/airflow/example_dags/example_skip_dag.py
[2025-06-20T15:06:46.326+0000] {processor.py:830} INFO - Processing file /home/airflow/.local/lib/python3.12/site-packages/airflow/example_dags/example_skip_dag.py for tasks to queue
[2025-06-20T15:06:46.328+0000] {logging_mixin.py:188} INFO - [2025-06-20T15:06:46.328+0000] {dagbag.py:540} INFO - Filling up the DagBag from /home/airflow/.local/lib/python3.12/site-packages/airflow/example_dags/example_skip_dag.py
[2025-06-20T15:06:46.334+0000] {processor.py:840} INFO - DAG(s) 'example_skip_dag' retrieved from /home/airflow/.local/lib/python3.12/site-packages/airflow/example_dags/example_skip_dag.py
[2025-06-20T15:06:46.357+0000] {logging_mixin.py:188} INFO - [2025-06-20T15:06:46.357+0000] {dag.py:3096} INFO - Sync 1 DAGs
[2025-06-20T15:06:46.379+0000] {logging_mixin.py:188} INFO - [2025-06-20T15:06:46.379+0000] {dag.py:3954} INFO - Setting next_dagrun for example_skip_dag to 2025-06-19 00:00:00+00:00, run_after=2025-06-20 00:00:00+00:00
[2025-06-20T15:06:46.395+0000] {processor.py:183} INFO - Processing /home/airflow/.local/lib/python3.12/site-packages/airflow/example_dags/example_skip_dag.py took 0.076 seconds
[2025-06-20T15:07:16.676+0000] {processor.py:161} INFO - Started process (PID=3841) to work on /home/airflow/.local/lib/python3.12/site-packages/airflow/example_dags/example_skip_dag.py
[2025-06-20T15:07:16.677+0000] {processor.py:830} INFO - Processing file /home/airflow/.local/lib/python3.12/site-packages/airflow/example_dags/example_skip_dag.py for tasks to queue
[2025-06-20T15:07:16.679+0000] {logging_mixin.py:188} INFO - [2025-06-20T15:07:16.678+0000] {dagbag.py:540} INFO - Filling up the DagBag from /home/airflow/.local/lib/python3.12/site-packages/airflow/example_dags/example_skip_dag.py
[2025-06-20T15:07:16.685+0000] {processor.py:840} INFO - DAG(s) 'example_skip_dag' retrieved from /home/airflow/.local/lib/python3.12/site-packages/airflow/example_dags/example_skip_dag.py
[2025-06-20T15:07:16.707+0000] {logging_mixin.py:188} INFO - [2025-06-20T15:07:16.707+0000] {dag.py:3096} INFO - Sync 1 DAGs
[2025-06-20T15:07:16.728+0000] {logging_mixin.py:188} INFO - [2025-06-20T15:07:16.727+0000] {dag.py:3954} INFO - Setting next_dagrun for example_skip_dag to 2025-06-19 00:00:00+00:00, run_after=2025-06-20 00:00:00+00:00
[2025-06-20T15:07:16.743+0000] {processor.py:183} INFO - Processing /home/airflow/.local/lib/python3.12/site-packages/airflow/example_dags/example_skip_dag.py took 0.074 seconds
