[2025-06-20T14:34:46.788+0000] {processor.py:161} INFO - Started process (PID=73) to work on /home/airflow/.local/lib/python3.12/site-packages/airflow/example_dags/example_xcomargs.py
[2025-06-20T14:34:46.789+0000] {processor.py:830} INFO - Processing file /home/airflow/.local/lib/python3.12/site-packages/airflow/example_dags/example_xcomargs.py for tasks to queue
[2025-06-20T14:34:46.791+0000] {logging_mixin.py:188} INFO - [2025-06-20T14:34:46.791+0000] {dagbag.py:540} INFO - Filling up the DagBag from /home/airflow/.local/lib/python3.12/site-packages/airflow/example_dags/example_xcomargs.py
[2025-06-20T14:34:46.801+0000] {processor.py:840} INFO - DAG(s) 'example_xcom_args', 'example_xcom_args_with_operators' retrieved from /home/airflow/.local/lib/python3.12/site-packages/airflow/example_dags/example_xcomargs.py
[2025-06-20T14:34:46.815+0000] {logging_mixin.py:188} INFO - [2025-06-20T14:34:46.815+0000] {dag.py:3096} INFO - Sync 2 DAGs
[2025-06-20T14:34:46.832+0000] {logging_mixin.py:188} INFO - [2025-06-20T14:34:46.832+0000] {dag.py:3954} INFO - Setting next_dagrun for example_xcom_args to None, run_after=None
[2025-06-20T14:34:46.836+0000] {logging_mixin.py:188} INFO - [2025-06-20T14:34:46.836+0000] {dag.py:3954} INFO - Setting next_dagrun for example_xcom_args_with_operators to None, run_after=None
[2025-06-20T14:34:46.851+0000] {processor.py:183} INFO - Processing /home/airflow/.local/lib/python3.12/site-packages/airflow/example_dags/example_xcomargs.py took 0.068 seconds
[2025-06-20T14:35:17.781+0000] {processor.py:161} INFO - Started process (PID=131) to work on /home/airflow/.local/lib/python3.12/site-packages/airflow/example_dags/example_xcomargs.py
[2025-06-20T14:35:17.782+0000] {processor.py:830} INFO - Processing file /home/airflow/.local/lib/python3.12/site-packages/airflow/example_dags/example_xcomargs.py for tasks to queue
[2025-06-20T14:35:17.784+0000] {logging_mixin.py:188} INFO - [2025-06-20T14:35:17.784+0000] {dagbag.py:540} INFO - Filling up the DagBag from /home/airflow/.local/lib/python3.12/site-packages/airflow/example_dags/example_xcomargs.py
[2025-06-20T14:35:17.792+0000] {processor.py:840} INFO - DAG(s) 'example_xcom_args', 'example_xcom_args_with_operators' retrieved from /home/airflow/.local/lib/python3.12/site-packages/airflow/example_dags/example_xcomargs.py
[2025-06-20T14:35:17.901+0000] {logging_mixin.py:188} INFO - [2025-06-20T14:35:17.900+0000] {dag.py:3096} INFO - Sync 2 DAGs
[2025-06-20T14:35:17.910+0000] {logging_mixin.py:188} INFO - [2025-06-20T14:35:17.910+0000] {dag.py:3954} INFO - Setting next_dagrun for example_xcom_args to None, run_after=None
[2025-06-20T14:35:17.913+0000] {logging_mixin.py:188} INFO - [2025-06-20T14:35:17.913+0000] {dag.py:3954} INFO - Setting next_dagrun for example_xcom_args_with_operators to None, run_after=None
[2025-06-20T14:35:17.928+0000] {processor.py:183} INFO - Processing /home/airflow/.local/lib/python3.12/site-packages/airflow/example_dags/example_xcomargs.py took 0.152 seconds
[2025-06-20T14:35:47.987+0000] {processor.py:161} INFO - Started process (PID=189) to work on /home/airflow/.local/lib/python3.12/site-packages/airflow/example_dags/example_xcomargs.py
[2025-06-20T14:35:47.988+0000] {processor.py:830} INFO - Processing file /home/airflow/.local/lib/python3.12/site-packages/airflow/example_dags/example_xcomargs.py for tasks to queue
[2025-06-20T14:35:47.990+0000] {logging_mixin.py:188} INFO - [2025-06-20T14:35:47.989+0000] {dagbag.py:540} INFO - Filling up the DagBag from /home/airflow/.local/lib/python3.12/site-packages/airflow/example_dags/example_xcomargs.py
[2025-06-20T14:35:47.998+0000] {processor.py:840} INFO - DAG(s) 'example_xcom_args', 'example_xcom_args_with_operators' retrieved from /home/airflow/.local/lib/python3.12/site-packages/airflow/example_dags/example_xcomargs.py
[2025-06-20T14:35:48.021+0000] {logging_mixin.py:188} INFO - [2025-06-20T14:35:48.021+0000] {dag.py:3096} INFO - Sync 2 DAGs
[2025-06-20T14:35:48.033+0000] {logging_mixin.py:188} INFO - [2025-06-20T14:35:48.033+0000] {dag.py:3954} INFO - Setting next_dagrun for example_xcom_args to None, run_after=None
[2025-06-20T14:35:48.037+0000] {logging_mixin.py:188} INFO - [2025-06-20T14:35:48.036+0000] {dag.py:3954} INFO - Setting next_dagrun for example_xcom_args_with_operators to None, run_after=None
[2025-06-20T14:35:48.051+0000] {processor.py:183} INFO - Processing /home/airflow/.local/lib/python3.12/site-packages/airflow/example_dags/example_xcomargs.py took 0.071 seconds
[2025-06-20T14:36:18.346+0000] {processor.py:161} INFO - Started process (PID=247) to work on /home/airflow/.local/lib/python3.12/site-packages/airflow/example_dags/example_xcomargs.py
[2025-06-20T14:36:18.347+0000] {processor.py:830} INFO - Processing file /home/airflow/.local/lib/python3.12/site-packages/airflow/example_dags/example_xcomargs.py for tasks to queue
[2025-06-20T14:36:18.349+0000] {logging_mixin.py:188} INFO - [2025-06-20T14:36:18.348+0000] {dagbag.py:540} INFO - Filling up the DagBag from /home/airflow/.local/lib/python3.12/site-packages/airflow/example_dags/example_xcomargs.py
[2025-06-20T14:36:18.357+0000] {processor.py:840} INFO - DAG(s) 'example_xcom_args', 'example_xcom_args_with_operators' retrieved from /home/airflow/.local/lib/python3.12/site-packages/airflow/example_dags/example_xcomargs.py
[2025-06-20T14:36:18.379+0000] {logging_mixin.py:188} INFO - [2025-06-20T14:36:18.379+0000] {dag.py:3096} INFO - Sync 2 DAGs
[2025-06-20T14:36:18.392+0000] {logging_mixin.py:188} INFO - [2025-06-20T14:36:18.392+0000] {dag.py:3954} INFO - Setting next_dagrun for example_xcom_args to None, run_after=None
[2025-06-20T14:36:18.395+0000] {logging_mixin.py:188} INFO - [2025-06-20T14:36:18.395+0000] {dag.py:3954} INFO - Setting next_dagrun for example_xcom_args_with_operators to None, run_after=None
[2025-06-20T14:36:18.409+0000] {processor.py:183} INFO - Processing /home/airflow/.local/lib/python3.12/site-packages/airflow/example_dags/example_xcomargs.py took 0.069 seconds
[2025-06-20T14:36:48.918+0000] {processor.py:161} INFO - Started process (PID=311) to work on /home/airflow/.local/lib/python3.12/site-packages/airflow/example_dags/example_xcomargs.py
[2025-06-20T14:36:48.919+0000] {processor.py:830} INFO - Processing file /home/airflow/.local/lib/python3.12/site-packages/airflow/example_dags/example_xcomargs.py for tasks to queue
[2025-06-20T14:36:48.921+0000] {logging_mixin.py:188} INFO - [2025-06-20T14:36:48.920+0000] {dagbag.py:540} INFO - Filling up the DagBag from /home/airflow/.local/lib/python3.12/site-packages/airflow/example_dags/example_xcomargs.py
[2025-06-20T14:36:48.929+0000] {processor.py:840} INFO - DAG(s) 'example_xcom_args_with_operators', 'example_xcom_args' retrieved from /home/airflow/.local/lib/python3.12/site-packages/airflow/example_dags/example_xcomargs.py
[2025-06-20T14:36:48.953+0000] {logging_mixin.py:188} INFO - [2025-06-20T14:36:48.953+0000] {dag.py:3096} INFO - Sync 2 DAGs
[2025-06-20T14:36:48.965+0000] {logging_mixin.py:188} INFO - [2025-06-20T14:36:48.965+0000] {dag.py:3954} INFO - Setting next_dagrun for example_xcom_args to None, run_after=None
[2025-06-20T14:36:48.968+0000] {logging_mixin.py:188} INFO - [2025-06-20T14:36:48.968+0000] {dag.py:3954} INFO - Setting next_dagrun for example_xcom_args_with_operators to None, run_after=None
[2025-06-20T14:36:48.983+0000] {processor.py:183} INFO - Processing /home/airflow/.local/lib/python3.12/site-packages/airflow/example_dags/example_xcomargs.py took 0.071 seconds
[2025-06-20T14:37:19.513+0000] {processor.py:161} INFO - Started process (PID=385) to work on /home/airflow/.local/lib/python3.12/site-packages/airflow/example_dags/example_xcomargs.py
[2025-06-20T14:37:19.514+0000] {processor.py:830} INFO - Processing file /home/airflow/.local/lib/python3.12/site-packages/airflow/example_dags/example_xcomargs.py for tasks to queue
[2025-06-20T14:37:19.516+0000] {logging_mixin.py:188} INFO - [2025-06-20T14:37:19.516+0000] {dagbag.py:540} INFO - Filling up the DagBag from /home/airflow/.local/lib/python3.12/site-packages/airflow/example_dags/example_xcomargs.py
[2025-06-20T14:37:19.524+0000] {processor.py:840} INFO - DAG(s) 'example_xcom_args_with_operators', 'example_xcom_args' retrieved from /home/airflow/.local/lib/python3.12/site-packages/airflow/example_dags/example_xcomargs.py
[2025-06-20T14:37:19.546+0000] {logging_mixin.py:188} INFO - [2025-06-20T14:37:19.546+0000] {dag.py:3096} INFO - Sync 2 DAGs
[2025-06-20T14:37:19.559+0000] {logging_mixin.py:188} INFO - [2025-06-20T14:37:19.559+0000] {dag.py:3954} INFO - Setting next_dagrun for example_xcom_args to None, run_after=None
[2025-06-20T14:37:19.563+0000] {logging_mixin.py:188} INFO - [2025-06-20T14:37:19.562+0000] {dag.py:3954} INFO - Setting next_dagrun for example_xcom_args_with_operators to None, run_after=None
[2025-06-20T14:37:19.576+0000] {processor.py:183} INFO - Processing /home/airflow/.local/lib/python3.12/site-packages/airflow/example_dags/example_xcomargs.py took 0.069 seconds
[2025-06-20T14:37:50.057+0000] {processor.py:161} INFO - Started process (PID=443) to work on /home/airflow/.local/lib/python3.12/site-packages/airflow/example_dags/example_xcomargs.py
[2025-06-20T14:37:50.058+0000] {processor.py:830} INFO - Processing file /home/airflow/.local/lib/python3.12/site-packages/airflow/example_dags/example_xcomargs.py for tasks to queue
[2025-06-20T14:37:50.060+0000] {logging_mixin.py:188} INFO - [2025-06-20T14:37:50.060+0000] {dagbag.py:540} INFO - Filling up the DagBag from /home/airflow/.local/lib/python3.12/site-packages/airflow/example_dags/example_xcomargs.py
[2025-06-20T14:37:50.068+0000] {processor.py:840} INFO - DAG(s) 'example_xcom_args_with_operators', 'example_xcom_args' retrieved from /home/airflow/.local/lib/python3.12/site-packages/airflow/example_dags/example_xcomargs.py
[2025-06-20T14:37:50.091+0000] {logging_mixin.py:188} INFO - [2025-06-20T14:37:50.090+0000] {dag.py:3096} INFO - Sync 2 DAGs
[2025-06-20T14:37:50.103+0000] {logging_mixin.py:188} INFO - [2025-06-20T14:37:50.102+0000] {dag.py:3954} INFO - Setting next_dagrun for example_xcom_args to None, run_after=None
[2025-06-20T14:37:50.106+0000] {logging_mixin.py:188} INFO - [2025-06-20T14:37:50.106+0000] {dag.py:3954} INFO - Setting next_dagrun for example_xcom_args_with_operators to None, run_after=None
[2025-06-20T14:37:50.120+0000] {processor.py:183} INFO - Processing /home/airflow/.local/lib/python3.12/site-packages/airflow/example_dags/example_xcomargs.py took 0.068 seconds
[2025-06-20T14:38:20.517+0000] {processor.py:161} INFO - Started process (PID=501) to work on /home/airflow/.local/lib/python3.12/site-packages/airflow/example_dags/example_xcomargs.py
[2025-06-20T14:38:20.518+0000] {processor.py:830} INFO - Processing file /home/airflow/.local/lib/python3.12/site-packages/airflow/example_dags/example_xcomargs.py for tasks to queue
[2025-06-20T14:38:20.519+0000] {logging_mixin.py:188} INFO - [2025-06-20T14:38:20.519+0000] {dagbag.py:540} INFO - Filling up the DagBag from /home/airflow/.local/lib/python3.12/site-packages/airflow/example_dags/example_xcomargs.py
[2025-06-20T14:38:20.527+0000] {processor.py:840} INFO - DAG(s) 'example_xcom_args', 'example_xcom_args_with_operators' retrieved from /home/airflow/.local/lib/python3.12/site-packages/airflow/example_dags/example_xcomargs.py
[2025-06-20T14:38:20.548+0000] {logging_mixin.py:188} INFO - [2025-06-20T14:38:20.548+0000] {dag.py:3096} INFO - Sync 2 DAGs
[2025-06-20T14:38:20.561+0000] {logging_mixin.py:188} INFO - [2025-06-20T14:38:20.561+0000] {dag.py:3954} INFO - Setting next_dagrun for example_xcom_args to None, run_after=None
[2025-06-20T14:38:20.565+0000] {logging_mixin.py:188} INFO - [2025-06-20T14:38:20.564+0000] {dag.py:3954} INFO - Setting next_dagrun for example_xcom_args_with_operators to None, run_after=None
[2025-06-20T14:38:20.579+0000] {processor.py:183} INFO - Processing /home/airflow/.local/lib/python3.12/site-packages/airflow/example_dags/example_xcomargs.py took 0.068 seconds
[2025-06-20T14:38:51.391+0000] {processor.py:161} INFO - Started process (PID=559) to work on /home/airflow/.local/lib/python3.12/site-packages/airflow/example_dags/example_xcomargs.py
[2025-06-20T14:38:51.392+0000] {processor.py:830} INFO - Processing file /home/airflow/.local/lib/python3.12/site-packages/airflow/example_dags/example_xcomargs.py for tasks to queue
[2025-06-20T14:38:51.394+0000] {logging_mixin.py:188} INFO - [2025-06-20T14:38:51.394+0000] {dagbag.py:540} INFO - Filling up the DagBag from /home/airflow/.local/lib/python3.12/site-packages/airflow/example_dags/example_xcomargs.py
[2025-06-20T14:38:51.403+0000] {processor.py:840} INFO - DAG(s) 'example_xcom_args', 'example_xcom_args_with_operators' retrieved from /home/airflow/.local/lib/python3.12/site-packages/airflow/example_dags/example_xcomargs.py
[2025-06-20T14:38:51.426+0000] {logging_mixin.py:188} INFO - [2025-06-20T14:38:51.425+0000] {dag.py:3096} INFO - Sync 2 DAGs
[2025-06-20T14:38:51.438+0000] {logging_mixin.py:188} INFO - [2025-06-20T14:38:51.438+0000] {dag.py:3954} INFO - Setting next_dagrun for example_xcom_args to None, run_after=None
[2025-06-20T14:38:51.442+0000] {logging_mixin.py:188} INFO - [2025-06-20T14:38:51.442+0000] {dag.py:3954} INFO - Setting next_dagrun for example_xcom_args_with_operators to None, run_after=None
[2025-06-20T14:38:51.456+0000] {processor.py:183} INFO - Processing /home/airflow/.local/lib/python3.12/site-packages/airflow/example_dags/example_xcomargs.py took 0.071 seconds
[2025-06-20T14:39:21.650+0000] {processor.py:161} INFO - Started process (PID=617) to work on /home/airflow/.local/lib/python3.12/site-packages/airflow/example_dags/example_xcomargs.py
[2025-06-20T14:39:21.651+0000] {processor.py:830} INFO - Processing file /home/airflow/.local/lib/python3.12/site-packages/airflow/example_dags/example_xcomargs.py for tasks to queue
[2025-06-20T14:39:21.653+0000] {logging_mixin.py:188} INFO - [2025-06-20T14:39:21.652+0000] {dagbag.py:540} INFO - Filling up the DagBag from /home/airflow/.local/lib/python3.12/site-packages/airflow/example_dags/example_xcomargs.py
[2025-06-20T14:39:21.661+0000] {processor.py:840} INFO - DAG(s) 'example_xcom_args_with_operators', 'example_xcom_args' retrieved from /home/airflow/.local/lib/python3.12/site-packages/airflow/example_dags/example_xcomargs.py
[2025-06-20T14:39:21.683+0000] {logging_mixin.py:188} INFO - [2025-06-20T14:39:21.683+0000] {dag.py:3096} INFO - Sync 2 DAGs
[2025-06-20T14:39:21.696+0000] {logging_mixin.py:188} INFO - [2025-06-20T14:39:21.696+0000] {dag.py:3954} INFO - Setting next_dagrun for example_xcom_args to None, run_after=None
[2025-06-20T14:39:21.699+0000] {logging_mixin.py:188} INFO - [2025-06-20T14:39:21.699+0000] {dag.py:3954} INFO - Setting next_dagrun for example_xcom_args_with_operators to None, run_after=None
[2025-06-20T14:39:21.713+0000] {processor.py:183} INFO - Processing /home/airflow/.local/lib/python3.12/site-packages/airflow/example_dags/example_xcomargs.py took 0.069 seconds
[2025-06-20T14:39:52.017+0000] {processor.py:161} INFO - Started process (PID=675) to work on /home/airflow/.local/lib/python3.12/site-packages/airflow/example_dags/example_xcomargs.py
[2025-06-20T14:39:52.018+0000] {processor.py:830} INFO - Processing file /home/airflow/.local/lib/python3.12/site-packages/airflow/example_dags/example_xcomargs.py for tasks to queue
[2025-06-20T14:39:52.020+0000] {logging_mixin.py:188} INFO - [2025-06-20T14:39:52.020+0000] {dagbag.py:540} INFO - Filling up the DagBag from /home/airflow/.local/lib/python3.12/site-packages/airflow/example_dags/example_xcomargs.py
[2025-06-20T14:39:52.028+0000] {processor.py:840} INFO - DAG(s) 'example_xcom_args', 'example_xcom_args_with_operators' retrieved from /home/airflow/.local/lib/python3.12/site-packages/airflow/example_dags/example_xcomargs.py
[2025-06-20T14:39:52.051+0000] {logging_mixin.py:188} INFO - [2025-06-20T14:39:52.051+0000] {dag.py:3096} INFO - Sync 2 DAGs
[2025-06-20T14:39:52.063+0000] {logging_mixin.py:188} INFO - [2025-06-20T14:39:52.063+0000] {dag.py:3954} INFO - Setting next_dagrun for example_xcom_args to None, run_after=None
[2025-06-20T14:39:52.067+0000] {logging_mixin.py:188} INFO - [2025-06-20T14:39:52.067+0000] {dag.py:3954} INFO - Setting next_dagrun for example_xcom_args_with_operators to None, run_after=None
[2025-06-20T14:39:52.081+0000] {processor.py:183} INFO - Processing /home/airflow/.local/lib/python3.12/site-packages/airflow/example_dags/example_xcomargs.py took 0.069 seconds
[2025-06-20T14:40:22.258+0000] {processor.py:161} INFO - Started process (PID=733) to work on /home/airflow/.local/lib/python3.12/site-packages/airflow/example_dags/example_xcomargs.py
[2025-06-20T14:40:22.259+0000] {processor.py:830} INFO - Processing file /home/airflow/.local/lib/python3.12/site-packages/airflow/example_dags/example_xcomargs.py for tasks to queue
[2025-06-20T14:40:22.260+0000] {logging_mixin.py:188} INFO - [2025-06-20T14:40:22.260+0000] {dagbag.py:540} INFO - Filling up the DagBag from /home/airflow/.local/lib/python3.12/site-packages/airflow/example_dags/example_xcomargs.py
[2025-06-20T14:40:22.268+0000] {processor.py:840} INFO - DAG(s) 'example_xcom_args_with_operators', 'example_xcom_args' retrieved from /home/airflow/.local/lib/python3.12/site-packages/airflow/example_dags/example_xcomargs.py
[2025-06-20T14:40:22.290+0000] {logging_mixin.py:188} INFO - [2025-06-20T14:40:22.290+0000] {dag.py:3096} INFO - Sync 2 DAGs
[2025-06-20T14:40:22.302+0000] {logging_mixin.py:188} INFO - [2025-06-20T14:40:22.302+0000] {dag.py:3954} INFO - Setting next_dagrun for example_xcom_args to None, run_after=None
[2025-06-20T14:40:22.305+0000] {logging_mixin.py:188} INFO - [2025-06-20T14:40:22.305+0000] {dag.py:3954} INFO - Setting next_dagrun for example_xcom_args_with_operators to None, run_after=None
[2025-06-20T14:40:22.319+0000] {processor.py:183} INFO - Processing /home/airflow/.local/lib/python3.12/site-packages/airflow/example_dags/example_xcomargs.py took 0.067 seconds
[2025-06-20T14:40:52.607+0000] {processor.py:161} INFO - Started process (PID=791) to work on /home/airflow/.local/lib/python3.12/site-packages/airflow/example_dags/example_xcomargs.py
[2025-06-20T14:40:52.608+0000] {processor.py:830} INFO - Processing file /home/airflow/.local/lib/python3.12/site-packages/airflow/example_dags/example_xcomargs.py for tasks to queue
[2025-06-20T14:40:52.610+0000] {logging_mixin.py:188} INFO - [2025-06-20T14:40:52.609+0000] {dagbag.py:540} INFO - Filling up the DagBag from /home/airflow/.local/lib/python3.12/site-packages/airflow/example_dags/example_xcomargs.py
[2025-06-20T14:40:52.618+0000] {processor.py:840} INFO - DAG(s) 'example_xcom_args_with_operators', 'example_xcom_args' retrieved from /home/airflow/.local/lib/python3.12/site-packages/airflow/example_dags/example_xcomargs.py
[2025-06-20T14:40:52.639+0000] {logging_mixin.py:188} INFO - [2025-06-20T14:40:52.639+0000] {dag.py:3096} INFO - Sync 2 DAGs
[2025-06-20T14:40:52.652+0000] {logging_mixin.py:188} INFO - [2025-06-20T14:40:52.652+0000] {dag.py:3954} INFO - Setting next_dagrun for example_xcom_args to None, run_after=None
[2025-06-20T14:40:52.656+0000] {logging_mixin.py:188} INFO - [2025-06-20T14:40:52.655+0000] {dag.py:3954} INFO - Setting next_dagrun for example_xcom_args_with_operators to None, run_after=None
[2025-06-20T14:40:52.671+0000] {processor.py:183} INFO - Processing /home/airflow/.local/lib/python3.12/site-packages/airflow/example_dags/example_xcomargs.py took 0.070 seconds
[2025-06-20T14:41:22.834+0000] {processor.py:161} INFO - Started process (PID=849) to work on /home/airflow/.local/lib/python3.12/site-packages/airflow/example_dags/example_xcomargs.py
[2025-06-20T14:41:22.835+0000] {processor.py:830} INFO - Processing file /home/airflow/.local/lib/python3.12/site-packages/airflow/example_dags/example_xcomargs.py for tasks to queue
[2025-06-20T14:41:22.836+0000] {logging_mixin.py:188} INFO - [2025-06-20T14:41:22.836+0000] {dagbag.py:540} INFO - Filling up the DagBag from /home/airflow/.local/lib/python3.12/site-packages/airflow/example_dags/example_xcomargs.py
[2025-06-20T14:41:22.845+0000] {processor.py:840} INFO - DAG(s) 'example_xcom_args_with_operators', 'example_xcom_args' retrieved from /home/airflow/.local/lib/python3.12/site-packages/airflow/example_dags/example_xcomargs.py
[2025-06-20T14:41:22.868+0000] {logging_mixin.py:188} INFO - [2025-06-20T14:41:22.868+0000] {dag.py:3096} INFO - Sync 2 DAGs
[2025-06-20T14:41:22.880+0000] {logging_mixin.py:188} INFO - [2025-06-20T14:41:22.880+0000] {dag.py:3954} INFO - Setting next_dagrun for example_xcom_args to None, run_after=None
[2025-06-20T14:41:22.883+0000] {logging_mixin.py:188} INFO - [2025-06-20T14:41:22.883+0000] {dag.py:3954} INFO - Setting next_dagrun for example_xcom_args_with_operators to None, run_after=None
[2025-06-20T14:41:22.897+0000] {processor.py:183} INFO - Processing /home/airflow/.local/lib/python3.12/site-packages/airflow/example_dags/example_xcomargs.py took 0.069 seconds
[2025-06-20T14:41:53.131+0000] {processor.py:161} INFO - Started process (PID=907) to work on /home/airflow/.local/lib/python3.12/site-packages/airflow/example_dags/example_xcomargs.py
[2025-06-20T14:41:53.132+0000] {processor.py:830} INFO - Processing file /home/airflow/.local/lib/python3.12/site-packages/airflow/example_dags/example_xcomargs.py for tasks to queue
[2025-06-20T14:41:53.134+0000] {logging_mixin.py:188} INFO - [2025-06-20T14:41:53.134+0000] {dagbag.py:540} INFO - Filling up the DagBag from /home/airflow/.local/lib/python3.12/site-packages/airflow/example_dags/example_xcomargs.py
[2025-06-20T14:41:53.143+0000] {processor.py:840} INFO - DAG(s) 'example_xcom_args_with_operators', 'example_xcom_args' retrieved from /home/airflow/.local/lib/python3.12/site-packages/airflow/example_dags/example_xcomargs.py
[2025-06-20T14:41:53.174+0000] {logging_mixin.py:188} INFO - [2025-06-20T14:41:53.173+0000] {dag.py:3096} INFO - Sync 2 DAGs
[2025-06-20T14:41:53.211+0000] {logging_mixin.py:188} INFO - [2025-06-20T14:41:53.210+0000] {dag.py:3954} INFO - Setting next_dagrun for example_xcom_args to None, run_after=None
[2025-06-20T14:41:53.219+0000] {logging_mixin.py:188} INFO - [2025-06-20T14:41:53.219+0000] {dag.py:3954} INFO - Setting next_dagrun for example_xcom_args_with_operators to None, run_after=None
[2025-06-20T14:41:53.250+0000] {processor.py:183} INFO - Processing /home/airflow/.local/lib/python3.12/site-packages/airflow/example_dags/example_xcomargs.py took 0.125 seconds
[2025-06-20T14:42:23.782+0000] {processor.py:161} INFO - Started process (PID=965) to work on /home/airflow/.local/lib/python3.12/site-packages/airflow/example_dags/example_xcomargs.py
[2025-06-20T14:42:23.783+0000] {processor.py:830} INFO - Processing file /home/airflow/.local/lib/python3.12/site-packages/airflow/example_dags/example_xcomargs.py for tasks to queue
[2025-06-20T14:42:23.785+0000] {logging_mixin.py:188} INFO - [2025-06-20T14:42:23.785+0000] {dagbag.py:540} INFO - Filling up the DagBag from /home/airflow/.local/lib/python3.12/site-packages/airflow/example_dags/example_xcomargs.py
[2025-06-20T14:42:23.793+0000] {processor.py:840} INFO - DAG(s) 'example_xcom_args_with_operators', 'example_xcom_args' retrieved from /home/airflow/.local/lib/python3.12/site-packages/airflow/example_dags/example_xcomargs.py
[2025-06-20T14:42:23.819+0000] {logging_mixin.py:188} INFO - [2025-06-20T14:42:23.819+0000] {dag.py:3096} INFO - Sync 2 DAGs
[2025-06-20T14:42:23.832+0000] {logging_mixin.py:188} INFO - [2025-06-20T14:42:23.832+0000] {dag.py:3954} INFO - Setting next_dagrun for example_xcom_args to None, run_after=None
[2025-06-20T14:42:23.835+0000] {logging_mixin.py:188} INFO - [2025-06-20T14:42:23.835+0000] {dag.py:3954} INFO - Setting next_dagrun for example_xcom_args_with_operators to None, run_after=None
[2025-06-20T14:42:23.849+0000] {processor.py:183} INFO - Processing /home/airflow/.local/lib/python3.12/site-packages/airflow/example_dags/example_xcomargs.py took 0.073 seconds
[2025-06-20T14:42:54.877+0000] {processor.py:161} INFO - Started process (PID=1023) to work on /home/airflow/.local/lib/python3.12/site-packages/airflow/example_dags/example_xcomargs.py
[2025-06-20T14:42:54.877+0000] {processor.py:830} INFO - Processing file /home/airflow/.local/lib/python3.12/site-packages/airflow/example_dags/example_xcomargs.py for tasks to queue
[2025-06-20T14:42:54.879+0000] {logging_mixin.py:188} INFO - [2025-06-20T14:42:54.879+0000] {dagbag.py:540} INFO - Filling up the DagBag from /home/airflow/.local/lib/python3.12/site-packages/airflow/example_dags/example_xcomargs.py
[2025-06-20T14:42:54.888+0000] {processor.py:840} INFO - DAG(s) 'example_xcom_args_with_operators', 'example_xcom_args' retrieved from /home/airflow/.local/lib/python3.12/site-packages/airflow/example_dags/example_xcomargs.py
[2025-06-20T14:42:54.911+0000] {logging_mixin.py:188} INFO - [2025-06-20T14:42:54.911+0000] {dag.py:3096} INFO - Sync 2 DAGs
[2025-06-20T14:42:54.924+0000] {logging_mixin.py:188} INFO - [2025-06-20T14:42:54.924+0000] {dag.py:3954} INFO - Setting next_dagrun for example_xcom_args to None, run_after=None
[2025-06-20T14:42:54.928+0000] {logging_mixin.py:188} INFO - [2025-06-20T14:42:54.928+0000] {dag.py:3954} INFO - Setting next_dagrun for example_xcom_args_with_operators to None, run_after=None
[2025-06-20T14:42:54.942+0000] {processor.py:183} INFO - Processing /home/airflow/.local/lib/python3.12/site-packages/airflow/example_dags/example_xcomargs.py took 0.072 seconds
[2025-06-20T14:43:25.375+0000] {processor.py:161} INFO - Started process (PID=1081) to work on /home/airflow/.local/lib/python3.12/site-packages/airflow/example_dags/example_xcomargs.py
[2025-06-20T14:43:25.376+0000] {processor.py:830} INFO - Processing file /home/airflow/.local/lib/python3.12/site-packages/airflow/example_dags/example_xcomargs.py for tasks to queue
[2025-06-20T14:43:25.378+0000] {logging_mixin.py:188} INFO - [2025-06-20T14:43:25.378+0000] {dagbag.py:540} INFO - Filling up the DagBag from /home/airflow/.local/lib/python3.12/site-packages/airflow/example_dags/example_xcomargs.py
[2025-06-20T14:43:25.386+0000] {processor.py:840} INFO - DAG(s) 'example_xcom_args_with_operators', 'example_xcom_args' retrieved from /home/airflow/.local/lib/python3.12/site-packages/airflow/example_dags/example_xcomargs.py
[2025-06-20T14:43:25.408+0000] {logging_mixin.py:188} INFO - [2025-06-20T14:43:25.408+0000] {dag.py:3096} INFO - Sync 2 DAGs
[2025-06-20T14:43:25.420+0000] {logging_mixin.py:188} INFO - [2025-06-20T14:43:25.420+0000] {dag.py:3954} INFO - Setting next_dagrun for example_xcom_args to None, run_after=None
[2025-06-20T14:43:25.424+0000] {logging_mixin.py:188} INFO - [2025-06-20T14:43:25.424+0000] {dag.py:3954} INFO - Setting next_dagrun for example_xcom_args_with_operators to None, run_after=None
[2025-06-20T14:43:25.439+0000] {processor.py:183} INFO - Processing /home/airflow/.local/lib/python3.12/site-packages/airflow/example_dags/example_xcomargs.py took 0.070 seconds
[2025-06-20T14:43:56.174+0000] {processor.py:161} INFO - Started process (PID=1139) to work on /home/airflow/.local/lib/python3.12/site-packages/airflow/example_dags/example_xcomargs.py
[2025-06-20T14:43:56.175+0000] {processor.py:830} INFO - Processing file /home/airflow/.local/lib/python3.12/site-packages/airflow/example_dags/example_xcomargs.py for tasks to queue
[2025-06-20T14:43:56.177+0000] {logging_mixin.py:188} INFO - [2025-06-20T14:43:56.176+0000] {dagbag.py:540} INFO - Filling up the DagBag from /home/airflow/.local/lib/python3.12/site-packages/airflow/example_dags/example_xcomargs.py
[2025-06-20T14:43:56.185+0000] {processor.py:840} INFO - DAG(s) 'example_xcom_args', 'example_xcom_args_with_operators' retrieved from /home/airflow/.local/lib/python3.12/site-packages/airflow/example_dags/example_xcomargs.py
[2025-06-20T14:43:56.209+0000] {logging_mixin.py:188} INFO - [2025-06-20T14:43:56.208+0000] {dag.py:3096} INFO - Sync 2 DAGs
[2025-06-20T14:43:56.221+0000] {logging_mixin.py:188} INFO - [2025-06-20T14:43:56.221+0000] {dag.py:3954} INFO - Setting next_dagrun for example_xcom_args to None, run_after=None
[2025-06-20T14:43:56.224+0000] {logging_mixin.py:188} INFO - [2025-06-20T14:43:56.224+0000] {dag.py:3954} INFO - Setting next_dagrun for example_xcom_args_with_operators to None, run_after=None
[2025-06-20T14:43:56.239+0000] {processor.py:183} INFO - Processing /home/airflow/.local/lib/python3.12/site-packages/airflow/example_dags/example_xcomargs.py took 0.071 seconds
[2025-06-20T14:44:26.406+0000] {processor.py:161} INFO - Started process (PID=1197) to work on /home/airflow/.local/lib/python3.12/site-packages/airflow/example_dags/example_xcomargs.py
[2025-06-20T14:44:26.407+0000] {processor.py:830} INFO - Processing file /home/airflow/.local/lib/python3.12/site-packages/airflow/example_dags/example_xcomargs.py for tasks to queue
[2025-06-20T14:44:26.408+0000] {logging_mixin.py:188} INFO - [2025-06-20T14:44:26.408+0000] {dagbag.py:540} INFO - Filling up the DagBag from /home/airflow/.local/lib/python3.12/site-packages/airflow/example_dags/example_xcomargs.py
[2025-06-20T14:44:26.417+0000] {processor.py:840} INFO - DAG(s) 'example_xcom_args', 'example_xcom_args_with_operators' retrieved from /home/airflow/.local/lib/python3.12/site-packages/airflow/example_dags/example_xcomargs.py
[2025-06-20T14:44:26.445+0000] {logging_mixin.py:188} INFO - [2025-06-20T14:44:26.444+0000] {dag.py:3096} INFO - Sync 2 DAGs
[2025-06-20T14:44:26.457+0000] {logging_mixin.py:188} INFO - [2025-06-20T14:44:26.457+0000] {dag.py:3954} INFO - Setting next_dagrun for example_xcom_args to None, run_after=None
[2025-06-20T14:44:26.460+0000] {logging_mixin.py:188} INFO - [2025-06-20T14:44:26.460+0000] {dag.py:3954} INFO - Setting next_dagrun for example_xcom_args_with_operators to None, run_after=None
[2025-06-20T14:44:26.475+0000] {processor.py:183} INFO - Processing /home/airflow/.local/lib/python3.12/site-packages/airflow/example_dags/example_xcomargs.py took 0.075 seconds
[2025-06-20T14:44:56.713+0000] {processor.py:161} INFO - Started process (PID=1255) to work on /home/airflow/.local/lib/python3.12/site-packages/airflow/example_dags/example_xcomargs.py
[2025-06-20T14:44:56.714+0000] {processor.py:830} INFO - Processing file /home/airflow/.local/lib/python3.12/site-packages/airflow/example_dags/example_xcomargs.py for tasks to queue
[2025-06-20T14:44:56.716+0000] {logging_mixin.py:188} INFO - [2025-06-20T14:44:56.715+0000] {dagbag.py:540} INFO - Filling up the DagBag from /home/airflow/.local/lib/python3.12/site-packages/airflow/example_dags/example_xcomargs.py
[2025-06-20T14:44:56.724+0000] {processor.py:840} INFO - DAG(s) 'example_xcom_args', 'example_xcom_args_with_operators' retrieved from /home/airflow/.local/lib/python3.12/site-packages/airflow/example_dags/example_xcomargs.py
[2025-06-20T14:44:56.746+0000] {logging_mixin.py:188} INFO - [2025-06-20T14:44:56.745+0000] {dag.py:3096} INFO - Sync 2 DAGs
[2025-06-20T14:44:56.758+0000] {logging_mixin.py:188} INFO - [2025-06-20T14:44:56.757+0000] {dag.py:3954} INFO - Setting next_dagrun for example_xcom_args to None, run_after=None
[2025-06-20T14:44:56.761+0000] {logging_mixin.py:188} INFO - [2025-06-20T14:44:56.761+0000] {dag.py:3954} INFO - Setting next_dagrun for example_xcom_args_with_operators to None, run_after=None
[2025-06-20T14:44:56.774+0000] {processor.py:183} INFO - Processing /home/airflow/.local/lib/python3.12/site-packages/airflow/example_dags/example_xcomargs.py took 0.068 seconds
[2025-06-20T14:45:27.699+0000] {processor.py:161} INFO - Started process (PID=1313) to work on /home/airflow/.local/lib/python3.12/site-packages/airflow/example_dags/example_xcomargs.py
[2025-06-20T14:45:27.700+0000] {processor.py:830} INFO - Processing file /home/airflow/.local/lib/python3.12/site-packages/airflow/example_dags/example_xcomargs.py for tasks to queue
[2025-06-20T14:45:27.702+0000] {logging_mixin.py:188} INFO - [2025-06-20T14:45:27.702+0000] {dagbag.py:540} INFO - Filling up the DagBag from /home/airflow/.local/lib/python3.12/site-packages/airflow/example_dags/example_xcomargs.py
[2025-06-20T14:45:27.711+0000] {processor.py:840} INFO - DAG(s) 'example_xcom_args_with_operators', 'example_xcom_args' retrieved from /home/airflow/.local/lib/python3.12/site-packages/airflow/example_dags/example_xcomargs.py
[2025-06-20T14:45:27.846+0000] {logging_mixin.py:188} INFO - [2025-06-20T14:45:27.846+0000] {dag.py:3096} INFO - Sync 2 DAGs
[2025-06-20T14:45:27.857+0000] {logging_mixin.py:188} INFO - [2025-06-20T14:45:27.856+0000] {dag.py:3954} INFO - Setting next_dagrun for example_xcom_args to None, run_after=None
[2025-06-20T14:45:27.860+0000] {logging_mixin.py:188} INFO - [2025-06-20T14:45:27.859+0000] {dag.py:3954} INFO - Setting next_dagrun for example_xcom_args_with_operators to None, run_after=None
[2025-06-20T14:45:27.872+0000] {processor.py:183} INFO - Processing /home/airflow/.local/lib/python3.12/site-packages/airflow/example_dags/example_xcomargs.py took 0.180 seconds
[2025-06-20T14:45:58.643+0000] {processor.py:161} INFO - Started process (PID=1371) to work on /home/airflow/.local/lib/python3.12/site-packages/airflow/example_dags/example_xcomargs.py
[2025-06-20T14:45:58.644+0000] {processor.py:830} INFO - Processing file /home/airflow/.local/lib/python3.12/site-packages/airflow/example_dags/example_xcomargs.py for tasks to queue
[2025-06-20T14:45:58.646+0000] {logging_mixin.py:188} INFO - [2025-06-20T14:45:58.646+0000] {dagbag.py:540} INFO - Filling up the DagBag from /home/airflow/.local/lib/python3.12/site-packages/airflow/example_dags/example_xcomargs.py
[2025-06-20T14:45:58.654+0000] {processor.py:840} INFO - DAG(s) 'example_xcom_args_with_operators', 'example_xcom_args' retrieved from /home/airflow/.local/lib/python3.12/site-packages/airflow/example_dags/example_xcomargs.py
[2025-06-20T14:45:58.677+0000] {logging_mixin.py:188} INFO - [2025-06-20T14:45:58.677+0000] {dag.py:3096} INFO - Sync 2 DAGs
[2025-06-20T14:45:58.690+0000] {logging_mixin.py:188} INFO - [2025-06-20T14:45:58.690+0000] {dag.py:3954} INFO - Setting next_dagrun for example_xcom_args to None, run_after=None
[2025-06-20T14:45:58.693+0000] {logging_mixin.py:188} INFO - [2025-06-20T14:45:58.693+0000] {dag.py:3954} INFO - Setting next_dagrun for example_xcom_args_with_operators to None, run_after=None
[2025-06-20T14:45:58.707+0000] {processor.py:183} INFO - Processing /home/airflow/.local/lib/python3.12/site-packages/airflow/example_dags/example_xcomargs.py took 0.070 seconds
[2025-06-20T14:46:28.923+0000] {processor.py:161} INFO - Started process (PID=1429) to work on /home/airflow/.local/lib/python3.12/site-packages/airflow/example_dags/example_xcomargs.py
[2025-06-20T14:46:28.924+0000] {processor.py:830} INFO - Processing file /home/airflow/.local/lib/python3.12/site-packages/airflow/example_dags/example_xcomargs.py for tasks to queue
[2025-06-20T14:46:28.926+0000] {logging_mixin.py:188} INFO - [2025-06-20T14:46:28.925+0000] {dagbag.py:540} INFO - Filling up the DagBag from /home/airflow/.local/lib/python3.12/site-packages/airflow/example_dags/example_xcomargs.py
[2025-06-20T14:46:28.934+0000] {processor.py:840} INFO - DAG(s) 'example_xcom_args', 'example_xcom_args_with_operators' retrieved from /home/airflow/.local/lib/python3.12/site-packages/airflow/example_dags/example_xcomargs.py
[2025-06-20T14:46:28.956+0000] {logging_mixin.py:188} INFO - [2025-06-20T14:46:28.956+0000] {dag.py:3096} INFO - Sync 2 DAGs
[2025-06-20T14:46:28.968+0000] {logging_mixin.py:188} INFO - [2025-06-20T14:46:28.968+0000] {dag.py:3954} INFO - Setting next_dagrun for example_xcom_args to None, run_after=None
[2025-06-20T14:46:28.971+0000] {logging_mixin.py:188} INFO - [2025-06-20T14:46:28.971+0000] {dag.py:3954} INFO - Setting next_dagrun for example_xcom_args_with_operators to None, run_after=None
[2025-06-20T14:46:28.985+0000] {processor.py:183} INFO - Processing /home/airflow/.local/lib/python3.12/site-packages/airflow/example_dags/example_xcomargs.py took 0.068 seconds
[2025-06-20T14:46:59.161+0000] {processor.py:161} INFO - Started process (PID=1487) to work on /home/airflow/.local/lib/python3.12/site-packages/airflow/example_dags/example_xcomargs.py
[2025-06-20T14:46:59.162+0000] {processor.py:830} INFO - Processing file /home/airflow/.local/lib/python3.12/site-packages/airflow/example_dags/example_xcomargs.py for tasks to queue
[2025-06-20T14:46:59.164+0000] {logging_mixin.py:188} INFO - [2025-06-20T14:46:59.164+0000] {dagbag.py:540} INFO - Filling up the DagBag from /home/airflow/.local/lib/python3.12/site-packages/airflow/example_dags/example_xcomargs.py
[2025-06-20T14:46:59.172+0000] {processor.py:840} INFO - DAG(s) 'example_xcom_args', 'example_xcom_args_with_operators' retrieved from /home/airflow/.local/lib/python3.12/site-packages/airflow/example_dags/example_xcomargs.py
[2025-06-20T14:46:59.195+0000] {logging_mixin.py:188} INFO - [2025-06-20T14:46:59.195+0000] {dag.py:3096} INFO - Sync 2 DAGs
[2025-06-20T14:46:59.208+0000] {logging_mixin.py:188} INFO - [2025-06-20T14:46:59.208+0000] {dag.py:3954} INFO - Setting next_dagrun for example_xcom_args to None, run_after=None
[2025-06-20T14:46:59.212+0000] {logging_mixin.py:188} INFO - [2025-06-20T14:46:59.212+0000] {dag.py:3954} INFO - Setting next_dagrun for example_xcom_args_with_operators to None, run_after=None
[2025-06-20T14:46:59.227+0000] {processor.py:183} INFO - Processing /home/airflow/.local/lib/python3.12/site-packages/airflow/example_dags/example_xcomargs.py took 0.072 seconds
[2025-06-20T14:47:29.463+0000] {processor.py:161} INFO - Started process (PID=1545) to work on /home/airflow/.local/lib/python3.12/site-packages/airflow/example_dags/example_xcomargs.py
[2025-06-20T14:47:29.464+0000] {processor.py:830} INFO - Processing file /home/airflow/.local/lib/python3.12/site-packages/airflow/example_dags/example_xcomargs.py for tasks to queue
[2025-06-20T14:47:29.466+0000] {logging_mixin.py:188} INFO - [2025-06-20T14:47:29.465+0000] {dagbag.py:540} INFO - Filling up the DagBag from /home/airflow/.local/lib/python3.12/site-packages/airflow/example_dags/example_xcomargs.py
[2025-06-20T14:47:29.473+0000] {processor.py:840} INFO - DAG(s) 'example_xcom_args', 'example_xcom_args_with_operators' retrieved from /home/airflow/.local/lib/python3.12/site-packages/airflow/example_dags/example_xcomargs.py
[2025-06-20T14:47:29.496+0000] {logging_mixin.py:188} INFO - [2025-06-20T14:47:29.496+0000] {dag.py:3096} INFO - Sync 2 DAGs
[2025-06-20T14:47:29.508+0000] {logging_mixin.py:188} INFO - [2025-06-20T14:47:29.508+0000] {dag.py:3954} INFO - Setting next_dagrun for example_xcom_args to None, run_after=None
[2025-06-20T14:47:29.511+0000] {logging_mixin.py:188} INFO - [2025-06-20T14:47:29.511+0000] {dag.py:3954} INFO - Setting next_dagrun for example_xcom_args_with_operators to None, run_after=None
[2025-06-20T14:47:29.524+0000] {processor.py:183} INFO - Processing /home/airflow/.local/lib/python3.12/site-packages/airflow/example_dags/example_xcomargs.py took 0.068 seconds
[2025-06-20T14:47:59.772+0000] {processor.py:161} INFO - Started process (PID=1603) to work on /home/airflow/.local/lib/python3.12/site-packages/airflow/example_dags/example_xcomargs.py
[2025-06-20T14:47:59.773+0000] {processor.py:830} INFO - Processing file /home/airflow/.local/lib/python3.12/site-packages/airflow/example_dags/example_xcomargs.py for tasks to queue
[2025-06-20T14:47:59.775+0000] {logging_mixin.py:188} INFO - [2025-06-20T14:47:59.775+0000] {dagbag.py:540} INFO - Filling up the DagBag from /home/airflow/.local/lib/python3.12/site-packages/airflow/example_dags/example_xcomargs.py
[2025-06-20T14:47:59.783+0000] {processor.py:840} INFO - DAG(s) 'example_xcom_args_with_operators', 'example_xcom_args' retrieved from /home/airflow/.local/lib/python3.12/site-packages/airflow/example_dags/example_xcomargs.py
[2025-06-20T14:47:59.805+0000] {logging_mixin.py:188} INFO - [2025-06-20T14:47:59.805+0000] {dag.py:3096} INFO - Sync 2 DAGs
[2025-06-20T14:47:59.818+0000] {logging_mixin.py:188} INFO - [2025-06-20T14:47:59.818+0000] {dag.py:3954} INFO - Setting next_dagrun for example_xcom_args to None, run_after=None
[2025-06-20T14:47:59.821+0000] {logging_mixin.py:188} INFO - [2025-06-20T14:47:59.821+0000] {dag.py:3954} INFO - Setting next_dagrun for example_xcom_args_with_operators to None, run_after=None
[2025-06-20T14:47:59.835+0000] {processor.py:183} INFO - Processing /home/airflow/.local/lib/python3.12/site-packages/airflow/example_dags/example_xcomargs.py took 0.069 seconds
[2025-06-20T14:48:30.167+0000] {processor.py:161} INFO - Started process (PID=1661) to work on /home/airflow/.local/lib/python3.12/site-packages/airflow/example_dags/example_xcomargs.py
[2025-06-20T14:48:30.168+0000] {processor.py:830} INFO - Processing file /home/airflow/.local/lib/python3.12/site-packages/airflow/example_dags/example_xcomargs.py for tasks to queue
[2025-06-20T14:48:30.170+0000] {logging_mixin.py:188} INFO - [2025-06-20T14:48:30.170+0000] {dagbag.py:540} INFO - Filling up the DagBag from /home/airflow/.local/lib/python3.12/site-packages/airflow/example_dags/example_xcomargs.py
[2025-06-20T14:48:30.179+0000] {processor.py:840} INFO - DAG(s) 'example_xcom_args_with_operators', 'example_xcom_args' retrieved from /home/airflow/.local/lib/python3.12/site-packages/airflow/example_dags/example_xcomargs.py
[2025-06-20T14:48:30.202+0000] {logging_mixin.py:188} INFO - [2025-06-20T14:48:30.202+0000] {dag.py:3096} INFO - Sync 2 DAGs
[2025-06-20T14:48:30.214+0000] {logging_mixin.py:188} INFO - [2025-06-20T14:48:30.214+0000] {dag.py:3954} INFO - Setting next_dagrun for example_xcom_args to None, run_after=None
[2025-06-20T14:48:30.218+0000] {logging_mixin.py:188} INFO - [2025-06-20T14:48:30.217+0000] {dag.py:3954} INFO - Setting next_dagrun for example_xcom_args_with_operators to None, run_after=None
[2025-06-20T14:48:30.231+0000] {processor.py:183} INFO - Processing /home/airflow/.local/lib/python3.12/site-packages/airflow/example_dags/example_xcomargs.py took 0.072 seconds
[2025-06-20T14:49:00.400+0000] {processor.py:161} INFO - Started process (PID=1719) to work on /home/airflow/.local/lib/python3.12/site-packages/airflow/example_dags/example_xcomargs.py
[2025-06-20T14:49:00.401+0000] {processor.py:830} INFO - Processing file /home/airflow/.local/lib/python3.12/site-packages/airflow/example_dags/example_xcomargs.py for tasks to queue
[2025-06-20T14:49:00.403+0000] {logging_mixin.py:188} INFO - [2025-06-20T14:49:00.403+0000] {dagbag.py:540} INFO - Filling up the DagBag from /home/airflow/.local/lib/python3.12/site-packages/airflow/example_dags/example_xcomargs.py
[2025-06-20T14:49:00.411+0000] {processor.py:840} INFO - DAG(s) 'example_xcom_args_with_operators', 'example_xcom_args' retrieved from /home/airflow/.local/lib/python3.12/site-packages/airflow/example_dags/example_xcomargs.py
[2025-06-20T14:49:00.434+0000] {logging_mixin.py:188} INFO - [2025-06-20T14:49:00.433+0000] {dag.py:3096} INFO - Sync 2 DAGs
[2025-06-20T14:49:00.446+0000] {logging_mixin.py:188} INFO - [2025-06-20T14:49:00.445+0000] {dag.py:3954} INFO - Setting next_dagrun for example_xcom_args to None, run_after=None
[2025-06-20T14:49:00.449+0000] {logging_mixin.py:188} INFO - [2025-06-20T14:49:00.449+0000] {dag.py:3954} INFO - Setting next_dagrun for example_xcom_args_with_operators to None, run_after=None
[2025-06-20T14:49:00.463+0000] {processor.py:183} INFO - Processing /home/airflow/.local/lib/python3.12/site-packages/airflow/example_dags/example_xcomargs.py took 0.069 seconds
[2025-06-20T14:49:30.699+0000] {processor.py:161} INFO - Started process (PID=1777) to work on /home/airflow/.local/lib/python3.12/site-packages/airflow/example_dags/example_xcomargs.py
[2025-06-20T14:49:30.700+0000] {processor.py:830} INFO - Processing file /home/airflow/.local/lib/python3.12/site-packages/airflow/example_dags/example_xcomargs.py for tasks to queue
[2025-06-20T14:49:30.702+0000] {logging_mixin.py:188} INFO - [2025-06-20T14:49:30.702+0000] {dagbag.py:540} INFO - Filling up the DagBag from /home/airflow/.local/lib/python3.12/site-packages/airflow/example_dags/example_xcomargs.py
[2025-06-20T14:49:30.711+0000] {processor.py:840} INFO - DAG(s) 'example_xcom_args_with_operators', 'example_xcom_args' retrieved from /home/airflow/.local/lib/python3.12/site-packages/airflow/example_dags/example_xcomargs.py
[2025-06-20T14:49:30.736+0000] {logging_mixin.py:188} INFO - [2025-06-20T14:49:30.736+0000] {dag.py:3096} INFO - Sync 2 DAGs
[2025-06-20T14:49:30.749+0000] {logging_mixin.py:188} INFO - [2025-06-20T14:49:30.749+0000] {dag.py:3954} INFO - Setting next_dagrun for example_xcom_args to None, run_after=None
[2025-06-20T14:49:30.753+0000] {logging_mixin.py:188} INFO - [2025-06-20T14:49:30.753+0000] {dag.py:3954} INFO - Setting next_dagrun for example_xcom_args_with_operators to None, run_after=None
[2025-06-20T14:49:30.767+0000] {processor.py:183} INFO - Processing /home/airflow/.local/lib/python3.12/site-packages/airflow/example_dags/example_xcomargs.py took 0.078 seconds
[2025-06-20T14:50:00.894+0000] {processor.py:161} INFO - Started process (PID=1835) to work on /home/airflow/.local/lib/python3.12/site-packages/airflow/example_dags/example_xcomargs.py
[2025-06-20T14:50:00.895+0000] {processor.py:830} INFO - Processing file /home/airflow/.local/lib/python3.12/site-packages/airflow/example_dags/example_xcomargs.py for tasks to queue
[2025-06-20T14:50:00.897+0000] {logging_mixin.py:188} INFO - [2025-06-20T14:50:00.897+0000] {dagbag.py:540} INFO - Filling up the DagBag from /home/airflow/.local/lib/python3.12/site-packages/airflow/example_dags/example_xcomargs.py
[2025-06-20T14:50:00.906+0000] {processor.py:840} INFO - DAG(s) 'example_xcom_args_with_operators', 'example_xcom_args' retrieved from /home/airflow/.local/lib/python3.12/site-packages/airflow/example_dags/example_xcomargs.py
[2025-06-20T14:50:00.930+0000] {logging_mixin.py:188} INFO - [2025-06-20T14:50:00.930+0000] {dag.py:3096} INFO - Sync 2 DAGs
[2025-06-20T14:50:00.943+0000] {logging_mixin.py:188} INFO - [2025-06-20T14:50:00.943+0000] {dag.py:3954} INFO - Setting next_dagrun for example_xcom_args to None, run_after=None
[2025-06-20T14:50:00.950+0000] {logging_mixin.py:188} INFO - [2025-06-20T14:50:00.950+0000] {dag.py:3954} INFO - Setting next_dagrun for example_xcom_args_with_operators to None, run_after=None
[2025-06-20T14:50:00.969+0000] {processor.py:183} INFO - Processing /home/airflow/.local/lib/python3.12/site-packages/airflow/example_dags/example_xcomargs.py took 0.082 seconds
[2025-06-20T14:50:31.045+0000] {processor.py:161} INFO - Started process (PID=1893) to work on /home/airflow/.local/lib/python3.12/site-packages/airflow/example_dags/example_xcomargs.py
[2025-06-20T14:50:31.046+0000] {processor.py:830} INFO - Processing file /home/airflow/.local/lib/python3.12/site-packages/airflow/example_dags/example_xcomargs.py for tasks to queue
[2025-06-20T14:50:31.048+0000] {logging_mixin.py:188} INFO - [2025-06-20T14:50:31.048+0000] {dagbag.py:540} INFO - Filling up the DagBag from /home/airflow/.local/lib/python3.12/site-packages/airflow/example_dags/example_xcomargs.py
[2025-06-20T14:50:31.056+0000] {processor.py:840} INFO - DAG(s) 'example_xcom_args', 'example_xcom_args_with_operators' retrieved from /home/airflow/.local/lib/python3.12/site-packages/airflow/example_dags/example_xcomargs.py
[2025-06-20T14:50:31.078+0000] {logging_mixin.py:188} INFO - [2025-06-20T14:50:31.078+0000] {dag.py:3096} INFO - Sync 2 DAGs
[2025-06-20T14:50:31.091+0000] {logging_mixin.py:188} INFO - [2025-06-20T14:50:31.091+0000] {dag.py:3954} INFO - Setting next_dagrun for example_xcom_args to None, run_after=None
[2025-06-20T14:50:31.094+0000] {logging_mixin.py:188} INFO - [2025-06-20T14:50:31.094+0000] {dag.py:3954} INFO - Setting next_dagrun for example_xcom_args_with_operators to None, run_after=None
[2025-06-20T14:50:31.108+0000] {processor.py:183} INFO - Processing /home/airflow/.local/lib/python3.12/site-packages/airflow/example_dags/example_xcomargs.py took 0.069 seconds
[2025-06-20T14:51:01.241+0000] {processor.py:161} INFO - Started process (PID=1951) to work on /home/airflow/.local/lib/python3.12/site-packages/airflow/example_dags/example_xcomargs.py
[2025-06-20T14:51:01.242+0000] {processor.py:830} INFO - Processing file /home/airflow/.local/lib/python3.12/site-packages/airflow/example_dags/example_xcomargs.py for tasks to queue
[2025-06-20T14:51:01.244+0000] {logging_mixin.py:188} INFO - [2025-06-20T14:51:01.244+0000] {dagbag.py:540} INFO - Filling up the DagBag from /home/airflow/.local/lib/python3.12/site-packages/airflow/example_dags/example_xcomargs.py
[2025-06-20T14:51:01.255+0000] {processor.py:840} INFO - DAG(s) 'example_xcom_args', 'example_xcom_args_with_operators' retrieved from /home/airflow/.local/lib/python3.12/site-packages/airflow/example_dags/example_xcomargs.py
[2025-06-20T14:51:01.280+0000] {logging_mixin.py:188} INFO - [2025-06-20T14:51:01.280+0000] {dag.py:3096} INFO - Sync 2 DAGs
[2025-06-20T14:51:01.293+0000] {logging_mixin.py:188} INFO - [2025-06-20T14:51:01.293+0000] {dag.py:3954} INFO - Setting next_dagrun for example_xcom_args to None, run_after=None
[2025-06-20T14:51:01.297+0000] {logging_mixin.py:188} INFO - [2025-06-20T14:51:01.296+0000] {dag.py:3954} INFO - Setting next_dagrun for example_xcom_args_with_operators to None, run_after=None
[2025-06-20T14:51:01.312+0000] {processor.py:183} INFO - Processing /home/airflow/.local/lib/python3.12/site-packages/airflow/example_dags/example_xcomargs.py took 0.079 seconds
[2025-06-20T14:51:31.356+0000] {processor.py:161} INFO - Started process (PID=2009) to work on /home/airflow/.local/lib/python3.12/site-packages/airflow/example_dags/example_xcomargs.py
[2025-06-20T14:51:31.357+0000] {processor.py:830} INFO - Processing file /home/airflow/.local/lib/python3.12/site-packages/airflow/example_dags/example_xcomargs.py for tasks to queue
[2025-06-20T14:51:31.359+0000] {logging_mixin.py:188} INFO - [2025-06-20T14:51:31.358+0000] {dagbag.py:540} INFO - Filling up the DagBag from /home/airflow/.local/lib/python3.12/site-packages/airflow/example_dags/example_xcomargs.py
[2025-06-20T14:51:31.367+0000] {processor.py:840} INFO - DAG(s) 'example_xcom_args_with_operators', 'example_xcom_args' retrieved from /home/airflow/.local/lib/python3.12/site-packages/airflow/example_dags/example_xcomargs.py
[2025-06-20T14:51:31.390+0000] {logging_mixin.py:188} INFO - [2025-06-20T14:51:31.390+0000] {dag.py:3096} INFO - Sync 2 DAGs
[2025-06-20T14:51:31.405+0000] {logging_mixin.py:188} INFO - [2025-06-20T14:51:31.404+0000] {dag.py:3954} INFO - Setting next_dagrun for example_xcom_args to None, run_after=None
[2025-06-20T14:51:31.408+0000] {logging_mixin.py:188} INFO - [2025-06-20T14:51:31.408+0000] {dag.py:3954} INFO - Setting next_dagrun for example_xcom_args_with_operators to None, run_after=None
[2025-06-20T14:51:31.422+0000] {processor.py:183} INFO - Processing /home/airflow/.local/lib/python3.12/site-packages/airflow/example_dags/example_xcomargs.py took 0.073 seconds
[2025-06-20T14:52:01.649+0000] {processor.py:161} INFO - Started process (PID=2067) to work on /home/airflow/.local/lib/python3.12/site-packages/airflow/example_dags/example_xcomargs.py
[2025-06-20T14:52:01.650+0000] {processor.py:830} INFO - Processing file /home/airflow/.local/lib/python3.12/site-packages/airflow/example_dags/example_xcomargs.py for tasks to queue
[2025-06-20T14:52:01.652+0000] {logging_mixin.py:188} INFO - [2025-06-20T14:52:01.652+0000] {dagbag.py:540} INFO - Filling up the DagBag from /home/airflow/.local/lib/python3.12/site-packages/airflow/example_dags/example_xcomargs.py
[2025-06-20T14:52:01.660+0000] {processor.py:840} INFO - DAG(s) 'example_xcom_args', 'example_xcom_args_with_operators' retrieved from /home/airflow/.local/lib/python3.12/site-packages/airflow/example_dags/example_xcomargs.py
[2025-06-20T14:52:01.684+0000] {logging_mixin.py:188} INFO - [2025-06-20T14:52:01.684+0000] {dag.py:3096} INFO - Sync 2 DAGs
[2025-06-20T14:52:01.697+0000] {logging_mixin.py:188} INFO - [2025-06-20T14:52:01.697+0000] {dag.py:3954} INFO - Setting next_dagrun for example_xcom_args to None, run_after=None
[2025-06-20T14:52:01.700+0000] {logging_mixin.py:188} INFO - [2025-06-20T14:52:01.700+0000] {dag.py:3954} INFO - Setting next_dagrun for example_xcom_args_with_operators to None, run_after=None
[2025-06-20T14:52:01.716+0000] {processor.py:183} INFO - Processing /home/airflow/.local/lib/python3.12/site-packages/airflow/example_dags/example_xcomargs.py took 0.074 seconds
[2025-06-20T14:52:32.597+0000] {processor.py:161} INFO - Started process (PID=2125) to work on /home/airflow/.local/lib/python3.12/site-packages/airflow/example_dags/example_xcomargs.py
[2025-06-20T14:52:32.598+0000] {processor.py:830} INFO - Processing file /home/airflow/.local/lib/python3.12/site-packages/airflow/example_dags/example_xcomargs.py for tasks to queue
[2025-06-20T14:52:32.600+0000] {logging_mixin.py:188} INFO - [2025-06-20T14:52:32.600+0000] {dagbag.py:540} INFO - Filling up the DagBag from /home/airflow/.local/lib/python3.12/site-packages/airflow/example_dags/example_xcomargs.py
[2025-06-20T14:52:32.608+0000] {processor.py:840} INFO - DAG(s) 'example_xcom_args_with_operators', 'example_xcom_args' retrieved from /home/airflow/.local/lib/python3.12/site-packages/airflow/example_dags/example_xcomargs.py
[2025-06-20T14:52:32.630+0000] {logging_mixin.py:188} INFO - [2025-06-20T14:52:32.630+0000] {dag.py:3096} INFO - Sync 2 DAGs
[2025-06-20T14:52:32.642+0000] {logging_mixin.py:188} INFO - [2025-06-20T14:52:32.642+0000] {dag.py:3954} INFO - Setting next_dagrun for example_xcom_args to None, run_after=None
[2025-06-20T14:52:32.645+0000] {logging_mixin.py:188} INFO - [2025-06-20T14:52:32.645+0000] {dag.py:3954} INFO - Setting next_dagrun for example_xcom_args_with_operators to None, run_after=None
[2025-06-20T14:52:32.659+0000] {processor.py:183} INFO - Processing /home/airflow/.local/lib/python3.12/site-packages/airflow/example_dags/example_xcomargs.py took 0.067 seconds
[2025-06-20T14:53:02.788+0000] {processor.py:161} INFO - Started process (PID=2183) to work on /home/airflow/.local/lib/python3.12/site-packages/airflow/example_dags/example_xcomargs.py
[2025-06-20T14:53:02.789+0000] {processor.py:830} INFO - Processing file /home/airflow/.local/lib/python3.12/site-packages/airflow/example_dags/example_xcomargs.py for tasks to queue
[2025-06-20T14:53:02.791+0000] {logging_mixin.py:188} INFO - [2025-06-20T14:53:02.791+0000] {dagbag.py:540} INFO - Filling up the DagBag from /home/airflow/.local/lib/python3.12/site-packages/airflow/example_dags/example_xcomargs.py
[2025-06-20T14:53:02.799+0000] {processor.py:840} INFO - DAG(s) 'example_xcom_args', 'example_xcom_args_with_operators' retrieved from /home/airflow/.local/lib/python3.12/site-packages/airflow/example_dags/example_xcomargs.py
[2025-06-20T14:53:02.821+0000] {logging_mixin.py:188} INFO - [2025-06-20T14:53:02.821+0000] {dag.py:3096} INFO - Sync 2 DAGs
[2025-06-20T14:53:02.834+0000] {logging_mixin.py:188} INFO - [2025-06-20T14:53:02.833+0000] {dag.py:3954} INFO - Setting next_dagrun for example_xcom_args to None, run_after=None
[2025-06-20T14:53:02.837+0000] {logging_mixin.py:188} INFO - [2025-06-20T14:53:02.837+0000] {dag.py:3954} INFO - Setting next_dagrun for example_xcom_args_with_operators to None, run_after=None
[2025-06-20T14:53:02.850+0000] {processor.py:183} INFO - Processing /home/airflow/.local/lib/python3.12/site-packages/airflow/example_dags/example_xcomargs.py took 0.068 seconds
[2025-06-20T14:53:33.109+0000] {processor.py:161} INFO - Started process (PID=2241) to work on /home/airflow/.local/lib/python3.12/site-packages/airflow/example_dags/example_xcomargs.py
[2025-06-20T14:53:33.110+0000] {processor.py:830} INFO - Processing file /home/airflow/.local/lib/python3.12/site-packages/airflow/example_dags/example_xcomargs.py for tasks to queue
[2025-06-20T14:53:33.112+0000] {logging_mixin.py:188} INFO - [2025-06-20T14:53:33.112+0000] {dagbag.py:540} INFO - Filling up the DagBag from /home/airflow/.local/lib/python3.12/site-packages/airflow/example_dags/example_xcomargs.py
[2025-06-20T14:53:33.120+0000] {processor.py:840} INFO - DAG(s) 'example_xcom_args', 'example_xcom_args_with_operators' retrieved from /home/airflow/.local/lib/python3.12/site-packages/airflow/example_dags/example_xcomargs.py
[2025-06-20T14:53:33.143+0000] {logging_mixin.py:188} INFO - [2025-06-20T14:53:33.142+0000] {dag.py:3096} INFO - Sync 2 DAGs
[2025-06-20T14:53:33.155+0000] {logging_mixin.py:188} INFO - [2025-06-20T14:53:33.155+0000] {dag.py:3954} INFO - Setting next_dagrun for example_xcom_args to None, run_after=None
[2025-06-20T14:53:33.158+0000] {logging_mixin.py:188} INFO - [2025-06-20T14:53:33.158+0000] {dag.py:3954} INFO - Setting next_dagrun for example_xcom_args_with_operators to None, run_after=None
[2025-06-20T14:53:33.172+0000] {processor.py:183} INFO - Processing /home/airflow/.local/lib/python3.12/site-packages/airflow/example_dags/example_xcomargs.py took 0.069 seconds
[2025-06-20T14:54:04.156+0000] {processor.py:161} INFO - Started process (PID=2299) to work on /home/airflow/.local/lib/python3.12/site-packages/airflow/example_dags/example_xcomargs.py
[2025-06-20T14:54:04.157+0000] {processor.py:830} INFO - Processing file /home/airflow/.local/lib/python3.12/site-packages/airflow/example_dags/example_xcomargs.py for tasks to queue
[2025-06-20T14:54:04.159+0000] {logging_mixin.py:188} INFO - [2025-06-20T14:54:04.159+0000] {dagbag.py:540} INFO - Filling up the DagBag from /home/airflow/.local/lib/python3.12/site-packages/airflow/example_dags/example_xcomargs.py
[2025-06-20T14:54:04.167+0000] {processor.py:840} INFO - DAG(s) 'example_xcom_args_with_operators', 'example_xcom_args' retrieved from /home/airflow/.local/lib/python3.12/site-packages/airflow/example_dags/example_xcomargs.py
[2025-06-20T14:54:04.189+0000] {logging_mixin.py:188} INFO - [2025-06-20T14:54:04.189+0000] {dag.py:3096} INFO - Sync 2 DAGs
[2025-06-20T14:54:04.201+0000] {logging_mixin.py:188} INFO - [2025-06-20T14:54:04.201+0000] {dag.py:3954} INFO - Setting next_dagrun for example_xcom_args to None, run_after=None
[2025-06-20T14:54:04.204+0000] {logging_mixin.py:188} INFO - [2025-06-20T14:54:04.204+0000] {dag.py:3954} INFO - Setting next_dagrun for example_xcom_args_with_operators to None, run_after=None
[2025-06-20T14:54:04.218+0000] {processor.py:183} INFO - Processing /home/airflow/.local/lib/python3.12/site-packages/airflow/example_dags/example_xcomargs.py took 0.067 seconds
[2025-06-20T14:54:35.112+0000] {processor.py:161} INFO - Started process (PID=2357) to work on /home/airflow/.local/lib/python3.12/site-packages/airflow/example_dags/example_xcomargs.py
[2025-06-20T14:54:35.113+0000] {processor.py:830} INFO - Processing file /home/airflow/.local/lib/python3.12/site-packages/airflow/example_dags/example_xcomargs.py for tasks to queue
[2025-06-20T14:54:35.115+0000] {logging_mixin.py:188} INFO - [2025-06-20T14:54:35.115+0000] {dagbag.py:540} INFO - Filling up the DagBag from /home/airflow/.local/lib/python3.12/site-packages/airflow/example_dags/example_xcomargs.py
[2025-06-20T14:54:35.124+0000] {processor.py:840} INFO - DAG(s) 'example_xcom_args_with_operators', 'example_xcom_args' retrieved from /home/airflow/.local/lib/python3.12/site-packages/airflow/example_dags/example_xcomargs.py
[2025-06-20T14:54:35.148+0000] {logging_mixin.py:188} INFO - [2025-06-20T14:54:35.148+0000] {dag.py:3096} INFO - Sync 2 DAGs
[2025-06-20T14:54:35.167+0000] {logging_mixin.py:188} INFO - [2025-06-20T14:54:35.166+0000] {dag.py:3954} INFO - Setting next_dagrun for example_xcom_args to None, run_after=None
[2025-06-20T14:54:35.170+0000] {logging_mixin.py:188} INFO - [2025-06-20T14:54:35.170+0000] {dag.py:3954} INFO - Setting next_dagrun for example_xcom_args_with_operators to None, run_after=None
[2025-06-20T14:54:35.184+0000] {processor.py:183} INFO - Processing /home/airflow/.local/lib/python3.12/site-packages/airflow/example_dags/example_xcomargs.py took 0.079 seconds
[2025-06-20T14:55:05.288+0000] {processor.py:161} INFO - Started process (PID=2416) to work on /home/airflow/.local/lib/python3.12/site-packages/airflow/example_dags/example_xcomargs.py
[2025-06-20T14:55:05.289+0000] {processor.py:830} INFO - Processing file /home/airflow/.local/lib/python3.12/site-packages/airflow/example_dags/example_xcomargs.py for tasks to queue
[2025-06-20T14:55:05.291+0000] {logging_mixin.py:188} INFO - [2025-06-20T14:55:05.291+0000] {dagbag.py:540} INFO - Filling up the DagBag from /home/airflow/.local/lib/python3.12/site-packages/airflow/example_dags/example_xcomargs.py
[2025-06-20T14:55:05.299+0000] {processor.py:840} INFO - DAG(s) 'example_xcom_args', 'example_xcom_args_with_operators' retrieved from /home/airflow/.local/lib/python3.12/site-packages/airflow/example_dags/example_xcomargs.py
[2025-06-20T14:55:05.323+0000] {logging_mixin.py:188} INFO - [2025-06-20T14:55:05.323+0000] {dag.py:3096} INFO - Sync 2 DAGs
[2025-06-20T14:55:05.335+0000] {logging_mixin.py:188} INFO - [2025-06-20T14:55:05.335+0000] {dag.py:3954} INFO - Setting next_dagrun for example_xcom_args to None, run_after=None
[2025-06-20T14:55:05.338+0000] {logging_mixin.py:188} INFO - [2025-06-20T14:55:05.338+0000] {dag.py:3954} INFO - Setting next_dagrun for example_xcom_args_with_operators to None, run_after=None
[2025-06-20T14:55:05.352+0000] {processor.py:183} INFO - Processing /home/airflow/.local/lib/python3.12/site-packages/airflow/example_dags/example_xcomargs.py took 0.073 seconds
[2025-06-20T14:55:35.467+0000] {processor.py:161} INFO - Started process (PID=2475) to work on /home/airflow/.local/lib/python3.12/site-packages/airflow/example_dags/example_xcomargs.py
[2025-06-20T14:55:35.468+0000] {processor.py:830} INFO - Processing file /home/airflow/.local/lib/python3.12/site-packages/airflow/example_dags/example_xcomargs.py for tasks to queue
[2025-06-20T14:55:35.470+0000] {logging_mixin.py:188} INFO - [2025-06-20T14:55:35.470+0000] {dagbag.py:540} INFO - Filling up the DagBag from /home/airflow/.local/lib/python3.12/site-packages/airflow/example_dags/example_xcomargs.py
[2025-06-20T14:55:35.478+0000] {processor.py:840} INFO - DAG(s) 'example_xcom_args', 'example_xcom_args_with_operators' retrieved from /home/airflow/.local/lib/python3.12/site-packages/airflow/example_dags/example_xcomargs.py
[2025-06-20T14:55:35.506+0000] {logging_mixin.py:188} INFO - [2025-06-20T14:55:35.505+0000] {dag.py:3096} INFO - Sync 2 DAGs
[2025-06-20T14:55:35.520+0000] {logging_mixin.py:188} INFO - [2025-06-20T14:55:35.520+0000] {dag.py:3954} INFO - Setting next_dagrun for example_xcom_args to None, run_after=None
[2025-06-20T14:55:35.523+0000] {logging_mixin.py:188} INFO - [2025-06-20T14:55:35.523+0000] {dag.py:3954} INFO - Setting next_dagrun for example_xcom_args_with_operators to None, run_after=None
[2025-06-20T14:55:35.537+0000] {processor.py:183} INFO - Processing /home/airflow/.local/lib/python3.12/site-packages/airflow/example_dags/example_xcomargs.py took 0.077 seconds
[2025-06-20T14:56:05.931+0000] {processor.py:161} INFO - Started process (PID=2534) to work on /home/airflow/.local/lib/python3.12/site-packages/airflow/example_dags/example_xcomargs.py
[2025-06-20T14:56:05.932+0000] {processor.py:830} INFO - Processing file /home/airflow/.local/lib/python3.12/site-packages/airflow/example_dags/example_xcomargs.py for tasks to queue
[2025-06-20T14:56:05.934+0000] {logging_mixin.py:188} INFO - [2025-06-20T14:56:05.934+0000] {dagbag.py:540} INFO - Filling up the DagBag from /home/airflow/.local/lib/python3.12/site-packages/airflow/example_dags/example_xcomargs.py
[2025-06-20T14:56:05.942+0000] {processor.py:840} INFO - DAG(s) 'example_xcom_args_with_operators', 'example_xcom_args' retrieved from /home/airflow/.local/lib/python3.12/site-packages/airflow/example_dags/example_xcomargs.py
[2025-06-20T14:56:05.964+0000] {logging_mixin.py:188} INFO - [2025-06-20T14:56:05.963+0000] {dag.py:3096} INFO - Sync 2 DAGs
[2025-06-20T14:56:05.976+0000] {logging_mixin.py:188} INFO - [2025-06-20T14:56:05.975+0000] {dag.py:3954} INFO - Setting next_dagrun for example_xcom_args to None, run_after=None
[2025-06-20T14:56:05.979+0000] {logging_mixin.py:188} INFO - [2025-06-20T14:56:05.979+0000] {dag.py:3954} INFO - Setting next_dagrun for example_xcom_args_with_operators to None, run_after=None
[2025-06-20T14:56:05.993+0000] {processor.py:183} INFO - Processing /home/airflow/.local/lib/python3.12/site-packages/airflow/example_dags/example_xcomargs.py took 0.067 seconds
[2025-06-20T14:56:36.144+0000] {processor.py:161} INFO - Started process (PID=2593) to work on /home/airflow/.local/lib/python3.12/site-packages/airflow/example_dags/example_xcomargs.py
[2025-06-20T14:56:36.145+0000] {processor.py:830} INFO - Processing file /home/airflow/.local/lib/python3.12/site-packages/airflow/example_dags/example_xcomargs.py for tasks to queue
[2025-06-20T14:56:36.147+0000] {logging_mixin.py:188} INFO - [2025-06-20T14:56:36.147+0000] {dagbag.py:540} INFO - Filling up the DagBag from /home/airflow/.local/lib/python3.12/site-packages/airflow/example_dags/example_xcomargs.py
[2025-06-20T14:56:36.155+0000] {processor.py:840} INFO - DAG(s) 'example_xcom_args_with_operators', 'example_xcom_args' retrieved from /home/airflow/.local/lib/python3.12/site-packages/airflow/example_dags/example_xcomargs.py
[2025-06-20T14:56:36.177+0000] {logging_mixin.py:188} INFO - [2025-06-20T14:56:36.177+0000] {dag.py:3096} INFO - Sync 2 DAGs
[2025-06-20T14:56:36.189+0000] {logging_mixin.py:188} INFO - [2025-06-20T14:56:36.189+0000] {dag.py:3954} INFO - Setting next_dagrun for example_xcom_args to None, run_after=None
[2025-06-20T14:56:36.193+0000] {logging_mixin.py:188} INFO - [2025-06-20T14:56:36.193+0000] {dag.py:3954} INFO - Setting next_dagrun for example_xcom_args_with_operators to None, run_after=None
[2025-06-20T14:56:36.207+0000] {processor.py:183} INFO - Processing /home/airflow/.local/lib/python3.12/site-packages/airflow/example_dags/example_xcomargs.py took 0.069 seconds
[2025-06-20T14:57:06.453+0000] {processor.py:161} INFO - Started process (PID=2652) to work on /home/airflow/.local/lib/python3.12/site-packages/airflow/example_dags/example_xcomargs.py
[2025-06-20T14:57:06.454+0000] {processor.py:830} INFO - Processing file /home/airflow/.local/lib/python3.12/site-packages/airflow/example_dags/example_xcomargs.py for tasks to queue
[2025-06-20T14:57:06.456+0000] {logging_mixin.py:188} INFO - [2025-06-20T14:57:06.456+0000] {dagbag.py:540} INFO - Filling up the DagBag from /home/airflow/.local/lib/python3.12/site-packages/airflow/example_dags/example_xcomargs.py
[2025-06-20T14:57:06.464+0000] {processor.py:840} INFO - DAG(s) 'example_xcom_args', 'example_xcom_args_with_operators' retrieved from /home/airflow/.local/lib/python3.12/site-packages/airflow/example_dags/example_xcomargs.py
[2025-06-20T14:57:06.486+0000] {logging_mixin.py:188} INFO - [2025-06-20T14:57:06.486+0000] {dag.py:3096} INFO - Sync 2 DAGs
[2025-06-20T14:57:06.498+0000] {logging_mixin.py:188} INFO - [2025-06-20T14:57:06.498+0000] {dag.py:3954} INFO - Setting next_dagrun for example_xcom_args to None, run_after=None
[2025-06-20T14:57:06.501+0000] {logging_mixin.py:188} INFO - [2025-06-20T14:57:06.501+0000] {dag.py:3954} INFO - Setting next_dagrun for example_xcom_args_with_operators to None, run_after=None
[2025-06-20T14:57:06.515+0000] {processor.py:183} INFO - Processing /home/airflow/.local/lib/python3.12/site-packages/airflow/example_dags/example_xcomargs.py took 0.068 seconds
[2025-06-20T14:57:36.666+0000] {processor.py:161} INFO - Started process (PID=2711) to work on /home/airflow/.local/lib/python3.12/site-packages/airflow/example_dags/example_xcomargs.py
[2025-06-20T14:57:36.667+0000] {processor.py:830} INFO - Processing file /home/airflow/.local/lib/python3.12/site-packages/airflow/example_dags/example_xcomargs.py for tasks to queue
[2025-06-20T14:57:36.669+0000] {logging_mixin.py:188} INFO - [2025-06-20T14:57:36.669+0000] {dagbag.py:540} INFO - Filling up the DagBag from /home/airflow/.local/lib/python3.12/site-packages/airflow/example_dags/example_xcomargs.py
[2025-06-20T14:57:36.678+0000] {processor.py:840} INFO - DAG(s) 'example_xcom_args_with_operators', 'example_xcom_args' retrieved from /home/airflow/.local/lib/python3.12/site-packages/airflow/example_dags/example_xcomargs.py
[2025-06-20T14:57:36.703+0000] {logging_mixin.py:188} INFO - [2025-06-20T14:57:36.703+0000] {dag.py:3096} INFO - Sync 2 DAGs
[2025-06-20T14:57:36.715+0000] {logging_mixin.py:188} INFO - [2025-06-20T14:57:36.715+0000] {dag.py:3954} INFO - Setting next_dagrun for example_xcom_args to None, run_after=None
[2025-06-20T14:57:36.719+0000] {logging_mixin.py:188} INFO - [2025-06-20T14:57:36.719+0000] {dag.py:3954} INFO - Setting next_dagrun for example_xcom_args_with_operators to None, run_after=None
[2025-06-20T14:57:36.734+0000] {processor.py:183} INFO - Processing /home/airflow/.local/lib/python3.12/site-packages/airflow/example_dags/example_xcomargs.py took 0.074 seconds
[2025-06-20T14:58:06.797+0000] {processor.py:161} INFO - Started process (PID=2770) to work on /home/airflow/.local/lib/python3.12/site-packages/airflow/example_dags/example_xcomargs.py
[2025-06-20T14:58:06.798+0000] {processor.py:830} INFO - Processing file /home/airflow/.local/lib/python3.12/site-packages/airflow/example_dags/example_xcomargs.py for tasks to queue
[2025-06-20T14:58:06.800+0000] {logging_mixin.py:188} INFO - [2025-06-20T14:58:06.800+0000] {dagbag.py:540} INFO - Filling up the DagBag from /home/airflow/.local/lib/python3.12/site-packages/airflow/example_dags/example_xcomargs.py
[2025-06-20T14:58:06.809+0000] {processor.py:840} INFO - DAG(s) 'example_xcom_args', 'example_xcom_args_with_operators' retrieved from /home/airflow/.local/lib/python3.12/site-packages/airflow/example_dags/example_xcomargs.py
[2025-06-20T14:58:06.831+0000] {logging_mixin.py:188} INFO - [2025-06-20T14:58:06.831+0000] {dag.py:3096} INFO - Sync 2 DAGs
[2025-06-20T14:58:06.844+0000] {logging_mixin.py:188} INFO - [2025-06-20T14:58:06.843+0000] {dag.py:3954} INFO - Setting next_dagrun for example_xcom_args to None, run_after=None
[2025-06-20T14:58:06.847+0000] {logging_mixin.py:188} INFO - [2025-06-20T14:58:06.847+0000] {dag.py:3954} INFO - Setting next_dagrun for example_xcom_args_with_operators to None, run_after=None
[2025-06-20T14:58:06.862+0000] {processor.py:183} INFO - Processing /home/airflow/.local/lib/python3.12/site-packages/airflow/example_dags/example_xcomargs.py took 0.071 seconds
[2025-06-20T14:58:36.927+0000] {processor.py:161} INFO - Started process (PID=2829) to work on /home/airflow/.local/lib/python3.12/site-packages/airflow/example_dags/example_xcomargs.py
[2025-06-20T14:58:36.928+0000] {processor.py:830} INFO - Processing file /home/airflow/.local/lib/python3.12/site-packages/airflow/example_dags/example_xcomargs.py for tasks to queue
[2025-06-20T14:58:36.930+0000] {logging_mixin.py:188} INFO - [2025-06-20T14:58:36.930+0000] {dagbag.py:540} INFO - Filling up the DagBag from /home/airflow/.local/lib/python3.12/site-packages/airflow/example_dags/example_xcomargs.py
[2025-06-20T14:58:36.939+0000] {processor.py:840} INFO - DAG(s) 'example_xcom_args_with_operators', 'example_xcom_args' retrieved from /home/airflow/.local/lib/python3.12/site-packages/airflow/example_dags/example_xcomargs.py
[2025-06-20T14:58:36.962+0000] {logging_mixin.py:188} INFO - [2025-06-20T14:58:36.962+0000] {dag.py:3096} INFO - Sync 2 DAGs
[2025-06-20T14:58:36.976+0000] {logging_mixin.py:188} INFO - [2025-06-20T14:58:36.976+0000] {dag.py:3954} INFO - Setting next_dagrun for example_xcom_args to None, run_after=None
[2025-06-20T14:58:36.979+0000] {logging_mixin.py:188} INFO - [2025-06-20T14:58:36.979+0000] {dag.py:3954} INFO - Setting next_dagrun for example_xcom_args_with_operators to None, run_after=None
[2025-06-20T14:58:36.993+0000] {processor.py:183} INFO - Processing /home/airflow/.local/lib/python3.12/site-packages/airflow/example_dags/example_xcomargs.py took 0.073 seconds
[2025-06-20T14:59:07.315+0000] {processor.py:161} INFO - Started process (PID=2888) to work on /home/airflow/.local/lib/python3.12/site-packages/airflow/example_dags/example_xcomargs.py
[2025-06-20T14:59:07.316+0000] {processor.py:830} INFO - Processing file /home/airflow/.local/lib/python3.12/site-packages/airflow/example_dags/example_xcomargs.py for tasks to queue
[2025-06-20T14:59:07.318+0000] {logging_mixin.py:188} INFO - [2025-06-20T14:59:07.318+0000] {dagbag.py:540} INFO - Filling up the DagBag from /home/airflow/.local/lib/python3.12/site-packages/airflow/example_dags/example_xcomargs.py
[2025-06-20T14:59:07.326+0000] {processor.py:840} INFO - DAG(s) 'example_xcom_args_with_operators', 'example_xcom_args' retrieved from /home/airflow/.local/lib/python3.12/site-packages/airflow/example_dags/example_xcomargs.py
[2025-06-20T14:59:07.347+0000] {logging_mixin.py:188} INFO - [2025-06-20T14:59:07.347+0000] {dag.py:3096} INFO - Sync 2 DAGs
[2025-06-20T14:59:07.360+0000] {logging_mixin.py:188} INFO - [2025-06-20T14:59:07.360+0000] {dag.py:3954} INFO - Setting next_dagrun for example_xcom_args to None, run_after=None
[2025-06-20T14:59:07.364+0000] {logging_mixin.py:188} INFO - [2025-06-20T14:59:07.363+0000] {dag.py:3954} INFO - Setting next_dagrun for example_xcom_args_with_operators to None, run_after=None
[2025-06-20T14:59:07.377+0000] {processor.py:183} INFO - Processing /home/airflow/.local/lib/python3.12/site-packages/airflow/example_dags/example_xcomargs.py took 0.068 seconds
[2025-06-20T14:59:38.195+0000] {processor.py:161} INFO - Started process (PID=2945) to work on /home/airflow/.local/lib/python3.12/site-packages/airflow/example_dags/example_xcomargs.py
[2025-06-20T14:59:38.196+0000] {processor.py:830} INFO - Processing file /home/airflow/.local/lib/python3.12/site-packages/airflow/example_dags/example_xcomargs.py for tasks to queue
[2025-06-20T14:59:38.198+0000] {logging_mixin.py:188} INFO - [2025-06-20T14:59:38.198+0000] {dagbag.py:540} INFO - Filling up the DagBag from /home/airflow/.local/lib/python3.12/site-packages/airflow/example_dags/example_xcomargs.py
[2025-06-20T14:59:38.207+0000] {processor.py:840} INFO - DAG(s) 'example_xcom_args_with_operators', 'example_xcom_args' retrieved from /home/airflow/.local/lib/python3.12/site-packages/airflow/example_dags/example_xcomargs.py
[2025-06-20T14:59:38.232+0000] {logging_mixin.py:188} INFO - [2025-06-20T14:59:38.232+0000] {dag.py:3096} INFO - Sync 2 DAGs
[2025-06-20T14:59:38.252+0000] {logging_mixin.py:188} INFO - [2025-06-20T14:59:38.252+0000] {dag.py:3954} INFO - Setting next_dagrun for example_xcom_args to None, run_after=None
[2025-06-20T14:59:38.256+0000] {logging_mixin.py:188} INFO - [2025-06-20T14:59:38.256+0000] {dag.py:3954} INFO - Setting next_dagrun for example_xcom_args_with_operators to None, run_after=None
[2025-06-20T14:59:38.275+0000] {processor.py:183} INFO - Processing /home/airflow/.local/lib/python3.12/site-packages/airflow/example_dags/example_xcomargs.py took 0.086 seconds
[2025-06-20T15:00:08.670+0000] {processor.py:161} INFO - Started process (PID=3004) to work on /home/airflow/.local/lib/python3.12/site-packages/airflow/example_dags/example_xcomargs.py
[2025-06-20T15:00:08.671+0000] {processor.py:830} INFO - Processing file /home/airflow/.local/lib/python3.12/site-packages/airflow/example_dags/example_xcomargs.py for tasks to queue
[2025-06-20T15:00:08.672+0000] {logging_mixin.py:188} INFO - [2025-06-20T15:00:08.672+0000] {dagbag.py:540} INFO - Filling up the DagBag from /home/airflow/.local/lib/python3.12/site-packages/airflow/example_dags/example_xcomargs.py
[2025-06-20T15:00:08.681+0000] {processor.py:840} INFO - DAG(s) 'example_xcom_args', 'example_xcom_args_with_operators' retrieved from /home/airflow/.local/lib/python3.12/site-packages/airflow/example_dags/example_xcomargs.py
[2025-06-20T15:00:08.704+0000] {logging_mixin.py:188} INFO - [2025-06-20T15:00:08.704+0000] {dag.py:3096} INFO - Sync 2 DAGs
[2025-06-20T15:00:08.716+0000] {logging_mixin.py:188} INFO - [2025-06-20T15:00:08.716+0000] {dag.py:3954} INFO - Setting next_dagrun for example_xcom_args to None, run_after=None
[2025-06-20T15:00:08.720+0000] {logging_mixin.py:188} INFO - [2025-06-20T15:00:08.720+0000] {dag.py:3954} INFO - Setting next_dagrun for example_xcom_args_with_operators to None, run_after=None
[2025-06-20T15:00:08.734+0000] {processor.py:183} INFO - Processing /home/airflow/.local/lib/python3.12/site-packages/airflow/example_dags/example_xcomargs.py took 0.070 seconds
[2025-06-20T15:00:39.156+0000] {processor.py:161} INFO - Started process (PID=3063) to work on /home/airflow/.local/lib/python3.12/site-packages/airflow/example_dags/example_xcomargs.py
[2025-06-20T15:00:39.157+0000] {processor.py:830} INFO - Processing file /home/airflow/.local/lib/python3.12/site-packages/airflow/example_dags/example_xcomargs.py for tasks to queue
[2025-06-20T15:00:39.159+0000] {logging_mixin.py:188} INFO - [2025-06-20T15:00:39.159+0000] {dagbag.py:540} INFO - Filling up the DagBag from /home/airflow/.local/lib/python3.12/site-packages/airflow/example_dags/example_xcomargs.py
[2025-06-20T15:00:39.168+0000] {processor.py:840} INFO - DAG(s) 'example_xcom_args', 'example_xcom_args_with_operators' retrieved from /home/airflow/.local/lib/python3.12/site-packages/airflow/example_dags/example_xcomargs.py
[2025-06-20T15:00:39.191+0000] {logging_mixin.py:188} INFO - [2025-06-20T15:00:39.191+0000] {dag.py:3096} INFO - Sync 2 DAGs
[2025-06-20T15:00:39.203+0000] {logging_mixin.py:188} INFO - [2025-06-20T15:00:39.203+0000] {dag.py:3954} INFO - Setting next_dagrun for example_xcom_args to None, run_after=None
[2025-06-20T15:00:39.207+0000] {logging_mixin.py:188} INFO - [2025-06-20T15:00:39.207+0000] {dag.py:3954} INFO - Setting next_dagrun for example_xcom_args_with_operators to None, run_after=None
[2025-06-20T15:00:39.221+0000] {processor.py:183} INFO - Processing /home/airflow/.local/lib/python3.12/site-packages/airflow/example_dags/example_xcomargs.py took 0.071 seconds
[2025-06-20T15:01:09.354+0000] {processor.py:161} INFO - Started process (PID=3122) to work on /home/airflow/.local/lib/python3.12/site-packages/airflow/example_dags/example_xcomargs.py
[2025-06-20T15:01:09.355+0000] {processor.py:830} INFO - Processing file /home/airflow/.local/lib/python3.12/site-packages/airflow/example_dags/example_xcomargs.py for tasks to queue
[2025-06-20T15:01:09.357+0000] {logging_mixin.py:188} INFO - [2025-06-20T15:01:09.357+0000] {dagbag.py:540} INFO - Filling up the DagBag from /home/airflow/.local/lib/python3.12/site-packages/airflow/example_dags/example_xcomargs.py
[2025-06-20T15:01:09.365+0000] {processor.py:840} INFO - DAG(s) 'example_xcom_args', 'example_xcom_args_with_operators' retrieved from /home/airflow/.local/lib/python3.12/site-packages/airflow/example_dags/example_xcomargs.py
[2025-06-20T15:01:09.387+0000] {logging_mixin.py:188} INFO - [2025-06-20T15:01:09.387+0000] {dag.py:3096} INFO - Sync 2 DAGs
[2025-06-20T15:01:09.399+0000] {logging_mixin.py:188} INFO - [2025-06-20T15:01:09.399+0000] {dag.py:3954} INFO - Setting next_dagrun for example_xcom_args to None, run_after=None
[2025-06-20T15:01:09.403+0000] {logging_mixin.py:188} INFO - [2025-06-20T15:01:09.403+0000] {dag.py:3954} INFO - Setting next_dagrun for example_xcom_args_with_operators to None, run_after=None
[2025-06-20T15:01:09.417+0000] {processor.py:183} INFO - Processing /home/airflow/.local/lib/python3.12/site-packages/airflow/example_dags/example_xcomargs.py took 0.068 seconds
[2025-06-20T15:01:39.536+0000] {processor.py:161} INFO - Started process (PID=3181) to work on /home/airflow/.local/lib/python3.12/site-packages/airflow/example_dags/example_xcomargs.py
[2025-06-20T15:01:39.537+0000] {processor.py:830} INFO - Processing file /home/airflow/.local/lib/python3.12/site-packages/airflow/example_dags/example_xcomargs.py for tasks to queue
[2025-06-20T15:01:39.539+0000] {logging_mixin.py:188} INFO - [2025-06-20T15:01:39.538+0000] {dagbag.py:540} INFO - Filling up the DagBag from /home/airflow/.local/lib/python3.12/site-packages/airflow/example_dags/example_xcomargs.py
[2025-06-20T15:01:39.547+0000] {processor.py:840} INFO - DAG(s) 'example_xcom_args_with_operators', 'example_xcom_args' retrieved from /home/airflow/.local/lib/python3.12/site-packages/airflow/example_dags/example_xcomargs.py
[2025-06-20T15:01:39.569+0000] {logging_mixin.py:188} INFO - [2025-06-20T15:01:39.569+0000] {dag.py:3096} INFO - Sync 2 DAGs
[2025-06-20T15:01:39.581+0000] {logging_mixin.py:188} INFO - [2025-06-20T15:01:39.581+0000] {dag.py:3954} INFO - Setting next_dagrun for example_xcom_args to None, run_after=None
[2025-06-20T15:01:39.584+0000] {logging_mixin.py:188} INFO - [2025-06-20T15:01:39.584+0000] {dag.py:3954} INFO - Setting next_dagrun for example_xcom_args_with_operators to None, run_after=None
[2025-06-20T15:01:39.598+0000] {processor.py:183} INFO - Processing /home/airflow/.local/lib/python3.12/site-packages/airflow/example_dags/example_xcomargs.py took 0.068 seconds
[2025-06-20T15:02:10.254+0000] {processor.py:161} INFO - Started process (PID=3240) to work on /home/airflow/.local/lib/python3.12/site-packages/airflow/example_dags/example_xcomargs.py
[2025-06-20T15:02:10.255+0000] {processor.py:830} INFO - Processing file /home/airflow/.local/lib/python3.12/site-packages/airflow/example_dags/example_xcomargs.py for tasks to queue
[2025-06-20T15:02:10.257+0000] {logging_mixin.py:188} INFO - [2025-06-20T15:02:10.257+0000] {dagbag.py:540} INFO - Filling up the DagBag from /home/airflow/.local/lib/python3.12/site-packages/airflow/example_dags/example_xcomargs.py
[2025-06-20T15:02:10.265+0000] {processor.py:840} INFO - DAG(s) 'example_xcom_args', 'example_xcom_args_with_operators' retrieved from /home/airflow/.local/lib/python3.12/site-packages/airflow/example_dags/example_xcomargs.py
[2025-06-20T15:02:10.287+0000] {logging_mixin.py:188} INFO - [2025-06-20T15:02:10.287+0000] {dag.py:3096} INFO - Sync 2 DAGs
[2025-06-20T15:02:10.299+0000] {logging_mixin.py:188} INFO - [2025-06-20T15:02:10.299+0000] {dag.py:3954} INFO - Setting next_dagrun for example_xcom_args to None, run_after=None
[2025-06-20T15:02:10.303+0000] {logging_mixin.py:188} INFO - [2025-06-20T15:02:10.303+0000] {dag.py:3954} INFO - Setting next_dagrun for example_xcom_args_with_operators to None, run_after=None
[2025-06-20T15:02:10.317+0000] {processor.py:183} INFO - Processing /home/airflow/.local/lib/python3.12/site-packages/airflow/example_dags/example_xcomargs.py took 0.068 seconds
[2025-06-20T15:02:40.964+0000] {processor.py:161} INFO - Started process (PID=3299) to work on /home/airflow/.local/lib/python3.12/site-packages/airflow/example_dags/example_xcomargs.py
[2025-06-20T15:02:40.965+0000] {processor.py:830} INFO - Processing file /home/airflow/.local/lib/python3.12/site-packages/airflow/example_dags/example_xcomargs.py for tasks to queue
[2025-06-20T15:02:40.967+0000] {logging_mixin.py:188} INFO - [2025-06-20T15:02:40.967+0000] {dagbag.py:540} INFO - Filling up the DagBag from /home/airflow/.local/lib/python3.12/site-packages/airflow/example_dags/example_xcomargs.py
[2025-06-20T15:02:40.976+0000] {processor.py:840} INFO - DAG(s) 'example_xcom_args', 'example_xcom_args_with_operators' retrieved from /home/airflow/.local/lib/python3.12/site-packages/airflow/example_dags/example_xcomargs.py
[2025-06-20T15:02:40.999+0000] {logging_mixin.py:188} INFO - [2025-06-20T15:02:40.999+0000] {dag.py:3096} INFO - Sync 2 DAGs
[2025-06-20T15:02:41.012+0000] {logging_mixin.py:188} INFO - [2025-06-20T15:02:41.011+0000] {dag.py:3954} INFO - Setting next_dagrun for example_xcom_args to None, run_after=None
[2025-06-20T15:02:41.015+0000] {logging_mixin.py:188} INFO - [2025-06-20T15:02:41.015+0000] {dag.py:3954} INFO - Setting next_dagrun for example_xcom_args_with_operators to None, run_after=None
[2025-06-20T15:02:41.029+0000] {processor.py:183} INFO - Processing /home/airflow/.local/lib/python3.12/site-packages/airflow/example_dags/example_xcomargs.py took 0.071 seconds
[2025-06-20T15:03:11.620+0000] {processor.py:161} INFO - Started process (PID=3358) to work on /home/airflow/.local/lib/python3.12/site-packages/airflow/example_dags/example_xcomargs.py
[2025-06-20T15:03:11.620+0000] {processor.py:830} INFO - Processing file /home/airflow/.local/lib/python3.12/site-packages/airflow/example_dags/example_xcomargs.py for tasks to queue
[2025-06-20T15:03:11.622+0000] {logging_mixin.py:188} INFO - [2025-06-20T15:03:11.622+0000] {dagbag.py:540} INFO - Filling up the DagBag from /home/airflow/.local/lib/python3.12/site-packages/airflow/example_dags/example_xcomargs.py
[2025-06-20T15:03:11.630+0000] {processor.py:840} INFO - DAG(s) 'example_xcom_args_with_operators', 'example_xcom_args' retrieved from /home/airflow/.local/lib/python3.12/site-packages/airflow/example_dags/example_xcomargs.py
[2025-06-20T15:03:11.653+0000] {logging_mixin.py:188} INFO - [2025-06-20T15:03:11.653+0000] {dag.py:3096} INFO - Sync 2 DAGs
[2025-06-20T15:03:11.665+0000] {logging_mixin.py:188} INFO - [2025-06-20T15:03:11.665+0000] {dag.py:3954} INFO - Setting next_dagrun for example_xcom_args to None, run_after=None
[2025-06-20T15:03:11.669+0000] {logging_mixin.py:188} INFO - [2025-06-20T15:03:11.668+0000] {dag.py:3954} INFO - Setting next_dagrun for example_xcom_args_with_operators to None, run_after=None
[2025-06-20T15:03:11.683+0000] {processor.py:183} INFO - Processing /home/airflow/.local/lib/python3.12/site-packages/airflow/example_dags/example_xcomargs.py took 0.069 seconds
[2025-06-20T15:03:42.448+0000] {processor.py:161} INFO - Started process (PID=3417) to work on /home/airflow/.local/lib/python3.12/site-packages/airflow/example_dags/example_xcomargs.py
[2025-06-20T15:03:42.449+0000] {processor.py:830} INFO - Processing file /home/airflow/.local/lib/python3.12/site-packages/airflow/example_dags/example_xcomargs.py for tasks to queue
[2025-06-20T15:03:42.451+0000] {logging_mixin.py:188} INFO - [2025-06-20T15:03:42.451+0000] {dagbag.py:540} INFO - Filling up the DagBag from /home/airflow/.local/lib/python3.12/site-packages/airflow/example_dags/example_xcomargs.py
[2025-06-20T15:03:42.459+0000] {processor.py:840} INFO - DAG(s) 'example_xcom_args', 'example_xcom_args_with_operators' retrieved from /home/airflow/.local/lib/python3.12/site-packages/airflow/example_dags/example_xcomargs.py
[2025-06-20T15:03:42.481+0000] {logging_mixin.py:188} INFO - [2025-06-20T15:03:42.481+0000] {dag.py:3096} INFO - Sync 2 DAGs
[2025-06-20T15:03:42.493+0000] {logging_mixin.py:188} INFO - [2025-06-20T15:03:42.493+0000] {dag.py:3954} INFO - Setting next_dagrun for example_xcom_args to None, run_after=None
[2025-06-20T15:03:42.496+0000] {logging_mixin.py:188} INFO - [2025-06-20T15:03:42.496+0000] {dag.py:3954} INFO - Setting next_dagrun for example_xcom_args_with_operators to None, run_after=None
[2025-06-20T15:03:42.510+0000] {processor.py:183} INFO - Processing /home/airflow/.local/lib/python3.12/site-packages/airflow/example_dags/example_xcomargs.py took 0.067 seconds
[2025-06-20T15:04:12.818+0000] {processor.py:161} INFO - Started process (PID=3476) to work on /home/airflow/.local/lib/python3.12/site-packages/airflow/example_dags/example_xcomargs.py
[2025-06-20T15:04:12.819+0000] {processor.py:830} INFO - Processing file /home/airflow/.local/lib/python3.12/site-packages/airflow/example_dags/example_xcomargs.py for tasks to queue
[2025-06-20T15:04:12.821+0000] {logging_mixin.py:188} INFO - [2025-06-20T15:04:12.821+0000] {dagbag.py:540} INFO - Filling up the DagBag from /home/airflow/.local/lib/python3.12/site-packages/airflow/example_dags/example_xcomargs.py
[2025-06-20T15:04:12.830+0000] {processor.py:840} INFO - DAG(s) 'example_xcom_args', 'example_xcom_args_with_operators' retrieved from /home/airflow/.local/lib/python3.12/site-packages/airflow/example_dags/example_xcomargs.py
[2025-06-20T15:04:12.856+0000] {logging_mixin.py:188} INFO - [2025-06-20T15:04:12.856+0000] {dag.py:3096} INFO - Sync 2 DAGs
[2025-06-20T15:04:12.870+0000] {logging_mixin.py:188} INFO - [2025-06-20T15:04:12.870+0000] {dag.py:3954} INFO - Setting next_dagrun for example_xcom_args to None, run_after=None
[2025-06-20T15:04:12.873+0000] {logging_mixin.py:188} INFO - [2025-06-20T15:04:12.873+0000] {dag.py:3954} INFO - Setting next_dagrun for example_xcom_args_with_operators to None, run_after=None
[2025-06-20T15:04:12.887+0000] {processor.py:183} INFO - Processing /home/airflow/.local/lib/python3.12/site-packages/airflow/example_dags/example_xcomargs.py took 0.076 seconds
[2025-06-20T15:04:43.523+0000] {processor.py:161} INFO - Started process (PID=3535) to work on /home/airflow/.local/lib/python3.12/site-packages/airflow/example_dags/example_xcomargs.py
[2025-06-20T15:04:43.524+0000] {processor.py:830} INFO - Processing file /home/airflow/.local/lib/python3.12/site-packages/airflow/example_dags/example_xcomargs.py for tasks to queue
[2025-06-20T15:04:43.526+0000] {logging_mixin.py:188} INFO - [2025-06-20T15:04:43.526+0000] {dagbag.py:540} INFO - Filling up the DagBag from /home/airflow/.local/lib/python3.12/site-packages/airflow/example_dags/example_xcomargs.py
[2025-06-20T15:04:43.534+0000] {processor.py:840} INFO - DAG(s) 'example_xcom_args', 'example_xcom_args_with_operators' retrieved from /home/airflow/.local/lib/python3.12/site-packages/airflow/example_dags/example_xcomargs.py
[2025-06-20T15:04:43.556+0000] {logging_mixin.py:188} INFO - [2025-06-20T15:04:43.556+0000] {dag.py:3096} INFO - Sync 2 DAGs
[2025-06-20T15:04:43.568+0000] {logging_mixin.py:188} INFO - [2025-06-20T15:04:43.568+0000] {dag.py:3954} INFO - Setting next_dagrun for example_xcom_args to None, run_after=None
[2025-06-20T15:04:43.572+0000] {logging_mixin.py:188} INFO - [2025-06-20T15:04:43.572+0000] {dag.py:3954} INFO - Setting next_dagrun for example_xcom_args_with_operators to None, run_after=None
[2025-06-20T15:04:43.586+0000] {processor.py:183} INFO - Processing /home/airflow/.local/lib/python3.12/site-packages/airflow/example_dags/example_xcomargs.py took 0.069 seconds
[2025-06-20T15:05:13.784+0000] {processor.py:161} INFO - Started process (PID=3594) to work on /home/airflow/.local/lib/python3.12/site-packages/airflow/example_dags/example_xcomargs.py
[2025-06-20T15:05:13.785+0000] {processor.py:830} INFO - Processing file /home/airflow/.local/lib/python3.12/site-packages/airflow/example_dags/example_xcomargs.py for tasks to queue
[2025-06-20T15:05:13.787+0000] {logging_mixin.py:188} INFO - [2025-06-20T15:05:13.787+0000] {dagbag.py:540} INFO - Filling up the DagBag from /home/airflow/.local/lib/python3.12/site-packages/airflow/example_dags/example_xcomargs.py
[2025-06-20T15:05:13.795+0000] {processor.py:840} INFO - DAG(s) 'example_xcom_args_with_operators', 'example_xcom_args' retrieved from /home/airflow/.local/lib/python3.12/site-packages/airflow/example_dags/example_xcomargs.py
[2025-06-20T15:05:13.816+0000] {logging_mixin.py:188} INFO - [2025-06-20T15:05:13.816+0000] {dag.py:3096} INFO - Sync 2 DAGs
[2025-06-20T15:05:13.829+0000] {logging_mixin.py:188} INFO - [2025-06-20T15:05:13.828+0000] {dag.py:3954} INFO - Setting next_dagrun for example_xcom_args to None, run_after=None
[2025-06-20T15:05:13.832+0000] {logging_mixin.py:188} INFO - [2025-06-20T15:05:13.832+0000] {dag.py:3954} INFO - Setting next_dagrun for example_xcom_args_with_operators to None, run_after=None
[2025-06-20T15:05:13.845+0000] {processor.py:183} INFO - Processing /home/airflow/.local/lib/python3.12/site-packages/airflow/example_dags/example_xcomargs.py took 0.067 seconds
[2025-06-20T15:05:44.036+0000] {processor.py:161} INFO - Started process (PID=3653) to work on /home/airflow/.local/lib/python3.12/site-packages/airflow/example_dags/example_xcomargs.py
[2025-06-20T15:05:44.037+0000] {processor.py:830} INFO - Processing file /home/airflow/.local/lib/python3.12/site-packages/airflow/example_dags/example_xcomargs.py for tasks to queue
[2025-06-20T15:05:44.039+0000] {logging_mixin.py:188} INFO - [2025-06-20T15:05:44.038+0000] {dagbag.py:540} INFO - Filling up the DagBag from /home/airflow/.local/lib/python3.12/site-packages/airflow/example_dags/example_xcomargs.py
[2025-06-20T15:05:44.047+0000] {processor.py:840} INFO - DAG(s) 'example_xcom_args_with_operators', 'example_xcom_args' retrieved from /home/airflow/.local/lib/python3.12/site-packages/airflow/example_dags/example_xcomargs.py
[2025-06-20T15:05:44.070+0000] {logging_mixin.py:188} INFO - [2025-06-20T15:05:44.070+0000] {dag.py:3096} INFO - Sync 2 DAGs
[2025-06-20T15:05:44.082+0000] {logging_mixin.py:188} INFO - [2025-06-20T15:05:44.082+0000] {dag.py:3954} INFO - Setting next_dagrun for example_xcom_args to None, run_after=None
[2025-06-20T15:05:44.086+0000] {logging_mixin.py:188} INFO - [2025-06-20T15:05:44.086+0000] {dag.py:3954} INFO - Setting next_dagrun for example_xcom_args_with_operators to None, run_after=None
[2025-06-20T15:05:44.100+0000] {processor.py:183} INFO - Processing /home/airflow/.local/lib/python3.12/site-packages/airflow/example_dags/example_xcomargs.py took 0.070 seconds
[2025-06-20T15:06:14.416+0000] {processor.py:161} INFO - Started process (PID=3712) to work on /home/airflow/.local/lib/python3.12/site-packages/airflow/example_dags/example_xcomargs.py
[2025-06-20T15:06:14.417+0000] {processor.py:830} INFO - Processing file /home/airflow/.local/lib/python3.12/site-packages/airflow/example_dags/example_xcomargs.py for tasks to queue
[2025-06-20T15:06:14.419+0000] {logging_mixin.py:188} INFO - [2025-06-20T15:06:14.419+0000] {dagbag.py:540} INFO - Filling up the DagBag from /home/airflow/.local/lib/python3.12/site-packages/airflow/example_dags/example_xcomargs.py
[2025-06-20T15:06:14.427+0000] {processor.py:840} INFO - DAG(s) 'example_xcom_args_with_operators', 'example_xcom_args' retrieved from /home/airflow/.local/lib/python3.12/site-packages/airflow/example_dags/example_xcomargs.py
[2025-06-20T15:06:14.449+0000] {logging_mixin.py:188} INFO - [2025-06-20T15:06:14.449+0000] {dag.py:3096} INFO - Sync 2 DAGs
[2025-06-20T15:06:14.461+0000] {logging_mixin.py:188} INFO - [2025-06-20T15:06:14.461+0000] {dag.py:3954} INFO - Setting next_dagrun for example_xcom_args to None, run_after=None
[2025-06-20T15:06:14.465+0000] {logging_mixin.py:188} INFO - [2025-06-20T15:06:14.464+0000] {dag.py:3954} INFO - Setting next_dagrun for example_xcom_args_with_operators to None, run_after=None
[2025-06-20T15:06:14.478+0000] {processor.py:183} INFO - Processing /home/airflow/.local/lib/python3.12/site-packages/airflow/example_dags/example_xcomargs.py took 0.068 seconds
[2025-06-20T15:06:44.692+0000] {processor.py:161} INFO - Started process (PID=3771) to work on /home/airflow/.local/lib/python3.12/site-packages/airflow/example_dags/example_xcomargs.py
[2025-06-20T15:06:44.693+0000] {processor.py:830} INFO - Processing file /home/airflow/.local/lib/python3.12/site-packages/airflow/example_dags/example_xcomargs.py for tasks to queue
[2025-06-20T15:06:44.695+0000] {logging_mixin.py:188} INFO - [2025-06-20T15:06:44.694+0000] {dagbag.py:540} INFO - Filling up the DagBag from /home/airflow/.local/lib/python3.12/site-packages/airflow/example_dags/example_xcomargs.py
[2025-06-20T15:06:44.703+0000] {processor.py:840} INFO - DAG(s) 'example_xcom_args_with_operators', 'example_xcom_args' retrieved from /home/airflow/.local/lib/python3.12/site-packages/airflow/example_dags/example_xcomargs.py
[2025-06-20T15:06:44.725+0000] {logging_mixin.py:188} INFO - [2025-06-20T15:06:44.725+0000] {dag.py:3096} INFO - Sync 2 DAGs
[2025-06-20T15:06:44.737+0000] {logging_mixin.py:188} INFO - [2025-06-20T15:06:44.737+0000] {dag.py:3954} INFO - Setting next_dagrun for example_xcom_args to None, run_after=None
[2025-06-20T15:06:44.741+0000] {logging_mixin.py:188} INFO - [2025-06-20T15:06:44.740+0000] {dag.py:3954} INFO - Setting next_dagrun for example_xcom_args_with_operators to None, run_after=None
[2025-06-20T15:06:44.754+0000] {processor.py:183} INFO - Processing /home/airflow/.local/lib/python3.12/site-packages/airflow/example_dags/example_xcomargs.py took 0.068 seconds
[2025-06-20T15:07:15.018+0000] {processor.py:161} INFO - Started process (PID=3830) to work on /home/airflow/.local/lib/python3.12/site-packages/airflow/example_dags/example_xcomargs.py
[2025-06-20T15:07:15.019+0000] {processor.py:830} INFO - Processing file /home/airflow/.local/lib/python3.12/site-packages/airflow/example_dags/example_xcomargs.py for tasks to queue
[2025-06-20T15:07:15.021+0000] {logging_mixin.py:188} INFO - [2025-06-20T15:07:15.021+0000] {dagbag.py:540} INFO - Filling up the DagBag from /home/airflow/.local/lib/python3.12/site-packages/airflow/example_dags/example_xcomargs.py
[2025-06-20T15:07:15.030+0000] {processor.py:840} INFO - DAG(s) 'example_xcom_args_with_operators', 'example_xcom_args' retrieved from /home/airflow/.local/lib/python3.12/site-packages/airflow/example_dags/example_xcomargs.py
[2025-06-20T15:07:15.053+0000] {logging_mixin.py:188} INFO - [2025-06-20T15:07:15.053+0000] {dag.py:3096} INFO - Sync 2 DAGs
[2025-06-20T15:07:15.066+0000] {logging_mixin.py:188} INFO - [2025-06-20T15:07:15.066+0000] {dag.py:3954} INFO - Setting next_dagrun for example_xcom_args to None, run_after=None
[2025-06-20T15:07:15.070+0000] {logging_mixin.py:188} INFO - [2025-06-20T15:07:15.070+0000] {dag.py:3954} INFO - Setting next_dagrun for example_xcom_args_with_operators to None, run_after=None
[2025-06-20T15:07:15.084+0000] {processor.py:183} INFO - Processing /home/airflow/.local/lib/python3.12/site-packages/airflow/example_dags/example_xcomargs.py took 0.073 seconds
