[2025-06-20T14:34:47.206+0000] {processor.py:161} INFO - Started process (PID=81) to work on /home/airflow/.local/lib/python3.12/site-packages/airflow/example_dags/example_dag_decorator.py
[2025-06-20T14:34:47.207+0000] {processor.py:830} INFO - Processing file /home/airflow/.local/lib/python3.12/site-packages/airflow/example_dags/example_dag_decorator.py for tasks to queue
[2025-06-20T14:34:47.209+0000] {logging_mixin.py:188} INFO - [2025-06-20T14:34:47.208+0000] {dagbag.py:540} INFO - Filling up the DagBag from /home/airflow/.local/lib/python3.12/site-packages/airflow/example_dags/example_dag_decorator.py
[2025-06-20T14:34:47.432+0000] {processor.py:840} INFO - DAG(s) 'example_dag_decorator' retrieved from /home/airflow/.local/lib/python3.12/site-packages/airflow/example_dags/example_dag_decorator.py
[2025-06-20T14:34:47.444+0000] {logging_mixin.py:188} INFO - [2025-06-20T14:34:47.444+0000] {dag.py:3096} INFO - Sync 1 DAGs
[2025-06-20T14:34:47.458+0000] {logging_mixin.py:188} INFO - [2025-06-20T14:34:47.457+0000] {dag.py:3954} INFO - Setting next_dagrun for example_dag_decorator to None, run_after=None
[2025-06-20T14:34:47.475+0000] {processor.py:183} INFO - Processing /home/airflow/.local/lib/python3.12/site-packages/airflow/example_dags/example_dag_decorator.py took 0.275 seconds
[2025-06-20T14:35:18.498+0000] {processor.py:161} INFO - Started process (PID=139) to work on /home/airflow/.local/lib/python3.12/site-packages/airflow/example_dags/example_dag_decorator.py
[2025-06-20T14:35:18.499+0000] {processor.py:830} INFO - Processing file /home/airflow/.local/lib/python3.12/site-packages/airflow/example_dags/example_dag_decorator.py for tasks to queue
[2025-06-20T14:35:18.501+0000] {logging_mixin.py:188} INFO - [2025-06-20T14:35:18.501+0000] {dagbag.py:540} INFO - Filling up the DagBag from /home/airflow/.local/lib/python3.12/site-packages/airflow/example_dags/example_dag_decorator.py
[2025-06-20T14:35:18.591+0000] {processor.py:840} INFO - DAG(s) 'example_dag_decorator' retrieved from /home/airflow/.local/lib/python3.12/site-packages/airflow/example_dags/example_dag_decorator.py
[2025-06-20T14:35:18.705+0000] {logging_mixin.py:188} INFO - [2025-06-20T14:35:18.705+0000] {dag.py:3096} INFO - Sync 1 DAGs
[2025-06-20T14:35:18.722+0000] {logging_mixin.py:188} INFO - [2025-06-20T14:35:18.722+0000] {dag.py:3954} INFO - Setting next_dagrun for example_dag_decorator to None, run_after=None
[2025-06-20T14:35:18.738+0000] {processor.py:183} INFO - Processing /home/airflow/.local/lib/python3.12/site-packages/airflow/example_dags/example_dag_decorator.py took 0.245 seconds
[2025-06-20T14:35:48.821+0000] {processor.py:161} INFO - Started process (PID=203) to work on /home/airflow/.local/lib/python3.12/site-packages/airflow/example_dags/example_dag_decorator.py
[2025-06-20T14:35:48.822+0000] {processor.py:830} INFO - Processing file /home/airflow/.local/lib/python3.12/site-packages/airflow/example_dags/example_dag_decorator.py for tasks to queue
[2025-06-20T14:35:48.824+0000] {logging_mixin.py:188} INFO - [2025-06-20T14:35:48.824+0000] {dagbag.py:540} INFO - Filling up the DagBag from /home/airflow/.local/lib/python3.12/site-packages/airflow/example_dags/example_dag_decorator.py
[2025-06-20T14:35:48.923+0000] {processor.py:840} INFO - DAG(s) 'example_dag_decorator' retrieved from /home/airflow/.local/lib/python3.12/site-packages/airflow/example_dags/example_dag_decorator.py
[2025-06-20T14:35:48.949+0000] {logging_mixin.py:188} INFO - [2025-06-20T14:35:48.949+0000] {dag.py:3096} INFO - Sync 1 DAGs
[2025-06-20T14:35:48.962+0000] {logging_mixin.py:188} INFO - [2025-06-20T14:35:48.961+0000] {dag.py:3954} INFO - Setting next_dagrun for example_dag_decorator to None, run_after=None
[2025-06-20T14:35:48.978+0000] {processor.py:183} INFO - Processing /home/airflow/.local/lib/python3.12/site-packages/airflow/example_dags/example_dag_decorator.py took 0.164 seconds
[2025-06-20T14:36:19.869+0000] {processor.py:161} INFO - Started process (PID=261) to work on /home/airflow/.local/lib/python3.12/site-packages/airflow/example_dags/example_dag_decorator.py
[2025-06-20T14:36:19.870+0000] {processor.py:830} INFO - Processing file /home/airflow/.local/lib/python3.12/site-packages/airflow/example_dags/example_dag_decorator.py for tasks to queue
[2025-06-20T14:36:19.872+0000] {logging_mixin.py:188} INFO - [2025-06-20T14:36:19.872+0000] {dagbag.py:540} INFO - Filling up the DagBag from /home/airflow/.local/lib/python3.12/site-packages/airflow/example_dags/example_dag_decorator.py
[2025-06-20T14:36:19.969+0000] {processor.py:840} INFO - DAG(s) 'example_dag_decorator' retrieved from /home/airflow/.local/lib/python3.12/site-packages/airflow/example_dags/example_dag_decorator.py
[2025-06-20T14:36:20.082+0000] {logging_mixin.py:188} INFO - [2025-06-20T14:36:20.082+0000] {dag.py:3096} INFO - Sync 1 DAGs
[2025-06-20T14:36:20.092+0000] {logging_mixin.py:188} INFO - [2025-06-20T14:36:20.092+0000] {dag.py:3954} INFO - Setting next_dagrun for example_dag_decorator to None, run_after=None
[2025-06-20T14:36:20.108+0000] {processor.py:183} INFO - Processing /home/airflow/.local/lib/python3.12/site-packages/airflow/example_dags/example_dag_decorator.py took 0.246 seconds
[2025-06-20T14:36:50.401+0000] {processor.py:161} INFO - Started process (PID=319) to work on /home/airflow/.local/lib/python3.12/site-packages/airflow/example_dags/example_dag_decorator.py
[2025-06-20T14:36:50.402+0000] {processor.py:830} INFO - Processing file /home/airflow/.local/lib/python3.12/site-packages/airflow/example_dags/example_dag_decorator.py for tasks to queue
[2025-06-20T14:36:50.404+0000] {logging_mixin.py:188} INFO - [2025-06-20T14:36:50.404+0000] {dagbag.py:540} INFO - Filling up the DagBag from /home/airflow/.local/lib/python3.12/site-packages/airflow/example_dags/example_dag_decorator.py
[2025-06-20T14:36:50.491+0000] {processor.py:840} INFO - DAG(s) 'example_dag_decorator' retrieved from /home/airflow/.local/lib/python3.12/site-packages/airflow/example_dags/example_dag_decorator.py
[2025-06-20T14:36:50.717+0000] {logging_mixin.py:188} INFO - [2025-06-20T14:36:50.717+0000] {dag.py:3096} INFO - Sync 1 DAGs
[2025-06-20T14:36:50.725+0000] {logging_mixin.py:188} INFO - [2025-06-20T14:36:50.725+0000] {dag.py:3954} INFO - Setting next_dagrun for example_dag_decorator to None, run_after=None
[2025-06-20T14:36:50.740+0000] {processor.py:183} INFO - Processing /home/airflow/.local/lib/python3.12/site-packages/airflow/example_dags/example_dag_decorator.py took 0.345 seconds
[2025-06-20T14:37:20.925+0000] {processor.py:161} INFO - Started process (PID=393) to work on /home/airflow/.local/lib/python3.12/site-packages/airflow/example_dags/example_dag_decorator.py
[2025-06-20T14:37:20.926+0000] {processor.py:830} INFO - Processing file /home/airflow/.local/lib/python3.12/site-packages/airflow/example_dags/example_dag_decorator.py for tasks to queue
[2025-06-20T14:37:20.928+0000] {logging_mixin.py:188} INFO - [2025-06-20T14:37:20.927+0000] {dagbag.py:540} INFO - Filling up the DagBag from /home/airflow/.local/lib/python3.12/site-packages/airflow/example_dags/example_dag_decorator.py
[2025-06-20T14:37:21.022+0000] {processor.py:840} INFO - DAG(s) 'example_dag_decorator' retrieved from /home/airflow/.local/lib/python3.12/site-packages/airflow/example_dags/example_dag_decorator.py
[2025-06-20T14:37:21.133+0000] {logging_mixin.py:188} INFO - [2025-06-20T14:37:21.133+0000] {dag.py:3096} INFO - Sync 1 DAGs
[2025-06-20T14:37:21.275+0000] {logging_mixin.py:188} INFO - [2025-06-20T14:37:21.275+0000] {dag.py:3954} INFO - Setting next_dagrun for example_dag_decorator to None, run_after=None
[2025-06-20T14:37:21.291+0000] {processor.py:183} INFO - Processing /home/airflow/.local/lib/python3.12/site-packages/airflow/example_dags/example_dag_decorator.py took 0.373 seconds
[2025-06-20T14:37:51.493+0000] {processor.py:161} INFO - Started process (PID=451) to work on /home/airflow/.local/lib/python3.12/site-packages/airflow/example_dags/example_dag_decorator.py
[2025-06-20T14:37:51.494+0000] {processor.py:830} INFO - Processing file /home/airflow/.local/lib/python3.12/site-packages/airflow/example_dags/example_dag_decorator.py for tasks to queue
[2025-06-20T14:37:51.496+0000] {logging_mixin.py:188} INFO - [2025-06-20T14:37:51.495+0000] {dagbag.py:540} INFO - Filling up the DagBag from /home/airflow/.local/lib/python3.12/site-packages/airflow/example_dags/example_dag_decorator.py
[2025-06-20T14:37:51.587+0000] {processor.py:840} INFO - DAG(s) 'example_dag_decorator' retrieved from /home/airflow/.local/lib/python3.12/site-packages/airflow/example_dags/example_dag_decorator.py
[2025-06-20T14:37:51.830+0000] {logging_mixin.py:188} INFO - [2025-06-20T14:37:51.830+0000] {dag.py:3096} INFO - Sync 1 DAGs
[2025-06-20T14:37:51.839+0000] {logging_mixin.py:188} INFO - [2025-06-20T14:37:51.839+0000] {dag.py:3954} INFO - Setting next_dagrun for example_dag_decorator to None, run_after=None
[2025-06-20T14:37:51.855+0000] {processor.py:183} INFO - Processing /home/airflow/.local/lib/python3.12/site-packages/airflow/example_dags/example_dag_decorator.py took 0.368 seconds
[2025-06-20T14:38:21.952+0000] {processor.py:161} INFO - Started process (PID=509) to work on /home/airflow/.local/lib/python3.12/site-packages/airflow/example_dags/example_dag_decorator.py
[2025-06-20T14:38:21.953+0000] {processor.py:830} INFO - Processing file /home/airflow/.local/lib/python3.12/site-packages/airflow/example_dags/example_dag_decorator.py for tasks to queue
[2025-06-20T14:38:21.955+0000] {logging_mixin.py:188} INFO - [2025-06-20T14:38:21.954+0000] {dagbag.py:540} INFO - Filling up the DagBag from /home/airflow/.local/lib/python3.12/site-packages/airflow/example_dags/example_dag_decorator.py
[2025-06-20T14:38:22.047+0000] {processor.py:840} INFO - DAG(s) 'example_dag_decorator' retrieved from /home/airflow/.local/lib/python3.12/site-packages/airflow/example_dags/example_dag_decorator.py
[2025-06-20T14:38:22.273+0000] {logging_mixin.py:188} INFO - [2025-06-20T14:38:22.273+0000] {dag.py:3096} INFO - Sync 1 DAGs
[2025-06-20T14:38:22.282+0000] {logging_mixin.py:188} INFO - [2025-06-20T14:38:22.282+0000] {dag.py:3954} INFO - Setting next_dagrun for example_dag_decorator to None, run_after=None
[2025-06-20T14:38:22.296+0000] {processor.py:183} INFO - Processing /home/airflow/.local/lib/python3.12/site-packages/airflow/example_dags/example_dag_decorator.py took 0.353 seconds
[2025-06-20T14:38:52.813+0000] {processor.py:161} INFO - Started process (PID=567) to work on /home/airflow/.local/lib/python3.12/site-packages/airflow/example_dags/example_dag_decorator.py
[2025-06-20T14:38:52.814+0000] {processor.py:830} INFO - Processing file /home/airflow/.local/lib/python3.12/site-packages/airflow/example_dags/example_dag_decorator.py for tasks to queue
[2025-06-20T14:38:52.816+0000] {logging_mixin.py:188} INFO - [2025-06-20T14:38:52.816+0000] {dagbag.py:540} INFO - Filling up the DagBag from /home/airflow/.local/lib/python3.12/site-packages/airflow/example_dags/example_dag_decorator.py
[2025-06-20T14:38:52.906+0000] {processor.py:840} INFO - DAG(s) 'example_dag_decorator' retrieved from /home/airflow/.local/lib/python3.12/site-packages/airflow/example_dags/example_dag_decorator.py
[2025-06-20T14:38:53.134+0000] {logging_mixin.py:188} INFO - [2025-06-20T14:38:53.134+0000] {dag.py:3096} INFO - Sync 1 DAGs
[2025-06-20T14:38:53.142+0000] {logging_mixin.py:188} INFO - [2025-06-20T14:38:53.142+0000] {dag.py:3954} INFO - Setting next_dagrun for example_dag_decorator to None, run_after=None
[2025-06-20T14:38:53.157+0000] {processor.py:183} INFO - Processing /home/airflow/.local/lib/python3.12/site-packages/airflow/example_dags/example_dag_decorator.py took 0.350 seconds
[2025-06-20T14:39:23.198+0000] {processor.py:161} INFO - Started process (PID=628) to work on /home/airflow/.local/lib/python3.12/site-packages/airflow/example_dags/example_dag_decorator.py
[2025-06-20T14:39:23.199+0000] {processor.py:830} INFO - Processing file /home/airflow/.local/lib/python3.12/site-packages/airflow/example_dags/example_dag_decorator.py for tasks to queue
[2025-06-20T14:39:23.200+0000] {logging_mixin.py:188} INFO - [2025-06-20T14:39:23.200+0000] {dagbag.py:540} INFO - Filling up the DagBag from /home/airflow/.local/lib/python3.12/site-packages/airflow/example_dags/example_dag_decorator.py
[2025-06-20T14:39:23.292+0000] {processor.py:840} INFO - DAG(s) 'example_dag_decorator' retrieved from /home/airflow/.local/lib/python3.12/site-packages/airflow/example_dags/example_dag_decorator.py
[2025-06-20T14:39:23.537+0000] {logging_mixin.py:188} INFO - [2025-06-20T14:39:23.537+0000] {dag.py:3096} INFO - Sync 1 DAGs
[2025-06-20T14:39:23.547+0000] {logging_mixin.py:188} INFO - [2025-06-20T14:39:23.546+0000] {dag.py:3954} INFO - Setting next_dagrun for example_dag_decorator to None, run_after=None
[2025-06-20T14:39:23.562+0000] {processor.py:183} INFO - Processing /home/airflow/.local/lib/python3.12/site-packages/airflow/example_dags/example_dag_decorator.py took 0.370 seconds
[2025-06-20T14:39:53.749+0000] {processor.py:161} INFO - Started process (PID=688) to work on /home/airflow/.local/lib/python3.12/site-packages/airflow/example_dags/example_dag_decorator.py
[2025-06-20T14:39:53.750+0000] {processor.py:830} INFO - Processing file /home/airflow/.local/lib/python3.12/site-packages/airflow/example_dags/example_dag_decorator.py for tasks to queue
[2025-06-20T14:39:53.752+0000] {logging_mixin.py:188} INFO - [2025-06-20T14:39:53.751+0000] {dagbag.py:540} INFO - Filling up the DagBag from /home/airflow/.local/lib/python3.12/site-packages/airflow/example_dags/example_dag_decorator.py
[2025-06-20T14:39:53.841+0000] {processor.py:840} INFO - DAG(s) 'example_dag_decorator' retrieved from /home/airflow/.local/lib/python3.12/site-packages/airflow/example_dags/example_dag_decorator.py
[2025-06-20T14:39:54.050+0000] {logging_mixin.py:188} INFO - [2025-06-20T14:39:54.049+0000] {dag.py:3096} INFO - Sync 1 DAGs
[2025-06-20T14:39:54.059+0000] {logging_mixin.py:188} INFO - [2025-06-20T14:39:54.058+0000] {dag.py:3954} INFO - Setting next_dagrun for example_dag_decorator to None, run_after=None
[2025-06-20T14:39:54.075+0000] {processor.py:183} INFO - Processing /home/airflow/.local/lib/python3.12/site-packages/airflow/example_dags/example_dag_decorator.py took 0.332 seconds
[2025-06-20T14:40:24.911+0000] {processor.py:161} INFO - Started process (PID=746) to work on /home/airflow/.local/lib/python3.12/site-packages/airflow/example_dags/example_dag_decorator.py
[2025-06-20T14:40:24.912+0000] {processor.py:830} INFO - Processing file /home/airflow/.local/lib/python3.12/site-packages/airflow/example_dags/example_dag_decorator.py for tasks to queue
[2025-06-20T14:40:24.913+0000] {logging_mixin.py:188} INFO - [2025-06-20T14:40:24.913+0000] {dagbag.py:540} INFO - Filling up the DagBag from /home/airflow/.local/lib/python3.12/site-packages/airflow/example_dags/example_dag_decorator.py
[2025-06-20T14:40:25.002+0000] {processor.py:840} INFO - DAG(s) 'example_dag_decorator' retrieved from /home/airflow/.local/lib/python3.12/site-packages/airflow/example_dags/example_dag_decorator.py
[2025-06-20T14:40:25.261+0000] {logging_mixin.py:188} INFO - [2025-06-20T14:40:25.261+0000] {dag.py:3096} INFO - Sync 1 DAGs
[2025-06-20T14:40:25.271+0000] {logging_mixin.py:188} INFO - [2025-06-20T14:40:25.271+0000] {dag.py:3954} INFO - Setting next_dagrun for example_dag_decorator to None, run_after=None
[2025-06-20T14:40:25.289+0000] {processor.py:183} INFO - Processing /home/airflow/.local/lib/python3.12/site-packages/airflow/example_dags/example_dag_decorator.py took 0.384 seconds
[2025-06-20T14:40:55.343+0000] {processor.py:161} INFO - Started process (PID=806) to work on /home/airflow/.local/lib/python3.12/site-packages/airflow/example_dags/example_dag_decorator.py
[2025-06-20T14:40:55.344+0000] {processor.py:830} INFO - Processing file /home/airflow/.local/lib/python3.12/site-packages/airflow/example_dags/example_dag_decorator.py for tasks to queue
[2025-06-20T14:40:55.346+0000] {logging_mixin.py:188} INFO - [2025-06-20T14:40:55.346+0000] {dagbag.py:540} INFO - Filling up the DagBag from /home/airflow/.local/lib/python3.12/site-packages/airflow/example_dags/example_dag_decorator.py
[2025-06-20T14:40:55.435+0000] {processor.py:840} INFO - DAG(s) 'example_dag_decorator' retrieved from /home/airflow/.local/lib/python3.12/site-packages/airflow/example_dags/example_dag_decorator.py
[2025-06-20T14:40:55.658+0000] {logging_mixin.py:188} INFO - [2025-06-20T14:40:55.658+0000] {dag.py:3096} INFO - Sync 1 DAGs
[2025-06-20T14:40:55.670+0000] {logging_mixin.py:188} INFO - [2025-06-20T14:40:55.669+0000] {dag.py:3954} INFO - Setting next_dagrun for example_dag_decorator to None, run_after=None
[2025-06-20T14:40:55.684+0000] {processor.py:183} INFO - Processing /home/airflow/.local/lib/python3.12/site-packages/airflow/example_dags/example_dag_decorator.py took 0.347 seconds
[2025-06-20T14:41:25.741+0000] {processor.py:161} INFO - Started process (PID=866) to work on /home/airflow/.local/lib/python3.12/site-packages/airflow/example_dags/example_dag_decorator.py
[2025-06-20T14:41:25.742+0000] {processor.py:830} INFO - Processing file /home/airflow/.local/lib/python3.12/site-packages/airflow/example_dags/example_dag_decorator.py for tasks to queue
[2025-06-20T14:41:25.744+0000] {logging_mixin.py:188} INFO - [2025-06-20T14:41:25.744+0000] {dagbag.py:540} INFO - Filling up the DagBag from /home/airflow/.local/lib/python3.12/site-packages/airflow/example_dags/example_dag_decorator.py
[2025-06-20T14:41:25.949+0000] {processor.py:840} INFO - DAG(s) 'example_dag_decorator' retrieved from /home/airflow/.local/lib/python3.12/site-packages/airflow/example_dags/example_dag_decorator.py
[2025-06-20T14:41:26.049+0000] {logging_mixin.py:188} INFO - [2025-06-20T14:41:26.049+0000] {dag.py:3096} INFO - Sync 1 DAGs
[2025-06-20T14:41:26.058+0000] {logging_mixin.py:188} INFO - [2025-06-20T14:41:26.058+0000] {dag.py:3954} INFO - Setting next_dagrun for example_dag_decorator to None, run_after=None
[2025-06-20T14:41:26.073+0000] {processor.py:183} INFO - Processing /home/airflow/.local/lib/python3.12/site-packages/airflow/example_dags/example_dag_decorator.py took 0.338 seconds
[2025-06-20T14:41:57.094+0000] {processor.py:161} INFO - Started process (PID=924) to work on /home/airflow/.local/lib/python3.12/site-packages/airflow/example_dags/example_dag_decorator.py
[2025-06-20T14:41:57.095+0000] {processor.py:830} INFO - Processing file /home/airflow/.local/lib/python3.12/site-packages/airflow/example_dags/example_dag_decorator.py for tasks to queue
[2025-06-20T14:41:57.097+0000] {logging_mixin.py:188} INFO - [2025-06-20T14:41:57.097+0000] {dagbag.py:540} INFO - Filling up the DagBag from /home/airflow/.local/lib/python3.12/site-packages/airflow/example_dags/example_dag_decorator.py
[2025-06-20T14:41:57.194+0000] {processor.py:840} INFO - DAG(s) 'example_dag_decorator' retrieved from /home/airflow/.local/lib/python3.12/site-packages/airflow/example_dags/example_dag_decorator.py
[2025-06-20T14:41:57.417+0000] {logging_mixin.py:188} INFO - [2025-06-20T14:41:57.416+0000] {dag.py:3096} INFO - Sync 1 DAGs
[2025-06-20T14:41:57.425+0000] {logging_mixin.py:188} INFO - [2025-06-20T14:41:57.425+0000] {dag.py:3954} INFO - Setting next_dagrun for example_dag_decorator to None, run_after=None
[2025-06-20T14:41:57.441+0000] {processor.py:183} INFO - Processing /home/airflow/.local/lib/python3.12/site-packages/airflow/example_dags/example_dag_decorator.py took 0.353 seconds
[2025-06-20T14:42:27.642+0000] {processor.py:161} INFO - Started process (PID=982) to work on /home/airflow/.local/lib/python3.12/site-packages/airflow/example_dags/example_dag_decorator.py
[2025-06-20T14:42:27.643+0000] {processor.py:830} INFO - Processing file /home/airflow/.local/lib/python3.12/site-packages/airflow/example_dags/example_dag_decorator.py for tasks to queue
[2025-06-20T14:42:27.645+0000] {logging_mixin.py:188} INFO - [2025-06-20T14:42:27.645+0000] {dagbag.py:540} INFO - Filling up the DagBag from /home/airflow/.local/lib/python3.12/site-packages/airflow/example_dags/example_dag_decorator.py
[2025-06-20T14:42:27.737+0000] {processor.py:840} INFO - DAG(s) 'example_dag_decorator' retrieved from /home/airflow/.local/lib/python3.12/site-packages/airflow/example_dags/example_dag_decorator.py
[2025-06-20T14:42:27.949+0000] {logging_mixin.py:188} INFO - [2025-06-20T14:42:27.948+0000] {dag.py:3096} INFO - Sync 1 DAGs
[2025-06-20T14:42:27.957+0000] {logging_mixin.py:188} INFO - [2025-06-20T14:42:27.957+0000] {dag.py:3954} INFO - Setting next_dagrun for example_dag_decorator to None, run_after=None
[2025-06-20T14:42:27.972+0000] {processor.py:183} INFO - Processing /home/airflow/.local/lib/python3.12/site-packages/airflow/example_dags/example_dag_decorator.py took 0.336 seconds
[2025-06-20T14:42:58.079+0000] {processor.py:161} INFO - Started process (PID=1040) to work on /home/airflow/.local/lib/python3.12/site-packages/airflow/example_dags/example_dag_decorator.py
[2025-06-20T14:42:58.081+0000] {processor.py:830} INFO - Processing file /home/airflow/.local/lib/python3.12/site-packages/airflow/example_dags/example_dag_decorator.py for tasks to queue
[2025-06-20T14:42:58.083+0000] {logging_mixin.py:188} INFO - [2025-06-20T14:42:58.082+0000] {dagbag.py:540} INFO - Filling up the DagBag from /home/airflow/.local/lib/python3.12/site-packages/airflow/example_dags/example_dag_decorator.py
[2025-06-20T14:42:58.180+0000] {processor.py:840} INFO - DAG(s) 'example_dag_decorator' retrieved from /home/airflow/.local/lib/python3.12/site-packages/airflow/example_dags/example_dag_decorator.py
[2025-06-20T14:42:58.426+0000] {logging_mixin.py:188} INFO - [2025-06-20T14:42:58.426+0000] {dag.py:3096} INFO - Sync 1 DAGs
[2025-06-20T14:42:58.435+0000] {logging_mixin.py:188} INFO - [2025-06-20T14:42:58.435+0000] {dag.py:3954} INFO - Setting next_dagrun for example_dag_decorator to None, run_after=None
[2025-06-20T14:42:58.450+0000] {processor.py:183} INFO - Processing /home/airflow/.local/lib/python3.12/site-packages/airflow/example_dags/example_dag_decorator.py took 0.377 seconds
[2025-06-20T14:43:28.783+0000] {processor.py:161} INFO - Started process (PID=1098) to work on /home/airflow/.local/lib/python3.12/site-packages/airflow/example_dags/example_dag_decorator.py
[2025-06-20T14:43:28.784+0000] {processor.py:830} INFO - Processing file /home/airflow/.local/lib/python3.12/site-packages/airflow/example_dags/example_dag_decorator.py for tasks to queue
[2025-06-20T14:43:28.786+0000] {logging_mixin.py:188} INFO - [2025-06-20T14:43:28.785+0000] {dagbag.py:540} INFO - Filling up the DagBag from /home/airflow/.local/lib/python3.12/site-packages/airflow/example_dags/example_dag_decorator.py
[2025-06-20T14:43:28.983+0000] {processor.py:840} INFO - DAG(s) 'example_dag_decorator' retrieved from /home/airflow/.local/lib/python3.12/site-packages/airflow/example_dags/example_dag_decorator.py
[2025-06-20T14:43:29.080+0000] {logging_mixin.py:188} INFO - [2025-06-20T14:43:29.080+0000] {dag.py:3096} INFO - Sync 1 DAGs
[2025-06-20T14:43:29.089+0000] {logging_mixin.py:188} INFO - [2025-06-20T14:43:29.089+0000] {dag.py:3954} INFO - Setting next_dagrun for example_dag_decorator to None, run_after=None
[2025-06-20T14:43:29.103+0000] {processor.py:183} INFO - Processing /home/airflow/.local/lib/python3.12/site-packages/airflow/example_dags/example_dag_decorator.py took 0.326 seconds
[2025-06-20T14:43:59.324+0000] {processor.py:161} INFO - Started process (PID=1159) to work on /home/airflow/.local/lib/python3.12/site-packages/airflow/example_dags/example_dag_decorator.py
[2025-06-20T14:43:59.325+0000] {processor.py:830} INFO - Processing file /home/airflow/.local/lib/python3.12/site-packages/airflow/example_dags/example_dag_decorator.py for tasks to queue
[2025-06-20T14:43:59.327+0000] {logging_mixin.py:188} INFO - [2025-06-20T14:43:59.327+0000] {dagbag.py:540} INFO - Filling up the DagBag from /home/airflow/.local/lib/python3.12/site-packages/airflow/example_dags/example_dag_decorator.py
[2025-06-20T14:43:59.558+0000] {processor.py:840} INFO - DAG(s) 'example_dag_decorator' retrieved from /home/airflow/.local/lib/python3.12/site-packages/airflow/example_dags/example_dag_decorator.py
[2025-06-20T14:43:59.666+0000] {logging_mixin.py:188} INFO - [2025-06-20T14:43:59.666+0000] {dag.py:3096} INFO - Sync 1 DAGs
[2025-06-20T14:43:59.677+0000] {logging_mixin.py:188} INFO - [2025-06-20T14:43:59.676+0000] {dag.py:3954} INFO - Setting next_dagrun for example_dag_decorator to None, run_after=None
[2025-06-20T14:43:59.694+0000] {processor.py:183} INFO - Processing /home/airflow/.local/lib/python3.12/site-packages/airflow/example_dags/example_dag_decorator.py took 0.376 seconds
[2025-06-20T14:44:29.738+0000] {processor.py:161} INFO - Started process (PID=1217) to work on /home/airflow/.local/lib/python3.12/site-packages/airflow/example_dags/example_dag_decorator.py
[2025-06-20T14:44:29.740+0000] {processor.py:830} INFO - Processing file /home/airflow/.local/lib/python3.12/site-packages/airflow/example_dags/example_dag_decorator.py for tasks to queue
[2025-06-20T14:44:29.743+0000] {logging_mixin.py:188} INFO - [2025-06-20T14:44:29.742+0000] {dagbag.py:540} INFO - Filling up the DagBag from /home/airflow/.local/lib/python3.12/site-packages/airflow/example_dags/example_dag_decorator.py
[2025-06-20T14:44:29.980+0000] {processor.py:840} INFO - DAG(s) 'example_dag_decorator' retrieved from /home/airflow/.local/lib/python3.12/site-packages/airflow/example_dags/example_dag_decorator.py
[2025-06-20T14:44:30.080+0000] {logging_mixin.py:188} INFO - [2025-06-20T14:44:30.080+0000] {dag.py:3096} INFO - Sync 1 DAGs
[2025-06-20T14:44:30.089+0000] {logging_mixin.py:188} INFO - [2025-06-20T14:44:30.088+0000] {dag.py:3954} INFO - Setting next_dagrun for example_dag_decorator to None, run_after=None
[2025-06-20T14:44:30.105+0000] {processor.py:183} INFO - Processing /home/airflow/.local/lib/python3.12/site-packages/airflow/example_dags/example_dag_decorator.py took 0.373 seconds
[2025-06-20T14:45:01.045+0000] {processor.py:161} INFO - Started process (PID=1276) to work on /home/airflow/.local/lib/python3.12/site-packages/airflow/example_dags/example_dag_decorator.py
[2025-06-20T14:45:01.046+0000] {processor.py:830} INFO - Processing file /home/airflow/.local/lib/python3.12/site-packages/airflow/example_dags/example_dag_decorator.py for tasks to queue
[2025-06-20T14:45:01.049+0000] {logging_mixin.py:188} INFO - [2025-06-20T14:45:01.048+0000] {dagbag.py:540} INFO - Filling up the DagBag from /home/airflow/.local/lib/python3.12/site-packages/airflow/example_dags/example_dag_decorator.py
[2025-06-20T14:45:01.271+0000] {processor.py:840} INFO - DAG(s) 'example_dag_decorator' retrieved from /home/airflow/.local/lib/python3.12/site-packages/airflow/example_dags/example_dag_decorator.py
[2025-06-20T14:45:01.371+0000] {logging_mixin.py:188} INFO - [2025-06-20T14:45:01.370+0000] {dag.py:3096} INFO - Sync 1 DAGs
[2025-06-20T14:45:01.379+0000] {logging_mixin.py:188} INFO - [2025-06-20T14:45:01.379+0000] {dag.py:3954} INFO - Setting next_dagrun for example_dag_decorator to None, run_after=None
[2025-06-20T14:45:01.394+0000] {processor.py:183} INFO - Processing /home/airflow/.local/lib/python3.12/site-packages/airflow/example_dags/example_dag_decorator.py took 0.355 seconds
[2025-06-20T14:45:31.722+0000] {processor.py:161} INFO - Started process (PID=1334) to work on /home/airflow/.local/lib/python3.12/site-packages/airflow/example_dags/example_dag_decorator.py
[2025-06-20T14:45:31.723+0000] {processor.py:830} INFO - Processing file /home/airflow/.local/lib/python3.12/site-packages/airflow/example_dags/example_dag_decorator.py for tasks to queue
[2025-06-20T14:45:31.725+0000] {logging_mixin.py:188} INFO - [2025-06-20T14:45:31.725+0000] {dagbag.py:540} INFO - Filling up the DagBag from /home/airflow/.local/lib/python3.12/site-packages/airflow/example_dags/example_dag_decorator.py
[2025-06-20T14:45:31.816+0000] {processor.py:840} INFO - DAG(s) 'example_dag_decorator' retrieved from /home/airflow/.local/lib/python3.12/site-packages/airflow/example_dags/example_dag_decorator.py
[2025-06-20T14:45:31.920+0000] {logging_mixin.py:188} INFO - [2025-06-20T14:45:31.920+0000] {dag.py:3096} INFO - Sync 1 DAGs
[2025-06-20T14:45:31.930+0000] {logging_mixin.py:188} INFO - [2025-06-20T14:45:31.930+0000] {dag.py:3954} INFO - Setting next_dagrun for example_dag_decorator to None, run_after=None
[2025-06-20T14:45:31.946+0000] {processor.py:183} INFO - Processing /home/airflow/.local/lib/python3.12/site-packages/airflow/example_dags/example_dag_decorator.py took 0.229 seconds
[2025-06-20T14:46:02.030+0000] {processor.py:161} INFO - Started process (PID=1394) to work on /home/airflow/.local/lib/python3.12/site-packages/airflow/example_dags/example_dag_decorator.py
[2025-06-20T14:46:02.031+0000] {processor.py:830} INFO - Processing file /home/airflow/.local/lib/python3.12/site-packages/airflow/example_dags/example_dag_decorator.py for tasks to queue
[2025-06-20T14:46:02.033+0000] {logging_mixin.py:188} INFO - [2025-06-20T14:46:02.032+0000] {dagbag.py:540} INFO - Filling up the DagBag from /home/airflow/.local/lib/python3.12/site-packages/airflow/example_dags/example_dag_decorator.py
[2025-06-20T14:46:02.123+0000] {processor.py:840} INFO - DAG(s) 'example_dag_decorator' retrieved from /home/airflow/.local/lib/python3.12/site-packages/airflow/example_dags/example_dag_decorator.py
[2025-06-20T14:46:02.235+0000] {logging_mixin.py:188} INFO - [2025-06-20T14:46:02.235+0000] {dag.py:3096} INFO - Sync 1 DAGs
[2025-06-20T14:46:02.245+0000] {logging_mixin.py:188} INFO - [2025-06-20T14:46:02.245+0000] {dag.py:3954} INFO - Setting next_dagrun for example_dag_decorator to None, run_after=None
[2025-06-20T14:46:02.263+0000] {processor.py:183} INFO - Processing /home/airflow/.local/lib/python3.12/site-packages/airflow/example_dags/example_dag_decorator.py took 0.238 seconds
[2025-06-20T14:46:32.329+0000] {processor.py:161} INFO - Started process (PID=1453) to work on /home/airflow/.local/lib/python3.12/site-packages/airflow/example_dags/example_dag_decorator.py
[2025-06-20T14:46:32.330+0000] {processor.py:830} INFO - Processing file /home/airflow/.local/lib/python3.12/site-packages/airflow/example_dags/example_dag_decorator.py for tasks to queue
[2025-06-20T14:46:32.332+0000] {logging_mixin.py:188} INFO - [2025-06-20T14:46:32.331+0000] {dagbag.py:540} INFO - Filling up the DagBag from /home/airflow/.local/lib/python3.12/site-packages/airflow/example_dags/example_dag_decorator.py
[2025-06-20T14:46:32.422+0000] {processor.py:840} INFO - DAG(s) 'example_dag_decorator' retrieved from /home/airflow/.local/lib/python3.12/site-packages/airflow/example_dags/example_dag_decorator.py
[2025-06-20T14:46:32.535+0000] {logging_mixin.py:188} INFO - [2025-06-20T14:46:32.534+0000] {dag.py:3096} INFO - Sync 1 DAGs
[2025-06-20T14:46:32.545+0000] {logging_mixin.py:188} INFO - [2025-06-20T14:46:32.544+0000] {dag.py:3954} INFO - Setting next_dagrun for example_dag_decorator to None, run_after=None
[2025-06-20T14:46:32.561+0000] {processor.py:183} INFO - Processing /home/airflow/.local/lib/python3.12/site-packages/airflow/example_dags/example_dag_decorator.py took 0.239 seconds
[2025-06-20T14:47:02.667+0000] {processor.py:161} INFO - Started process (PID=1512) to work on /home/airflow/.local/lib/python3.12/site-packages/airflow/example_dags/example_dag_decorator.py
[2025-06-20T14:47:02.668+0000] {processor.py:830} INFO - Processing file /home/airflow/.local/lib/python3.12/site-packages/airflow/example_dags/example_dag_decorator.py for tasks to queue
[2025-06-20T14:47:02.670+0000] {logging_mixin.py:188} INFO - [2025-06-20T14:47:02.669+0000] {dagbag.py:540} INFO - Filling up the DagBag from /home/airflow/.local/lib/python3.12/site-packages/airflow/example_dags/example_dag_decorator.py
[2025-06-20T14:47:02.760+0000] {processor.py:840} INFO - DAG(s) 'example_dag_decorator' retrieved from /home/airflow/.local/lib/python3.12/site-packages/airflow/example_dags/example_dag_decorator.py
[2025-06-20T14:47:02.874+0000] {logging_mixin.py:188} INFO - [2025-06-20T14:47:02.874+0000] {dag.py:3096} INFO - Sync 1 DAGs
[2025-06-20T14:47:02.885+0000] {logging_mixin.py:188} INFO - [2025-06-20T14:47:02.884+0000] {dag.py:3954} INFO - Setting next_dagrun for example_dag_decorator to None, run_after=None
[2025-06-20T14:47:02.901+0000] {processor.py:183} INFO - Processing /home/airflow/.local/lib/python3.12/site-packages/airflow/example_dags/example_dag_decorator.py took 0.240 seconds
[2025-06-20T14:47:32.980+0000] {processor.py:161} INFO - Started process (PID=1572) to work on /home/airflow/.local/lib/python3.12/site-packages/airflow/example_dags/example_dag_decorator.py
[2025-06-20T14:47:32.981+0000] {processor.py:830} INFO - Processing file /home/airflow/.local/lib/python3.12/site-packages/airflow/example_dags/example_dag_decorator.py for tasks to queue
[2025-06-20T14:47:32.984+0000] {logging_mixin.py:188} INFO - [2025-06-20T14:47:32.983+0000] {dagbag.py:540} INFO - Filling up the DagBag from /home/airflow/.local/lib/python3.12/site-packages/airflow/example_dags/example_dag_decorator.py
[2025-06-20T14:47:33.075+0000] {processor.py:840} INFO - DAG(s) 'example_dag_decorator' retrieved from /home/airflow/.local/lib/python3.12/site-packages/airflow/example_dags/example_dag_decorator.py
[2025-06-20T14:47:33.183+0000] {logging_mixin.py:188} INFO - [2025-06-20T14:47:33.183+0000] {dag.py:3096} INFO - Sync 1 DAGs
[2025-06-20T14:47:33.193+0000] {logging_mixin.py:188} INFO - [2025-06-20T14:47:33.193+0000] {dag.py:3954} INFO - Setting next_dagrun for example_dag_decorator to None, run_after=None
[2025-06-20T14:47:33.208+0000] {processor.py:183} INFO - Processing /home/airflow/.local/lib/python3.12/site-packages/airflow/example_dags/example_dag_decorator.py took 0.234 seconds
[2025-06-20T14:48:03.478+0000] {processor.py:161} INFO - Started process (PID=1631) to work on /home/airflow/.local/lib/python3.12/site-packages/airflow/example_dags/example_dag_decorator.py
[2025-06-20T14:48:03.479+0000] {processor.py:830} INFO - Processing file /home/airflow/.local/lib/python3.12/site-packages/airflow/example_dags/example_dag_decorator.py for tasks to queue
[2025-06-20T14:48:03.481+0000] {logging_mixin.py:188} INFO - [2025-06-20T14:48:03.480+0000] {dagbag.py:540} INFO - Filling up the DagBag from /home/airflow/.local/lib/python3.12/site-packages/airflow/example_dags/example_dag_decorator.py
[2025-06-20T14:48:03.575+0000] {processor.py:840} INFO - DAG(s) 'example_dag_decorator' retrieved from /home/airflow/.local/lib/python3.12/site-packages/airflow/example_dags/example_dag_decorator.py
[2025-06-20T14:48:03.695+0000] {logging_mixin.py:188} INFO - [2025-06-20T14:48:03.695+0000] {dag.py:3096} INFO - Sync 1 DAGs
[2025-06-20T14:48:03.705+0000] {logging_mixin.py:188} INFO - [2025-06-20T14:48:03.705+0000] {dag.py:3954} INFO - Setting next_dagrun for example_dag_decorator to None, run_after=None
[2025-06-20T14:48:03.723+0000] {processor.py:183} INFO - Processing /home/airflow/.local/lib/python3.12/site-packages/airflow/example_dags/example_dag_decorator.py took 0.251 seconds
[2025-06-20T14:48:33.780+0000] {processor.py:161} INFO - Started process (PID=1690) to work on /home/airflow/.local/lib/python3.12/site-packages/airflow/example_dags/example_dag_decorator.py
[2025-06-20T14:48:33.781+0000] {processor.py:830} INFO - Processing file /home/airflow/.local/lib/python3.12/site-packages/airflow/example_dags/example_dag_decorator.py for tasks to queue
[2025-06-20T14:48:33.783+0000] {logging_mixin.py:188} INFO - [2025-06-20T14:48:33.783+0000] {dagbag.py:540} INFO - Filling up the DagBag from /home/airflow/.local/lib/python3.12/site-packages/airflow/example_dags/example_dag_decorator.py
[2025-06-20T14:48:33.881+0000] {processor.py:840} INFO - DAG(s) 'example_dag_decorator' retrieved from /home/airflow/.local/lib/python3.12/site-packages/airflow/example_dags/example_dag_decorator.py
[2025-06-20T14:48:33.998+0000] {logging_mixin.py:188} INFO - [2025-06-20T14:48:33.998+0000] {dag.py:3096} INFO - Sync 1 DAGs
[2025-06-20T14:48:34.010+0000] {logging_mixin.py:188} INFO - [2025-06-20T14:48:34.009+0000] {dag.py:3954} INFO - Setting next_dagrun for example_dag_decorator to None, run_after=None
[2025-06-20T14:48:34.026+0000] {processor.py:183} INFO - Processing /home/airflow/.local/lib/python3.12/site-packages/airflow/example_dags/example_dag_decorator.py took 0.252 seconds
[2025-06-20T14:49:04.095+0000] {processor.py:161} INFO - Started process (PID=1751) to work on /home/airflow/.local/lib/python3.12/site-packages/airflow/example_dags/example_dag_decorator.py
[2025-06-20T14:49:04.096+0000] {processor.py:830} INFO - Processing file /home/airflow/.local/lib/python3.12/site-packages/airflow/example_dags/example_dag_decorator.py for tasks to queue
[2025-06-20T14:49:04.098+0000] {logging_mixin.py:188} INFO - [2025-06-20T14:49:04.097+0000] {dagbag.py:540} INFO - Filling up the DagBag from /home/airflow/.local/lib/python3.12/site-packages/airflow/example_dags/example_dag_decorator.py
[2025-06-20T14:49:04.192+0000] {processor.py:840} INFO - DAG(s) 'example_dag_decorator' retrieved from /home/airflow/.local/lib/python3.12/site-packages/airflow/example_dags/example_dag_decorator.py
[2025-06-20T14:49:04.303+0000] {logging_mixin.py:188} INFO - [2025-06-20T14:49:04.303+0000] {dag.py:3096} INFO - Sync 1 DAGs
[2025-06-20T14:49:04.313+0000] {logging_mixin.py:188} INFO - [2025-06-20T14:49:04.313+0000] {dag.py:3954} INFO - Setting next_dagrun for example_dag_decorator to None, run_after=None
[2025-06-20T14:49:04.330+0000] {processor.py:183} INFO - Processing /home/airflow/.local/lib/python3.12/site-packages/airflow/example_dags/example_dag_decorator.py took 0.241 seconds
[2025-06-20T14:49:34.501+0000] {processor.py:161} INFO - Started process (PID=1810) to work on /home/airflow/.local/lib/python3.12/site-packages/airflow/example_dags/example_dag_decorator.py
[2025-06-20T14:49:34.502+0000] {processor.py:830} INFO - Processing file /home/airflow/.local/lib/python3.12/site-packages/airflow/example_dags/example_dag_decorator.py for tasks to queue
[2025-06-20T14:49:34.504+0000] {logging_mixin.py:188} INFO - [2025-06-20T14:49:34.504+0000] {dagbag.py:540} INFO - Filling up the DagBag from /home/airflow/.local/lib/python3.12/site-packages/airflow/example_dags/example_dag_decorator.py
[2025-06-20T14:49:34.600+0000] {processor.py:840} INFO - DAG(s) 'example_dag_decorator' retrieved from /home/airflow/.local/lib/python3.12/site-packages/airflow/example_dags/example_dag_decorator.py
[2025-06-20T14:49:34.727+0000] {logging_mixin.py:188} INFO - [2025-06-20T14:49:34.726+0000] {dag.py:3096} INFO - Sync 1 DAGs
[2025-06-20T14:49:34.738+0000] {logging_mixin.py:188} INFO - [2025-06-20T14:49:34.738+0000] {dag.py:3954} INFO - Setting next_dagrun for example_dag_decorator to None, run_after=None
[2025-06-20T14:49:34.759+0000] {processor.py:183} INFO - Processing /home/airflow/.local/lib/python3.12/site-packages/airflow/example_dags/example_dag_decorator.py took 0.264 seconds
[2025-06-20T14:50:05.672+0000] {processor.py:161} INFO - Started process (PID=1868) to work on /home/airflow/.local/lib/python3.12/site-packages/airflow/example_dags/example_dag_decorator.py
[2025-06-20T14:50:05.673+0000] {processor.py:830} INFO - Processing file /home/airflow/.local/lib/python3.12/site-packages/airflow/example_dags/example_dag_decorator.py for tasks to queue
[2025-06-20T14:50:05.674+0000] {logging_mixin.py:188} INFO - [2025-06-20T14:50:05.674+0000] {dagbag.py:540} INFO - Filling up the DagBag from /home/airflow/.local/lib/python3.12/site-packages/airflow/example_dags/example_dag_decorator.py
[2025-06-20T14:50:05.765+0000] {processor.py:840} INFO - DAG(s) 'example_dag_decorator' retrieved from /home/airflow/.local/lib/python3.12/site-packages/airflow/example_dags/example_dag_decorator.py
[2025-06-20T14:50:05.878+0000] {logging_mixin.py:188} INFO - [2025-06-20T14:50:05.877+0000] {dag.py:3096} INFO - Sync 1 DAGs
[2025-06-20T14:50:05.887+0000] {logging_mixin.py:188} INFO - [2025-06-20T14:50:05.887+0000] {dag.py:3954} INFO - Setting next_dagrun for example_dag_decorator to None, run_after=None
[2025-06-20T14:50:05.915+0000] {processor.py:183} INFO - Processing /home/airflow/.local/lib/python3.12/site-packages/airflow/example_dags/example_dag_decorator.py took 0.249 seconds
[2025-06-20T14:50:36.761+0000] {processor.py:161} INFO - Started process (PID=1926) to work on /home/airflow/.local/lib/python3.12/site-packages/airflow/example_dags/example_dag_decorator.py
[2025-06-20T14:50:36.762+0000] {processor.py:830} INFO - Processing file /home/airflow/.local/lib/python3.12/site-packages/airflow/example_dags/example_dag_decorator.py for tasks to queue
[2025-06-20T14:50:36.764+0000] {logging_mixin.py:188} INFO - [2025-06-20T14:50:36.763+0000] {dagbag.py:540} INFO - Filling up the DagBag from /home/airflow/.local/lib/python3.12/site-packages/airflow/example_dags/example_dag_decorator.py
[2025-06-20T14:50:36.858+0000] {processor.py:840} INFO - DAG(s) 'example_dag_decorator' retrieved from /home/airflow/.local/lib/python3.12/site-packages/airflow/example_dags/example_dag_decorator.py
[2025-06-20T14:50:36.963+0000] {logging_mixin.py:188} INFO - [2025-06-20T14:50:36.963+0000] {dag.py:3096} INFO - Sync 1 DAGs
[2025-06-20T14:50:36.972+0000] {logging_mixin.py:188} INFO - [2025-06-20T14:50:36.972+0000] {dag.py:3954} INFO - Setting next_dagrun for example_dag_decorator to None, run_after=None
[2025-06-20T14:50:36.993+0000] {processor.py:183} INFO - Processing /home/airflow/.local/lib/python3.12/site-packages/airflow/example_dags/example_dag_decorator.py took 0.238 seconds
[2025-06-20T14:51:07.986+0000] {processor.py:161} INFO - Started process (PID=1984) to work on /home/airflow/.local/lib/python3.12/site-packages/airflow/example_dags/example_dag_decorator.py
[2025-06-20T14:51:07.987+0000] {processor.py:830} INFO - Processing file /home/airflow/.local/lib/python3.12/site-packages/airflow/example_dags/example_dag_decorator.py for tasks to queue
[2025-06-20T14:51:07.989+0000] {logging_mixin.py:188} INFO - [2025-06-20T14:51:07.989+0000] {dagbag.py:540} INFO - Filling up the DagBag from /home/airflow/.local/lib/python3.12/site-packages/airflow/example_dags/example_dag_decorator.py
[2025-06-20T14:51:08.078+0000] {processor.py:840} INFO - DAG(s) 'example_dag_decorator' retrieved from /home/airflow/.local/lib/python3.12/site-packages/airflow/example_dags/example_dag_decorator.py
[2025-06-20T14:51:08.100+0000] {logging_mixin.py:188} INFO - [2025-06-20T14:51:08.099+0000] {dag.py:3096} INFO - Sync 1 DAGs
[2025-06-20T14:51:08.111+0000] {logging_mixin.py:188} INFO - [2025-06-20T14:51:08.111+0000] {dag.py:3954} INFO - Setting next_dagrun for example_dag_decorator to None, run_after=None
[2025-06-20T14:51:08.127+0000] {processor.py:183} INFO - Processing /home/airflow/.local/lib/python3.12/site-packages/airflow/example_dags/example_dag_decorator.py took 0.148 seconds
[2025-06-20T14:51:39.143+0000] {processor.py:161} INFO - Started process (PID=2042) to work on /home/airflow/.local/lib/python3.12/site-packages/airflow/example_dags/example_dag_decorator.py
[2025-06-20T14:51:39.144+0000] {processor.py:830} INFO - Processing file /home/airflow/.local/lib/python3.12/site-packages/airflow/example_dags/example_dag_decorator.py for tasks to queue
[2025-06-20T14:51:39.145+0000] {logging_mixin.py:188} INFO - [2025-06-20T14:51:39.145+0000] {dagbag.py:540} INFO - Filling up the DagBag from /home/airflow/.local/lib/python3.12/site-packages/airflow/example_dags/example_dag_decorator.py
[2025-06-20T14:51:39.239+0000] {processor.py:840} INFO - DAG(s) 'example_dag_decorator' retrieved from /home/airflow/.local/lib/python3.12/site-packages/airflow/example_dags/example_dag_decorator.py
[2025-06-20T14:51:39.348+0000] {logging_mixin.py:188} INFO - [2025-06-20T14:51:39.348+0000] {dag.py:3096} INFO - Sync 1 DAGs
[2025-06-20T14:51:39.358+0000] {logging_mixin.py:188} INFO - [2025-06-20T14:51:39.358+0000] {dag.py:3954} INFO - Setting next_dagrun for example_dag_decorator to None, run_after=None
[2025-06-20T14:51:39.375+0000] {processor.py:183} INFO - Processing /home/airflow/.local/lib/python3.12/site-packages/airflow/example_dags/example_dag_decorator.py took 0.238 seconds
[2025-06-20T14:52:10.374+0000] {processor.py:161} INFO - Started process (PID=2100) to work on /home/airflow/.local/lib/python3.12/site-packages/airflow/example_dags/example_dag_decorator.py
[2025-06-20T14:52:10.375+0000] {processor.py:830} INFO - Processing file /home/airflow/.local/lib/python3.12/site-packages/airflow/example_dags/example_dag_decorator.py for tasks to queue
[2025-06-20T14:52:10.377+0000] {logging_mixin.py:188} INFO - [2025-06-20T14:52:10.376+0000] {dagbag.py:540} INFO - Filling up the DagBag from /home/airflow/.local/lib/python3.12/site-packages/airflow/example_dags/example_dag_decorator.py
[2025-06-20T14:52:10.467+0000] {processor.py:840} INFO - DAG(s) 'example_dag_decorator' retrieved from /home/airflow/.local/lib/python3.12/site-packages/airflow/example_dags/example_dag_decorator.py
[2025-06-20T14:52:10.575+0000] {logging_mixin.py:188} INFO - [2025-06-20T14:52:10.575+0000] {dag.py:3096} INFO - Sync 1 DAGs
[2025-06-20T14:52:10.584+0000] {logging_mixin.py:188} INFO - [2025-06-20T14:52:10.584+0000] {dag.py:3954} INFO - Setting next_dagrun for example_dag_decorator to None, run_after=None
[2025-06-20T14:52:10.599+0000] {processor.py:183} INFO - Processing /home/airflow/.local/lib/python3.12/site-packages/airflow/example_dags/example_dag_decorator.py took 0.232 seconds
[2025-06-20T14:52:41.428+0000] {processor.py:161} INFO - Started process (PID=2158) to work on /home/airflow/.local/lib/python3.12/site-packages/airflow/example_dags/example_dag_decorator.py
[2025-06-20T14:52:41.429+0000] {processor.py:830} INFO - Processing file /home/airflow/.local/lib/python3.12/site-packages/airflow/example_dags/example_dag_decorator.py for tasks to queue
[2025-06-20T14:52:41.431+0000] {logging_mixin.py:188} INFO - [2025-06-20T14:52:41.431+0000] {dagbag.py:540} INFO - Filling up the DagBag from /home/airflow/.local/lib/python3.12/site-packages/airflow/example_dags/example_dag_decorator.py
[2025-06-20T14:52:41.523+0000] {processor.py:840} INFO - DAG(s) 'example_dag_decorator' retrieved from /home/airflow/.local/lib/python3.12/site-packages/airflow/example_dags/example_dag_decorator.py
[2025-06-20T14:52:41.630+0000] {logging_mixin.py:188} INFO - [2025-06-20T14:52:41.630+0000] {dag.py:3096} INFO - Sync 1 DAGs
[2025-06-20T14:52:41.639+0000] {logging_mixin.py:188} INFO - [2025-06-20T14:52:41.639+0000] {dag.py:3954} INFO - Setting next_dagrun for example_dag_decorator to None, run_after=None
[2025-06-20T14:52:41.655+0000] {processor.py:183} INFO - Processing /home/airflow/.local/lib/python3.12/site-packages/airflow/example_dags/example_dag_decorator.py took 0.233 seconds
[2025-06-20T14:53:12.591+0000] {processor.py:161} INFO - Started process (PID=2216) to work on /home/airflow/.local/lib/python3.12/site-packages/airflow/example_dags/example_dag_decorator.py
[2025-06-20T14:53:12.592+0000] {processor.py:830} INFO - Processing file /home/airflow/.local/lib/python3.12/site-packages/airflow/example_dags/example_dag_decorator.py for tasks to queue
[2025-06-20T14:53:12.594+0000] {logging_mixin.py:188} INFO - [2025-06-20T14:53:12.593+0000] {dagbag.py:540} INFO - Filling up the DagBag from /home/airflow/.local/lib/python3.12/site-packages/airflow/example_dags/example_dag_decorator.py
[2025-06-20T14:53:12.683+0000] {processor.py:840} INFO - DAG(s) 'example_dag_decorator' retrieved from /home/airflow/.local/lib/python3.12/site-packages/airflow/example_dags/example_dag_decorator.py
[2025-06-20T14:53:12.799+0000] {logging_mixin.py:188} INFO - [2025-06-20T14:53:12.799+0000] {dag.py:3096} INFO - Sync 1 DAGs
[2025-06-20T14:53:12.809+0000] {logging_mixin.py:188} INFO - [2025-06-20T14:53:12.808+0000] {dag.py:3954} INFO - Setting next_dagrun for example_dag_decorator to None, run_after=None
[2025-06-20T14:53:12.826+0000] {processor.py:183} INFO - Processing /home/airflow/.local/lib/python3.12/site-packages/airflow/example_dags/example_dag_decorator.py took 0.241 seconds
[2025-06-20T14:53:42.948+0000] {processor.py:161} INFO - Started process (PID=2274) to work on /home/airflow/.local/lib/python3.12/site-packages/airflow/example_dags/example_dag_decorator.py
[2025-06-20T14:53:42.949+0000] {processor.py:830} INFO - Processing file /home/airflow/.local/lib/python3.12/site-packages/airflow/example_dags/example_dag_decorator.py for tasks to queue
[2025-06-20T14:53:42.951+0000] {logging_mixin.py:188} INFO - [2025-06-20T14:53:42.951+0000] {dagbag.py:540} INFO - Filling up the DagBag from /home/airflow/.local/lib/python3.12/site-packages/airflow/example_dags/example_dag_decorator.py
[2025-06-20T14:53:43.044+0000] {processor.py:840} INFO - DAG(s) 'example_dag_decorator' retrieved from /home/airflow/.local/lib/python3.12/site-packages/airflow/example_dags/example_dag_decorator.py
[2025-06-20T14:53:43.151+0000] {logging_mixin.py:188} INFO - [2025-06-20T14:53:43.151+0000] {dag.py:3096} INFO - Sync 1 DAGs
[2025-06-20T14:53:43.160+0000] {logging_mixin.py:188} INFO - [2025-06-20T14:53:43.160+0000] {dag.py:3954} INFO - Setting next_dagrun for example_dag_decorator to None, run_after=None
[2025-06-20T14:53:43.176+0000] {processor.py:183} INFO - Processing /home/airflow/.local/lib/python3.12/site-packages/airflow/example_dags/example_dag_decorator.py took 0.234 seconds
[2025-06-20T14:54:13.801+0000] {processor.py:161} INFO - Started process (PID=2332) to work on /home/airflow/.local/lib/python3.12/site-packages/airflow/example_dags/example_dag_decorator.py
[2025-06-20T14:54:13.802+0000] {processor.py:830} INFO - Processing file /home/airflow/.local/lib/python3.12/site-packages/airflow/example_dags/example_dag_decorator.py for tasks to queue
[2025-06-20T14:54:13.804+0000] {logging_mixin.py:188} INFO - [2025-06-20T14:54:13.804+0000] {dagbag.py:540} INFO - Filling up the DagBag from /home/airflow/.local/lib/python3.12/site-packages/airflow/example_dags/example_dag_decorator.py
[2025-06-20T14:54:13.901+0000] {processor.py:840} INFO - DAG(s) 'example_dag_decorator' retrieved from /home/airflow/.local/lib/python3.12/site-packages/airflow/example_dags/example_dag_decorator.py
[2025-06-20T14:54:14.018+0000] {logging_mixin.py:188} INFO - [2025-06-20T14:54:14.018+0000] {dag.py:3096} INFO - Sync 1 DAGs
[2025-06-20T14:54:14.028+0000] {logging_mixin.py:188} INFO - [2025-06-20T14:54:14.028+0000] {dag.py:3954} INFO - Setting next_dagrun for example_dag_decorator to None, run_after=None
[2025-06-20T14:54:14.053+0000] {processor.py:183} INFO - Processing /home/airflow/.local/lib/python3.12/site-packages/airflow/example_dags/example_dag_decorator.py took 0.258 seconds
[2025-06-20T14:54:44.873+0000] {processor.py:161} INFO - Started process (PID=2390) to work on /home/airflow/.local/lib/python3.12/site-packages/airflow/example_dags/example_dag_decorator.py
[2025-06-20T14:54:44.874+0000] {processor.py:830} INFO - Processing file /home/airflow/.local/lib/python3.12/site-packages/airflow/example_dags/example_dag_decorator.py for tasks to queue
[2025-06-20T14:54:44.876+0000] {logging_mixin.py:188} INFO - [2025-06-20T14:54:44.876+0000] {dagbag.py:540} INFO - Filling up the DagBag from /home/airflow/.local/lib/python3.12/site-packages/airflow/example_dags/example_dag_decorator.py
[2025-06-20T14:54:45.018+0000] {processor.py:840} INFO - DAG(s) 'example_dag_decorator' retrieved from /home/airflow/.local/lib/python3.12/site-packages/airflow/example_dags/example_dag_decorator.py
[2025-06-20T14:54:45.145+0000] {logging_mixin.py:188} INFO - [2025-06-20T14:54:45.145+0000] {dag.py:3096} INFO - Sync 1 DAGs
[2025-06-20T14:54:45.156+0000] {logging_mixin.py:188} INFO - [2025-06-20T14:54:45.156+0000] {dag.py:3954} INFO - Setting next_dagrun for example_dag_decorator to None, run_after=None
[2025-06-20T14:54:45.174+0000] {processor.py:183} INFO - Processing /home/airflow/.local/lib/python3.12/site-packages/airflow/example_dags/example_dag_decorator.py took 0.309 seconds
[2025-06-20T14:55:16.130+0000] {processor.py:161} INFO - Started process (PID=2449) to work on /home/airflow/.local/lib/python3.12/site-packages/airflow/example_dags/example_dag_decorator.py
[2025-06-20T14:55:16.131+0000] {processor.py:830} INFO - Processing file /home/airflow/.local/lib/python3.12/site-packages/airflow/example_dags/example_dag_decorator.py for tasks to queue
[2025-06-20T14:55:16.133+0000] {logging_mixin.py:188} INFO - [2025-06-20T14:55:16.133+0000] {dagbag.py:540} INFO - Filling up the DagBag from /home/airflow/.local/lib/python3.12/site-packages/airflow/example_dags/example_dag_decorator.py
[2025-06-20T14:55:16.223+0000] {processor.py:840} INFO - DAG(s) 'example_dag_decorator' retrieved from /home/airflow/.local/lib/python3.12/site-packages/airflow/example_dags/example_dag_decorator.py
[2025-06-20T14:55:16.327+0000] {logging_mixin.py:188} INFO - [2025-06-20T14:55:16.327+0000] {dag.py:3096} INFO - Sync 1 DAGs
[2025-06-20T14:55:16.336+0000] {logging_mixin.py:188} INFO - [2025-06-20T14:55:16.336+0000] {dag.py:3954} INFO - Setting next_dagrun for example_dag_decorator to None, run_after=None
[2025-06-20T14:55:16.352+0000] {processor.py:183} INFO - Processing /home/airflow/.local/lib/python3.12/site-packages/airflow/example_dags/example_dag_decorator.py took 0.228 seconds
[2025-06-20T14:55:47.333+0000] {processor.py:161} INFO - Started process (PID=2509) to work on /home/airflow/.local/lib/python3.12/site-packages/airflow/example_dags/example_dag_decorator.py
[2025-06-20T14:55:47.333+0000] {processor.py:830} INFO - Processing file /home/airflow/.local/lib/python3.12/site-packages/airflow/example_dags/example_dag_decorator.py for tasks to queue
[2025-06-20T14:55:47.335+0000] {logging_mixin.py:188} INFO - [2025-06-20T14:55:47.335+0000] {dagbag.py:540} INFO - Filling up the DagBag from /home/airflow/.local/lib/python3.12/site-packages/airflow/example_dags/example_dag_decorator.py
[2025-06-20T14:55:47.428+0000] {processor.py:840} INFO - DAG(s) 'example_dag_decorator' retrieved from /home/airflow/.local/lib/python3.12/site-packages/airflow/example_dags/example_dag_decorator.py
[2025-06-20T14:55:47.535+0000] {logging_mixin.py:188} INFO - [2025-06-20T14:55:47.535+0000] {dag.py:3096} INFO - Sync 1 DAGs
[2025-06-20T14:55:47.545+0000] {logging_mixin.py:188} INFO - [2025-06-20T14:55:47.545+0000] {dag.py:3954} INFO - Setting next_dagrun for example_dag_decorator to None, run_after=None
[2025-06-20T14:55:47.561+0000] {processor.py:183} INFO - Processing /home/airflow/.local/lib/python3.12/site-packages/airflow/example_dags/example_dag_decorator.py took 0.236 seconds
[2025-06-20T14:56:17.639+0000] {processor.py:161} INFO - Started process (PID=2568) to work on /home/airflow/.local/lib/python3.12/site-packages/airflow/example_dags/example_dag_decorator.py
[2025-06-20T14:56:17.640+0000] {processor.py:830} INFO - Processing file /home/airflow/.local/lib/python3.12/site-packages/airflow/example_dags/example_dag_decorator.py for tasks to queue
[2025-06-20T14:56:17.643+0000] {logging_mixin.py:188} INFO - [2025-06-20T14:56:17.643+0000] {dagbag.py:540} INFO - Filling up the DagBag from /home/airflow/.local/lib/python3.12/site-packages/airflow/example_dags/example_dag_decorator.py
[2025-06-20T14:56:17.734+0000] {processor.py:840} INFO - DAG(s) 'example_dag_decorator' retrieved from /home/airflow/.local/lib/python3.12/site-packages/airflow/example_dags/example_dag_decorator.py
[2025-06-20T14:56:17.845+0000] {logging_mixin.py:188} INFO - [2025-06-20T14:56:17.845+0000] {dag.py:3096} INFO - Sync 1 DAGs
[2025-06-20T14:56:17.855+0000] {logging_mixin.py:188} INFO - [2025-06-20T14:56:17.855+0000] {dag.py:3954} INFO - Setting next_dagrun for example_dag_decorator to None, run_after=None
[2025-06-20T14:56:17.871+0000] {processor.py:183} INFO - Processing /home/airflow/.local/lib/python3.12/site-packages/airflow/example_dags/example_dag_decorator.py took 0.238 seconds
[2025-06-20T14:56:47.946+0000] {processor.py:161} INFO - Started process (PID=2627) to work on /home/airflow/.local/lib/python3.12/site-packages/airflow/example_dags/example_dag_decorator.py
[2025-06-20T14:56:47.947+0000] {processor.py:830} INFO - Processing file /home/airflow/.local/lib/python3.12/site-packages/airflow/example_dags/example_dag_decorator.py for tasks to queue
[2025-06-20T14:56:47.950+0000] {logging_mixin.py:188} INFO - [2025-06-20T14:56:47.949+0000] {dagbag.py:540} INFO - Filling up the DagBag from /home/airflow/.local/lib/python3.12/site-packages/airflow/example_dags/example_dag_decorator.py
[2025-06-20T14:56:48.041+0000] {processor.py:840} INFO - DAG(s) 'example_dag_decorator' retrieved from /home/airflow/.local/lib/python3.12/site-packages/airflow/example_dags/example_dag_decorator.py
[2025-06-20T14:56:48.149+0000] {logging_mixin.py:188} INFO - [2025-06-20T14:56:48.149+0000] {dag.py:3096} INFO - Sync 1 DAGs
[2025-06-20T14:56:48.160+0000] {logging_mixin.py:188} INFO - [2025-06-20T14:56:48.160+0000] {dag.py:3954} INFO - Setting next_dagrun for example_dag_decorator to None, run_after=None
[2025-06-20T14:56:48.176+0000] {processor.py:183} INFO - Processing /home/airflow/.local/lib/python3.12/site-packages/airflow/example_dags/example_dag_decorator.py took 0.236 seconds
[2025-06-20T14:57:19.091+0000] {processor.py:161} INFO - Started process (PID=2686) to work on /home/airflow/.local/lib/python3.12/site-packages/airflow/example_dags/example_dag_decorator.py
[2025-06-20T14:57:19.092+0000] {processor.py:830} INFO - Processing file /home/airflow/.local/lib/python3.12/site-packages/airflow/example_dags/example_dag_decorator.py for tasks to queue
[2025-06-20T14:57:19.094+0000] {logging_mixin.py:188} INFO - [2025-06-20T14:57:19.094+0000] {dagbag.py:540} INFO - Filling up the DagBag from /home/airflow/.local/lib/python3.12/site-packages/airflow/example_dags/example_dag_decorator.py
[2025-06-20T14:57:19.185+0000] {processor.py:840} INFO - DAG(s) 'example_dag_decorator' retrieved from /home/airflow/.local/lib/python3.12/site-packages/airflow/example_dags/example_dag_decorator.py
[2025-06-20T14:57:19.289+0000] {logging_mixin.py:188} INFO - [2025-06-20T14:57:19.289+0000] {dag.py:3096} INFO - Sync 1 DAGs
[2025-06-20T14:57:19.299+0000] {logging_mixin.py:188} INFO - [2025-06-20T14:57:19.299+0000] {dag.py:3954} INFO - Setting next_dagrun for example_dag_decorator to None, run_after=None
[2025-06-20T14:57:19.315+0000] {processor.py:183} INFO - Processing /home/airflow/.local/lib/python3.12/site-packages/airflow/example_dags/example_dag_decorator.py took 0.231 seconds
[2025-06-20T14:57:49.372+0000] {processor.py:161} INFO - Started process (PID=2745) to work on /home/airflow/.local/lib/python3.12/site-packages/airflow/example_dags/example_dag_decorator.py
[2025-06-20T14:57:49.373+0000] {processor.py:830} INFO - Processing file /home/airflow/.local/lib/python3.12/site-packages/airflow/example_dags/example_dag_decorator.py for tasks to queue
[2025-06-20T14:57:49.376+0000] {logging_mixin.py:188} INFO - [2025-06-20T14:57:49.375+0000] {dagbag.py:540} INFO - Filling up the DagBag from /home/airflow/.local/lib/python3.12/site-packages/airflow/example_dags/example_dag_decorator.py
[2025-06-20T14:57:49.471+0000] {processor.py:840} INFO - DAG(s) 'example_dag_decorator' retrieved from /home/airflow/.local/lib/python3.12/site-packages/airflow/example_dags/example_dag_decorator.py
[2025-06-20T14:57:49.577+0000] {logging_mixin.py:188} INFO - [2025-06-20T14:57:49.577+0000] {dag.py:3096} INFO - Sync 1 DAGs
[2025-06-20T14:57:49.587+0000] {logging_mixin.py:188} INFO - [2025-06-20T14:57:49.587+0000] {dag.py:3954} INFO - Setting next_dagrun for example_dag_decorator to None, run_after=None
[2025-06-20T14:57:49.602+0000] {processor.py:183} INFO - Processing /home/airflow/.local/lib/python3.12/site-packages/airflow/example_dags/example_dag_decorator.py took 0.237 seconds
[2025-06-20T14:58:19.673+0000] {processor.py:161} INFO - Started process (PID=2804) to work on /home/airflow/.local/lib/python3.12/site-packages/airflow/example_dags/example_dag_decorator.py
[2025-06-20T14:58:19.674+0000] {processor.py:830} INFO - Processing file /home/airflow/.local/lib/python3.12/site-packages/airflow/example_dags/example_dag_decorator.py for tasks to queue
[2025-06-20T14:58:19.677+0000] {logging_mixin.py:188} INFO - [2025-06-20T14:58:19.677+0000] {dagbag.py:540} INFO - Filling up the DagBag from /home/airflow/.local/lib/python3.12/site-packages/airflow/example_dags/example_dag_decorator.py
[2025-06-20T14:58:19.768+0000] {processor.py:840} INFO - DAG(s) 'example_dag_decorator' retrieved from /home/airflow/.local/lib/python3.12/site-packages/airflow/example_dags/example_dag_decorator.py
[2025-06-20T14:58:19.873+0000] {logging_mixin.py:188} INFO - [2025-06-20T14:58:19.873+0000] {dag.py:3096} INFO - Sync 1 DAGs
[2025-06-20T14:58:19.883+0000] {logging_mixin.py:188} INFO - [2025-06-20T14:58:19.883+0000] {dag.py:3954} INFO - Setting next_dagrun for example_dag_decorator to None, run_after=None
[2025-06-20T14:58:19.899+0000] {processor.py:183} INFO - Processing /home/airflow/.local/lib/python3.12/site-packages/airflow/example_dags/example_dag_decorator.py took 0.232 seconds
[2025-06-20T14:58:50.734+0000] {processor.py:161} INFO - Started process (PID=2863) to work on /home/airflow/.local/lib/python3.12/site-packages/airflow/example_dags/example_dag_decorator.py
[2025-06-20T14:58:50.735+0000] {processor.py:830} INFO - Processing file /home/airflow/.local/lib/python3.12/site-packages/airflow/example_dags/example_dag_decorator.py for tasks to queue
[2025-06-20T14:58:50.738+0000] {logging_mixin.py:188} INFO - [2025-06-20T14:58:50.737+0000] {dagbag.py:540} INFO - Filling up the DagBag from /home/airflow/.local/lib/python3.12/site-packages/airflow/example_dags/example_dag_decorator.py
[2025-06-20T14:58:50.832+0000] {processor.py:840} INFO - DAG(s) 'example_dag_decorator' retrieved from /home/airflow/.local/lib/python3.12/site-packages/airflow/example_dags/example_dag_decorator.py
[2025-06-20T14:58:50.941+0000] {logging_mixin.py:188} INFO - [2025-06-20T14:58:50.941+0000] {dag.py:3096} INFO - Sync 1 DAGs
[2025-06-20T14:58:50.951+0000] {logging_mixin.py:188} INFO - [2025-06-20T14:58:50.951+0000] {dag.py:3954} INFO - Setting next_dagrun for example_dag_decorator to None, run_after=None
[2025-06-20T14:58:50.977+0000] {processor.py:183} INFO - Processing /home/airflow/.local/lib/python3.12/site-packages/airflow/example_dags/example_dag_decorator.py took 0.249 seconds
[2025-06-20T14:59:21.084+0000] {processor.py:161} INFO - Started process (PID=2922) to work on /home/airflow/.local/lib/python3.12/site-packages/airflow/example_dags/example_dag_decorator.py
[2025-06-20T14:59:21.085+0000] {processor.py:830} INFO - Processing file /home/airflow/.local/lib/python3.12/site-packages/airflow/example_dags/example_dag_decorator.py for tasks to queue
[2025-06-20T14:59:21.087+0000] {logging_mixin.py:188} INFO - [2025-06-20T14:59:21.086+0000] {dagbag.py:540} INFO - Filling up the DagBag from /home/airflow/.local/lib/python3.12/site-packages/airflow/example_dags/example_dag_decorator.py
[2025-06-20T14:59:21.182+0000] {processor.py:840} INFO - DAG(s) 'example_dag_decorator' retrieved from /home/airflow/.local/lib/python3.12/site-packages/airflow/example_dags/example_dag_decorator.py
[2025-06-20T14:59:21.287+0000] {logging_mixin.py:188} INFO - [2025-06-20T14:59:21.287+0000] {dag.py:3096} INFO - Sync 1 DAGs
[2025-06-20T14:59:21.297+0000] {logging_mixin.py:188} INFO - [2025-06-20T14:59:21.297+0000] {dag.py:3954} INFO - Setting next_dagrun for example_dag_decorator to None, run_after=None
[2025-06-20T14:59:21.313+0000] {processor.py:183} INFO - Processing /home/airflow/.local/lib/python3.12/site-packages/airflow/example_dags/example_dag_decorator.py took 0.236 seconds
[2025-06-20T14:59:51.604+0000] {processor.py:161} INFO - Started process (PID=2981) to work on /home/airflow/.local/lib/python3.12/site-packages/airflow/example_dags/example_dag_decorator.py
[2025-06-20T14:59:51.605+0000] {processor.py:830} INFO - Processing file /home/airflow/.local/lib/python3.12/site-packages/airflow/example_dags/example_dag_decorator.py for tasks to queue
[2025-06-20T14:59:51.607+0000] {logging_mixin.py:188} INFO - [2025-06-20T14:59:51.607+0000] {dagbag.py:540} INFO - Filling up the DagBag from /home/airflow/.local/lib/python3.12/site-packages/airflow/example_dags/example_dag_decorator.py
[2025-06-20T14:59:51.703+0000] {processor.py:840} INFO - DAG(s) 'example_dag_decorator' retrieved from /home/airflow/.local/lib/python3.12/site-packages/airflow/example_dags/example_dag_decorator.py
[2025-06-20T14:59:51.811+0000] {logging_mixin.py:188} INFO - [2025-06-20T14:59:51.811+0000] {dag.py:3096} INFO - Sync 1 DAGs
[2025-06-20T14:59:51.827+0000] {logging_mixin.py:188} INFO - [2025-06-20T14:59:51.827+0000] {dag.py:3954} INFO - Setting next_dagrun for example_dag_decorator to None, run_after=None
[2025-06-20T14:59:51.849+0000] {processor.py:183} INFO - Processing /home/airflow/.local/lib/python3.12/site-packages/airflow/example_dags/example_dag_decorator.py took 0.250 seconds
[2025-06-20T15:00:21.956+0000] {processor.py:161} INFO - Started process (PID=3040) to work on /home/airflow/.local/lib/python3.12/site-packages/airflow/example_dags/example_dag_decorator.py
[2025-06-20T15:00:21.958+0000] {processor.py:830} INFO - Processing file /home/airflow/.local/lib/python3.12/site-packages/airflow/example_dags/example_dag_decorator.py for tasks to queue
[2025-06-20T15:00:21.960+0000] {logging_mixin.py:188} INFO - [2025-06-20T15:00:21.960+0000] {dagbag.py:540} INFO - Filling up the DagBag from /home/airflow/.local/lib/python3.12/site-packages/airflow/example_dags/example_dag_decorator.py
[2025-06-20T15:00:22.051+0000] {processor.py:840} INFO - DAG(s) 'example_dag_decorator' retrieved from /home/airflow/.local/lib/python3.12/site-packages/airflow/example_dags/example_dag_decorator.py
[2025-06-20T15:00:22.159+0000] {logging_mixin.py:188} INFO - [2025-06-20T15:00:22.158+0000] {dag.py:3096} INFO - Sync 1 DAGs
[2025-06-20T15:00:22.168+0000] {logging_mixin.py:188} INFO - [2025-06-20T15:00:22.168+0000] {dag.py:3954} INFO - Setting next_dagrun for example_dag_decorator to None, run_after=None
[2025-06-20T15:00:22.185+0000] {processor.py:183} INFO - Processing /home/airflow/.local/lib/python3.12/site-packages/airflow/example_dags/example_dag_decorator.py took 0.235 seconds
[2025-06-20T15:00:52.316+0000] {processor.py:161} INFO - Started process (PID=3105) to work on /home/airflow/.local/lib/python3.12/site-packages/airflow/example_dags/example_dag_decorator.py
[2025-06-20T15:00:52.317+0000] {processor.py:830} INFO - Processing file /home/airflow/.local/lib/python3.12/site-packages/airflow/example_dags/example_dag_decorator.py for tasks to queue
[2025-06-20T15:00:52.319+0000] {logging_mixin.py:188} INFO - [2025-06-20T15:00:52.319+0000] {dagbag.py:540} INFO - Filling up the DagBag from /home/airflow/.local/lib/python3.12/site-packages/airflow/example_dags/example_dag_decorator.py
[2025-06-20T15:00:52.413+0000] {processor.py:840} INFO - DAG(s) 'example_dag_decorator' retrieved from /home/airflow/.local/lib/python3.12/site-packages/airflow/example_dags/example_dag_decorator.py
[2025-06-20T15:00:52.539+0000] {logging_mixin.py:188} INFO - [2025-06-20T15:00:52.539+0000] {dag.py:3096} INFO - Sync 1 DAGs
[2025-06-20T15:00:52.549+0000] {logging_mixin.py:188} INFO - [2025-06-20T15:00:52.548+0000] {dag.py:3954} INFO - Setting next_dagrun for example_dag_decorator to None, run_after=None
[2025-06-20T15:00:52.565+0000] {processor.py:183} INFO - Processing /home/airflow/.local/lib/python3.12/site-packages/airflow/example_dags/example_dag_decorator.py took 0.256 seconds
[2025-06-20T15:01:23.523+0000] {processor.py:161} INFO - Started process (PID=3164) to work on /home/airflow/.local/lib/python3.12/site-packages/airflow/example_dags/example_dag_decorator.py
[2025-06-20T15:01:23.524+0000] {processor.py:830} INFO - Processing file /home/airflow/.local/lib/python3.12/site-packages/airflow/example_dags/example_dag_decorator.py for tasks to queue
[2025-06-20T15:01:23.526+0000] {logging_mixin.py:188} INFO - [2025-06-20T15:01:23.525+0000] {dagbag.py:540} INFO - Filling up the DagBag from /home/airflow/.local/lib/python3.12/site-packages/airflow/example_dags/example_dag_decorator.py
[2025-06-20T15:01:23.615+0000] {processor.py:840} INFO - DAG(s) 'example_dag_decorator' retrieved from /home/airflow/.local/lib/python3.12/site-packages/airflow/example_dags/example_dag_decorator.py
[2025-06-20T15:01:23.722+0000] {logging_mixin.py:188} INFO - [2025-06-20T15:01:23.722+0000] {dag.py:3096} INFO - Sync 1 DAGs
[2025-06-20T15:01:23.732+0000] {logging_mixin.py:188} INFO - [2025-06-20T15:01:23.732+0000] {dag.py:3954} INFO - Setting next_dagrun for example_dag_decorator to None, run_after=None
[2025-06-20T15:01:23.748+0000] {processor.py:183} INFO - Processing /home/airflow/.local/lib/python3.12/site-packages/airflow/example_dags/example_dag_decorator.py took 0.232 seconds
[2025-06-20T15:01:54.205+0000] {processor.py:161} INFO - Started process (PID=3223) to work on /home/airflow/.local/lib/python3.12/site-packages/airflow/example_dags/example_dag_decorator.py
[2025-06-20T15:01:54.205+0000] {processor.py:830} INFO - Processing file /home/airflow/.local/lib/python3.12/site-packages/airflow/example_dags/example_dag_decorator.py for tasks to queue
[2025-06-20T15:01:54.207+0000] {logging_mixin.py:188} INFO - [2025-06-20T15:01:54.207+0000] {dagbag.py:540} INFO - Filling up the DagBag from /home/airflow/.local/lib/python3.12/site-packages/airflow/example_dags/example_dag_decorator.py
[2025-06-20T15:01:54.303+0000] {processor.py:840} INFO - DAG(s) 'example_dag_decorator' retrieved from /home/airflow/.local/lib/python3.12/site-packages/airflow/example_dags/example_dag_decorator.py
[2025-06-20T15:01:54.415+0000] {logging_mixin.py:188} INFO - [2025-06-20T15:01:54.415+0000] {dag.py:3096} INFO - Sync 1 DAGs
[2025-06-20T15:01:54.425+0000] {logging_mixin.py:188} INFO - [2025-06-20T15:01:54.425+0000] {dag.py:3954} INFO - Setting next_dagrun for example_dag_decorator to None, run_after=None
[2025-06-20T15:01:54.442+0000] {processor.py:183} INFO - Processing /home/airflow/.local/lib/python3.12/site-packages/airflow/example_dags/example_dag_decorator.py took 0.244 seconds
[2025-06-20T15:02:24.916+0000] {processor.py:161} INFO - Started process (PID=3282) to work on /home/airflow/.local/lib/python3.12/site-packages/airflow/example_dags/example_dag_decorator.py
[2025-06-20T15:02:24.917+0000] {processor.py:830} INFO - Processing file /home/airflow/.local/lib/python3.12/site-packages/airflow/example_dags/example_dag_decorator.py for tasks to queue
[2025-06-20T15:02:24.919+0000] {logging_mixin.py:188} INFO - [2025-06-20T15:02:24.919+0000] {dagbag.py:540} INFO - Filling up the DagBag from /home/airflow/.local/lib/python3.12/site-packages/airflow/example_dags/example_dag_decorator.py
[2025-06-20T15:02:25.010+0000] {processor.py:840} INFO - DAG(s) 'example_dag_decorator' retrieved from /home/airflow/.local/lib/python3.12/site-packages/airflow/example_dags/example_dag_decorator.py
[2025-06-20T15:02:25.115+0000] {logging_mixin.py:188} INFO - [2025-06-20T15:02:25.115+0000] {dag.py:3096} INFO - Sync 1 DAGs
[2025-06-20T15:02:25.125+0000] {logging_mixin.py:188} INFO - [2025-06-20T15:02:25.125+0000] {dag.py:3954} INFO - Setting next_dagrun for example_dag_decorator to None, run_after=None
[2025-06-20T15:02:25.141+0000] {processor.py:183} INFO - Processing /home/airflow/.local/lib/python3.12/site-packages/airflow/example_dags/example_dag_decorator.py took 0.231 seconds
[2025-06-20T15:02:55.651+0000] {processor.py:161} INFO - Started process (PID=3341) to work on /home/airflow/.local/lib/python3.12/site-packages/airflow/example_dags/example_dag_decorator.py
[2025-06-20T15:02:55.652+0000] {processor.py:830} INFO - Processing file /home/airflow/.local/lib/python3.12/site-packages/airflow/example_dags/example_dag_decorator.py for tasks to queue
[2025-06-20T15:02:55.654+0000] {logging_mixin.py:188} INFO - [2025-06-20T15:02:55.654+0000] {dagbag.py:540} INFO - Filling up the DagBag from /home/airflow/.local/lib/python3.12/site-packages/airflow/example_dags/example_dag_decorator.py
[2025-06-20T15:02:55.745+0000] {processor.py:840} INFO - DAG(s) 'example_dag_decorator' retrieved from /home/airflow/.local/lib/python3.12/site-packages/airflow/example_dags/example_dag_decorator.py
[2025-06-20T15:02:55.851+0000] {logging_mixin.py:188} INFO - [2025-06-20T15:02:55.851+0000] {dag.py:3096} INFO - Sync 1 DAGs
[2025-06-20T15:02:55.860+0000] {logging_mixin.py:188} INFO - [2025-06-20T15:02:55.860+0000] {dag.py:3954} INFO - Setting next_dagrun for example_dag_decorator to None, run_after=None
[2025-06-20T15:02:55.875+0000] {processor.py:183} INFO - Processing /home/airflow/.local/lib/python3.12/site-packages/airflow/example_dags/example_dag_decorator.py took 0.230 seconds
[2025-06-20T15:03:26.316+0000] {processor.py:161} INFO - Started process (PID=3400) to work on /home/airflow/.local/lib/python3.12/site-packages/airflow/example_dags/example_dag_decorator.py
[2025-06-20T15:03:26.317+0000] {processor.py:830} INFO - Processing file /home/airflow/.local/lib/python3.12/site-packages/airflow/example_dags/example_dag_decorator.py for tasks to queue
[2025-06-20T15:03:26.319+0000] {logging_mixin.py:188} INFO - [2025-06-20T15:03:26.318+0000] {dagbag.py:540} INFO - Filling up the DagBag from /home/airflow/.local/lib/python3.12/site-packages/airflow/example_dags/example_dag_decorator.py
[2025-06-20T15:03:26.413+0000] {processor.py:840} INFO - DAG(s) 'example_dag_decorator' retrieved from /home/airflow/.local/lib/python3.12/site-packages/airflow/example_dags/example_dag_decorator.py
[2025-06-20T15:03:26.522+0000] {logging_mixin.py:188} INFO - [2025-06-20T15:03:26.522+0000] {dag.py:3096} INFO - Sync 1 DAGs
[2025-06-20T15:03:26.531+0000] {logging_mixin.py:188} INFO - [2025-06-20T15:03:26.531+0000] {dag.py:3954} INFO - Setting next_dagrun for example_dag_decorator to None, run_after=None
[2025-06-20T15:03:26.546+0000] {processor.py:183} INFO - Processing /home/airflow/.local/lib/python3.12/site-packages/airflow/example_dags/example_dag_decorator.py took 0.237 seconds
[2025-06-20T15:03:56.771+0000] {processor.py:161} INFO - Started process (PID=3459) to work on /home/airflow/.local/lib/python3.12/site-packages/airflow/example_dags/example_dag_decorator.py
[2025-06-20T15:03:56.772+0000] {processor.py:830} INFO - Processing file /home/airflow/.local/lib/python3.12/site-packages/airflow/example_dags/example_dag_decorator.py for tasks to queue
[2025-06-20T15:03:56.774+0000] {logging_mixin.py:188} INFO - [2025-06-20T15:03:56.774+0000] {dagbag.py:540} INFO - Filling up the DagBag from /home/airflow/.local/lib/python3.12/site-packages/airflow/example_dags/example_dag_decorator.py
[2025-06-20T15:03:56.868+0000] {processor.py:840} INFO - DAG(s) 'example_dag_decorator' retrieved from /home/airflow/.local/lib/python3.12/site-packages/airflow/example_dags/example_dag_decorator.py
[2025-06-20T15:03:56.976+0000] {logging_mixin.py:188} INFO - [2025-06-20T15:03:56.976+0000] {dag.py:3096} INFO - Sync 1 DAGs
[2025-06-20T15:03:56.986+0000] {logging_mixin.py:188} INFO - [2025-06-20T15:03:56.986+0000] {dag.py:3954} INFO - Setting next_dagrun for example_dag_decorator to None, run_after=None
[2025-06-20T15:03:57.002+0000] {processor.py:183} INFO - Processing /home/airflow/.local/lib/python3.12/site-packages/airflow/example_dags/example_dag_decorator.py took 0.237 seconds
[2025-06-20T15:04:27.541+0000] {processor.py:161} INFO - Started process (PID=3518) to work on /home/airflow/.local/lib/python3.12/site-packages/airflow/example_dags/example_dag_decorator.py
[2025-06-20T15:04:27.542+0000] {processor.py:830} INFO - Processing file /home/airflow/.local/lib/python3.12/site-packages/airflow/example_dags/example_dag_decorator.py for tasks to queue
[2025-06-20T15:04:27.544+0000] {logging_mixin.py:188} INFO - [2025-06-20T15:04:27.544+0000] {dagbag.py:540} INFO - Filling up the DagBag from /home/airflow/.local/lib/python3.12/site-packages/airflow/example_dags/example_dag_decorator.py
[2025-06-20T15:04:27.636+0000] {processor.py:840} INFO - DAG(s) 'example_dag_decorator' retrieved from /home/airflow/.local/lib/python3.12/site-packages/airflow/example_dags/example_dag_decorator.py
[2025-06-20T15:04:27.747+0000] {logging_mixin.py:188} INFO - [2025-06-20T15:04:27.747+0000] {dag.py:3096} INFO - Sync 1 DAGs
[2025-06-20T15:04:27.757+0000] {logging_mixin.py:188} INFO - [2025-06-20T15:04:27.757+0000] {dag.py:3954} INFO - Setting next_dagrun for example_dag_decorator to None, run_after=None
[2025-06-20T15:04:27.773+0000] {processor.py:183} INFO - Processing /home/airflow/.local/lib/python3.12/site-packages/airflow/example_dags/example_dag_decorator.py took 0.239 seconds
[2025-06-20T15:04:58.683+0000] {processor.py:161} INFO - Started process (PID=3577) to work on /home/airflow/.local/lib/python3.12/site-packages/airflow/example_dags/example_dag_decorator.py
[2025-06-20T15:04:58.684+0000] {processor.py:830} INFO - Processing file /home/airflow/.local/lib/python3.12/site-packages/airflow/example_dags/example_dag_decorator.py for tasks to queue
[2025-06-20T15:04:58.686+0000] {logging_mixin.py:188} INFO - [2025-06-20T15:04:58.685+0000] {dagbag.py:540} INFO - Filling up the DagBag from /home/airflow/.local/lib/python3.12/site-packages/airflow/example_dags/example_dag_decorator.py
[2025-06-20T15:04:58.775+0000] {processor.py:840} INFO - DAG(s) 'example_dag_decorator' retrieved from /home/airflow/.local/lib/python3.12/site-packages/airflow/example_dags/example_dag_decorator.py
[2025-06-20T15:04:58.880+0000] {logging_mixin.py:188} INFO - [2025-06-20T15:04:58.880+0000] {dag.py:3096} INFO - Sync 1 DAGs
[2025-06-20T15:04:58.889+0000] {logging_mixin.py:188} INFO - [2025-06-20T15:04:58.889+0000] {dag.py:3954} INFO - Setting next_dagrun for example_dag_decorator to None, run_after=None
[2025-06-20T15:04:58.904+0000] {processor.py:183} INFO - Processing /home/airflow/.local/lib/python3.12/site-packages/airflow/example_dags/example_dag_decorator.py took 0.228 seconds
[2025-06-20T15:05:29.073+0000] {processor.py:161} INFO - Started process (PID=3636) to work on /home/airflow/.local/lib/python3.12/site-packages/airflow/example_dags/example_dag_decorator.py
[2025-06-20T15:05:29.074+0000] {processor.py:830} INFO - Processing file /home/airflow/.local/lib/python3.12/site-packages/airflow/example_dags/example_dag_decorator.py for tasks to queue
[2025-06-20T15:05:29.076+0000] {logging_mixin.py:188} INFO - [2025-06-20T15:05:29.076+0000] {dagbag.py:540} INFO - Filling up the DagBag from /home/airflow/.local/lib/python3.12/site-packages/airflow/example_dags/example_dag_decorator.py
[2025-06-20T15:05:29.169+0000] {processor.py:840} INFO - DAG(s) 'example_dag_decorator' retrieved from /home/airflow/.local/lib/python3.12/site-packages/airflow/example_dags/example_dag_decorator.py
[2025-06-20T15:05:29.280+0000] {logging_mixin.py:188} INFO - [2025-06-20T15:05:29.280+0000] {dag.py:3096} INFO - Sync 1 DAGs
[2025-06-20T15:05:29.290+0000] {logging_mixin.py:188} INFO - [2025-06-20T15:05:29.290+0000] {dag.py:3954} INFO - Setting next_dagrun for example_dag_decorator to None, run_after=None
[2025-06-20T15:05:29.306+0000] {processor.py:183} INFO - Processing /home/airflow/.local/lib/python3.12/site-packages/airflow/example_dags/example_dag_decorator.py took 0.239 seconds
[2025-06-20T15:05:59.389+0000] {processor.py:161} INFO - Started process (PID=3695) to work on /home/airflow/.local/lib/python3.12/site-packages/airflow/example_dags/example_dag_decorator.py
[2025-06-20T15:05:59.390+0000] {processor.py:830} INFO - Processing file /home/airflow/.local/lib/python3.12/site-packages/airflow/example_dags/example_dag_decorator.py for tasks to queue
[2025-06-20T15:05:59.391+0000] {logging_mixin.py:188} INFO - [2025-06-20T15:05:59.391+0000] {dagbag.py:540} INFO - Filling up the DagBag from /home/airflow/.local/lib/python3.12/site-packages/airflow/example_dags/example_dag_decorator.py
[2025-06-20T15:05:59.480+0000] {processor.py:840} INFO - DAG(s) 'example_dag_decorator' retrieved from /home/airflow/.local/lib/python3.12/site-packages/airflow/example_dags/example_dag_decorator.py
[2025-06-20T15:05:59.587+0000] {logging_mixin.py:188} INFO - [2025-06-20T15:05:59.587+0000] {dag.py:3096} INFO - Sync 1 DAGs
[2025-06-20T15:05:59.596+0000] {logging_mixin.py:188} INFO - [2025-06-20T15:05:59.596+0000] {dag.py:3954} INFO - Setting next_dagrun for example_dag_decorator to None, run_after=None
[2025-06-20T15:05:59.612+0000] {processor.py:183} INFO - Processing /home/airflow/.local/lib/python3.12/site-packages/airflow/example_dags/example_dag_decorator.py took 0.229 seconds
[2025-06-20T15:06:29.713+0000] {processor.py:161} INFO - Started process (PID=3754) to work on /home/airflow/.local/lib/python3.12/site-packages/airflow/example_dags/example_dag_decorator.py
[2025-06-20T15:06:29.714+0000] {processor.py:830} INFO - Processing file /home/airflow/.local/lib/python3.12/site-packages/airflow/example_dags/example_dag_decorator.py for tasks to queue
[2025-06-20T15:06:29.716+0000] {logging_mixin.py:188} INFO - [2025-06-20T15:06:29.716+0000] {dagbag.py:540} INFO - Filling up the DagBag from /home/airflow/.local/lib/python3.12/site-packages/airflow/example_dags/example_dag_decorator.py
[2025-06-20T15:06:29.805+0000] {processor.py:840} INFO - DAG(s) 'example_dag_decorator' retrieved from /home/airflow/.local/lib/python3.12/site-packages/airflow/example_dags/example_dag_decorator.py
[2025-06-20T15:06:29.910+0000] {logging_mixin.py:188} INFO - [2025-06-20T15:06:29.910+0000] {dag.py:3096} INFO - Sync 1 DAGs
[2025-06-20T15:06:29.921+0000] {logging_mixin.py:188} INFO - [2025-06-20T15:06:29.920+0000] {dag.py:3954} INFO - Setting next_dagrun for example_dag_decorator to None, run_after=None
[2025-06-20T15:06:29.936+0000] {processor.py:183} INFO - Processing /home/airflow/.local/lib/python3.12/site-packages/airflow/example_dags/example_dag_decorator.py took 0.229 seconds
[2025-06-20T15:07:00.847+0000] {processor.py:161} INFO - Started process (PID=3813) to work on /home/airflow/.local/lib/python3.12/site-packages/airflow/example_dags/example_dag_decorator.py
[2025-06-20T15:07:00.848+0000] {processor.py:830} INFO - Processing file /home/airflow/.local/lib/python3.12/site-packages/airflow/example_dags/example_dag_decorator.py for tasks to queue
[2025-06-20T15:07:00.850+0000] {logging_mixin.py:188} INFO - [2025-06-20T15:07:00.850+0000] {dagbag.py:540} INFO - Filling up the DagBag from /home/airflow/.local/lib/python3.12/site-packages/airflow/example_dags/example_dag_decorator.py
[2025-06-20T15:07:00.946+0000] {processor.py:840} INFO - DAG(s) 'example_dag_decorator' retrieved from /home/airflow/.local/lib/python3.12/site-packages/airflow/example_dags/example_dag_decorator.py
[2025-06-20T15:07:01.056+0000] {logging_mixin.py:188} INFO - [2025-06-20T15:07:01.056+0000] {dag.py:3096} INFO - Sync 1 DAGs
[2025-06-20T15:07:01.066+0000] {logging_mixin.py:188} INFO - [2025-06-20T15:07:01.066+0000] {dag.py:3954} INFO - Setting next_dagrun for example_dag_decorator to None, run_after=None
[2025-06-20T15:07:01.081+0000] {processor.py:183} INFO - Processing /home/airflow/.local/lib/python3.12/site-packages/airflow/example_dags/example_dag_decorator.py took 0.241 seconds
[2025-06-20T15:07:31.209+0000] {processor.py:161} INFO - Started process (PID=3872) to work on /home/airflow/.local/lib/python3.12/site-packages/airflow/example_dags/example_dag_decorator.py
[2025-06-20T15:07:31.210+0000] {processor.py:830} INFO - Processing file /home/airflow/.local/lib/python3.12/site-packages/airflow/example_dags/example_dag_decorator.py for tasks to queue
[2025-06-20T15:07:31.212+0000] {logging_mixin.py:188} INFO - [2025-06-20T15:07:31.212+0000] {dagbag.py:540} INFO - Filling up the DagBag from /home/airflow/.local/lib/python3.12/site-packages/airflow/example_dags/example_dag_decorator.py
[2025-06-20T15:07:31.302+0000] {processor.py:840} INFO - DAG(s) 'example_dag_decorator' retrieved from /home/airflow/.local/lib/python3.12/site-packages/airflow/example_dags/example_dag_decorator.py
[2025-06-20T15:07:31.407+0000] {logging_mixin.py:188} INFO - [2025-06-20T15:07:31.407+0000] {dag.py:3096} INFO - Sync 1 DAGs
[2025-06-20T15:07:31.417+0000] {logging_mixin.py:188} INFO - [2025-06-20T15:07:31.417+0000] {dag.py:3954} INFO - Setting next_dagrun for example_dag_decorator to None, run_after=None
[2025-06-20T15:07:31.432+0000] {processor.py:183} INFO - Processing /home/airflow/.local/lib/python3.12/site-packages/airflow/example_dags/example_dag_decorator.py took 0.230 seconds
