[2025-06-20T14:34:46.249+0000] {processor.py:161} INFO - Started process (PID=64) to work on /home/airflow/.local/lib/python3.12/site-packages/airflow/example_dags/example_bash_decorator.py
[2025-06-20T14:34:46.250+0000] {processor.py:830} INFO - Processing file /home/airflow/.local/lib/python3.12/site-packages/airflow/example_dags/example_bash_decorator.py for tasks to queue
[2025-06-20T14:34:46.252+0000] {logging_mixin.py:188} INFO - [2025-06-20T14:34:46.251+0000] {dagbag.py:540} INFO - Filling up the DagBag from /home/airflow/.local/lib/python3.12/site-packages/airflow/example_dags/example_bash_decorator.py
[2025-06-20T14:34:46.268+0000] {processor.py:840} INFO - DAG(s) 'example_bash_decorator' retrieved from /home/airflow/.local/lib/python3.12/site-packages/airflow/example_dags/example_bash_decorator.py
[2025-06-20T14:34:46.280+0000] {logging_mixin.py:188} INFO - [2025-06-20T14:34:46.280+0000] {dag.py:3096} INFO - Sync 1 DAGs
[2025-06-20T14:34:46.296+0000] {logging_mixin.py:188} INFO - [2025-06-20T14:34:46.296+0000] {dag.py:3954} INFO - Setting next_dagrun for example_bash_decorator to None, run_after=None
[2025-06-20T14:34:46.312+0000] {processor.py:183} INFO - Processing /home/airflow/.local/lib/python3.12/site-packages/airflow/example_dags/example_bash_decorator.py took 0.071 seconds
[2025-06-20T14:35:16.874+0000] {processor.py:161} INFO - Started process (PID=122) to work on /home/airflow/.local/lib/python3.12/site-packages/airflow/example_dags/example_bash_decorator.py
[2025-06-20T14:35:16.875+0000] {processor.py:830} INFO - Processing file /home/airflow/.local/lib/python3.12/site-packages/airflow/example_dags/example_bash_decorator.py for tasks to queue
[2025-06-20T14:35:16.877+0000] {logging_mixin.py:188} INFO - [2025-06-20T14:35:16.876+0000] {dagbag.py:540} INFO - Filling up the DagBag from /home/airflow/.local/lib/python3.12/site-packages/airflow/example_dags/example_bash_decorator.py
[2025-06-20T14:35:16.889+0000] {processor.py:840} INFO - DAG(s) 'example_bash_decorator' retrieved from /home/airflow/.local/lib/python3.12/site-packages/airflow/example_dags/example_bash_decorator.py
[2025-06-20T14:35:16.991+0000] {logging_mixin.py:188} INFO - [2025-06-20T14:35:16.991+0000] {dag.py:3096} INFO - Sync 1 DAGs
[2025-06-20T14:35:17.001+0000] {logging_mixin.py:188} INFO - [2025-06-20T14:35:17.001+0000] {dag.py:3954} INFO - Setting next_dagrun for example_bash_decorator to None, run_after=None
[2025-06-20T14:35:17.017+0000] {processor.py:183} INFO - Processing /home/airflow/.local/lib/python3.12/site-packages/airflow/example_dags/example_bash_decorator.py took 0.149 seconds
[2025-06-20T14:35:47.460+0000] {processor.py:161} INFO - Started process (PID=180) to work on /home/airflow/.local/lib/python3.12/site-packages/airflow/example_dags/example_bash_decorator.py
[2025-06-20T14:35:47.461+0000] {processor.py:830} INFO - Processing file /home/airflow/.local/lib/python3.12/site-packages/airflow/example_dags/example_bash_decorator.py for tasks to queue
[2025-06-20T14:35:47.463+0000] {logging_mixin.py:188} INFO - [2025-06-20T14:35:47.463+0000] {dagbag.py:540} INFO - Filling up the DagBag from /home/airflow/.local/lib/python3.12/site-packages/airflow/example_dags/example_bash_decorator.py
[2025-06-20T14:35:47.485+0000] {processor.py:840} INFO - DAG(s) 'example_bash_decorator' retrieved from /home/airflow/.local/lib/python3.12/site-packages/airflow/example_dags/example_bash_decorator.py
[2025-06-20T14:35:47.517+0000] {logging_mixin.py:188} INFO - [2025-06-20T14:35:47.517+0000] {dag.py:3096} INFO - Sync 1 DAGs
[2025-06-20T14:35:47.532+0000] {logging_mixin.py:188} INFO - [2025-06-20T14:35:47.532+0000] {dag.py:3954} INFO - Setting next_dagrun for example_bash_decorator to None, run_after=None
[2025-06-20T14:35:47.549+0000] {processor.py:183} INFO - Processing /home/airflow/.local/lib/python3.12/site-packages/airflow/example_dags/example_bash_decorator.py took 0.099 seconds
[2025-06-20T14:36:17.805+0000] {processor.py:161} INFO - Started process (PID=238) to work on /home/airflow/.local/lib/python3.12/site-packages/airflow/example_dags/example_bash_decorator.py
[2025-06-20T14:36:17.806+0000] {processor.py:830} INFO - Processing file /home/airflow/.local/lib/python3.12/site-packages/airflow/example_dags/example_bash_decorator.py for tasks to queue
[2025-06-20T14:36:17.808+0000] {logging_mixin.py:188} INFO - [2025-06-20T14:36:17.807+0000] {dagbag.py:540} INFO - Filling up the DagBag from /home/airflow/.local/lib/python3.12/site-packages/airflow/example_dags/example_bash_decorator.py
[2025-06-20T14:36:17.821+0000] {processor.py:840} INFO - DAG(s) 'example_bash_decorator' retrieved from /home/airflow/.local/lib/python3.12/site-packages/airflow/example_dags/example_bash_decorator.py
[2025-06-20T14:36:17.844+0000] {logging_mixin.py:188} INFO - [2025-06-20T14:36:17.843+0000] {dag.py:3096} INFO - Sync 1 DAGs
[2025-06-20T14:36:17.855+0000] {logging_mixin.py:188} INFO - [2025-06-20T14:36:17.855+0000] {dag.py:3954} INFO - Setting next_dagrun for example_bash_decorator to None, run_after=None
[2025-06-20T14:36:17.870+0000] {processor.py:183} INFO - Processing /home/airflow/.local/lib/python3.12/site-packages/airflow/example_dags/example_bash_decorator.py took 0.072 seconds
[2025-06-20T14:36:48.425+0000] {processor.py:161} INFO - Started process (PID=296) to work on /home/airflow/.local/lib/python3.12/site-packages/airflow/example_dags/example_bash_decorator.py
[2025-06-20T14:36:48.426+0000] {processor.py:830} INFO - Processing file /home/airflow/.local/lib/python3.12/site-packages/airflow/example_dags/example_bash_decorator.py for tasks to queue
[2025-06-20T14:36:48.428+0000] {logging_mixin.py:188} INFO - [2025-06-20T14:36:48.427+0000] {dagbag.py:540} INFO - Filling up the DagBag from /home/airflow/.local/lib/python3.12/site-packages/airflow/example_dags/example_bash_decorator.py
[2025-06-20T14:36:48.444+0000] {processor.py:840} INFO - DAG(s) 'example_bash_decorator' retrieved from /home/airflow/.local/lib/python3.12/site-packages/airflow/example_dags/example_bash_decorator.py
[2025-06-20T14:36:48.476+0000] {logging_mixin.py:188} INFO - [2025-06-20T14:36:48.476+0000] {dag.py:3096} INFO - Sync 1 DAGs
[2025-06-20T14:36:48.493+0000] {logging_mixin.py:188} INFO - [2025-06-20T14:36:48.493+0000] {dag.py:3954} INFO - Setting next_dagrun for example_bash_decorator to None, run_after=None
[2025-06-20T14:36:48.511+0000] {processor.py:183} INFO - Processing /home/airflow/.local/lib/python3.12/site-packages/airflow/example_dags/example_bash_decorator.py took 0.093 seconds
[2025-06-20T14:37:19.034+0000] {processor.py:161} INFO - Started process (PID=376) to work on /home/airflow/.local/lib/python3.12/site-packages/airflow/example_dags/example_bash_decorator.py
[2025-06-20T14:37:19.035+0000] {processor.py:830} INFO - Processing file /home/airflow/.local/lib/python3.12/site-packages/airflow/example_dags/example_bash_decorator.py for tasks to queue
[2025-06-20T14:37:19.037+0000] {logging_mixin.py:188} INFO - [2025-06-20T14:37:19.037+0000] {dagbag.py:540} INFO - Filling up the DagBag from /home/airflow/.local/lib/python3.12/site-packages/airflow/example_dags/example_bash_decorator.py
[2025-06-20T14:37:19.051+0000] {processor.py:840} INFO - DAG(s) 'example_bash_decorator' retrieved from /home/airflow/.local/lib/python3.12/site-packages/airflow/example_dags/example_bash_decorator.py
[2025-06-20T14:37:19.074+0000] {logging_mixin.py:188} INFO - [2025-06-20T14:37:19.073+0000] {dag.py:3096} INFO - Sync 1 DAGs
[2025-06-20T14:37:19.085+0000] {logging_mixin.py:188} INFO - [2025-06-20T14:37:19.085+0000] {dag.py:3954} INFO - Setting next_dagrun for example_bash_decorator to None, run_after=None
[2025-06-20T14:37:19.100+0000] {processor.py:183} INFO - Processing /home/airflow/.local/lib/python3.12/site-packages/airflow/example_dags/example_bash_decorator.py took 0.073 seconds
[2025-06-20T14:37:49.326+0000] {processor.py:161} INFO - Started process (PID=434) to work on /home/airflow/.local/lib/python3.12/site-packages/airflow/example_dags/example_bash_decorator.py
[2025-06-20T14:37:49.327+0000] {processor.py:830} INFO - Processing file /home/airflow/.local/lib/python3.12/site-packages/airflow/example_dags/example_bash_decorator.py for tasks to queue
[2025-06-20T14:37:49.329+0000] {logging_mixin.py:188} INFO - [2025-06-20T14:37:49.328+0000] {dagbag.py:540} INFO - Filling up the DagBag from /home/airflow/.local/lib/python3.12/site-packages/airflow/example_dags/example_bash_decorator.py
[2025-06-20T14:37:49.341+0000] {processor.py:840} INFO - DAG(s) 'example_bash_decorator' retrieved from /home/airflow/.local/lib/python3.12/site-packages/airflow/example_dags/example_bash_decorator.py
[2025-06-20T14:37:49.365+0000] {logging_mixin.py:188} INFO - [2025-06-20T14:37:49.365+0000] {dag.py:3096} INFO - Sync 1 DAGs
[2025-06-20T14:37:49.377+0000] {logging_mixin.py:188} INFO - [2025-06-20T14:37:49.377+0000] {dag.py:3954} INFO - Setting next_dagrun for example_bash_decorator to None, run_after=None
[2025-06-20T14:37:49.393+0000] {processor.py:183} INFO - Processing /home/airflow/.local/lib/python3.12/site-packages/airflow/example_dags/example_bash_decorator.py took 0.074 seconds
[2025-06-20T14:38:19.830+0000] {processor.py:161} INFO - Started process (PID=492) to work on /home/airflow/.local/lib/python3.12/site-packages/airflow/example_dags/example_bash_decorator.py
[2025-06-20T14:38:19.831+0000] {processor.py:830} INFO - Processing file /home/airflow/.local/lib/python3.12/site-packages/airflow/example_dags/example_bash_decorator.py for tasks to queue
[2025-06-20T14:38:19.833+0000] {logging_mixin.py:188} INFO - [2025-06-20T14:38:19.832+0000] {dagbag.py:540} INFO - Filling up the DagBag from /home/airflow/.local/lib/python3.12/site-packages/airflow/example_dags/example_bash_decorator.py
[2025-06-20T14:38:19.845+0000] {processor.py:840} INFO - DAG(s) 'example_bash_decorator' retrieved from /home/airflow/.local/lib/python3.12/site-packages/airflow/example_dags/example_bash_decorator.py
[2025-06-20T14:38:19.868+0000] {logging_mixin.py:188} INFO - [2025-06-20T14:38:19.868+0000] {dag.py:3096} INFO - Sync 1 DAGs
[2025-06-20T14:38:19.879+0000] {logging_mixin.py:188} INFO - [2025-06-20T14:38:19.879+0000] {dag.py:3954} INFO - Setting next_dagrun for example_bash_decorator to None, run_after=None
[2025-06-20T14:38:19.894+0000] {processor.py:183} INFO - Processing /home/airflow/.local/lib/python3.12/site-packages/airflow/example_dags/example_bash_decorator.py took 0.070 seconds
[2025-06-20T14:38:49.960+0000] {processor.py:161} INFO - Started process (PID=550) to work on /home/airflow/.local/lib/python3.12/site-packages/airflow/example_dags/example_bash_decorator.py
[2025-06-20T14:38:49.961+0000] {processor.py:830} INFO - Processing file /home/airflow/.local/lib/python3.12/site-packages/airflow/example_dags/example_bash_decorator.py for tasks to queue
[2025-06-20T14:38:49.962+0000] {logging_mixin.py:188} INFO - [2025-06-20T14:38:49.962+0000] {dagbag.py:540} INFO - Filling up the DagBag from /home/airflow/.local/lib/python3.12/site-packages/airflow/example_dags/example_bash_decorator.py
[2025-06-20T14:38:49.975+0000] {processor.py:840} INFO - DAG(s) 'example_bash_decorator' retrieved from /home/airflow/.local/lib/python3.12/site-packages/airflow/example_dags/example_bash_decorator.py
[2025-06-20T14:38:49.997+0000] {logging_mixin.py:188} INFO - [2025-06-20T14:38:49.997+0000] {dag.py:3096} INFO - Sync 1 DAGs
[2025-06-20T14:38:50.009+0000] {logging_mixin.py:188} INFO - [2025-06-20T14:38:50.009+0000] {dag.py:3954} INFO - Setting next_dagrun for example_bash_decorator to None, run_after=None
[2025-06-20T14:38:50.025+0000] {processor.py:183} INFO - Processing /home/airflow/.local/lib/python3.12/site-packages/airflow/example_dags/example_bash_decorator.py took 0.071 seconds
[2025-06-20T14:39:20.218+0000] {processor.py:161} INFO - Started process (PID=608) to work on /home/airflow/.local/lib/python3.12/site-packages/airflow/example_dags/example_bash_decorator.py
[2025-06-20T14:39:20.219+0000] {processor.py:830} INFO - Processing file /home/airflow/.local/lib/python3.12/site-packages/airflow/example_dags/example_bash_decorator.py for tasks to queue
[2025-06-20T14:39:20.221+0000] {logging_mixin.py:188} INFO - [2025-06-20T14:39:20.221+0000] {dagbag.py:540} INFO - Filling up the DagBag from /home/airflow/.local/lib/python3.12/site-packages/airflow/example_dags/example_bash_decorator.py
[2025-06-20T14:39:20.234+0000] {processor.py:840} INFO - DAG(s) 'example_bash_decorator' retrieved from /home/airflow/.local/lib/python3.12/site-packages/airflow/example_dags/example_bash_decorator.py
[2025-06-20T14:39:20.255+0000] {logging_mixin.py:188} INFO - [2025-06-20T14:39:20.255+0000] {dag.py:3096} INFO - Sync 1 DAGs
[2025-06-20T14:39:20.266+0000] {logging_mixin.py:188} INFO - [2025-06-20T14:39:20.266+0000] {dag.py:3954} INFO - Setting next_dagrun for example_bash_decorator to None, run_after=None
[2025-06-20T14:39:20.281+0000] {processor.py:183} INFO - Processing /home/airflow/.local/lib/python3.12/site-packages/airflow/example_dags/example_bash_decorator.py took 0.069 seconds
[2025-06-20T14:39:50.482+0000] {processor.py:161} INFO - Started process (PID=666) to work on /home/airflow/.local/lib/python3.12/site-packages/airflow/example_dags/example_bash_decorator.py
[2025-06-20T14:39:50.483+0000] {processor.py:830} INFO - Processing file /home/airflow/.local/lib/python3.12/site-packages/airflow/example_dags/example_bash_decorator.py for tasks to queue
[2025-06-20T14:39:50.485+0000] {logging_mixin.py:188} INFO - [2025-06-20T14:39:50.485+0000] {dagbag.py:540} INFO - Filling up the DagBag from /home/airflow/.local/lib/python3.12/site-packages/airflow/example_dags/example_bash_decorator.py
[2025-06-20T14:39:50.498+0000] {processor.py:840} INFO - DAG(s) 'example_bash_decorator' retrieved from /home/airflow/.local/lib/python3.12/site-packages/airflow/example_dags/example_bash_decorator.py
[2025-06-20T14:39:50.522+0000] {logging_mixin.py:188} INFO - [2025-06-20T14:39:50.522+0000] {dag.py:3096} INFO - Sync 1 DAGs
[2025-06-20T14:39:50.535+0000] {logging_mixin.py:188} INFO - [2025-06-20T14:39:50.535+0000] {dag.py:3954} INFO - Setting next_dagrun for example_bash_decorator to None, run_after=None
[2025-06-20T14:39:50.551+0000] {processor.py:183} INFO - Processing /home/airflow/.local/lib/python3.12/site-packages/airflow/example_dags/example_bash_decorator.py took 0.075 seconds
[2025-06-20T14:40:20.827+0000] {processor.py:161} INFO - Started process (PID=724) to work on /home/airflow/.local/lib/python3.12/site-packages/airflow/example_dags/example_bash_decorator.py
[2025-06-20T14:40:20.828+0000] {processor.py:830} INFO - Processing file /home/airflow/.local/lib/python3.12/site-packages/airflow/example_dags/example_bash_decorator.py for tasks to queue
[2025-06-20T14:40:20.830+0000] {logging_mixin.py:188} INFO - [2025-06-20T14:40:20.830+0000] {dagbag.py:540} INFO - Filling up the DagBag from /home/airflow/.local/lib/python3.12/site-packages/airflow/example_dags/example_bash_decorator.py
[2025-06-20T14:40:20.845+0000] {processor.py:840} INFO - DAG(s) 'example_bash_decorator' retrieved from /home/airflow/.local/lib/python3.12/site-packages/airflow/example_dags/example_bash_decorator.py
[2025-06-20T14:40:20.868+0000] {logging_mixin.py:188} INFO - [2025-06-20T14:40:20.868+0000] {dag.py:3096} INFO - Sync 1 DAGs
[2025-06-20T14:40:20.879+0000] {logging_mixin.py:188} INFO - [2025-06-20T14:40:20.879+0000] {dag.py:3954} INFO - Setting next_dagrun for example_bash_decorator to None, run_after=None
[2025-06-20T14:40:20.895+0000] {processor.py:183} INFO - Processing /home/airflow/.local/lib/python3.12/site-packages/airflow/example_dags/example_bash_decorator.py took 0.075 seconds
[2025-06-20T14:40:51.187+0000] {processor.py:161} INFO - Started process (PID=782) to work on /home/airflow/.local/lib/python3.12/site-packages/airflow/example_dags/example_bash_decorator.py
[2025-06-20T14:40:51.188+0000] {processor.py:830} INFO - Processing file /home/airflow/.local/lib/python3.12/site-packages/airflow/example_dags/example_bash_decorator.py for tasks to queue
[2025-06-20T14:40:51.189+0000] {logging_mixin.py:188} INFO - [2025-06-20T14:40:51.189+0000] {dagbag.py:540} INFO - Filling up the DagBag from /home/airflow/.local/lib/python3.12/site-packages/airflow/example_dags/example_bash_decorator.py
[2025-06-20T14:40:51.202+0000] {processor.py:840} INFO - DAG(s) 'example_bash_decorator' retrieved from /home/airflow/.local/lib/python3.12/site-packages/airflow/example_dags/example_bash_decorator.py
[2025-06-20T14:40:51.224+0000] {logging_mixin.py:188} INFO - [2025-06-20T14:40:51.224+0000] {dag.py:3096} INFO - Sync 1 DAGs
[2025-06-20T14:40:51.236+0000] {logging_mixin.py:188} INFO - [2025-06-20T14:40:51.235+0000] {dag.py:3954} INFO - Setting next_dagrun for example_bash_decorator to None, run_after=None
[2025-06-20T14:40:51.250+0000] {processor.py:183} INFO - Processing /home/airflow/.local/lib/python3.12/site-packages/airflow/example_dags/example_bash_decorator.py took 0.070 seconds
[2025-06-20T14:41:21.411+0000] {processor.py:161} INFO - Started process (PID=840) to work on /home/airflow/.local/lib/python3.12/site-packages/airflow/example_dags/example_bash_decorator.py
[2025-06-20T14:41:21.412+0000] {processor.py:830} INFO - Processing file /home/airflow/.local/lib/python3.12/site-packages/airflow/example_dags/example_bash_decorator.py for tasks to queue
[2025-06-20T14:41:21.414+0000] {logging_mixin.py:188} INFO - [2025-06-20T14:41:21.413+0000] {dagbag.py:540} INFO - Filling up the DagBag from /home/airflow/.local/lib/python3.12/site-packages/airflow/example_dags/example_bash_decorator.py
[2025-06-20T14:41:21.427+0000] {processor.py:840} INFO - DAG(s) 'example_bash_decorator' retrieved from /home/airflow/.local/lib/python3.12/site-packages/airflow/example_dags/example_bash_decorator.py
[2025-06-20T14:41:21.450+0000] {logging_mixin.py:188} INFO - [2025-06-20T14:41:21.449+0000] {dag.py:3096} INFO - Sync 1 DAGs
[2025-06-20T14:41:21.461+0000] {logging_mixin.py:188} INFO - [2025-06-20T14:41:21.461+0000] {dag.py:3954} INFO - Setting next_dagrun for example_bash_decorator to None, run_after=None
[2025-06-20T14:41:21.476+0000] {processor.py:183} INFO - Processing /home/airflow/.local/lib/python3.12/site-packages/airflow/example_dags/example_bash_decorator.py took 0.072 seconds
[2025-06-20T14:41:51.601+0000] {processor.py:161} INFO - Started process (PID=898) to work on /home/airflow/.local/lib/python3.12/site-packages/airflow/example_dags/example_bash_decorator.py
[2025-06-20T14:41:51.601+0000] {processor.py:830} INFO - Processing file /home/airflow/.local/lib/python3.12/site-packages/airflow/example_dags/example_bash_decorator.py for tasks to queue
[2025-06-20T14:41:51.604+0000] {logging_mixin.py:188} INFO - [2025-06-20T14:41:51.603+0000] {dagbag.py:540} INFO - Filling up the DagBag from /home/airflow/.local/lib/python3.12/site-packages/airflow/example_dags/example_bash_decorator.py
[2025-06-20T14:41:51.617+0000] {processor.py:840} INFO - DAG(s) 'example_bash_decorator' retrieved from /home/airflow/.local/lib/python3.12/site-packages/airflow/example_dags/example_bash_decorator.py
[2025-06-20T14:41:51.639+0000] {logging_mixin.py:188} INFO - [2025-06-20T14:41:51.639+0000] {dag.py:3096} INFO - Sync 1 DAGs
[2025-06-20T14:41:51.651+0000] {logging_mixin.py:188} INFO - [2025-06-20T14:41:51.651+0000] {dag.py:3954} INFO - Setting next_dagrun for example_bash_decorator to None, run_after=None
[2025-06-20T14:41:51.666+0000] {processor.py:183} INFO - Processing /home/airflow/.local/lib/python3.12/site-packages/airflow/example_dags/example_bash_decorator.py took 0.072 seconds
[2025-06-20T14:42:22.229+0000] {processor.py:161} INFO - Started process (PID=956) to work on /home/airflow/.local/lib/python3.12/site-packages/airflow/example_dags/example_bash_decorator.py
[2025-06-20T14:42:22.230+0000] {processor.py:830} INFO - Processing file /home/airflow/.local/lib/python3.12/site-packages/airflow/example_dags/example_bash_decorator.py for tasks to queue
[2025-06-20T14:42:22.232+0000] {logging_mixin.py:188} INFO - [2025-06-20T14:42:22.232+0000] {dagbag.py:540} INFO - Filling up the DagBag from /home/airflow/.local/lib/python3.12/site-packages/airflow/example_dags/example_bash_decorator.py
[2025-06-20T14:42:22.250+0000] {processor.py:840} INFO - DAG(s) 'example_bash_decorator' retrieved from /home/airflow/.local/lib/python3.12/site-packages/airflow/example_dags/example_bash_decorator.py
[2025-06-20T14:42:22.273+0000] {logging_mixin.py:188} INFO - [2025-06-20T14:42:22.273+0000] {dag.py:3096} INFO - Sync 1 DAGs
[2025-06-20T14:42:22.290+0000] {logging_mixin.py:188} INFO - [2025-06-20T14:42:22.289+0000] {dag.py:3954} INFO - Setting next_dagrun for example_bash_decorator to None, run_after=None
[2025-06-20T14:42:22.306+0000] {processor.py:183} INFO - Processing /home/airflow/.local/lib/python3.12/site-packages/airflow/example_dags/example_bash_decorator.py took 0.083 seconds
[2025-06-20T14:42:53.086+0000] {processor.py:161} INFO - Started process (PID=1014) to work on /home/airflow/.local/lib/python3.12/site-packages/airflow/example_dags/example_bash_decorator.py
[2025-06-20T14:42:53.087+0000] {processor.py:830} INFO - Processing file /home/airflow/.local/lib/python3.12/site-packages/airflow/example_dags/example_bash_decorator.py for tasks to queue
[2025-06-20T14:42:53.089+0000] {logging_mixin.py:188} INFO - [2025-06-20T14:42:53.089+0000] {dagbag.py:540} INFO - Filling up the DagBag from /home/airflow/.local/lib/python3.12/site-packages/airflow/example_dags/example_bash_decorator.py
[2025-06-20T14:42:53.103+0000] {processor.py:840} INFO - DAG(s) 'example_bash_decorator' retrieved from /home/airflow/.local/lib/python3.12/site-packages/airflow/example_dags/example_bash_decorator.py
[2025-06-20T14:42:53.127+0000] {logging_mixin.py:188} INFO - [2025-06-20T14:42:53.127+0000] {dag.py:3096} INFO - Sync 1 DAGs
[2025-06-20T14:42:53.141+0000] {logging_mixin.py:188} INFO - [2025-06-20T14:42:53.140+0000] {dag.py:3954} INFO - Setting next_dagrun for example_bash_decorator to None, run_after=None
[2025-06-20T14:42:53.157+0000] {processor.py:183} INFO - Processing /home/airflow/.local/lib/python3.12/site-packages/airflow/example_dags/example_bash_decorator.py took 0.077 seconds
[2025-06-20T14:43:23.496+0000] {processor.py:161} INFO - Started process (PID=1072) to work on /home/airflow/.local/lib/python3.12/site-packages/airflow/example_dags/example_bash_decorator.py
[2025-06-20T14:43:23.497+0000] {processor.py:830} INFO - Processing file /home/airflow/.local/lib/python3.12/site-packages/airflow/example_dags/example_bash_decorator.py for tasks to queue
[2025-06-20T14:43:23.499+0000] {logging_mixin.py:188} INFO - [2025-06-20T14:43:23.498+0000] {dagbag.py:540} INFO - Filling up the DagBag from /home/airflow/.local/lib/python3.12/site-packages/airflow/example_dags/example_bash_decorator.py
[2025-06-20T14:43:23.513+0000] {processor.py:840} INFO - DAG(s) 'example_bash_decorator' retrieved from /home/airflow/.local/lib/python3.12/site-packages/airflow/example_dags/example_bash_decorator.py
[2025-06-20T14:43:23.536+0000] {logging_mixin.py:188} INFO - [2025-06-20T14:43:23.536+0000] {dag.py:3096} INFO - Sync 1 DAGs
[2025-06-20T14:43:23.549+0000] {logging_mixin.py:188} INFO - [2025-06-20T14:43:23.549+0000] {dag.py:3954} INFO - Setting next_dagrun for example_bash_decorator to None, run_after=None
[2025-06-20T14:43:23.566+0000] {processor.py:183} INFO - Processing /home/airflow/.local/lib/python3.12/site-packages/airflow/example_dags/example_bash_decorator.py took 0.076 seconds
[2025-06-20T14:43:53.625+0000] {processor.py:161} INFO - Started process (PID=1130) to work on /home/airflow/.local/lib/python3.12/site-packages/airflow/example_dags/example_bash_decorator.py
[2025-06-20T14:43:53.626+0000] {processor.py:830} INFO - Processing file /home/airflow/.local/lib/python3.12/site-packages/airflow/example_dags/example_bash_decorator.py for tasks to queue
[2025-06-20T14:43:53.627+0000] {logging_mixin.py:188} INFO - [2025-06-20T14:43:53.627+0000] {dagbag.py:540} INFO - Filling up the DagBag from /home/airflow/.local/lib/python3.12/site-packages/airflow/example_dags/example_bash_decorator.py
[2025-06-20T14:43:53.640+0000] {processor.py:840} INFO - DAG(s) 'example_bash_decorator' retrieved from /home/airflow/.local/lib/python3.12/site-packages/airflow/example_dags/example_bash_decorator.py
[2025-06-20T14:43:53.663+0000] {logging_mixin.py:188} INFO - [2025-06-20T14:43:53.663+0000] {dag.py:3096} INFO - Sync 1 DAGs
[2025-06-20T14:43:53.675+0000] {logging_mixin.py:188} INFO - [2025-06-20T14:43:53.675+0000] {dag.py:3954} INFO - Setting next_dagrun for example_bash_decorator to None, run_after=None
[2025-06-20T14:43:53.691+0000] {processor.py:183} INFO - Processing /home/airflow/.local/lib/python3.12/site-packages/airflow/example_dags/example_bash_decorator.py took 0.072 seconds
[2025-06-20T14:44:23.803+0000] {processor.py:161} INFO - Started process (PID=1188) to work on /home/airflow/.local/lib/python3.12/site-packages/airflow/example_dags/example_bash_decorator.py
[2025-06-20T14:44:23.804+0000] {processor.py:830} INFO - Processing file /home/airflow/.local/lib/python3.12/site-packages/airflow/example_dags/example_bash_decorator.py for tasks to queue
[2025-06-20T14:44:23.806+0000] {logging_mixin.py:188} INFO - [2025-06-20T14:44:23.805+0000] {dagbag.py:540} INFO - Filling up the DagBag from /home/airflow/.local/lib/python3.12/site-packages/airflow/example_dags/example_bash_decorator.py
[2025-06-20T14:44:23.818+0000] {processor.py:840} INFO - DAG(s) 'example_bash_decorator' retrieved from /home/airflow/.local/lib/python3.12/site-packages/airflow/example_dags/example_bash_decorator.py
[2025-06-20T14:44:23.840+0000] {logging_mixin.py:188} INFO - [2025-06-20T14:44:23.840+0000] {dag.py:3096} INFO - Sync 1 DAGs
[2025-06-20T14:44:23.851+0000] {logging_mixin.py:188} INFO - [2025-06-20T14:44:23.851+0000] {dag.py:3954} INFO - Setting next_dagrun for example_bash_decorator to None, run_after=None
[2025-06-20T14:44:23.866+0000] {processor.py:183} INFO - Processing /home/airflow/.local/lib/python3.12/site-packages/airflow/example_dags/example_bash_decorator.py took 0.069 seconds
[2025-06-20T14:44:54.334+0000] {processor.py:161} INFO - Started process (PID=1246) to work on /home/airflow/.local/lib/python3.12/site-packages/airflow/example_dags/example_bash_decorator.py
[2025-06-20T14:44:54.337+0000] {processor.py:830} INFO - Processing file /home/airflow/.local/lib/python3.12/site-packages/airflow/example_dags/example_bash_decorator.py for tasks to queue
[2025-06-20T14:44:54.341+0000] {logging_mixin.py:188} INFO - [2025-06-20T14:44:54.340+0000] {dagbag.py:540} INFO - Filling up the DagBag from /home/airflow/.local/lib/python3.12/site-packages/airflow/example_dags/example_bash_decorator.py
[2025-06-20T14:44:54.358+0000] {processor.py:840} INFO - DAG(s) 'example_bash_decorator' retrieved from /home/airflow/.local/lib/python3.12/site-packages/airflow/example_dags/example_bash_decorator.py
[2025-06-20T14:44:54.387+0000] {logging_mixin.py:188} INFO - [2025-06-20T14:44:54.386+0000] {dag.py:3096} INFO - Sync 1 DAGs
[2025-06-20T14:44:54.401+0000] {logging_mixin.py:188} INFO - [2025-06-20T14:44:54.401+0000] {dag.py:3954} INFO - Setting next_dagrun for example_bash_decorator to None, run_after=None
[2025-06-20T14:44:54.421+0000] {processor.py:183} INFO - Processing /home/airflow/.local/lib/python3.12/site-packages/airflow/example_dags/example_bash_decorator.py took 0.096 seconds
[2025-06-20T14:45:25.241+0000] {processor.py:161} INFO - Started process (PID=1304) to work on /home/airflow/.local/lib/python3.12/site-packages/airflow/example_dags/example_bash_decorator.py
[2025-06-20T14:45:25.242+0000] {processor.py:830} INFO - Processing file /home/airflow/.local/lib/python3.12/site-packages/airflow/example_dags/example_bash_decorator.py for tasks to queue
[2025-06-20T14:45:25.244+0000] {logging_mixin.py:188} INFO - [2025-06-20T14:45:25.243+0000] {dagbag.py:540} INFO - Filling up the DagBag from /home/airflow/.local/lib/python3.12/site-packages/airflow/example_dags/example_bash_decorator.py
[2025-06-20T14:45:25.257+0000] {processor.py:840} INFO - DAG(s) 'example_bash_decorator' retrieved from /home/airflow/.local/lib/python3.12/site-packages/airflow/example_dags/example_bash_decorator.py
[2025-06-20T14:45:25.282+0000] {logging_mixin.py:188} INFO - [2025-06-20T14:45:25.282+0000] {dag.py:3096} INFO - Sync 1 DAGs
[2025-06-20T14:45:25.414+0000] {logging_mixin.py:188} INFO - [2025-06-20T14:45:25.414+0000] {dag.py:3954} INFO - Setting next_dagrun for example_bash_decorator to None, run_after=None
[2025-06-20T14:45:25.428+0000] {processor.py:183} INFO - Processing /home/airflow/.local/lib/python3.12/site-packages/airflow/example_dags/example_bash_decorator.py took 0.194 seconds
[2025-06-20T14:45:56.087+0000] {processor.py:161} INFO - Started process (PID=1362) to work on /home/airflow/.local/lib/python3.12/site-packages/airflow/example_dags/example_bash_decorator.py
[2025-06-20T14:45:56.088+0000] {processor.py:830} INFO - Processing file /home/airflow/.local/lib/python3.12/site-packages/airflow/example_dags/example_bash_decorator.py for tasks to queue
[2025-06-20T14:45:56.090+0000] {logging_mixin.py:188} INFO - [2025-06-20T14:45:56.089+0000] {dagbag.py:540} INFO - Filling up the DagBag from /home/airflow/.local/lib/python3.12/site-packages/airflow/example_dags/example_bash_decorator.py
[2025-06-20T14:45:56.102+0000] {processor.py:840} INFO - DAG(s) 'example_bash_decorator' retrieved from /home/airflow/.local/lib/python3.12/site-packages/airflow/example_dags/example_bash_decorator.py
[2025-06-20T14:45:56.125+0000] {logging_mixin.py:188} INFO - [2025-06-20T14:45:56.125+0000] {dag.py:3096} INFO - Sync 1 DAGs
[2025-06-20T14:45:56.137+0000] {logging_mixin.py:188} INFO - [2025-06-20T14:45:56.137+0000] {dag.py:3954} INFO - Setting next_dagrun for example_bash_decorator to None, run_after=None
[2025-06-20T14:45:56.153+0000] {processor.py:183} INFO - Processing /home/airflow/.local/lib/python3.12/site-packages/airflow/example_dags/example_bash_decorator.py took 0.072 seconds
[2025-06-20T14:46:26.225+0000] {processor.py:161} INFO - Started process (PID=1420) to work on /home/airflow/.local/lib/python3.12/site-packages/airflow/example_dags/example_bash_decorator.py
[2025-06-20T14:46:26.226+0000] {processor.py:830} INFO - Processing file /home/airflow/.local/lib/python3.12/site-packages/airflow/example_dags/example_bash_decorator.py for tasks to queue
[2025-06-20T14:46:26.228+0000] {logging_mixin.py:188} INFO - [2025-06-20T14:46:26.228+0000] {dagbag.py:540} INFO - Filling up the DagBag from /home/airflow/.local/lib/python3.12/site-packages/airflow/example_dags/example_bash_decorator.py
[2025-06-20T14:46:26.245+0000] {processor.py:840} INFO - DAG(s) 'example_bash_decorator' retrieved from /home/airflow/.local/lib/python3.12/site-packages/airflow/example_dags/example_bash_decorator.py
[2025-06-20T14:46:26.270+0000] {logging_mixin.py:188} INFO - [2025-06-20T14:46:26.270+0000] {dag.py:3096} INFO - Sync 1 DAGs
[2025-06-20T14:46:26.281+0000] {logging_mixin.py:188} INFO - [2025-06-20T14:46:26.281+0000] {dag.py:3954} INFO - Setting next_dagrun for example_bash_decorator to None, run_after=None
[2025-06-20T14:46:26.296+0000] {processor.py:183} INFO - Processing /home/airflow/.local/lib/python3.12/site-packages/airflow/example_dags/example_bash_decorator.py took 0.078 seconds
[2025-06-20T14:46:56.570+0000] {processor.py:161} INFO - Started process (PID=1478) to work on /home/airflow/.local/lib/python3.12/site-packages/airflow/example_dags/example_bash_decorator.py
[2025-06-20T14:46:56.571+0000] {processor.py:830} INFO - Processing file /home/airflow/.local/lib/python3.12/site-packages/airflow/example_dags/example_bash_decorator.py for tasks to queue
[2025-06-20T14:46:56.572+0000] {logging_mixin.py:188} INFO - [2025-06-20T14:46:56.572+0000] {dagbag.py:540} INFO - Filling up the DagBag from /home/airflow/.local/lib/python3.12/site-packages/airflow/example_dags/example_bash_decorator.py
[2025-06-20T14:46:56.586+0000] {processor.py:840} INFO - DAG(s) 'example_bash_decorator' retrieved from /home/airflow/.local/lib/python3.12/site-packages/airflow/example_dags/example_bash_decorator.py
[2025-06-20T14:46:56.608+0000] {logging_mixin.py:188} INFO - [2025-06-20T14:46:56.608+0000] {dag.py:3096} INFO - Sync 1 DAGs
[2025-06-20T14:46:56.619+0000] {logging_mixin.py:188} INFO - [2025-06-20T14:46:56.619+0000] {dag.py:3954} INFO - Setting next_dagrun for example_bash_decorator to None, run_after=None
[2025-06-20T14:46:56.634+0000] {processor.py:183} INFO - Processing /home/airflow/.local/lib/python3.12/site-packages/airflow/example_dags/example_bash_decorator.py took 0.071 seconds
[2025-06-20T14:47:26.901+0000] {processor.py:161} INFO - Started process (PID=1536) to work on /home/airflow/.local/lib/python3.12/site-packages/airflow/example_dags/example_bash_decorator.py
[2025-06-20T14:47:26.902+0000] {processor.py:830} INFO - Processing file /home/airflow/.local/lib/python3.12/site-packages/airflow/example_dags/example_bash_decorator.py for tasks to queue
[2025-06-20T14:47:26.904+0000] {logging_mixin.py:188} INFO - [2025-06-20T14:47:26.903+0000] {dagbag.py:540} INFO - Filling up the DagBag from /home/airflow/.local/lib/python3.12/site-packages/airflow/example_dags/example_bash_decorator.py
[2025-06-20T14:47:26.917+0000] {processor.py:840} INFO - DAG(s) 'example_bash_decorator' retrieved from /home/airflow/.local/lib/python3.12/site-packages/airflow/example_dags/example_bash_decorator.py
[2025-06-20T14:47:26.939+0000] {logging_mixin.py:188} INFO - [2025-06-20T14:47:26.939+0000] {dag.py:3096} INFO - Sync 1 DAGs
[2025-06-20T14:47:26.950+0000] {logging_mixin.py:188} INFO - [2025-06-20T14:47:26.950+0000] {dag.py:3954} INFO - Setting next_dagrun for example_bash_decorator to None, run_after=None
[2025-06-20T14:47:26.965+0000] {processor.py:183} INFO - Processing /home/airflow/.local/lib/python3.12/site-packages/airflow/example_dags/example_bash_decorator.py took 0.071 seconds
[2025-06-20T14:47:57.197+0000] {processor.py:161} INFO - Started process (PID=1594) to work on /home/airflow/.local/lib/python3.12/site-packages/airflow/example_dags/example_bash_decorator.py
[2025-06-20T14:47:57.198+0000] {processor.py:830} INFO - Processing file /home/airflow/.local/lib/python3.12/site-packages/airflow/example_dags/example_bash_decorator.py for tasks to queue
[2025-06-20T14:47:57.200+0000] {logging_mixin.py:188} INFO - [2025-06-20T14:47:57.200+0000] {dagbag.py:540} INFO - Filling up the DagBag from /home/airflow/.local/lib/python3.12/site-packages/airflow/example_dags/example_bash_decorator.py
[2025-06-20T14:47:57.213+0000] {processor.py:840} INFO - DAG(s) 'example_bash_decorator' retrieved from /home/airflow/.local/lib/python3.12/site-packages/airflow/example_dags/example_bash_decorator.py
[2025-06-20T14:47:57.240+0000] {logging_mixin.py:188} INFO - [2025-06-20T14:47:57.239+0000] {dag.py:3096} INFO - Sync 1 DAGs
[2025-06-20T14:47:57.253+0000] {logging_mixin.py:188} INFO - [2025-06-20T14:47:57.252+0000] {dag.py:3954} INFO - Setting next_dagrun for example_bash_decorator to None, run_after=None
[2025-06-20T14:47:57.268+0000] {processor.py:183} INFO - Processing /home/airflow/.local/lib/python3.12/site-packages/airflow/example_dags/example_bash_decorator.py took 0.077 seconds
[2025-06-20T14:48:27.611+0000] {processor.py:161} INFO - Started process (PID=1652) to work on /home/airflow/.local/lib/python3.12/site-packages/airflow/example_dags/example_bash_decorator.py
[2025-06-20T14:48:27.612+0000] {processor.py:830} INFO - Processing file /home/airflow/.local/lib/python3.12/site-packages/airflow/example_dags/example_bash_decorator.py for tasks to queue
[2025-06-20T14:48:27.614+0000] {logging_mixin.py:188} INFO - [2025-06-20T14:48:27.614+0000] {dagbag.py:540} INFO - Filling up the DagBag from /home/airflow/.local/lib/python3.12/site-packages/airflow/example_dags/example_bash_decorator.py
[2025-06-20T14:48:27.626+0000] {processor.py:840} INFO - DAG(s) 'example_bash_decorator' retrieved from /home/airflow/.local/lib/python3.12/site-packages/airflow/example_dags/example_bash_decorator.py
[2025-06-20T14:48:27.648+0000] {logging_mixin.py:188} INFO - [2025-06-20T14:48:27.648+0000] {dag.py:3096} INFO - Sync 1 DAGs
[2025-06-20T14:48:27.659+0000] {logging_mixin.py:188} INFO - [2025-06-20T14:48:27.659+0000] {dag.py:3954} INFO - Setting next_dagrun for example_bash_decorator to None, run_after=None
[2025-06-20T14:48:27.675+0000] {processor.py:183} INFO - Processing /home/airflow/.local/lib/python3.12/site-packages/airflow/example_dags/example_bash_decorator.py took 0.070 seconds
[2025-06-20T14:48:57.837+0000] {processor.py:161} INFO - Started process (PID=1710) to work on /home/airflow/.local/lib/python3.12/site-packages/airflow/example_dags/example_bash_decorator.py
[2025-06-20T14:48:57.838+0000] {processor.py:830} INFO - Processing file /home/airflow/.local/lib/python3.12/site-packages/airflow/example_dags/example_bash_decorator.py for tasks to queue
[2025-06-20T14:48:57.840+0000] {logging_mixin.py:188} INFO - [2025-06-20T14:48:57.840+0000] {dagbag.py:540} INFO - Filling up the DagBag from /home/airflow/.local/lib/python3.12/site-packages/airflow/example_dags/example_bash_decorator.py
[2025-06-20T14:48:57.853+0000] {processor.py:840} INFO - DAG(s) 'example_bash_decorator' retrieved from /home/airflow/.local/lib/python3.12/site-packages/airflow/example_dags/example_bash_decorator.py
[2025-06-20T14:48:57.877+0000] {logging_mixin.py:188} INFO - [2025-06-20T14:48:57.876+0000] {dag.py:3096} INFO - Sync 1 DAGs
[2025-06-20T14:48:57.888+0000] {logging_mixin.py:188} INFO - [2025-06-20T14:48:57.888+0000] {dag.py:3954} INFO - Setting next_dagrun for example_bash_decorator to None, run_after=None
[2025-06-20T14:48:57.904+0000] {processor.py:183} INFO - Processing /home/airflow/.local/lib/python3.12/site-packages/airflow/example_dags/example_bash_decorator.py took 0.073 seconds
[2025-06-20T14:49:27.939+0000] {processor.py:161} INFO - Started process (PID=1768) to work on /home/airflow/.local/lib/python3.12/site-packages/airflow/example_dags/example_bash_decorator.py
[2025-06-20T14:49:27.940+0000] {processor.py:830} INFO - Processing file /home/airflow/.local/lib/python3.12/site-packages/airflow/example_dags/example_bash_decorator.py for tasks to queue
[2025-06-20T14:49:27.942+0000] {logging_mixin.py:188} INFO - [2025-06-20T14:49:27.941+0000] {dagbag.py:540} INFO - Filling up the DagBag from /home/airflow/.local/lib/python3.12/site-packages/airflow/example_dags/example_bash_decorator.py
[2025-06-20T14:49:27.954+0000] {processor.py:840} INFO - DAG(s) 'example_bash_decorator' retrieved from /home/airflow/.local/lib/python3.12/site-packages/airflow/example_dags/example_bash_decorator.py
[2025-06-20T14:49:27.976+0000] {logging_mixin.py:188} INFO - [2025-06-20T14:49:27.975+0000] {dag.py:3096} INFO - Sync 1 DAGs
[2025-06-20T14:49:27.987+0000] {logging_mixin.py:188} INFO - [2025-06-20T14:49:27.987+0000] {dag.py:3954} INFO - Setting next_dagrun for example_bash_decorator to None, run_after=None
[2025-06-20T14:49:28.002+0000] {processor.py:183} INFO - Processing /home/airflow/.local/lib/python3.12/site-packages/airflow/example_dags/example_bash_decorator.py took 0.070 seconds
[2025-06-20T14:49:58.283+0000] {processor.py:161} INFO - Started process (PID=1826) to work on /home/airflow/.local/lib/python3.12/site-packages/airflow/example_dags/example_bash_decorator.py
[2025-06-20T14:49:58.284+0000] {processor.py:830} INFO - Processing file /home/airflow/.local/lib/python3.12/site-packages/airflow/example_dags/example_bash_decorator.py for tasks to queue
[2025-06-20T14:49:58.286+0000] {logging_mixin.py:188} INFO - [2025-06-20T14:49:58.285+0000] {dagbag.py:540} INFO - Filling up the DagBag from /home/airflow/.local/lib/python3.12/site-packages/airflow/example_dags/example_bash_decorator.py
[2025-06-20T14:49:58.299+0000] {processor.py:840} INFO - DAG(s) 'example_bash_decorator' retrieved from /home/airflow/.local/lib/python3.12/site-packages/airflow/example_dags/example_bash_decorator.py
[2025-06-20T14:49:58.322+0000] {logging_mixin.py:188} INFO - [2025-06-20T14:49:58.321+0000] {dag.py:3096} INFO - Sync 1 DAGs
[2025-06-20T14:49:58.334+0000] {logging_mixin.py:188} INFO - [2025-06-20T14:49:58.334+0000] {dag.py:3954} INFO - Setting next_dagrun for example_bash_decorator to None, run_after=None
[2025-06-20T14:49:58.350+0000] {processor.py:183} INFO - Processing /home/airflow/.local/lib/python3.12/site-packages/airflow/example_dags/example_bash_decorator.py took 0.073 seconds
[2025-06-20T14:50:28.485+0000] {processor.py:161} INFO - Started process (PID=1884) to work on /home/airflow/.local/lib/python3.12/site-packages/airflow/example_dags/example_bash_decorator.py
[2025-06-20T14:50:28.486+0000] {processor.py:830} INFO - Processing file /home/airflow/.local/lib/python3.12/site-packages/airflow/example_dags/example_bash_decorator.py for tasks to queue
[2025-06-20T14:50:28.488+0000] {logging_mixin.py:188} INFO - [2025-06-20T14:50:28.487+0000] {dagbag.py:540} INFO - Filling up the DagBag from /home/airflow/.local/lib/python3.12/site-packages/airflow/example_dags/example_bash_decorator.py
[2025-06-20T14:50:28.501+0000] {processor.py:840} INFO - DAG(s) 'example_bash_decorator' retrieved from /home/airflow/.local/lib/python3.12/site-packages/airflow/example_dags/example_bash_decorator.py
[2025-06-20T14:50:28.522+0000] {logging_mixin.py:188} INFO - [2025-06-20T14:50:28.522+0000] {dag.py:3096} INFO - Sync 1 DAGs
[2025-06-20T14:50:28.534+0000] {logging_mixin.py:188} INFO - [2025-06-20T14:50:28.534+0000] {dag.py:3954} INFO - Setting next_dagrun for example_bash_decorator to None, run_after=None
[2025-06-20T14:50:28.552+0000] {processor.py:183} INFO - Processing /home/airflow/.local/lib/python3.12/site-packages/airflow/example_dags/example_bash_decorator.py took 0.074 seconds
[2025-06-20T14:50:58.615+0000] {processor.py:161} INFO - Started process (PID=1942) to work on /home/airflow/.local/lib/python3.12/site-packages/airflow/example_dags/example_bash_decorator.py
[2025-06-20T14:50:58.616+0000] {processor.py:830} INFO - Processing file /home/airflow/.local/lib/python3.12/site-packages/airflow/example_dags/example_bash_decorator.py for tasks to queue
[2025-06-20T14:50:58.618+0000] {logging_mixin.py:188} INFO - [2025-06-20T14:50:58.618+0000] {dagbag.py:540} INFO - Filling up the DagBag from /home/airflow/.local/lib/python3.12/site-packages/airflow/example_dags/example_bash_decorator.py
[2025-06-20T14:50:58.632+0000] {processor.py:840} INFO - DAG(s) 'example_bash_decorator' retrieved from /home/airflow/.local/lib/python3.12/site-packages/airflow/example_dags/example_bash_decorator.py
[2025-06-20T14:50:58.657+0000] {logging_mixin.py:188} INFO - [2025-06-20T14:50:58.657+0000] {dag.py:3096} INFO - Sync 1 DAGs
[2025-06-20T14:50:58.670+0000] {logging_mixin.py:188} INFO - [2025-06-20T14:50:58.670+0000] {dag.py:3954} INFO - Setting next_dagrun for example_bash_decorator to None, run_after=None
[2025-06-20T14:50:58.688+0000] {processor.py:183} INFO - Processing /home/airflow/.local/lib/python3.12/site-packages/airflow/example_dags/example_bash_decorator.py took 0.079 seconds
[2025-06-20T14:51:28.754+0000] {processor.py:161} INFO - Started process (PID=2000) to work on /home/airflow/.local/lib/python3.12/site-packages/airflow/example_dags/example_bash_decorator.py
[2025-06-20T14:51:28.755+0000] {processor.py:830} INFO - Processing file /home/airflow/.local/lib/python3.12/site-packages/airflow/example_dags/example_bash_decorator.py for tasks to queue
[2025-06-20T14:51:28.757+0000] {logging_mixin.py:188} INFO - [2025-06-20T14:51:28.757+0000] {dagbag.py:540} INFO - Filling up the DagBag from /home/airflow/.local/lib/python3.12/site-packages/airflow/example_dags/example_bash_decorator.py
[2025-06-20T14:51:28.770+0000] {processor.py:840} INFO - DAG(s) 'example_bash_decorator' retrieved from /home/airflow/.local/lib/python3.12/site-packages/airflow/example_dags/example_bash_decorator.py
[2025-06-20T14:51:28.794+0000] {logging_mixin.py:188} INFO - [2025-06-20T14:51:28.793+0000] {dag.py:3096} INFO - Sync 1 DAGs
[2025-06-20T14:51:28.807+0000] {logging_mixin.py:188} INFO - [2025-06-20T14:51:28.807+0000] {dag.py:3954} INFO - Setting next_dagrun for example_bash_decorator to None, run_after=None
[2025-06-20T14:51:28.825+0000] {processor.py:183} INFO - Processing /home/airflow/.local/lib/python3.12/site-packages/airflow/example_dags/example_bash_decorator.py took 0.077 seconds
[2025-06-20T14:51:59.167+0000] {processor.py:161} INFO - Started process (PID=2058) to work on /home/airflow/.local/lib/python3.12/site-packages/airflow/example_dags/example_bash_decorator.py
[2025-06-20T14:51:59.168+0000] {processor.py:830} INFO - Processing file /home/airflow/.local/lib/python3.12/site-packages/airflow/example_dags/example_bash_decorator.py for tasks to queue
[2025-06-20T14:51:59.170+0000] {logging_mixin.py:188} INFO - [2025-06-20T14:51:59.170+0000] {dagbag.py:540} INFO - Filling up the DagBag from /home/airflow/.local/lib/python3.12/site-packages/airflow/example_dags/example_bash_decorator.py
[2025-06-20T14:51:59.183+0000] {processor.py:840} INFO - DAG(s) 'example_bash_decorator' retrieved from /home/airflow/.local/lib/python3.12/site-packages/airflow/example_dags/example_bash_decorator.py
[2025-06-20T14:51:59.205+0000] {logging_mixin.py:188} INFO - [2025-06-20T14:51:59.205+0000] {dag.py:3096} INFO - Sync 1 DAGs
[2025-06-20T14:51:59.217+0000] {logging_mixin.py:188} INFO - [2025-06-20T14:51:59.217+0000] {dag.py:3954} INFO - Setting next_dagrun for example_bash_decorator to None, run_after=None
[2025-06-20T14:51:59.233+0000] {processor.py:183} INFO - Processing /home/airflow/.local/lib/python3.12/site-packages/airflow/example_dags/example_bash_decorator.py took 0.072 seconds
[2025-06-20T14:52:30.027+0000] {processor.py:161} INFO - Started process (PID=2116) to work on /home/airflow/.local/lib/python3.12/site-packages/airflow/example_dags/example_bash_decorator.py
[2025-06-20T14:52:30.028+0000] {processor.py:830} INFO - Processing file /home/airflow/.local/lib/python3.12/site-packages/airflow/example_dags/example_bash_decorator.py for tasks to queue
[2025-06-20T14:52:30.030+0000] {logging_mixin.py:188} INFO - [2025-06-20T14:52:30.030+0000] {dagbag.py:540} INFO - Filling up the DagBag from /home/airflow/.local/lib/python3.12/site-packages/airflow/example_dags/example_bash_decorator.py
[2025-06-20T14:52:30.044+0000] {processor.py:840} INFO - DAG(s) 'example_bash_decorator' retrieved from /home/airflow/.local/lib/python3.12/site-packages/airflow/example_dags/example_bash_decorator.py
[2025-06-20T14:52:30.067+0000] {logging_mixin.py:188} INFO - [2025-06-20T14:52:30.066+0000] {dag.py:3096} INFO - Sync 1 DAGs
[2025-06-20T14:52:30.079+0000] {logging_mixin.py:188} INFO - [2025-06-20T14:52:30.079+0000] {dag.py:3954} INFO - Setting next_dagrun for example_bash_decorator to None, run_after=None
[2025-06-20T14:52:30.095+0000] {processor.py:183} INFO - Processing /home/airflow/.local/lib/python3.12/site-packages/airflow/example_dags/example_bash_decorator.py took 0.074 seconds
[2025-06-20T14:53:00.211+0000] {processor.py:161} INFO - Started process (PID=2174) to work on /home/airflow/.local/lib/python3.12/site-packages/airflow/example_dags/example_bash_decorator.py
[2025-06-20T14:53:00.212+0000] {processor.py:830} INFO - Processing file /home/airflow/.local/lib/python3.12/site-packages/airflow/example_dags/example_bash_decorator.py for tasks to queue
[2025-06-20T14:53:00.214+0000] {logging_mixin.py:188} INFO - [2025-06-20T14:53:00.213+0000] {dagbag.py:540} INFO - Filling up the DagBag from /home/airflow/.local/lib/python3.12/site-packages/airflow/example_dags/example_bash_decorator.py
[2025-06-20T14:53:00.229+0000] {processor.py:840} INFO - DAG(s) 'example_bash_decorator' retrieved from /home/airflow/.local/lib/python3.12/site-packages/airflow/example_dags/example_bash_decorator.py
[2025-06-20T14:53:00.252+0000] {logging_mixin.py:188} INFO - [2025-06-20T14:53:00.251+0000] {dag.py:3096} INFO - Sync 1 DAGs
[2025-06-20T14:53:00.264+0000] {logging_mixin.py:188} INFO - [2025-06-20T14:53:00.263+0000] {dag.py:3954} INFO - Setting next_dagrun for example_bash_decorator to None, run_after=None
[2025-06-20T14:53:00.279+0000] {processor.py:183} INFO - Processing /home/airflow/.local/lib/python3.12/site-packages/airflow/example_dags/example_bash_decorator.py took 0.074 seconds
[2025-06-20T14:53:30.624+0000] {processor.py:161} INFO - Started process (PID=2232) to work on /home/airflow/.local/lib/python3.12/site-packages/airflow/example_dags/example_bash_decorator.py
[2025-06-20T14:53:30.625+0000] {processor.py:830} INFO - Processing file /home/airflow/.local/lib/python3.12/site-packages/airflow/example_dags/example_bash_decorator.py for tasks to queue
[2025-06-20T14:53:30.627+0000] {logging_mixin.py:188} INFO - [2025-06-20T14:53:30.626+0000] {dagbag.py:540} INFO - Filling up the DagBag from /home/airflow/.local/lib/python3.12/site-packages/airflow/example_dags/example_bash_decorator.py
[2025-06-20T14:53:30.640+0000] {processor.py:840} INFO - DAG(s) 'example_bash_decorator' retrieved from /home/airflow/.local/lib/python3.12/site-packages/airflow/example_dags/example_bash_decorator.py
[2025-06-20T14:53:30.664+0000] {logging_mixin.py:188} INFO - [2025-06-20T14:53:30.664+0000] {dag.py:3096} INFO - Sync 1 DAGs
[2025-06-20T14:53:30.678+0000] {logging_mixin.py:188} INFO - [2025-06-20T14:53:30.677+0000] {dag.py:3954} INFO - Setting next_dagrun for example_bash_decorator to None, run_after=None
[2025-06-20T14:53:30.695+0000] {processor.py:183} INFO - Processing /home/airflow/.local/lib/python3.12/site-packages/airflow/example_dags/example_bash_decorator.py took 0.077 seconds
[2025-06-20T14:54:01.597+0000] {processor.py:161} INFO - Started process (PID=2290) to work on /home/airflow/.local/lib/python3.12/site-packages/airflow/example_dags/example_bash_decorator.py
[2025-06-20T14:54:01.598+0000] {processor.py:830} INFO - Processing file /home/airflow/.local/lib/python3.12/site-packages/airflow/example_dags/example_bash_decorator.py for tasks to queue
[2025-06-20T14:54:01.600+0000] {logging_mixin.py:188} INFO - [2025-06-20T14:54:01.599+0000] {dagbag.py:540} INFO - Filling up the DagBag from /home/airflow/.local/lib/python3.12/site-packages/airflow/example_dags/example_bash_decorator.py
[2025-06-20T14:54:01.613+0000] {processor.py:840} INFO - DAG(s) 'example_bash_decorator' retrieved from /home/airflow/.local/lib/python3.12/site-packages/airflow/example_dags/example_bash_decorator.py
[2025-06-20T14:54:01.636+0000] {logging_mixin.py:188} INFO - [2025-06-20T14:54:01.636+0000] {dag.py:3096} INFO - Sync 1 DAGs
[2025-06-20T14:54:01.647+0000] {logging_mixin.py:188} INFO - [2025-06-20T14:54:01.647+0000] {dag.py:3954} INFO - Setting next_dagrun for example_bash_decorator to None, run_after=None
[2025-06-20T14:54:01.663+0000] {processor.py:183} INFO - Processing /home/airflow/.local/lib/python3.12/site-packages/airflow/example_dags/example_bash_decorator.py took 0.072 seconds
[2025-06-20T14:54:32.499+0000] {processor.py:161} INFO - Started process (PID=2348) to work on /home/airflow/.local/lib/python3.12/site-packages/airflow/example_dags/example_bash_decorator.py
[2025-06-20T14:54:32.500+0000] {processor.py:830} INFO - Processing file /home/airflow/.local/lib/python3.12/site-packages/airflow/example_dags/example_bash_decorator.py for tasks to queue
[2025-06-20T14:54:32.502+0000] {logging_mixin.py:188} INFO - [2025-06-20T14:54:32.502+0000] {dagbag.py:540} INFO - Filling up the DagBag from /home/airflow/.local/lib/python3.12/site-packages/airflow/example_dags/example_bash_decorator.py
[2025-06-20T14:54:32.516+0000] {processor.py:840} INFO - DAG(s) 'example_bash_decorator' retrieved from /home/airflow/.local/lib/python3.12/site-packages/airflow/example_dags/example_bash_decorator.py
[2025-06-20T14:54:32.540+0000] {logging_mixin.py:188} INFO - [2025-06-20T14:54:32.540+0000] {dag.py:3096} INFO - Sync 1 DAGs
[2025-06-20T14:54:32.552+0000] {logging_mixin.py:188} INFO - [2025-06-20T14:54:32.552+0000] {dag.py:3954} INFO - Setting next_dagrun for example_bash_decorator to None, run_after=None
[2025-06-20T14:54:32.569+0000] {processor.py:183} INFO - Processing /home/airflow/.local/lib/python3.12/site-packages/airflow/example_dags/example_bash_decorator.py took 0.077 seconds
[2025-06-20T14:55:02.662+0000] {processor.py:161} INFO - Started process (PID=2407) to work on /home/airflow/.local/lib/python3.12/site-packages/airflow/example_dags/example_bash_decorator.py
[2025-06-20T14:55:02.663+0000] {processor.py:830} INFO - Processing file /home/airflow/.local/lib/python3.12/site-packages/airflow/example_dags/example_bash_decorator.py for tasks to queue
[2025-06-20T14:55:02.665+0000] {logging_mixin.py:188} INFO - [2025-06-20T14:55:02.664+0000] {dagbag.py:540} INFO - Filling up the DagBag from /home/airflow/.local/lib/python3.12/site-packages/airflow/example_dags/example_bash_decorator.py
[2025-06-20T14:55:02.678+0000] {processor.py:840} INFO - DAG(s) 'example_bash_decorator' retrieved from /home/airflow/.local/lib/python3.12/site-packages/airflow/example_dags/example_bash_decorator.py
[2025-06-20T14:55:02.700+0000] {logging_mixin.py:188} INFO - [2025-06-20T14:55:02.700+0000] {dag.py:3096} INFO - Sync 1 DAGs
[2025-06-20T14:55:02.712+0000] {logging_mixin.py:188} INFO - [2025-06-20T14:55:02.712+0000] {dag.py:3954} INFO - Setting next_dagrun for example_bash_decorator to None, run_after=None
[2025-06-20T14:55:02.727+0000] {processor.py:183} INFO - Processing /home/airflow/.local/lib/python3.12/site-packages/airflow/example_dags/example_bash_decorator.py took 0.071 seconds
[2025-06-20T14:55:32.964+0000] {processor.py:161} INFO - Started process (PID=2466) to work on /home/airflow/.local/lib/python3.12/site-packages/airflow/example_dags/example_bash_decorator.py
[2025-06-20T14:55:32.964+0000] {processor.py:830} INFO - Processing file /home/airflow/.local/lib/python3.12/site-packages/airflow/example_dags/example_bash_decorator.py for tasks to queue
[2025-06-20T14:55:32.966+0000] {logging_mixin.py:188} INFO - [2025-06-20T14:55:32.966+0000] {dagbag.py:540} INFO - Filling up the DagBag from /home/airflow/.local/lib/python3.12/site-packages/airflow/example_dags/example_bash_decorator.py
[2025-06-20T14:55:32.979+0000] {processor.py:840} INFO - DAG(s) 'example_bash_decorator' retrieved from /home/airflow/.local/lib/python3.12/site-packages/airflow/example_dags/example_bash_decorator.py
[2025-06-20T14:55:33.002+0000] {logging_mixin.py:188} INFO - [2025-06-20T14:55:33.002+0000] {dag.py:3096} INFO - Sync 1 DAGs
[2025-06-20T14:55:33.013+0000] {logging_mixin.py:188} INFO - [2025-06-20T14:55:33.013+0000] {dag.py:3954} INFO - Setting next_dagrun for example_bash_decorator to None, run_after=None
[2025-06-20T14:55:33.030+0000] {processor.py:183} INFO - Processing /home/airflow/.local/lib/python3.12/site-packages/airflow/example_dags/example_bash_decorator.py took 0.073 seconds
[2025-06-20T14:56:03.353+0000] {processor.py:161} INFO - Started process (PID=2525) to work on /home/airflow/.local/lib/python3.12/site-packages/airflow/example_dags/example_bash_decorator.py
[2025-06-20T14:56:03.354+0000] {processor.py:830} INFO - Processing file /home/airflow/.local/lib/python3.12/site-packages/airflow/example_dags/example_bash_decorator.py for tasks to queue
[2025-06-20T14:56:03.356+0000] {logging_mixin.py:188} INFO - [2025-06-20T14:56:03.356+0000] {dagbag.py:540} INFO - Filling up the DagBag from /home/airflow/.local/lib/python3.12/site-packages/airflow/example_dags/example_bash_decorator.py
[2025-06-20T14:56:03.369+0000] {processor.py:840} INFO - DAG(s) 'example_bash_decorator' retrieved from /home/airflow/.local/lib/python3.12/site-packages/airflow/example_dags/example_bash_decorator.py
[2025-06-20T14:56:03.392+0000] {logging_mixin.py:188} INFO - [2025-06-20T14:56:03.392+0000] {dag.py:3096} INFO - Sync 1 DAGs
[2025-06-20T14:56:03.404+0000] {logging_mixin.py:188} INFO - [2025-06-20T14:56:03.404+0000] {dag.py:3954} INFO - Setting next_dagrun for example_bash_decorator to None, run_after=None
[2025-06-20T14:56:03.419+0000] {processor.py:183} INFO - Processing /home/airflow/.local/lib/python3.12/site-packages/airflow/example_dags/example_bash_decorator.py took 0.072 seconds
[2025-06-20T14:56:33.561+0000] {processor.py:161} INFO - Started process (PID=2584) to work on /home/airflow/.local/lib/python3.12/site-packages/airflow/example_dags/example_bash_decorator.py
[2025-06-20T14:56:33.562+0000] {processor.py:830} INFO - Processing file /home/airflow/.local/lib/python3.12/site-packages/airflow/example_dags/example_bash_decorator.py for tasks to queue
[2025-06-20T14:56:33.564+0000] {logging_mixin.py:188} INFO - [2025-06-20T14:56:33.564+0000] {dagbag.py:540} INFO - Filling up the DagBag from /home/airflow/.local/lib/python3.12/site-packages/airflow/example_dags/example_bash_decorator.py
[2025-06-20T14:56:33.577+0000] {processor.py:840} INFO - DAG(s) 'example_bash_decorator' retrieved from /home/airflow/.local/lib/python3.12/site-packages/airflow/example_dags/example_bash_decorator.py
[2025-06-20T14:56:33.598+0000] {logging_mixin.py:188} INFO - [2025-06-20T14:56:33.598+0000] {dag.py:3096} INFO - Sync 1 DAGs
[2025-06-20T14:56:33.609+0000] {logging_mixin.py:188} INFO - [2025-06-20T14:56:33.609+0000] {dag.py:3954} INFO - Setting next_dagrun for example_bash_decorator to None, run_after=None
[2025-06-20T14:56:33.624+0000] {processor.py:183} INFO - Processing /home/airflow/.local/lib/python3.12/site-packages/airflow/example_dags/example_bash_decorator.py took 0.069 seconds
[2025-06-20T14:57:03.725+0000] {processor.py:161} INFO - Started process (PID=2643) to work on /home/airflow/.local/lib/python3.12/site-packages/airflow/example_dags/example_bash_decorator.py
[2025-06-20T14:57:03.726+0000] {processor.py:830} INFO - Processing file /home/airflow/.local/lib/python3.12/site-packages/airflow/example_dags/example_bash_decorator.py for tasks to queue
[2025-06-20T14:57:03.728+0000] {logging_mixin.py:188} INFO - [2025-06-20T14:57:03.728+0000] {dagbag.py:540} INFO - Filling up the DagBag from /home/airflow/.local/lib/python3.12/site-packages/airflow/example_dags/example_bash_decorator.py
[2025-06-20T14:57:03.741+0000] {processor.py:840} INFO - DAG(s) 'example_bash_decorator' retrieved from /home/airflow/.local/lib/python3.12/site-packages/airflow/example_dags/example_bash_decorator.py
[2025-06-20T14:57:03.763+0000] {logging_mixin.py:188} INFO - [2025-06-20T14:57:03.762+0000] {dag.py:3096} INFO - Sync 1 DAGs
[2025-06-20T14:57:03.774+0000] {logging_mixin.py:188} INFO - [2025-06-20T14:57:03.774+0000] {dag.py:3954} INFO - Setting next_dagrun for example_bash_decorator to None, run_after=None
[2025-06-20T14:57:03.788+0000] {processor.py:183} INFO - Processing /home/airflow/.local/lib/python3.12/site-packages/airflow/example_dags/example_bash_decorator.py took 0.069 seconds
[2025-06-20T14:57:33.992+0000] {processor.py:161} INFO - Started process (PID=2702) to work on /home/airflow/.local/lib/python3.12/site-packages/airflow/example_dags/example_bash_decorator.py
[2025-06-20T14:57:33.994+0000] {processor.py:830} INFO - Processing file /home/airflow/.local/lib/python3.12/site-packages/airflow/example_dags/example_bash_decorator.py for tasks to queue
[2025-06-20T14:57:33.996+0000] {logging_mixin.py:188} INFO - [2025-06-20T14:57:33.996+0000] {dagbag.py:540} INFO - Filling up the DagBag from /home/airflow/.local/lib/python3.12/site-packages/airflow/example_dags/example_bash_decorator.py
[2025-06-20T14:57:34.011+0000] {processor.py:840} INFO - DAG(s) 'example_bash_decorator' retrieved from /home/airflow/.local/lib/python3.12/site-packages/airflow/example_dags/example_bash_decorator.py
[2025-06-20T14:57:34.034+0000] {logging_mixin.py:188} INFO - [2025-06-20T14:57:34.034+0000] {dag.py:3096} INFO - Sync 1 DAGs
[2025-06-20T14:57:34.046+0000] {logging_mixin.py:188} INFO - [2025-06-20T14:57:34.046+0000] {dag.py:3954} INFO - Setting next_dagrun for example_bash_decorator to None, run_after=None
[2025-06-20T14:57:34.062+0000] {processor.py:183} INFO - Processing /home/airflow/.local/lib/python3.12/site-packages/airflow/example_dags/example_bash_decorator.py took 0.077 seconds
[2025-06-20T14:58:04.198+0000] {processor.py:161} INFO - Started process (PID=2761) to work on /home/airflow/.local/lib/python3.12/site-packages/airflow/example_dags/example_bash_decorator.py
[2025-06-20T14:58:04.199+0000] {processor.py:830} INFO - Processing file /home/airflow/.local/lib/python3.12/site-packages/airflow/example_dags/example_bash_decorator.py for tasks to queue
[2025-06-20T14:58:04.201+0000] {logging_mixin.py:188} INFO - [2025-06-20T14:58:04.201+0000] {dagbag.py:540} INFO - Filling up the DagBag from /home/airflow/.local/lib/python3.12/site-packages/airflow/example_dags/example_bash_decorator.py
[2025-06-20T14:58:04.214+0000] {processor.py:840} INFO - DAG(s) 'example_bash_decorator' retrieved from /home/airflow/.local/lib/python3.12/site-packages/airflow/example_dags/example_bash_decorator.py
[2025-06-20T14:58:04.236+0000] {logging_mixin.py:188} INFO - [2025-06-20T14:58:04.236+0000] {dag.py:3096} INFO - Sync 1 DAGs
[2025-06-20T14:58:04.248+0000] {logging_mixin.py:188} INFO - [2025-06-20T14:58:04.248+0000] {dag.py:3954} INFO - Setting next_dagrun for example_bash_decorator to None, run_after=None
[2025-06-20T14:58:04.263+0000] {processor.py:183} INFO - Processing /home/airflow/.local/lib/python3.12/site-packages/airflow/example_dags/example_bash_decorator.py took 0.071 seconds
[2025-06-20T14:58:35.076+0000] {processor.py:161} INFO - Started process (PID=2818) to work on /home/airflow/.local/lib/python3.12/site-packages/airflow/example_dags/example_bash_decorator.py
[2025-06-20T14:58:35.077+0000] {processor.py:830} INFO - Processing file /home/airflow/.local/lib/python3.12/site-packages/airflow/example_dags/example_bash_decorator.py for tasks to queue
[2025-06-20T14:58:35.079+0000] {logging_mixin.py:188} INFO - [2025-06-20T14:58:35.079+0000] {dagbag.py:540} INFO - Filling up the DagBag from /home/airflow/.local/lib/python3.12/site-packages/airflow/example_dags/example_bash_decorator.py
[2025-06-20T14:58:35.098+0000] {processor.py:840} INFO - DAG(s) 'example_bash_decorator' retrieved from /home/airflow/.local/lib/python3.12/site-packages/airflow/example_dags/example_bash_decorator.py
[2025-06-20T14:58:35.131+0000] {logging_mixin.py:188} INFO - [2025-06-20T14:58:35.130+0000] {dag.py:3096} INFO - Sync 1 DAGs
[2025-06-20T14:58:35.148+0000] {logging_mixin.py:188} INFO - [2025-06-20T14:58:35.148+0000] {dag.py:3954} INFO - Setting next_dagrun for example_bash_decorator to None, run_after=None
[2025-06-20T14:58:35.170+0000] {processor.py:183} INFO - Processing /home/airflow/.local/lib/python3.12/site-packages/airflow/example_dags/example_bash_decorator.py took 0.101 seconds
[2025-06-20T14:59:05.389+0000] {processor.py:161} INFO - Started process (PID=2877) to work on /home/airflow/.local/lib/python3.12/site-packages/airflow/example_dags/example_bash_decorator.py
[2025-06-20T14:59:05.390+0000] {processor.py:830} INFO - Processing file /home/airflow/.local/lib/python3.12/site-packages/airflow/example_dags/example_bash_decorator.py for tasks to queue
[2025-06-20T14:59:05.391+0000] {logging_mixin.py:188} INFO - [2025-06-20T14:59:05.391+0000] {dagbag.py:540} INFO - Filling up the DagBag from /home/airflow/.local/lib/python3.12/site-packages/airflow/example_dags/example_bash_decorator.py
[2025-06-20T14:59:05.404+0000] {processor.py:840} INFO - DAG(s) 'example_bash_decorator' retrieved from /home/airflow/.local/lib/python3.12/site-packages/airflow/example_dags/example_bash_decorator.py
[2025-06-20T14:59:05.427+0000] {logging_mixin.py:188} INFO - [2025-06-20T14:59:05.427+0000] {dag.py:3096} INFO - Sync 1 DAGs
[2025-06-20T14:59:05.440+0000] {logging_mixin.py:188} INFO - [2025-06-20T14:59:05.440+0000] {dag.py:3954} INFO - Setting next_dagrun for example_bash_decorator to None, run_after=None
[2025-06-20T14:59:05.457+0000] {processor.py:183} INFO - Processing /home/airflow/.local/lib/python3.12/site-packages/airflow/example_dags/example_bash_decorator.py took 0.074 seconds
[2025-06-20T14:59:35.576+0000] {processor.py:161} INFO - Started process (PID=2936) to work on /home/airflow/.local/lib/python3.12/site-packages/airflow/example_dags/example_bash_decorator.py
[2025-06-20T14:59:35.577+0000] {processor.py:830} INFO - Processing file /home/airflow/.local/lib/python3.12/site-packages/airflow/example_dags/example_bash_decorator.py for tasks to queue
[2025-06-20T14:59:35.578+0000] {logging_mixin.py:188} INFO - [2025-06-20T14:59:35.578+0000] {dagbag.py:540} INFO - Filling up the DagBag from /home/airflow/.local/lib/python3.12/site-packages/airflow/example_dags/example_bash_decorator.py
[2025-06-20T14:59:35.591+0000] {processor.py:840} INFO - DAG(s) 'example_bash_decorator' retrieved from /home/airflow/.local/lib/python3.12/site-packages/airflow/example_dags/example_bash_decorator.py
[2025-06-20T14:59:35.614+0000] {logging_mixin.py:188} INFO - [2025-06-20T14:59:35.614+0000] {dag.py:3096} INFO - Sync 1 DAGs
[2025-06-20T14:59:35.626+0000] {logging_mixin.py:188} INFO - [2025-06-20T14:59:35.626+0000] {dag.py:3954} INFO - Setting next_dagrun for example_bash_decorator to None, run_after=None
[2025-06-20T14:59:35.642+0000] {processor.py:183} INFO - Processing /home/airflow/.local/lib/python3.12/site-packages/airflow/example_dags/example_bash_decorator.py took 0.073 seconds
[2025-06-20T15:00:06.091+0000] {processor.py:161} INFO - Started process (PID=2995) to work on /home/airflow/.local/lib/python3.12/site-packages/airflow/example_dags/example_bash_decorator.py
[2025-06-20T15:00:06.092+0000] {processor.py:830} INFO - Processing file /home/airflow/.local/lib/python3.12/site-packages/airflow/example_dags/example_bash_decorator.py for tasks to queue
[2025-06-20T15:00:06.094+0000] {logging_mixin.py:188} INFO - [2025-06-20T15:00:06.093+0000] {dagbag.py:540} INFO - Filling up the DagBag from /home/airflow/.local/lib/python3.12/site-packages/airflow/example_dags/example_bash_decorator.py
[2025-06-20T15:00:06.106+0000] {processor.py:840} INFO - DAG(s) 'example_bash_decorator' retrieved from /home/airflow/.local/lib/python3.12/site-packages/airflow/example_dags/example_bash_decorator.py
[2025-06-20T15:00:06.129+0000] {logging_mixin.py:188} INFO - [2025-06-20T15:00:06.129+0000] {dag.py:3096} INFO - Sync 1 DAGs
[2025-06-20T15:00:06.140+0000] {logging_mixin.py:188} INFO - [2025-06-20T15:00:06.140+0000] {dag.py:3954} INFO - Setting next_dagrun for example_bash_decorator to None, run_after=None
[2025-06-20T15:00:06.156+0000] {processor.py:183} INFO - Processing /home/airflow/.local/lib/python3.12/site-packages/airflow/example_dags/example_bash_decorator.py took 0.072 seconds
[2025-06-20T15:00:36.578+0000] {processor.py:161} INFO - Started process (PID=3054) to work on /home/airflow/.local/lib/python3.12/site-packages/airflow/example_dags/example_bash_decorator.py
[2025-06-20T15:00:36.579+0000] {processor.py:830} INFO - Processing file /home/airflow/.local/lib/python3.12/site-packages/airflow/example_dags/example_bash_decorator.py for tasks to queue
[2025-06-20T15:00:36.581+0000] {logging_mixin.py:188} INFO - [2025-06-20T15:00:36.581+0000] {dagbag.py:540} INFO - Filling up the DagBag from /home/airflow/.local/lib/python3.12/site-packages/airflow/example_dags/example_bash_decorator.py
[2025-06-20T15:00:36.595+0000] {processor.py:840} INFO - DAG(s) 'example_bash_decorator' retrieved from /home/airflow/.local/lib/python3.12/site-packages/airflow/example_dags/example_bash_decorator.py
[2025-06-20T15:00:36.619+0000] {logging_mixin.py:188} INFO - [2025-06-20T15:00:36.618+0000] {dag.py:3096} INFO - Sync 1 DAGs
[2025-06-20T15:00:36.631+0000] {logging_mixin.py:188} INFO - [2025-06-20T15:00:36.631+0000] {dag.py:3954} INFO - Setting next_dagrun for example_bash_decorator to None, run_after=None
[2025-06-20T15:00:36.647+0000] {processor.py:183} INFO - Processing /home/airflow/.local/lib/python3.12/site-packages/airflow/example_dags/example_bash_decorator.py took 0.075 seconds
[2025-06-20T15:01:06.777+0000] {processor.py:161} INFO - Started process (PID=3113) to work on /home/airflow/.local/lib/python3.12/site-packages/airflow/example_dags/example_bash_decorator.py
[2025-06-20T15:01:06.778+0000] {processor.py:830} INFO - Processing file /home/airflow/.local/lib/python3.12/site-packages/airflow/example_dags/example_bash_decorator.py for tasks to queue
[2025-06-20T15:01:06.779+0000] {logging_mixin.py:188} INFO - [2025-06-20T15:01:06.779+0000] {dagbag.py:540} INFO - Filling up the DagBag from /home/airflow/.local/lib/python3.12/site-packages/airflow/example_dags/example_bash_decorator.py
[2025-06-20T15:01:06.792+0000] {processor.py:840} INFO - DAG(s) 'example_bash_decorator' retrieved from /home/airflow/.local/lib/python3.12/site-packages/airflow/example_dags/example_bash_decorator.py
[2025-06-20T15:01:06.814+0000] {logging_mixin.py:188} INFO - [2025-06-20T15:01:06.814+0000] {dag.py:3096} INFO - Sync 1 DAGs
[2025-06-20T15:01:06.827+0000] {logging_mixin.py:188} INFO - [2025-06-20T15:01:06.827+0000] {dag.py:3954} INFO - Setting next_dagrun for example_bash_decorator to None, run_after=None
[2025-06-20T15:01:06.844+0000] {processor.py:183} INFO - Processing /home/airflow/.local/lib/python3.12/site-packages/airflow/example_dags/example_bash_decorator.py took 0.075 seconds
[2025-06-20T15:01:36.971+0000] {processor.py:161} INFO - Started process (PID=3172) to work on /home/airflow/.local/lib/python3.12/site-packages/airflow/example_dags/example_bash_decorator.py
[2025-06-20T15:01:36.972+0000] {processor.py:830} INFO - Processing file /home/airflow/.local/lib/python3.12/site-packages/airflow/example_dags/example_bash_decorator.py for tasks to queue
[2025-06-20T15:01:36.974+0000] {logging_mixin.py:188} INFO - [2025-06-20T15:01:36.974+0000] {dagbag.py:540} INFO - Filling up the DagBag from /home/airflow/.local/lib/python3.12/site-packages/airflow/example_dags/example_bash_decorator.py
[2025-06-20T15:01:36.987+0000] {processor.py:840} INFO - DAG(s) 'example_bash_decorator' retrieved from /home/airflow/.local/lib/python3.12/site-packages/airflow/example_dags/example_bash_decorator.py
[2025-06-20T15:01:37.009+0000] {logging_mixin.py:188} INFO - [2025-06-20T15:01:37.008+0000] {dag.py:3096} INFO - Sync 1 DAGs
[2025-06-20T15:01:37.021+0000] {logging_mixin.py:188} INFO - [2025-06-20T15:01:37.020+0000] {dag.py:3954} INFO - Setting next_dagrun for example_bash_decorator to None, run_after=None
[2025-06-20T15:01:37.036+0000] {processor.py:183} INFO - Processing /home/airflow/.local/lib/python3.12/site-packages/airflow/example_dags/example_bash_decorator.py took 0.070 seconds
[2025-06-20T15:02:07.690+0000] {processor.py:161} INFO - Started process (PID=3231) to work on /home/airflow/.local/lib/python3.12/site-packages/airflow/example_dags/example_bash_decorator.py
[2025-06-20T15:02:07.691+0000] {processor.py:830} INFO - Processing file /home/airflow/.local/lib/python3.12/site-packages/airflow/example_dags/example_bash_decorator.py for tasks to queue
[2025-06-20T15:02:07.693+0000] {logging_mixin.py:188} INFO - [2025-06-20T15:02:07.693+0000] {dagbag.py:540} INFO - Filling up the DagBag from /home/airflow/.local/lib/python3.12/site-packages/airflow/example_dags/example_bash_decorator.py
[2025-06-20T15:02:07.706+0000] {processor.py:840} INFO - DAG(s) 'example_bash_decorator' retrieved from /home/airflow/.local/lib/python3.12/site-packages/airflow/example_dags/example_bash_decorator.py
[2025-06-20T15:02:07.727+0000] {logging_mixin.py:188} INFO - [2025-06-20T15:02:07.727+0000] {dag.py:3096} INFO - Sync 1 DAGs
[2025-06-20T15:02:07.739+0000] {logging_mixin.py:188} INFO - [2025-06-20T15:02:07.739+0000] {dag.py:3954} INFO - Setting next_dagrun for example_bash_decorator to None, run_after=None
[2025-06-20T15:02:07.754+0000] {processor.py:183} INFO - Processing /home/airflow/.local/lib/python3.12/site-packages/airflow/example_dags/example_bash_decorator.py took 0.070 seconds
[2025-06-20T15:02:38.398+0000] {processor.py:161} INFO - Started process (PID=3290) to work on /home/airflow/.local/lib/python3.12/site-packages/airflow/example_dags/example_bash_decorator.py
[2025-06-20T15:02:38.399+0000] {processor.py:830} INFO - Processing file /home/airflow/.local/lib/python3.12/site-packages/airflow/example_dags/example_bash_decorator.py for tasks to queue
[2025-06-20T15:02:38.400+0000] {logging_mixin.py:188} INFO - [2025-06-20T15:02:38.400+0000] {dagbag.py:540} INFO - Filling up the DagBag from /home/airflow/.local/lib/python3.12/site-packages/airflow/example_dags/example_bash_decorator.py
[2025-06-20T15:02:38.414+0000] {processor.py:840} INFO - DAG(s) 'example_bash_decorator' retrieved from /home/airflow/.local/lib/python3.12/site-packages/airflow/example_dags/example_bash_decorator.py
[2025-06-20T15:02:38.436+0000] {logging_mixin.py:188} INFO - [2025-06-20T15:02:38.435+0000] {dag.py:3096} INFO - Sync 1 DAGs
[2025-06-20T15:02:38.447+0000] {logging_mixin.py:188} INFO - [2025-06-20T15:02:38.447+0000] {dag.py:3954} INFO - Setting next_dagrun for example_bash_decorator to None, run_after=None
[2025-06-20T15:02:38.462+0000] {processor.py:183} INFO - Processing /home/airflow/.local/lib/python3.12/site-packages/airflow/example_dags/example_bash_decorator.py took 0.071 seconds
[2025-06-20T15:03:09.043+0000] {processor.py:161} INFO - Started process (PID=3349) to work on /home/airflow/.local/lib/python3.12/site-packages/airflow/example_dags/example_bash_decorator.py
[2025-06-20T15:03:09.044+0000] {processor.py:830} INFO - Processing file /home/airflow/.local/lib/python3.12/site-packages/airflow/example_dags/example_bash_decorator.py for tasks to queue
[2025-06-20T15:03:09.046+0000] {logging_mixin.py:188} INFO - [2025-06-20T15:03:09.046+0000] {dagbag.py:540} INFO - Filling up the DagBag from /home/airflow/.local/lib/python3.12/site-packages/airflow/example_dags/example_bash_decorator.py
[2025-06-20T15:03:09.059+0000] {processor.py:840} INFO - DAG(s) 'example_bash_decorator' retrieved from /home/airflow/.local/lib/python3.12/site-packages/airflow/example_dags/example_bash_decorator.py
[2025-06-20T15:03:09.081+0000] {logging_mixin.py:188} INFO - [2025-06-20T15:03:09.081+0000] {dag.py:3096} INFO - Sync 1 DAGs
[2025-06-20T15:03:09.093+0000] {logging_mixin.py:188} INFO - [2025-06-20T15:03:09.093+0000] {dag.py:3954} INFO - Setting next_dagrun for example_bash_decorator to None, run_after=None
[2025-06-20T15:03:09.108+0000] {processor.py:183} INFO - Processing /home/airflow/.local/lib/python3.12/site-packages/airflow/example_dags/example_bash_decorator.py took 0.071 seconds
[2025-06-20T15:03:39.875+0000] {processor.py:161} INFO - Started process (PID=3408) to work on /home/airflow/.local/lib/python3.12/site-packages/airflow/example_dags/example_bash_decorator.py
[2025-06-20T15:03:39.876+0000] {processor.py:830} INFO - Processing file /home/airflow/.local/lib/python3.12/site-packages/airflow/example_dags/example_bash_decorator.py for tasks to queue
[2025-06-20T15:03:39.878+0000] {logging_mixin.py:188} INFO - [2025-06-20T15:03:39.877+0000] {dagbag.py:540} INFO - Filling up the DagBag from /home/airflow/.local/lib/python3.12/site-packages/airflow/example_dags/example_bash_decorator.py
[2025-06-20T15:03:39.892+0000] {processor.py:840} INFO - DAG(s) 'example_bash_decorator' retrieved from /home/airflow/.local/lib/python3.12/site-packages/airflow/example_dags/example_bash_decorator.py
[2025-06-20T15:03:39.915+0000] {logging_mixin.py:188} INFO - [2025-06-20T15:03:39.915+0000] {dag.py:3096} INFO - Sync 1 DAGs
[2025-06-20T15:03:39.926+0000] {logging_mixin.py:188} INFO - [2025-06-20T15:03:39.926+0000] {dag.py:3954} INFO - Setting next_dagrun for example_bash_decorator to None, run_after=None
[2025-06-20T15:03:39.941+0000] {processor.py:183} INFO - Processing /home/airflow/.local/lib/python3.12/site-packages/airflow/example_dags/example_bash_decorator.py took 0.073 seconds
[2025-06-20T15:04:10.247+0000] {processor.py:161} INFO - Started process (PID=3467) to work on /home/airflow/.local/lib/python3.12/site-packages/airflow/example_dags/example_bash_decorator.py
[2025-06-20T15:04:10.248+0000] {processor.py:830} INFO - Processing file /home/airflow/.local/lib/python3.12/site-packages/airflow/example_dags/example_bash_decorator.py for tasks to queue
[2025-06-20T15:04:10.249+0000] {logging_mixin.py:188} INFO - [2025-06-20T15:04:10.249+0000] {dagbag.py:540} INFO - Filling up the DagBag from /home/airflow/.local/lib/python3.12/site-packages/airflow/example_dags/example_bash_decorator.py
[2025-06-20T15:04:10.263+0000] {processor.py:840} INFO - DAG(s) 'example_bash_decorator' retrieved from /home/airflow/.local/lib/python3.12/site-packages/airflow/example_dags/example_bash_decorator.py
[2025-06-20T15:04:10.286+0000] {logging_mixin.py:188} INFO - [2025-06-20T15:04:10.286+0000] {dag.py:3096} INFO - Sync 1 DAGs
[2025-06-20T15:04:10.298+0000] {logging_mixin.py:188} INFO - [2025-06-20T15:04:10.297+0000] {dag.py:3954} INFO - Setting next_dagrun for example_bash_decorator to None, run_after=None
[2025-06-20T15:04:10.314+0000] {processor.py:183} INFO - Processing /home/airflow/.local/lib/python3.12/site-packages/airflow/example_dags/example_bash_decorator.py took 0.073 seconds
[2025-06-20T15:04:41.044+0000] {processor.py:161} INFO - Started process (PID=3526) to work on /home/airflow/.local/lib/python3.12/site-packages/airflow/example_dags/example_bash_decorator.py
[2025-06-20T15:04:41.045+0000] {processor.py:830} INFO - Processing file /home/airflow/.local/lib/python3.12/site-packages/airflow/example_dags/example_bash_decorator.py for tasks to queue
[2025-06-20T15:04:41.047+0000] {logging_mixin.py:188} INFO - [2025-06-20T15:04:41.046+0000] {dagbag.py:540} INFO - Filling up the DagBag from /home/airflow/.local/lib/python3.12/site-packages/airflow/example_dags/example_bash_decorator.py
[2025-06-20T15:04:41.060+0000] {processor.py:840} INFO - DAG(s) 'example_bash_decorator' retrieved from /home/airflow/.local/lib/python3.12/site-packages/airflow/example_dags/example_bash_decorator.py
[2025-06-20T15:04:41.082+0000] {logging_mixin.py:188} INFO - [2025-06-20T15:04:41.082+0000] {dag.py:3096} INFO - Sync 1 DAGs
[2025-06-20T15:04:41.095+0000] {logging_mixin.py:188} INFO - [2025-06-20T15:04:41.095+0000] {dag.py:3954} INFO - Setting next_dagrun for example_bash_decorator to None, run_after=None
[2025-06-20T15:04:41.111+0000] {processor.py:183} INFO - Processing /home/airflow/.local/lib/python3.12/site-packages/airflow/example_dags/example_bash_decorator.py took 0.073 seconds
[2025-06-20T15:05:11.161+0000] {processor.py:161} INFO - Started process (PID=3585) to work on /home/airflow/.local/lib/python3.12/site-packages/airflow/example_dags/example_bash_decorator.py
[2025-06-20T15:05:11.162+0000] {processor.py:830} INFO - Processing file /home/airflow/.local/lib/python3.12/site-packages/airflow/example_dags/example_bash_decorator.py for tasks to queue
[2025-06-20T15:05:11.164+0000] {logging_mixin.py:188} INFO - [2025-06-20T15:05:11.164+0000] {dagbag.py:540} INFO - Filling up the DagBag from /home/airflow/.local/lib/python3.12/site-packages/airflow/example_dags/example_bash_decorator.py
[2025-06-20T15:05:11.178+0000] {processor.py:840} INFO - DAG(s) 'example_bash_decorator' retrieved from /home/airflow/.local/lib/python3.12/site-packages/airflow/example_dags/example_bash_decorator.py
[2025-06-20T15:05:11.200+0000] {logging_mixin.py:188} INFO - [2025-06-20T15:05:11.199+0000] {dag.py:3096} INFO - Sync 1 DAGs
[2025-06-20T15:05:11.211+0000] {logging_mixin.py:188} INFO - [2025-06-20T15:05:11.211+0000] {dag.py:3954} INFO - Setting next_dagrun for example_bash_decorator to None, run_after=None
[2025-06-20T15:05:11.227+0000] {processor.py:183} INFO - Processing /home/airflow/.local/lib/python3.12/site-packages/airflow/example_dags/example_bash_decorator.py took 0.072 seconds
[2025-06-20T15:05:41.457+0000] {processor.py:161} INFO - Started process (PID=3644) to work on /home/airflow/.local/lib/python3.12/site-packages/airflow/example_dags/example_bash_decorator.py
[2025-06-20T15:05:41.458+0000] {processor.py:830} INFO - Processing file /home/airflow/.local/lib/python3.12/site-packages/airflow/example_dags/example_bash_decorator.py for tasks to queue
[2025-06-20T15:05:41.460+0000] {logging_mixin.py:188} INFO - [2025-06-20T15:05:41.460+0000] {dagbag.py:540} INFO - Filling up the DagBag from /home/airflow/.local/lib/python3.12/site-packages/airflow/example_dags/example_bash_decorator.py
[2025-06-20T15:05:41.475+0000] {processor.py:840} INFO - DAG(s) 'example_bash_decorator' retrieved from /home/airflow/.local/lib/python3.12/site-packages/airflow/example_dags/example_bash_decorator.py
[2025-06-20T15:05:41.498+0000] {logging_mixin.py:188} INFO - [2025-06-20T15:05:41.498+0000] {dag.py:3096} INFO - Sync 1 DAGs
[2025-06-20T15:05:41.510+0000] {logging_mixin.py:188} INFO - [2025-06-20T15:05:41.510+0000] {dag.py:3954} INFO - Setting next_dagrun for example_bash_decorator to None, run_after=None
[2025-06-20T15:05:41.526+0000] {processor.py:183} INFO - Processing /home/airflow/.local/lib/python3.12/site-packages/airflow/example_dags/example_bash_decorator.py took 0.075 seconds
[2025-06-20T15:06:11.866+0000] {processor.py:161} INFO - Started process (PID=3703) to work on /home/airflow/.local/lib/python3.12/site-packages/airflow/example_dags/example_bash_decorator.py
[2025-06-20T15:06:11.867+0000] {processor.py:830} INFO - Processing file /home/airflow/.local/lib/python3.12/site-packages/airflow/example_dags/example_bash_decorator.py for tasks to queue
[2025-06-20T15:06:11.869+0000] {logging_mixin.py:188} INFO - [2025-06-20T15:06:11.869+0000] {dagbag.py:540} INFO - Filling up the DagBag from /home/airflow/.local/lib/python3.12/site-packages/airflow/example_dags/example_bash_decorator.py
[2025-06-20T15:06:11.882+0000] {processor.py:840} INFO - DAG(s) 'example_bash_decorator' retrieved from /home/airflow/.local/lib/python3.12/site-packages/airflow/example_dags/example_bash_decorator.py
[2025-06-20T15:06:11.904+0000] {logging_mixin.py:188} INFO - [2025-06-20T15:06:11.903+0000] {dag.py:3096} INFO - Sync 1 DAGs
[2025-06-20T15:06:11.915+0000] {logging_mixin.py:188} INFO - [2025-06-20T15:06:11.915+0000] {dag.py:3954} INFO - Setting next_dagrun for example_bash_decorator to None, run_after=None
[2025-06-20T15:06:11.930+0000] {processor.py:183} INFO - Processing /home/airflow/.local/lib/python3.12/site-packages/airflow/example_dags/example_bash_decorator.py took 0.071 seconds
[2025-06-20T15:06:42.119+0000] {processor.py:161} INFO - Started process (PID=3762) to work on /home/airflow/.local/lib/python3.12/site-packages/airflow/example_dags/example_bash_decorator.py
[2025-06-20T15:06:42.120+0000] {processor.py:830} INFO - Processing file /home/airflow/.local/lib/python3.12/site-packages/airflow/example_dags/example_bash_decorator.py for tasks to queue
[2025-06-20T15:06:42.122+0000] {logging_mixin.py:188} INFO - [2025-06-20T15:06:42.122+0000] {dagbag.py:540} INFO - Filling up the DagBag from /home/airflow/.local/lib/python3.12/site-packages/airflow/example_dags/example_bash_decorator.py
[2025-06-20T15:06:42.135+0000] {processor.py:840} INFO - DAG(s) 'example_bash_decorator' retrieved from /home/airflow/.local/lib/python3.12/site-packages/airflow/example_dags/example_bash_decorator.py
[2025-06-20T15:06:42.158+0000] {logging_mixin.py:188} INFO - [2025-06-20T15:06:42.158+0000] {dag.py:3096} INFO - Sync 1 DAGs
[2025-06-20T15:06:42.171+0000] {logging_mixin.py:188} INFO - [2025-06-20T15:06:42.171+0000] {dag.py:3954} INFO - Setting next_dagrun for example_bash_decorator to None, run_after=None
[2025-06-20T15:06:42.188+0000] {processor.py:183} INFO - Processing /home/airflow/.local/lib/python3.12/site-packages/airflow/example_dags/example_bash_decorator.py took 0.075 seconds
[2025-06-20T15:07:12.417+0000] {processor.py:161} INFO - Started process (PID=3821) to work on /home/airflow/.local/lib/python3.12/site-packages/airflow/example_dags/example_bash_decorator.py
[2025-06-20T15:07:12.418+0000] {processor.py:830} INFO - Processing file /home/airflow/.local/lib/python3.12/site-packages/airflow/example_dags/example_bash_decorator.py for tasks to queue
[2025-06-20T15:07:12.420+0000] {logging_mixin.py:188} INFO - [2025-06-20T15:07:12.419+0000] {dagbag.py:540} INFO - Filling up the DagBag from /home/airflow/.local/lib/python3.12/site-packages/airflow/example_dags/example_bash_decorator.py
[2025-06-20T15:07:12.436+0000] {processor.py:840} INFO - DAG(s) 'example_bash_decorator' retrieved from /home/airflow/.local/lib/python3.12/site-packages/airflow/example_dags/example_bash_decorator.py
[2025-06-20T15:07:12.458+0000] {logging_mixin.py:188} INFO - [2025-06-20T15:07:12.458+0000] {dag.py:3096} INFO - Sync 1 DAGs
[2025-06-20T15:07:12.470+0000] {logging_mixin.py:188} INFO - [2025-06-20T15:07:12.470+0000] {dag.py:3954} INFO - Setting next_dagrun for example_bash_decorator to None, run_after=None
[2025-06-20T15:07:12.486+0000] {processor.py:183} INFO - Processing /home/airflow/.local/lib/python3.12/site-packages/airflow/example_dags/example_bash_decorator.py took 0.076 seconds
