[2025-06-20T14:34:47.705+0000] {processor.py:161} INFO - Started process (PID=88) to work on /home/airflow/.local/lib/python3.12/site-packages/airflow/example_dags/example_branch_operator.py
[2025-06-20T14:34:47.706+0000] {processor.py:830} INFO - Processing file /home/airflow/.local/lib/python3.12/site-packages/airflow/example_dags/example_branch_operator.py for tasks to queue
[2025-06-20T14:34:47.708+0000] {logging_mixin.py:188} INFO - [2025-06-20T14:34:47.707+0000] {dagbag.py:540} INFO - Filling up the DagBag from /home/airflow/.local/lib/python3.12/site-packages/airflow/example_dags/example_branch_operator.py
[2025-06-20T14:34:47.724+0000] {processor.py:840} INFO - DAG(s) 'example_branch_operator' retrieved from /home/airflow/.local/lib/python3.12/site-packages/airflow/example_dags/example_branch_operator.py
[2025-06-20T14:34:47.736+0000] {logging_mixin.py:188} INFO - [2025-06-20T14:34:47.736+0000] {dag.py:3096} INFO - Sync 1 DAGs
[2025-06-20T14:34:47.757+0000] {logging_mixin.py:188} INFO - [2025-06-20T14:34:47.757+0000] {dag.py:3954} INFO - Setting next_dagrun for example_branch_operator to 2025-06-19 00:00:00+00:00, run_after=2025-06-20 00:00:00+00:00
[2025-06-20T14:34:47.772+0000] {processor.py:183} INFO - Processing /home/airflow/.local/lib/python3.12/site-packages/airflow/example_dags/example_branch_operator.py took 0.074 seconds
[2025-06-20T14:35:19.163+0000] {processor.py:161} INFO - Started process (PID=152) to work on /home/airflow/.local/lib/python3.12/site-packages/airflow/example_dags/example_branch_operator.py
[2025-06-20T14:35:19.164+0000] {processor.py:830} INFO - Processing file /home/airflow/.local/lib/python3.12/site-packages/airflow/example_dags/example_branch_operator.py for tasks to queue
[2025-06-20T14:35:19.166+0000] {logging_mixin.py:188} INFO - [2025-06-20T14:35:19.165+0000] {dagbag.py:540} INFO - Filling up the DagBag from /home/airflow/.local/lib/python3.12/site-packages/airflow/example_dags/example_branch_operator.py
[2025-06-20T14:35:19.181+0000] {processor.py:840} INFO - DAG(s) 'example_branch_operator' retrieved from /home/airflow/.local/lib/python3.12/site-packages/airflow/example_dags/example_branch_operator.py
[2025-06-20T14:35:19.296+0000] {logging_mixin.py:188} INFO - [2025-06-20T14:35:19.295+0000] {dag.py:3096} INFO - Sync 1 DAGs
[2025-06-20T14:35:19.314+0000] {logging_mixin.py:188} INFO - [2025-06-20T14:35:19.314+0000] {dag.py:3954} INFO - Setting next_dagrun for example_branch_operator to 2025-06-19 00:00:00+00:00, run_after=2025-06-20 00:00:00+00:00
[2025-06-20T14:35:19.331+0000] {processor.py:183} INFO - Processing /home/airflow/.local/lib/python3.12/site-packages/airflow/example_dags/example_branch_operator.py took 0.174 seconds
[2025-06-20T14:35:50.269+0000] {processor.py:161} INFO - Started process (PID=210) to work on /home/airflow/.local/lib/python3.12/site-packages/airflow/example_dags/example_branch_operator.py
[2025-06-20T14:35:50.270+0000] {processor.py:830} INFO - Processing file /home/airflow/.local/lib/python3.12/site-packages/airflow/example_dags/example_branch_operator.py for tasks to queue
[2025-06-20T14:35:50.272+0000] {logging_mixin.py:188} INFO - [2025-06-20T14:35:50.272+0000] {dagbag.py:540} INFO - Filling up the DagBag from /home/airflow/.local/lib/python3.12/site-packages/airflow/example_dags/example_branch_operator.py
[2025-06-20T14:35:50.288+0000] {processor.py:840} INFO - DAG(s) 'example_branch_operator' retrieved from /home/airflow/.local/lib/python3.12/site-packages/airflow/example_dags/example_branch_operator.py
[2025-06-20T14:35:50.316+0000] {logging_mixin.py:188} INFO - [2025-06-20T14:35:50.316+0000] {dag.py:3096} INFO - Sync 1 DAGs
[2025-06-20T14:35:50.338+0000] {logging_mixin.py:188} INFO - [2025-06-20T14:35:50.337+0000] {dag.py:3954} INFO - Setting next_dagrun for example_branch_operator to 2025-06-19 00:00:00+00:00, run_after=2025-06-20 00:00:00+00:00
[2025-06-20T14:35:50.353+0000] {processor.py:183} INFO - Processing /home/airflow/.local/lib/python3.12/site-packages/airflow/example_dags/example_branch_operator.py took 0.090 seconds
[2025-06-20T14:36:21.260+0000] {processor.py:161} INFO - Started process (PID=268) to work on /home/airflow/.local/lib/python3.12/site-packages/airflow/example_dags/example_branch_operator.py
[2025-06-20T14:36:21.261+0000] {processor.py:830} INFO - Processing file /home/airflow/.local/lib/python3.12/site-packages/airflow/example_dags/example_branch_operator.py for tasks to queue
[2025-06-20T14:36:21.264+0000] {logging_mixin.py:188} INFO - [2025-06-20T14:36:21.263+0000] {dagbag.py:540} INFO - Filling up the DagBag from /home/airflow/.local/lib/python3.12/site-packages/airflow/example_dags/example_branch_operator.py
[2025-06-20T14:36:21.282+0000] {processor.py:840} INFO - DAG(s) 'example_branch_operator' retrieved from /home/airflow/.local/lib/python3.12/site-packages/airflow/example_dags/example_branch_operator.py
[2025-06-20T14:36:21.317+0000] {logging_mixin.py:188} INFO - [2025-06-20T14:36:21.317+0000] {dag.py:3096} INFO - Sync 1 DAGs
[2025-06-20T14:36:21.340+0000] {logging_mixin.py:188} INFO - [2025-06-20T14:36:21.340+0000] {dag.py:3954} INFO - Setting next_dagrun for example_branch_operator to 2025-06-19 00:00:00+00:00, run_after=2025-06-20 00:00:00+00:00
[2025-06-20T14:36:21.356+0000] {processor.py:183} INFO - Processing /home/airflow/.local/lib/python3.12/site-packages/airflow/example_dags/example_branch_operator.py took 0.103 seconds
[2025-06-20T14:36:51.827+0000] {processor.py:161} INFO - Started process (PID=326) to work on /home/airflow/.local/lib/python3.12/site-packages/airflow/example_dags/example_branch_operator.py
[2025-06-20T14:36:51.828+0000] {processor.py:830} INFO - Processing file /home/airflow/.local/lib/python3.12/site-packages/airflow/example_dags/example_branch_operator.py for tasks to queue
[2025-06-20T14:36:51.830+0000] {logging_mixin.py:188} INFO - [2025-06-20T14:36:51.830+0000] {dagbag.py:540} INFO - Filling up the DagBag from /home/airflow/.local/lib/python3.12/site-packages/airflow/example_dags/example_branch_operator.py
[2025-06-20T14:36:51.846+0000] {processor.py:840} INFO - DAG(s) 'example_branch_operator' retrieved from /home/airflow/.local/lib/python3.12/site-packages/airflow/example_dags/example_branch_operator.py
[2025-06-20T14:36:51.873+0000] {logging_mixin.py:188} INFO - [2025-06-20T14:36:51.872+0000] {dag.py:3096} INFO - Sync 1 DAGs
[2025-06-20T14:36:51.893+0000] {logging_mixin.py:188} INFO - [2025-06-20T14:36:51.893+0000] {dag.py:3954} INFO - Setting next_dagrun for example_branch_operator to 2025-06-19 00:00:00+00:00, run_after=2025-06-20 00:00:00+00:00
[2025-06-20T14:36:51.908+0000] {processor.py:183} INFO - Processing /home/airflow/.local/lib/python3.12/site-packages/airflow/example_dags/example_branch_operator.py took 0.087 seconds
[2025-06-20T14:37:22.371+0000] {processor.py:161} INFO - Started process (PID=400) to work on /home/airflow/.local/lib/python3.12/site-packages/airflow/example_dags/example_branch_operator.py
[2025-06-20T14:37:22.372+0000] {processor.py:830} INFO - Processing file /home/airflow/.local/lib/python3.12/site-packages/airflow/example_dags/example_branch_operator.py for tasks to queue
[2025-06-20T14:37:22.374+0000] {logging_mixin.py:188} INFO - [2025-06-20T14:37:22.374+0000] {dagbag.py:540} INFO - Filling up the DagBag from /home/airflow/.local/lib/python3.12/site-packages/airflow/example_dags/example_branch_operator.py
[2025-06-20T14:37:22.391+0000] {processor.py:840} INFO - DAG(s) 'example_branch_operator' retrieved from /home/airflow/.local/lib/python3.12/site-packages/airflow/example_dags/example_branch_operator.py
[2025-06-20T14:37:22.419+0000] {logging_mixin.py:188} INFO - [2025-06-20T14:37:22.419+0000] {dag.py:3096} INFO - Sync 1 DAGs
[2025-06-20T14:37:22.440+0000] {logging_mixin.py:188} INFO - [2025-06-20T14:37:22.439+0000] {dag.py:3954} INFO - Setting next_dagrun for example_branch_operator to 2025-06-19 00:00:00+00:00, run_after=2025-06-20 00:00:00+00:00
[2025-06-20T14:37:22.455+0000] {processor.py:183} INFO - Processing /home/airflow/.local/lib/python3.12/site-packages/airflow/example_dags/example_branch_operator.py took 0.091 seconds
[2025-06-20T14:37:52.957+0000] {processor.py:161} INFO - Started process (PID=458) to work on /home/airflow/.local/lib/python3.12/site-packages/airflow/example_dags/example_branch_operator.py
[2025-06-20T14:37:52.958+0000] {processor.py:830} INFO - Processing file /home/airflow/.local/lib/python3.12/site-packages/airflow/example_dags/example_branch_operator.py for tasks to queue
[2025-06-20T14:37:52.960+0000] {logging_mixin.py:188} INFO - [2025-06-20T14:37:52.959+0000] {dagbag.py:540} INFO - Filling up the DagBag from /home/airflow/.local/lib/python3.12/site-packages/airflow/example_dags/example_branch_operator.py
[2025-06-20T14:37:52.976+0000] {processor.py:840} INFO - DAG(s) 'example_branch_operator' retrieved from /home/airflow/.local/lib/python3.12/site-packages/airflow/example_dags/example_branch_operator.py
[2025-06-20T14:37:53.003+0000] {logging_mixin.py:188} INFO - [2025-06-20T14:37:53.003+0000] {dag.py:3096} INFO - Sync 1 DAGs
[2025-06-20T14:37:53.025+0000] {logging_mixin.py:188} INFO - [2025-06-20T14:37:53.025+0000] {dag.py:3954} INFO - Setting next_dagrun for example_branch_operator to 2025-06-19 00:00:00+00:00, run_after=2025-06-20 00:00:00+00:00
[2025-06-20T14:37:53.040+0000] {processor.py:183} INFO - Processing /home/airflow/.local/lib/python3.12/site-packages/airflow/example_dags/example_branch_operator.py took 0.090 seconds
[2025-06-20T14:38:23.396+0000] {processor.py:161} INFO - Started process (PID=516) to work on /home/airflow/.local/lib/python3.12/site-packages/airflow/example_dags/example_branch_operator.py
[2025-06-20T14:38:23.397+0000] {processor.py:830} INFO - Processing file /home/airflow/.local/lib/python3.12/site-packages/airflow/example_dags/example_branch_operator.py for tasks to queue
[2025-06-20T14:38:23.399+0000] {logging_mixin.py:188} INFO - [2025-06-20T14:38:23.398+0000] {dagbag.py:540} INFO - Filling up the DagBag from /home/airflow/.local/lib/python3.12/site-packages/airflow/example_dags/example_branch_operator.py
[2025-06-20T14:38:23.414+0000] {processor.py:840} INFO - DAG(s) 'example_branch_operator' retrieved from /home/airflow/.local/lib/python3.12/site-packages/airflow/example_dags/example_branch_operator.py
[2025-06-20T14:38:23.441+0000] {logging_mixin.py:188} INFO - [2025-06-20T14:38:23.441+0000] {dag.py:3096} INFO - Sync 1 DAGs
[2025-06-20T14:38:23.461+0000] {logging_mixin.py:188} INFO - [2025-06-20T14:38:23.461+0000] {dag.py:3954} INFO - Setting next_dagrun for example_branch_operator to 2025-06-19 00:00:00+00:00, run_after=2025-06-20 00:00:00+00:00
[2025-06-20T14:38:23.477+0000] {processor.py:183} INFO - Processing /home/airflow/.local/lib/python3.12/site-packages/airflow/example_dags/example_branch_operator.py took 0.087 seconds
[2025-06-20T14:38:54.251+0000] {processor.py:161} INFO - Started process (PID=574) to work on /home/airflow/.local/lib/python3.12/site-packages/airflow/example_dags/example_branch_operator.py
[2025-06-20T14:38:54.252+0000] {processor.py:830} INFO - Processing file /home/airflow/.local/lib/python3.12/site-packages/airflow/example_dags/example_branch_operator.py for tasks to queue
[2025-06-20T14:38:54.254+0000] {logging_mixin.py:188} INFO - [2025-06-20T14:38:54.254+0000] {dagbag.py:540} INFO - Filling up the DagBag from /home/airflow/.local/lib/python3.12/site-packages/airflow/example_dags/example_branch_operator.py
[2025-06-20T14:38:54.271+0000] {processor.py:840} INFO - DAG(s) 'example_branch_operator' retrieved from /home/airflow/.local/lib/python3.12/site-packages/airflow/example_dags/example_branch_operator.py
[2025-06-20T14:38:54.298+0000] {logging_mixin.py:188} INFO - [2025-06-20T14:38:54.298+0000] {dag.py:3096} INFO - Sync 1 DAGs
[2025-06-20T14:38:54.318+0000] {logging_mixin.py:188} INFO - [2025-06-20T14:38:54.318+0000] {dag.py:3954} INFO - Setting next_dagrun for example_branch_operator to 2025-06-19 00:00:00+00:00, run_after=2025-06-20 00:00:00+00:00
[2025-06-20T14:38:54.333+0000] {processor.py:183} INFO - Processing /home/airflow/.local/lib/python3.12/site-packages/airflow/example_dags/example_branch_operator.py took 0.090 seconds
[2025-06-20T14:39:24.475+0000] {processor.py:161} INFO - Started process (PID=632) to work on /home/airflow/.local/lib/python3.12/site-packages/airflow/example_dags/example_branch_operator.py
[2025-06-20T14:39:24.476+0000] {processor.py:830} INFO - Processing file /home/airflow/.local/lib/python3.12/site-packages/airflow/example_dags/example_branch_operator.py for tasks to queue
[2025-06-20T14:39:24.478+0000] {logging_mixin.py:188} INFO - [2025-06-20T14:39:24.477+0000] {dagbag.py:540} INFO - Filling up the DagBag from /home/airflow/.local/lib/python3.12/site-packages/airflow/example_dags/example_branch_operator.py
[2025-06-20T14:39:24.495+0000] {processor.py:840} INFO - DAG(s) 'example_branch_operator' retrieved from /home/airflow/.local/lib/python3.12/site-packages/airflow/example_dags/example_branch_operator.py
[2025-06-20T14:39:24.523+0000] {logging_mixin.py:188} INFO - [2025-06-20T14:39:24.523+0000] {dag.py:3096} INFO - Sync 1 DAGs
[2025-06-20T14:39:24.543+0000] {logging_mixin.py:188} INFO - [2025-06-20T14:39:24.543+0000] {dag.py:3954} INFO - Setting next_dagrun for example_branch_operator to 2025-06-19 00:00:00+00:00, run_after=2025-06-20 00:00:00+00:00
[2025-06-20T14:39:24.559+0000] {processor.py:183} INFO - Processing /home/airflow/.local/lib/python3.12/site-packages/airflow/example_dags/example_branch_operator.py took 0.090 seconds
[2025-06-20T14:39:54.821+0000] {processor.py:161} INFO - Started process (PID=690) to work on /home/airflow/.local/lib/python3.12/site-packages/airflow/example_dags/example_branch_operator.py
[2025-06-20T14:39:54.822+0000] {processor.py:830} INFO - Processing file /home/airflow/.local/lib/python3.12/site-packages/airflow/example_dags/example_branch_operator.py for tasks to queue
[2025-06-20T14:39:54.824+0000] {logging_mixin.py:188} INFO - [2025-06-20T14:39:54.823+0000] {dagbag.py:540} INFO - Filling up the DagBag from /home/airflow/.local/lib/python3.12/site-packages/airflow/example_dags/example_branch_operator.py
[2025-06-20T14:39:54.840+0000] {processor.py:840} INFO - DAG(s) 'example_branch_operator' retrieved from /home/airflow/.local/lib/python3.12/site-packages/airflow/example_dags/example_branch_operator.py
[2025-06-20T14:39:54.867+0000] {logging_mixin.py:188} INFO - [2025-06-20T14:39:54.867+0000] {dag.py:3096} INFO - Sync 1 DAGs
[2025-06-20T14:39:54.887+0000] {logging_mixin.py:188} INFO - [2025-06-20T14:39:54.887+0000] {dag.py:3954} INFO - Setting next_dagrun for example_branch_operator to 2025-06-19 00:00:00+00:00, run_after=2025-06-20 00:00:00+00:00
[2025-06-20T14:39:54.902+0000] {processor.py:183} INFO - Processing /home/airflow/.local/lib/python3.12/site-packages/airflow/example_dags/example_branch_operator.py took 0.087 seconds
[2025-06-20T14:40:25.073+0000] {processor.py:161} INFO - Started process (PID=748) to work on /home/airflow/.local/lib/python3.12/site-packages/airflow/example_dags/example_branch_operator.py
[2025-06-20T14:40:25.074+0000] {processor.py:830} INFO - Processing file /home/airflow/.local/lib/python3.12/site-packages/airflow/example_dags/example_branch_operator.py for tasks to queue
[2025-06-20T14:40:25.076+0000] {logging_mixin.py:188} INFO - [2025-06-20T14:40:25.076+0000] {dagbag.py:540} INFO - Filling up the DagBag from /home/airflow/.local/lib/python3.12/site-packages/airflow/example_dags/example_branch_operator.py
[2025-06-20T14:40:25.092+0000] {processor.py:840} INFO - DAG(s) 'example_branch_operator' retrieved from /home/airflow/.local/lib/python3.12/site-packages/airflow/example_dags/example_branch_operator.py
[2025-06-20T14:40:25.121+0000] {logging_mixin.py:188} INFO - [2025-06-20T14:40:25.120+0000] {dag.py:3096} INFO - Sync 1 DAGs
[2025-06-20T14:40:25.144+0000] {logging_mixin.py:188} INFO - [2025-06-20T14:40:25.144+0000] {dag.py:3954} INFO - Setting next_dagrun for example_branch_operator to 2025-06-19 00:00:00+00:00, run_after=2025-06-20 00:00:00+00:00
[2025-06-20T14:40:25.162+0000] {processor.py:183} INFO - Processing /home/airflow/.local/lib/python3.12/site-packages/airflow/example_dags/example_branch_operator.py took 0.095 seconds
[2025-06-20T14:40:55.245+0000] {processor.py:161} INFO - Started process (PID=805) to work on /home/airflow/.local/lib/python3.12/site-packages/airflow/example_dags/example_branch_operator.py
[2025-06-20T14:40:55.246+0000] {processor.py:830} INFO - Processing file /home/airflow/.local/lib/python3.12/site-packages/airflow/example_dags/example_branch_operator.py for tasks to queue
[2025-06-20T14:40:55.248+0000] {logging_mixin.py:188} INFO - [2025-06-20T14:40:55.248+0000] {dagbag.py:540} INFO - Filling up the DagBag from /home/airflow/.local/lib/python3.12/site-packages/airflow/example_dags/example_branch_operator.py
[2025-06-20T14:40:55.264+0000] {processor.py:840} INFO - DAG(s) 'example_branch_operator' retrieved from /home/airflow/.local/lib/python3.12/site-packages/airflow/example_dags/example_branch_operator.py
[2025-06-20T14:40:55.292+0000] {logging_mixin.py:188} INFO - [2025-06-20T14:40:55.292+0000] {dag.py:3096} INFO - Sync 1 DAGs
[2025-06-20T14:40:55.313+0000] {logging_mixin.py:188} INFO - [2025-06-20T14:40:55.313+0000] {dag.py:3954} INFO - Setting next_dagrun for example_branch_operator to 2025-06-19 00:00:00+00:00, run_after=2025-06-20 00:00:00+00:00
[2025-06-20T14:40:55.329+0000] {processor.py:183} INFO - Processing /home/airflow/.local/lib/python3.12/site-packages/airflow/example_dags/example_branch_operator.py took 0.090 seconds
[2025-06-20T14:41:25.523+0000] {processor.py:161} INFO - Started process (PID=863) to work on /home/airflow/.local/lib/python3.12/site-packages/airflow/example_dags/example_branch_operator.py
[2025-06-20T14:41:25.524+0000] {processor.py:830} INFO - Processing file /home/airflow/.local/lib/python3.12/site-packages/airflow/example_dags/example_branch_operator.py for tasks to queue
[2025-06-20T14:41:25.526+0000] {logging_mixin.py:188} INFO - [2025-06-20T14:41:25.525+0000] {dagbag.py:540} INFO - Filling up the DagBag from /home/airflow/.local/lib/python3.12/site-packages/airflow/example_dags/example_branch_operator.py
[2025-06-20T14:41:25.544+0000] {processor.py:840} INFO - DAG(s) 'example_branch_operator' retrieved from /home/airflow/.local/lib/python3.12/site-packages/airflow/example_dags/example_branch_operator.py
[2025-06-20T14:41:25.572+0000] {logging_mixin.py:188} INFO - [2025-06-20T14:41:25.572+0000] {dag.py:3096} INFO - Sync 1 DAGs
[2025-06-20T14:41:25.592+0000] {logging_mixin.py:188} INFO - [2025-06-20T14:41:25.592+0000] {dag.py:3954} INFO - Setting next_dagrun for example_branch_operator to 2025-06-19 00:00:00+00:00, run_after=2025-06-20 00:00:00+00:00
[2025-06-20T14:41:25.608+0000] {processor.py:183} INFO - Processing /home/airflow/.local/lib/python3.12/site-packages/airflow/example_dags/example_branch_operator.py took 0.091 seconds
[2025-06-20T14:41:55.885+0000] {processor.py:161} INFO - Started process (PID=921) to work on /home/airflow/.local/lib/python3.12/site-packages/airflow/example_dags/example_branch_operator.py
[2025-06-20T14:41:55.885+0000] {processor.py:830} INFO - Processing file /home/airflow/.local/lib/python3.12/site-packages/airflow/example_dags/example_branch_operator.py for tasks to queue
[2025-06-20T14:41:55.887+0000] {logging_mixin.py:188} INFO - [2025-06-20T14:41:55.887+0000] {dagbag.py:540} INFO - Filling up the DagBag from /home/airflow/.local/lib/python3.12/site-packages/airflow/example_dags/example_branch_operator.py
[2025-06-20T14:41:55.903+0000] {processor.py:840} INFO - DAG(s) 'example_branch_operator' retrieved from /home/airflow/.local/lib/python3.12/site-packages/airflow/example_dags/example_branch_operator.py
[2025-06-20T14:41:55.930+0000] {logging_mixin.py:188} INFO - [2025-06-20T14:41:55.930+0000] {dag.py:3096} INFO - Sync 1 DAGs
[2025-06-20T14:41:55.951+0000] {logging_mixin.py:188} INFO - [2025-06-20T14:41:55.950+0000] {dag.py:3954} INFO - Setting next_dagrun for example_branch_operator to 2025-06-19 00:00:00+00:00, run_after=2025-06-20 00:00:00+00:00
[2025-06-20T14:41:55.966+0000] {processor.py:183} INFO - Processing /home/airflow/.local/lib/python3.12/site-packages/airflow/example_dags/example_branch_operator.py took 0.087 seconds
[2025-06-20T14:42:26.427+0000] {processor.py:161} INFO - Started process (PID=979) to work on /home/airflow/.local/lib/python3.12/site-packages/airflow/example_dags/example_branch_operator.py
[2025-06-20T14:42:26.428+0000] {processor.py:830} INFO - Processing file /home/airflow/.local/lib/python3.12/site-packages/airflow/example_dags/example_branch_operator.py for tasks to queue
[2025-06-20T14:42:26.430+0000] {logging_mixin.py:188} INFO - [2025-06-20T14:42:26.430+0000] {dagbag.py:540} INFO - Filling up the DagBag from /home/airflow/.local/lib/python3.12/site-packages/airflow/example_dags/example_branch_operator.py
[2025-06-20T14:42:26.447+0000] {processor.py:840} INFO - DAG(s) 'example_branch_operator' retrieved from /home/airflow/.local/lib/python3.12/site-packages/airflow/example_dags/example_branch_operator.py
[2025-06-20T14:42:26.473+0000] {logging_mixin.py:188} INFO - [2025-06-20T14:42:26.473+0000] {dag.py:3096} INFO - Sync 1 DAGs
[2025-06-20T14:42:26.494+0000] {logging_mixin.py:188} INFO - [2025-06-20T14:42:26.493+0000] {dag.py:3954} INFO - Setting next_dagrun for example_branch_operator to 2025-06-19 00:00:00+00:00, run_after=2025-06-20 00:00:00+00:00
[2025-06-20T14:42:26.509+0000] {processor.py:183} INFO - Processing /home/airflow/.local/lib/python3.12/site-packages/airflow/example_dags/example_branch_operator.py took 0.088 seconds
[2025-06-20T14:42:56.842+0000] {processor.py:161} INFO - Started process (PID=1037) to work on /home/airflow/.local/lib/python3.12/site-packages/airflow/example_dags/example_branch_operator.py
[2025-06-20T14:42:56.843+0000] {processor.py:830} INFO - Processing file /home/airflow/.local/lib/python3.12/site-packages/airflow/example_dags/example_branch_operator.py for tasks to queue
[2025-06-20T14:42:56.845+0000] {logging_mixin.py:188} INFO - [2025-06-20T14:42:56.844+0000] {dagbag.py:540} INFO - Filling up the DagBag from /home/airflow/.local/lib/python3.12/site-packages/airflow/example_dags/example_branch_operator.py
[2025-06-20T14:42:56.868+0000] {processor.py:840} INFO - DAG(s) 'example_branch_operator' retrieved from /home/airflow/.local/lib/python3.12/site-packages/airflow/example_dags/example_branch_operator.py
[2025-06-20T14:42:56.895+0000] {logging_mixin.py:188} INFO - [2025-06-20T14:42:56.895+0000] {dag.py:3096} INFO - Sync 1 DAGs
[2025-06-20T14:42:56.916+0000] {logging_mixin.py:188} INFO - [2025-06-20T14:42:56.916+0000] {dag.py:3954} INFO - Setting next_dagrun for example_branch_operator to 2025-06-19 00:00:00+00:00, run_after=2025-06-20 00:00:00+00:00
[2025-06-20T14:42:56.932+0000] {processor.py:183} INFO - Processing /home/airflow/.local/lib/python3.12/site-packages/airflow/example_dags/example_branch_operator.py took 0.096 seconds
[2025-06-20T14:43:27.654+0000] {processor.py:161} INFO - Started process (PID=1095) to work on /home/airflow/.local/lib/python3.12/site-packages/airflow/example_dags/example_branch_operator.py
[2025-06-20T14:43:27.655+0000] {processor.py:830} INFO - Processing file /home/airflow/.local/lib/python3.12/site-packages/airflow/example_dags/example_branch_operator.py for tasks to queue
[2025-06-20T14:43:27.656+0000] {logging_mixin.py:188} INFO - [2025-06-20T14:43:27.656+0000] {dagbag.py:540} INFO - Filling up the DagBag from /home/airflow/.local/lib/python3.12/site-packages/airflow/example_dags/example_branch_operator.py
[2025-06-20T14:43:27.672+0000] {processor.py:840} INFO - DAG(s) 'example_branch_operator' retrieved from /home/airflow/.local/lib/python3.12/site-packages/airflow/example_dags/example_branch_operator.py
[2025-06-20T14:43:27.700+0000] {logging_mixin.py:188} INFO - [2025-06-20T14:43:27.699+0000] {dag.py:3096} INFO - Sync 1 DAGs
[2025-06-20T14:43:27.720+0000] {logging_mixin.py:188} INFO - [2025-06-20T14:43:27.720+0000] {dag.py:3954} INFO - Setting next_dagrun for example_branch_operator to 2025-06-19 00:00:00+00:00, run_after=2025-06-20 00:00:00+00:00
[2025-06-20T14:43:27.736+0000] {processor.py:183} INFO - Processing /home/airflow/.local/lib/python3.12/site-packages/airflow/example_dags/example_branch_operator.py took 0.088 seconds
[2025-06-20T14:43:58.365+0000] {processor.py:161} INFO - Started process (PID=1153) to work on /home/airflow/.local/lib/python3.12/site-packages/airflow/example_dags/example_branch_operator.py
[2025-06-20T14:43:58.366+0000] {processor.py:830} INFO - Processing file /home/airflow/.local/lib/python3.12/site-packages/airflow/example_dags/example_branch_operator.py for tasks to queue
[2025-06-20T14:43:58.368+0000] {logging_mixin.py:188} INFO - [2025-06-20T14:43:58.368+0000] {dagbag.py:540} INFO - Filling up the DagBag from /home/airflow/.local/lib/python3.12/site-packages/airflow/example_dags/example_branch_operator.py
[2025-06-20T14:43:58.384+0000] {processor.py:840} INFO - DAG(s) 'example_branch_operator' retrieved from /home/airflow/.local/lib/python3.12/site-packages/airflow/example_dags/example_branch_operator.py
[2025-06-20T14:43:58.411+0000] {logging_mixin.py:188} INFO - [2025-06-20T14:43:58.411+0000] {dag.py:3096} INFO - Sync 1 DAGs
[2025-06-20T14:43:58.557+0000] {logging_mixin.py:188} INFO - [2025-06-20T14:43:58.556+0000] {dag.py:3954} INFO - Setting next_dagrun for example_branch_operator to 2025-06-19 00:00:00+00:00, run_after=2025-06-20 00:00:00+00:00
[2025-06-20T14:43:58.572+0000] {processor.py:183} INFO - Processing /home/airflow/.local/lib/python3.12/site-packages/airflow/example_dags/example_branch_operator.py took 0.216 seconds
[2025-06-20T14:44:29.220+0000] {processor.py:161} INFO - Started process (PID=1211) to work on /home/airflow/.local/lib/python3.12/site-packages/airflow/example_dags/example_branch_operator.py
[2025-06-20T14:44:29.221+0000] {processor.py:830} INFO - Processing file /home/airflow/.local/lib/python3.12/site-packages/airflow/example_dags/example_branch_operator.py for tasks to queue
[2025-06-20T14:44:29.223+0000] {logging_mixin.py:188} INFO - [2025-06-20T14:44:29.222+0000] {dagbag.py:540} INFO - Filling up the DagBag from /home/airflow/.local/lib/python3.12/site-packages/airflow/example_dags/example_branch_operator.py
[2025-06-20T14:44:29.239+0000] {processor.py:840} INFO - DAG(s) 'example_branch_operator' retrieved from /home/airflow/.local/lib/python3.12/site-packages/airflow/example_dags/example_branch_operator.py
[2025-06-20T14:44:29.265+0000] {logging_mixin.py:188} INFO - [2025-06-20T14:44:29.265+0000] {dag.py:3096} INFO - Sync 1 DAGs
[2025-06-20T14:44:29.286+0000] {logging_mixin.py:188} INFO - [2025-06-20T14:44:29.286+0000] {dag.py:3954} INFO - Setting next_dagrun for example_branch_operator to 2025-06-19 00:00:00+00:00, run_after=2025-06-20 00:00:00+00:00
[2025-06-20T14:44:29.412+0000] {processor.py:183} INFO - Processing /home/airflow/.local/lib/python3.12/site-packages/airflow/example_dags/example_branch_operator.py took 0.198 seconds
[2025-06-20T14:44:59.490+0000] {processor.py:161} INFO - Started process (PID=1269) to work on /home/airflow/.local/lib/python3.12/site-packages/airflow/example_dags/example_branch_operator.py
[2025-06-20T14:44:59.491+0000] {processor.py:830} INFO - Processing file /home/airflow/.local/lib/python3.12/site-packages/airflow/example_dags/example_branch_operator.py for tasks to queue
[2025-06-20T14:44:59.493+0000] {logging_mixin.py:188} INFO - [2025-06-20T14:44:59.492+0000] {dagbag.py:540} INFO - Filling up the DagBag from /home/airflow/.local/lib/python3.12/site-packages/airflow/example_dags/example_branch_operator.py
[2025-06-20T14:44:59.513+0000] {processor.py:840} INFO - DAG(s) 'example_branch_operator' retrieved from /home/airflow/.local/lib/python3.12/site-packages/airflow/example_dags/example_branch_operator.py
[2025-06-20T14:44:59.540+0000] {logging_mixin.py:188} INFO - [2025-06-20T14:44:59.540+0000] {dag.py:3096} INFO - Sync 1 DAGs
[2025-06-20T14:44:59.560+0000] {logging_mixin.py:188} INFO - [2025-06-20T14:44:59.560+0000] {dag.py:3954} INFO - Setting next_dagrun for example_branch_operator to 2025-06-19 00:00:00+00:00, run_after=2025-06-20 00:00:00+00:00
[2025-06-20T14:44:59.576+0000] {processor.py:183} INFO - Processing /home/airflow/.local/lib/python3.12/site-packages/airflow/example_dags/example_branch_operator.py took 0.092 seconds
[2025-06-20T14:45:30.313+0000] {processor.py:161} INFO - Started process (PID=1327) to work on /home/airflow/.local/lib/python3.12/site-packages/airflow/example_dags/example_branch_operator.py
[2025-06-20T14:45:30.314+0000] {processor.py:830} INFO - Processing file /home/airflow/.local/lib/python3.12/site-packages/airflow/example_dags/example_branch_operator.py for tasks to queue
[2025-06-20T14:45:30.315+0000] {logging_mixin.py:188} INFO - [2025-06-20T14:45:30.315+0000] {dagbag.py:540} INFO - Filling up the DagBag from /home/airflow/.local/lib/python3.12/site-packages/airflow/example_dags/example_branch_operator.py
[2025-06-20T14:45:30.332+0000] {processor.py:840} INFO - DAG(s) 'example_branch_operator' retrieved from /home/airflow/.local/lib/python3.12/site-packages/airflow/example_dags/example_branch_operator.py
[2025-06-20T14:45:30.362+0000] {logging_mixin.py:188} INFO - [2025-06-20T14:45:30.362+0000] {dag.py:3096} INFO - Sync 1 DAGs
[2025-06-20T14:45:30.383+0000] {logging_mixin.py:188} INFO - [2025-06-20T14:45:30.383+0000] {dag.py:3954} INFO - Setting next_dagrun for example_branch_operator to 2025-06-19 00:00:00+00:00, run_after=2025-06-20 00:00:00+00:00
[2025-06-20T14:45:30.398+0000] {processor.py:183} INFO - Processing /home/airflow/.local/lib/python3.12/site-packages/airflow/example_dags/example_branch_operator.py took 0.091 seconds
[2025-06-20T14:46:00.543+0000] {processor.py:161} INFO - Started process (PID=1385) to work on /home/airflow/.local/lib/python3.12/site-packages/airflow/example_dags/example_branch_operator.py
[2025-06-20T14:46:00.544+0000] {processor.py:830} INFO - Processing file /home/airflow/.local/lib/python3.12/site-packages/airflow/example_dags/example_branch_operator.py for tasks to queue
[2025-06-20T14:46:00.546+0000] {logging_mixin.py:188} INFO - [2025-06-20T14:46:00.545+0000] {dagbag.py:540} INFO - Filling up the DagBag from /home/airflow/.local/lib/python3.12/site-packages/airflow/example_dags/example_branch_operator.py
[2025-06-20T14:46:00.565+0000] {processor.py:840} INFO - DAG(s) 'example_branch_operator' retrieved from /home/airflow/.local/lib/python3.12/site-packages/airflow/example_dags/example_branch_operator.py
[2025-06-20T14:46:00.595+0000] {logging_mixin.py:188} INFO - [2025-06-20T14:46:00.595+0000] {dag.py:3096} INFO - Sync 1 DAGs
[2025-06-20T14:46:00.616+0000] {logging_mixin.py:188} INFO - [2025-06-20T14:46:00.616+0000] {dag.py:3954} INFO - Setting next_dagrun for example_branch_operator to 2025-06-19 00:00:00+00:00, run_after=2025-06-20 00:00:00+00:00
[2025-06-20T14:46:00.631+0000] {processor.py:183} INFO - Processing /home/airflow/.local/lib/python3.12/site-packages/airflow/example_dags/example_branch_operator.py took 0.095 seconds
[2025-06-20T14:46:30.791+0000] {processor.py:161} INFO - Started process (PID=1443) to work on /home/airflow/.local/lib/python3.12/site-packages/airflow/example_dags/example_branch_operator.py
[2025-06-20T14:46:30.792+0000] {processor.py:830} INFO - Processing file /home/airflow/.local/lib/python3.12/site-packages/airflow/example_dags/example_branch_operator.py for tasks to queue
[2025-06-20T14:46:30.794+0000] {logging_mixin.py:188} INFO - [2025-06-20T14:46:30.794+0000] {dagbag.py:540} INFO - Filling up the DagBag from /home/airflow/.local/lib/python3.12/site-packages/airflow/example_dags/example_branch_operator.py
[2025-06-20T14:46:30.810+0000] {processor.py:840} INFO - DAG(s) 'example_branch_operator' retrieved from /home/airflow/.local/lib/python3.12/site-packages/airflow/example_dags/example_branch_operator.py
[2025-06-20T14:46:30.837+0000] {logging_mixin.py:188} INFO - [2025-06-20T14:46:30.837+0000] {dag.py:3096} INFO - Sync 1 DAGs
[2025-06-20T14:46:30.858+0000] {logging_mixin.py:188} INFO - [2025-06-20T14:46:30.858+0000] {dag.py:3954} INFO - Setting next_dagrun for example_branch_operator to 2025-06-19 00:00:00+00:00, run_after=2025-06-20 00:00:00+00:00
[2025-06-20T14:46:30.874+0000] {processor.py:183} INFO - Processing /home/airflow/.local/lib/python3.12/site-packages/airflow/example_dags/example_branch_operator.py took 0.089 seconds
[2025-06-20T14:47:00.978+0000] {processor.py:161} INFO - Started process (PID=1501) to work on /home/airflow/.local/lib/python3.12/site-packages/airflow/example_dags/example_branch_operator.py
[2025-06-20T14:47:00.979+0000] {processor.py:830} INFO - Processing file /home/airflow/.local/lib/python3.12/site-packages/airflow/example_dags/example_branch_operator.py for tasks to queue
[2025-06-20T14:47:00.980+0000] {logging_mixin.py:188} INFO - [2025-06-20T14:47:00.980+0000] {dagbag.py:540} INFO - Filling up the DagBag from /home/airflow/.local/lib/python3.12/site-packages/airflow/example_dags/example_branch_operator.py
[2025-06-20T14:47:00.999+0000] {processor.py:840} INFO - DAG(s) 'example_branch_operator' retrieved from /home/airflow/.local/lib/python3.12/site-packages/airflow/example_dags/example_branch_operator.py
[2025-06-20T14:47:01.027+0000] {logging_mixin.py:188} INFO - [2025-06-20T14:47:01.027+0000] {dag.py:3096} INFO - Sync 1 DAGs
[2025-06-20T14:47:01.048+0000] {logging_mixin.py:188} INFO - [2025-06-20T14:47:01.048+0000] {dag.py:3954} INFO - Setting next_dagrun for example_branch_operator to 2025-06-19 00:00:00+00:00, run_after=2025-06-20 00:00:00+00:00
[2025-06-20T14:47:01.064+0000] {processor.py:183} INFO - Processing /home/airflow/.local/lib/python3.12/site-packages/airflow/example_dags/example_branch_operator.py took 0.092 seconds
[2025-06-20T14:47:31.194+0000] {processor.py:161} INFO - Started process (PID=1559) to work on /home/airflow/.local/lib/python3.12/site-packages/airflow/example_dags/example_branch_operator.py
[2025-06-20T14:47:31.195+0000] {processor.py:830} INFO - Processing file /home/airflow/.local/lib/python3.12/site-packages/airflow/example_dags/example_branch_operator.py for tasks to queue
[2025-06-20T14:47:31.197+0000] {logging_mixin.py:188} INFO - [2025-06-20T14:47:31.196+0000] {dagbag.py:540} INFO - Filling up the DagBag from /home/airflow/.local/lib/python3.12/site-packages/airflow/example_dags/example_branch_operator.py
[2025-06-20T14:47:31.213+0000] {processor.py:840} INFO - DAG(s) 'example_branch_operator' retrieved from /home/airflow/.local/lib/python3.12/site-packages/airflow/example_dags/example_branch_operator.py
[2025-06-20T14:47:31.242+0000] {logging_mixin.py:188} INFO - [2025-06-20T14:47:31.242+0000] {dag.py:3096} INFO - Sync 1 DAGs
[2025-06-20T14:47:31.264+0000] {logging_mixin.py:188} INFO - [2025-06-20T14:47:31.264+0000] {dag.py:3954} INFO - Setting next_dagrun for example_branch_operator to 2025-06-19 00:00:00+00:00, run_after=2025-06-20 00:00:00+00:00
[2025-06-20T14:47:31.280+0000] {processor.py:183} INFO - Processing /home/airflow/.local/lib/python3.12/site-packages/airflow/example_dags/example_branch_operator.py took 0.093 seconds
[2025-06-20T14:48:01.651+0000] {processor.py:161} INFO - Started process (PID=1617) to work on /home/airflow/.local/lib/python3.12/site-packages/airflow/example_dags/example_branch_operator.py
[2025-06-20T14:48:01.652+0000] {processor.py:830} INFO - Processing file /home/airflow/.local/lib/python3.12/site-packages/airflow/example_dags/example_branch_operator.py for tasks to queue
[2025-06-20T14:48:01.654+0000] {logging_mixin.py:188} INFO - [2025-06-20T14:48:01.654+0000] {dagbag.py:540} INFO - Filling up the DagBag from /home/airflow/.local/lib/python3.12/site-packages/airflow/example_dags/example_branch_operator.py
[2025-06-20T14:48:01.672+0000] {processor.py:840} INFO - DAG(s) 'example_branch_operator' retrieved from /home/airflow/.local/lib/python3.12/site-packages/airflow/example_dags/example_branch_operator.py
[2025-06-20T14:48:01.699+0000] {logging_mixin.py:188} INFO - [2025-06-20T14:48:01.699+0000] {dag.py:3096} INFO - Sync 1 DAGs
[2025-06-20T14:48:01.721+0000] {logging_mixin.py:188} INFO - [2025-06-20T14:48:01.720+0000] {dag.py:3954} INFO - Setting next_dagrun for example_branch_operator to 2025-06-19 00:00:00+00:00, run_after=2025-06-20 00:00:00+00:00
[2025-06-20T14:48:01.736+0000] {processor.py:183} INFO - Processing /home/airflow/.local/lib/python3.12/site-packages/airflow/example_dags/example_branch_operator.py took 0.091 seconds
[2025-06-20T14:48:31.871+0000] {processor.py:161} INFO - Started process (PID=1675) to work on /home/airflow/.local/lib/python3.12/site-packages/airflow/example_dags/example_branch_operator.py
[2025-06-20T14:48:31.872+0000] {processor.py:830} INFO - Processing file /home/airflow/.local/lib/python3.12/site-packages/airflow/example_dags/example_branch_operator.py for tasks to queue
[2025-06-20T14:48:31.873+0000] {logging_mixin.py:188} INFO - [2025-06-20T14:48:31.873+0000] {dagbag.py:540} INFO - Filling up the DagBag from /home/airflow/.local/lib/python3.12/site-packages/airflow/example_dags/example_branch_operator.py
[2025-06-20T14:48:31.889+0000] {processor.py:840} INFO - DAG(s) 'example_branch_operator' retrieved from /home/airflow/.local/lib/python3.12/site-packages/airflow/example_dags/example_branch_operator.py
[2025-06-20T14:48:31.915+0000] {logging_mixin.py:188} INFO - [2025-06-20T14:48:31.915+0000] {dag.py:3096} INFO - Sync 1 DAGs
[2025-06-20T14:48:31.936+0000] {logging_mixin.py:188} INFO - [2025-06-20T14:48:31.936+0000] {dag.py:3954} INFO - Setting next_dagrun for example_branch_operator to 2025-06-19 00:00:00+00:00, run_after=2025-06-20 00:00:00+00:00
[2025-06-20T14:48:31.951+0000] {processor.py:183} INFO - Processing /home/airflow/.local/lib/python3.12/site-packages/airflow/example_dags/example_branch_operator.py took 0.087 seconds
[2025-06-20T14:49:02.177+0000] {processor.py:161} INFO - Started process (PID=1733) to work on /home/airflow/.local/lib/python3.12/site-packages/airflow/example_dags/example_branch_operator.py
[2025-06-20T14:49:02.178+0000] {processor.py:830} INFO - Processing file /home/airflow/.local/lib/python3.12/site-packages/airflow/example_dags/example_branch_operator.py for tasks to queue
[2025-06-20T14:49:02.180+0000] {logging_mixin.py:188} INFO - [2025-06-20T14:49:02.180+0000] {dagbag.py:540} INFO - Filling up the DagBag from /home/airflow/.local/lib/python3.12/site-packages/airflow/example_dags/example_branch_operator.py
[2025-06-20T14:49:02.196+0000] {processor.py:840} INFO - DAG(s) 'example_branch_operator' retrieved from /home/airflow/.local/lib/python3.12/site-packages/airflow/example_dags/example_branch_operator.py
[2025-06-20T14:49:02.223+0000] {logging_mixin.py:188} INFO - [2025-06-20T14:49:02.223+0000] {dag.py:3096} INFO - Sync 1 DAGs
[2025-06-20T14:49:02.244+0000] {logging_mixin.py:188} INFO - [2025-06-20T14:49:02.244+0000] {dag.py:3954} INFO - Setting next_dagrun for example_branch_operator to 2025-06-19 00:00:00+00:00, run_after=2025-06-20 00:00:00+00:00
[2025-06-20T14:49:02.259+0000] {processor.py:183} INFO - Processing /home/airflow/.local/lib/python3.12/site-packages/airflow/example_dags/example_branch_operator.py took 0.088 seconds
[2025-06-20T14:49:32.578+0000] {processor.py:161} INFO - Started process (PID=1791) to work on /home/airflow/.local/lib/python3.12/site-packages/airflow/example_dags/example_branch_operator.py
[2025-06-20T14:49:32.579+0000] {processor.py:830} INFO - Processing file /home/airflow/.local/lib/python3.12/site-packages/airflow/example_dags/example_branch_operator.py for tasks to queue
[2025-06-20T14:49:32.581+0000] {logging_mixin.py:188} INFO - [2025-06-20T14:49:32.580+0000] {dagbag.py:540} INFO - Filling up the DagBag from /home/airflow/.local/lib/python3.12/site-packages/airflow/example_dags/example_branch_operator.py
[2025-06-20T14:49:32.596+0000] {processor.py:840} INFO - DAG(s) 'example_branch_operator' retrieved from /home/airflow/.local/lib/python3.12/site-packages/airflow/example_dags/example_branch_operator.py
[2025-06-20T14:49:32.623+0000] {logging_mixin.py:188} INFO - [2025-06-20T14:49:32.623+0000] {dag.py:3096} INFO - Sync 1 DAGs
[2025-06-20T14:49:32.644+0000] {logging_mixin.py:188} INFO - [2025-06-20T14:49:32.644+0000] {dag.py:3954} INFO - Setting next_dagrun for example_branch_operator to 2025-06-19 00:00:00+00:00, run_after=2025-06-20 00:00:00+00:00
[2025-06-20T14:49:32.659+0000] {processor.py:183} INFO - Processing /home/airflow/.local/lib/python3.12/site-packages/airflow/example_dags/example_branch_operator.py took 0.088 seconds
[2025-06-20T14:50:02.762+0000] {processor.py:161} INFO - Started process (PID=1849) to work on /home/airflow/.local/lib/python3.12/site-packages/airflow/example_dags/example_branch_operator.py
[2025-06-20T14:50:02.763+0000] {processor.py:830} INFO - Processing file /home/airflow/.local/lib/python3.12/site-packages/airflow/example_dags/example_branch_operator.py for tasks to queue
[2025-06-20T14:50:02.765+0000] {logging_mixin.py:188} INFO - [2025-06-20T14:50:02.765+0000] {dagbag.py:540} INFO - Filling up the DagBag from /home/airflow/.local/lib/python3.12/site-packages/airflow/example_dags/example_branch_operator.py
[2025-06-20T14:50:02.782+0000] {processor.py:840} INFO - DAG(s) 'example_branch_operator' retrieved from /home/airflow/.local/lib/python3.12/site-packages/airflow/example_dags/example_branch_operator.py
[2025-06-20T14:50:02.810+0000] {logging_mixin.py:188} INFO - [2025-06-20T14:50:02.809+0000] {dag.py:3096} INFO - Sync 1 DAGs
[2025-06-20T14:50:02.830+0000] {logging_mixin.py:188} INFO - [2025-06-20T14:50:02.830+0000] {dag.py:3954} INFO - Setting next_dagrun for example_branch_operator to 2025-06-19 00:00:00+00:00, run_after=2025-06-20 00:00:00+00:00
[2025-06-20T14:50:02.845+0000] {processor.py:183} INFO - Processing /home/airflow/.local/lib/python3.12/site-packages/airflow/example_dags/example_branch_operator.py took 0.089 seconds
[2025-06-20T14:50:33.700+0000] {processor.py:161} INFO - Started process (PID=1907) to work on /home/airflow/.local/lib/python3.12/site-packages/airflow/example_dags/example_branch_operator.py
[2025-06-20T14:50:33.701+0000] {processor.py:830} INFO - Processing file /home/airflow/.local/lib/python3.12/site-packages/airflow/example_dags/example_branch_operator.py for tasks to queue
[2025-06-20T14:50:33.703+0000] {logging_mixin.py:188} INFO - [2025-06-20T14:50:33.702+0000] {dagbag.py:540} INFO - Filling up the DagBag from /home/airflow/.local/lib/python3.12/site-packages/airflow/example_dags/example_branch_operator.py
[2025-06-20T14:50:33.718+0000] {processor.py:840} INFO - DAG(s) 'example_branch_operator' retrieved from /home/airflow/.local/lib/python3.12/site-packages/airflow/example_dags/example_branch_operator.py
[2025-06-20T14:50:33.745+0000] {logging_mixin.py:188} INFO - [2025-06-20T14:50:33.745+0000] {dag.py:3096} INFO - Sync 1 DAGs
[2025-06-20T14:50:33.766+0000] {logging_mixin.py:188} INFO - [2025-06-20T14:50:33.766+0000] {dag.py:3954} INFO - Setting next_dagrun for example_branch_operator to 2025-06-19 00:00:00+00:00, run_after=2025-06-20 00:00:00+00:00
[2025-06-20T14:50:33.783+0000] {processor.py:183} INFO - Processing /home/airflow/.local/lib/python3.12/site-packages/airflow/example_dags/example_branch_operator.py took 0.090 seconds
[2025-06-20T14:51:04.010+0000] {processor.py:161} INFO - Started process (PID=1965) to work on /home/airflow/.local/lib/python3.12/site-packages/airflow/example_dags/example_branch_operator.py
[2025-06-20T14:51:04.010+0000] {processor.py:830} INFO - Processing file /home/airflow/.local/lib/python3.12/site-packages/airflow/example_dags/example_branch_operator.py for tasks to queue
[2025-06-20T14:51:04.012+0000] {logging_mixin.py:188} INFO - [2025-06-20T14:51:04.012+0000] {dagbag.py:540} INFO - Filling up the DagBag from /home/airflow/.local/lib/python3.12/site-packages/airflow/example_dags/example_branch_operator.py
[2025-06-20T14:51:04.028+0000] {processor.py:840} INFO - DAG(s) 'example_branch_operator' retrieved from /home/airflow/.local/lib/python3.12/site-packages/airflow/example_dags/example_branch_operator.py
[2025-06-20T14:51:04.054+0000] {logging_mixin.py:188} INFO - [2025-06-20T14:51:04.054+0000] {dag.py:3096} INFO - Sync 1 DAGs
[2025-06-20T14:51:04.075+0000] {logging_mixin.py:188} INFO - [2025-06-20T14:51:04.075+0000] {dag.py:3954} INFO - Setting next_dagrun for example_branch_operator to 2025-06-19 00:00:00+00:00, run_after=2025-06-20 00:00:00+00:00
[2025-06-20T14:51:04.114+0000] {processor.py:183} INFO - Processing /home/airflow/.local/lib/python3.12/site-packages/airflow/example_dags/example_branch_operator.py took 0.110 seconds
[2025-06-20T14:51:34.157+0000] {processor.py:161} INFO - Started process (PID=2023) to work on /home/airflow/.local/lib/python3.12/site-packages/airflow/example_dags/example_branch_operator.py
[2025-06-20T14:51:34.158+0000] {processor.py:830} INFO - Processing file /home/airflow/.local/lib/python3.12/site-packages/airflow/example_dags/example_branch_operator.py for tasks to queue
[2025-06-20T14:51:34.160+0000] {logging_mixin.py:188} INFO - [2025-06-20T14:51:34.160+0000] {dagbag.py:540} INFO - Filling up the DagBag from /home/airflow/.local/lib/python3.12/site-packages/airflow/example_dags/example_branch_operator.py
[2025-06-20T14:51:34.176+0000] {processor.py:840} INFO - DAG(s) 'example_branch_operator' retrieved from /home/airflow/.local/lib/python3.12/site-packages/airflow/example_dags/example_branch_operator.py
[2025-06-20T14:51:34.203+0000] {logging_mixin.py:188} INFO - [2025-06-20T14:51:34.203+0000] {dag.py:3096} INFO - Sync 1 DAGs
[2025-06-20T14:51:34.223+0000] {logging_mixin.py:188} INFO - [2025-06-20T14:51:34.223+0000] {dag.py:3954} INFO - Setting next_dagrun for example_branch_operator to 2025-06-19 00:00:00+00:00, run_after=2025-06-20 00:00:00+00:00
[2025-06-20T14:51:34.256+0000] {processor.py:183} INFO - Processing /home/airflow/.local/lib/python3.12/site-packages/airflow/example_dags/example_branch_operator.py took 0.105 seconds
[2025-06-20T14:52:04.328+0000] {processor.py:161} INFO - Started process (PID=2081) to work on /home/airflow/.local/lib/python3.12/site-packages/airflow/example_dags/example_branch_operator.py
[2025-06-20T14:52:04.329+0000] {processor.py:830} INFO - Processing file /home/airflow/.local/lib/python3.12/site-packages/airflow/example_dags/example_branch_operator.py for tasks to queue
[2025-06-20T14:52:04.331+0000] {logging_mixin.py:188} INFO - [2025-06-20T14:52:04.330+0000] {dagbag.py:540} INFO - Filling up the DagBag from /home/airflow/.local/lib/python3.12/site-packages/airflow/example_dags/example_branch_operator.py
[2025-06-20T14:52:04.347+0000] {processor.py:840} INFO - DAG(s) 'example_branch_operator' retrieved from /home/airflow/.local/lib/python3.12/site-packages/airflow/example_dags/example_branch_operator.py
[2025-06-20T14:52:04.376+0000] {logging_mixin.py:188} INFO - [2025-06-20T14:52:04.376+0000] {dag.py:3096} INFO - Sync 1 DAGs
[2025-06-20T14:52:04.398+0000] {logging_mixin.py:188} INFO - [2025-06-20T14:52:04.397+0000] {dag.py:3954} INFO - Setting next_dagrun for example_branch_operator to 2025-06-19 00:00:00+00:00, run_after=2025-06-20 00:00:00+00:00
[2025-06-20T14:52:04.414+0000] {processor.py:183} INFO - Processing /home/airflow/.local/lib/python3.12/site-packages/airflow/example_dags/example_branch_operator.py took 0.092 seconds
[2025-06-20T14:52:35.260+0000] {processor.py:161} INFO - Started process (PID=2139) to work on /home/airflow/.local/lib/python3.12/site-packages/airflow/example_dags/example_branch_operator.py
[2025-06-20T14:52:35.261+0000] {processor.py:830} INFO - Processing file /home/airflow/.local/lib/python3.12/site-packages/airflow/example_dags/example_branch_operator.py for tasks to queue
[2025-06-20T14:52:35.263+0000] {logging_mixin.py:188} INFO - [2025-06-20T14:52:35.263+0000] {dagbag.py:540} INFO - Filling up the DagBag from /home/airflow/.local/lib/python3.12/site-packages/airflow/example_dags/example_branch_operator.py
[2025-06-20T14:52:35.282+0000] {processor.py:840} INFO - DAG(s) 'example_branch_operator' retrieved from /home/airflow/.local/lib/python3.12/site-packages/airflow/example_dags/example_branch_operator.py
[2025-06-20T14:52:35.311+0000] {logging_mixin.py:188} INFO - [2025-06-20T14:52:35.311+0000] {dag.py:3096} INFO - Sync 1 DAGs
[2025-06-20T14:52:35.335+0000] {logging_mixin.py:188} INFO - [2025-06-20T14:52:35.335+0000] {dag.py:3954} INFO - Setting next_dagrun for example_branch_operator to 2025-06-19 00:00:00+00:00, run_after=2025-06-20 00:00:00+00:00
[2025-06-20T14:52:35.375+0000] {processor.py:183} INFO - Processing /home/airflow/.local/lib/python3.12/site-packages/airflow/example_dags/example_branch_operator.py took 0.122 seconds
[2025-06-20T14:53:05.457+0000] {processor.py:161} INFO - Started process (PID=2197) to work on /home/airflow/.local/lib/python3.12/site-packages/airflow/example_dags/example_branch_operator.py
[2025-06-20T14:53:05.458+0000] {processor.py:830} INFO - Processing file /home/airflow/.local/lib/python3.12/site-packages/airflow/example_dags/example_branch_operator.py for tasks to queue
[2025-06-20T14:53:05.460+0000] {logging_mixin.py:188} INFO - [2025-06-20T14:53:05.460+0000] {dagbag.py:540} INFO - Filling up the DagBag from /home/airflow/.local/lib/python3.12/site-packages/airflow/example_dags/example_branch_operator.py
[2025-06-20T14:53:05.476+0000] {processor.py:840} INFO - DAG(s) 'example_branch_operator' retrieved from /home/airflow/.local/lib/python3.12/site-packages/airflow/example_dags/example_branch_operator.py
[2025-06-20T14:53:05.511+0000] {logging_mixin.py:188} INFO - [2025-06-20T14:53:05.511+0000] {dag.py:3096} INFO - Sync 1 DAGs
[2025-06-20T14:53:05.532+0000] {logging_mixin.py:188} INFO - [2025-06-20T14:53:05.532+0000] {dag.py:3954} INFO - Setting next_dagrun for example_branch_operator to 2025-06-19 00:00:00+00:00, run_after=2025-06-20 00:00:00+00:00
[2025-06-20T14:53:05.550+0000] {processor.py:183} INFO - Processing /home/airflow/.local/lib/python3.12/site-packages/airflow/example_dags/example_branch_operator.py took 0.099 seconds
[2025-06-20T14:53:35.876+0000] {processor.py:161} INFO - Started process (PID=2255) to work on /home/airflow/.local/lib/python3.12/site-packages/airflow/example_dags/example_branch_operator.py
[2025-06-20T14:53:35.877+0000] {processor.py:830} INFO - Processing file /home/airflow/.local/lib/python3.12/site-packages/airflow/example_dags/example_branch_operator.py for tasks to queue
[2025-06-20T14:53:35.879+0000] {logging_mixin.py:188} INFO - [2025-06-20T14:53:35.878+0000] {dagbag.py:540} INFO - Filling up the DagBag from /home/airflow/.local/lib/python3.12/site-packages/airflow/example_dags/example_branch_operator.py
[2025-06-20T14:53:35.896+0000] {processor.py:840} INFO - DAG(s) 'example_branch_operator' retrieved from /home/airflow/.local/lib/python3.12/site-packages/airflow/example_dags/example_branch_operator.py
[2025-06-20T14:53:35.924+0000] {logging_mixin.py:188} INFO - [2025-06-20T14:53:35.924+0000] {dag.py:3096} INFO - Sync 1 DAGs
[2025-06-20T14:53:35.946+0000] {logging_mixin.py:188} INFO - [2025-06-20T14:53:35.946+0000] {dag.py:3954} INFO - Setting next_dagrun for example_branch_operator to 2025-06-19 00:00:00+00:00, run_after=2025-06-20 00:00:00+00:00
[2025-06-20T14:53:35.963+0000] {processor.py:183} INFO - Processing /home/airflow/.local/lib/python3.12/site-packages/airflow/example_dags/example_branch_operator.py took 0.093 seconds
[2025-06-20T14:54:06.810+0000] {processor.py:161} INFO - Started process (PID=2313) to work on /home/airflow/.local/lib/python3.12/site-packages/airflow/example_dags/example_branch_operator.py
[2025-06-20T14:54:06.811+0000] {processor.py:830} INFO - Processing file /home/airflow/.local/lib/python3.12/site-packages/airflow/example_dags/example_branch_operator.py for tasks to queue
[2025-06-20T14:54:06.813+0000] {logging_mixin.py:188} INFO - [2025-06-20T14:54:06.813+0000] {dagbag.py:540} INFO - Filling up the DagBag from /home/airflow/.local/lib/python3.12/site-packages/airflow/example_dags/example_branch_operator.py
[2025-06-20T14:54:06.831+0000] {processor.py:840} INFO - DAG(s) 'example_branch_operator' retrieved from /home/airflow/.local/lib/python3.12/site-packages/airflow/example_dags/example_branch_operator.py
[2025-06-20T14:54:06.862+0000] {logging_mixin.py:188} INFO - [2025-06-20T14:54:06.862+0000] {dag.py:3096} INFO - Sync 1 DAGs
[2025-06-20T14:54:06.884+0000] {logging_mixin.py:188} INFO - [2025-06-20T14:54:06.884+0000] {dag.py:3954} INFO - Setting next_dagrun for example_branch_operator to 2025-06-19 00:00:00+00:00, run_after=2025-06-20 00:00:00+00:00
[2025-06-20T14:54:06.919+0000] {processor.py:183} INFO - Processing /home/airflow/.local/lib/python3.12/site-packages/airflow/example_dags/example_branch_operator.py took 0.116 seconds
[2025-06-20T14:54:37.870+0000] {processor.py:161} INFO - Started process (PID=2371) to work on /home/airflow/.local/lib/python3.12/site-packages/airflow/example_dags/example_branch_operator.py
[2025-06-20T14:54:37.871+0000] {processor.py:830} INFO - Processing file /home/airflow/.local/lib/python3.12/site-packages/airflow/example_dags/example_branch_operator.py for tasks to queue
[2025-06-20T14:54:37.873+0000] {logging_mixin.py:188} INFO - [2025-06-20T14:54:37.873+0000] {dagbag.py:540} INFO - Filling up the DagBag from /home/airflow/.local/lib/python3.12/site-packages/airflow/example_dags/example_branch_operator.py
[2025-06-20T14:54:37.890+0000] {processor.py:840} INFO - DAG(s) 'example_branch_operator' retrieved from /home/airflow/.local/lib/python3.12/site-packages/airflow/example_dags/example_branch_operator.py
[2025-06-20T14:54:37.918+0000] {logging_mixin.py:188} INFO - [2025-06-20T14:54:37.917+0000] {dag.py:3096} INFO - Sync 1 DAGs
[2025-06-20T14:54:37.938+0000] {logging_mixin.py:188} INFO - [2025-06-20T14:54:37.938+0000] {dag.py:3954} INFO - Setting next_dagrun for example_branch_operator to 2025-06-19 00:00:00+00:00, run_after=2025-06-20 00:00:00+00:00
[2025-06-20T14:54:37.981+0000] {processor.py:183} INFO - Processing /home/airflow/.local/lib/python3.12/site-packages/airflow/example_dags/example_branch_operator.py took 0.117 seconds
[2025-06-20T14:55:08.024+0000] {processor.py:161} INFO - Started process (PID=2430) to work on /home/airflow/.local/lib/python3.12/site-packages/airflow/example_dags/example_branch_operator.py
[2025-06-20T14:55:08.025+0000] {processor.py:830} INFO - Processing file /home/airflow/.local/lib/python3.12/site-packages/airflow/example_dags/example_branch_operator.py for tasks to queue
[2025-06-20T14:55:08.027+0000] {logging_mixin.py:188} INFO - [2025-06-20T14:55:08.027+0000] {dagbag.py:540} INFO - Filling up the DagBag from /home/airflow/.local/lib/python3.12/site-packages/airflow/example_dags/example_branch_operator.py
[2025-06-20T14:55:08.043+0000] {processor.py:840} INFO - DAG(s) 'example_branch_operator' retrieved from /home/airflow/.local/lib/python3.12/site-packages/airflow/example_dags/example_branch_operator.py
[2025-06-20T14:55:08.070+0000] {logging_mixin.py:188} INFO - [2025-06-20T14:55:08.070+0000] {dag.py:3096} INFO - Sync 1 DAGs
[2025-06-20T14:55:08.090+0000] {logging_mixin.py:188} INFO - [2025-06-20T14:55:08.090+0000] {dag.py:3954} INFO - Setting next_dagrun for example_branch_operator to 2025-06-19 00:00:00+00:00, run_after=2025-06-20 00:00:00+00:00
[2025-06-20T14:55:08.106+0000] {processor.py:183} INFO - Processing /home/airflow/.local/lib/python3.12/site-packages/airflow/example_dags/example_branch_operator.py took 0.088 seconds
[2025-06-20T14:55:38.265+0000] {processor.py:161} INFO - Started process (PID=2489) to work on /home/airflow/.local/lib/python3.12/site-packages/airflow/example_dags/example_branch_operator.py
[2025-06-20T14:55:38.266+0000] {processor.py:830} INFO - Processing file /home/airflow/.local/lib/python3.12/site-packages/airflow/example_dags/example_branch_operator.py for tasks to queue
[2025-06-20T14:55:38.268+0000] {logging_mixin.py:188} INFO - [2025-06-20T14:55:38.268+0000] {dagbag.py:540} INFO - Filling up the DagBag from /home/airflow/.local/lib/python3.12/site-packages/airflow/example_dags/example_branch_operator.py
[2025-06-20T14:55:38.286+0000] {processor.py:840} INFO - DAG(s) 'example_branch_operator' retrieved from /home/airflow/.local/lib/python3.12/site-packages/airflow/example_dags/example_branch_operator.py
[2025-06-20T14:55:38.314+0000] {logging_mixin.py:188} INFO - [2025-06-20T14:55:38.314+0000] {dag.py:3096} INFO - Sync 1 DAGs
[2025-06-20T14:55:38.335+0000] {logging_mixin.py:188} INFO - [2025-06-20T14:55:38.335+0000] {dag.py:3954} INFO - Setting next_dagrun for example_branch_operator to 2025-06-19 00:00:00+00:00, run_after=2025-06-20 00:00:00+00:00
[2025-06-20T14:55:38.377+0000] {processor.py:183} INFO - Processing /home/airflow/.local/lib/python3.12/site-packages/airflow/example_dags/example_branch_operator.py took 0.118 seconds
[2025-06-20T14:56:08.697+0000] {processor.py:161} INFO - Started process (PID=2548) to work on /home/airflow/.local/lib/python3.12/site-packages/airflow/example_dags/example_branch_operator.py
[2025-06-20T14:56:08.698+0000] {processor.py:830} INFO - Processing file /home/airflow/.local/lib/python3.12/site-packages/airflow/example_dags/example_branch_operator.py for tasks to queue
[2025-06-20T14:56:08.700+0000] {logging_mixin.py:188} INFO - [2025-06-20T14:56:08.700+0000] {dagbag.py:540} INFO - Filling up the DagBag from /home/airflow/.local/lib/python3.12/site-packages/airflow/example_dags/example_branch_operator.py
[2025-06-20T14:56:08.716+0000] {processor.py:840} INFO - DAG(s) 'example_branch_operator' retrieved from /home/airflow/.local/lib/python3.12/site-packages/airflow/example_dags/example_branch_operator.py
[2025-06-20T14:56:08.743+0000] {logging_mixin.py:188} INFO - [2025-06-20T14:56:08.743+0000] {dag.py:3096} INFO - Sync 1 DAGs
[2025-06-20T14:56:08.763+0000] {logging_mixin.py:188} INFO - [2025-06-20T14:56:08.763+0000] {dag.py:3954} INFO - Setting next_dagrun for example_branch_operator to 2025-06-19 00:00:00+00:00, run_after=2025-06-20 00:00:00+00:00
[2025-06-20T14:56:08.810+0000] {processor.py:183} INFO - Processing /home/airflow/.local/lib/python3.12/site-packages/airflow/example_dags/example_branch_operator.py took 0.119 seconds
[2025-06-20T14:56:38.881+0000] {processor.py:161} INFO - Started process (PID=2607) to work on /home/airflow/.local/lib/python3.12/site-packages/airflow/example_dags/example_branch_operator.py
[2025-06-20T14:56:38.882+0000] {processor.py:830} INFO - Processing file /home/airflow/.local/lib/python3.12/site-packages/airflow/example_dags/example_branch_operator.py for tasks to queue
[2025-06-20T14:56:38.884+0000] {logging_mixin.py:188} INFO - [2025-06-20T14:56:38.884+0000] {dagbag.py:540} INFO - Filling up the DagBag from /home/airflow/.local/lib/python3.12/site-packages/airflow/example_dags/example_branch_operator.py
[2025-06-20T14:56:38.900+0000] {processor.py:840} INFO - DAG(s) 'example_branch_operator' retrieved from /home/airflow/.local/lib/python3.12/site-packages/airflow/example_dags/example_branch_operator.py
[2025-06-20T14:56:38.926+0000] {logging_mixin.py:188} INFO - [2025-06-20T14:56:38.926+0000] {dag.py:3096} INFO - Sync 1 DAGs
[2025-06-20T14:56:38.947+0000] {logging_mixin.py:188} INFO - [2025-06-20T14:56:38.947+0000] {dag.py:3954} INFO - Setting next_dagrun for example_branch_operator to 2025-06-19 00:00:00+00:00, run_after=2025-06-20 00:00:00+00:00
[2025-06-20T14:56:38.962+0000] {processor.py:183} INFO - Processing /home/airflow/.local/lib/python3.12/site-packages/airflow/example_dags/example_branch_operator.py took 0.087 seconds
[2025-06-20T14:57:09.090+0000] {processor.py:161} INFO - Started process (PID=2666) to work on /home/airflow/.local/lib/python3.12/site-packages/airflow/example_dags/example_branch_operator.py
[2025-06-20T14:57:09.091+0000] {processor.py:830} INFO - Processing file /home/airflow/.local/lib/python3.12/site-packages/airflow/example_dags/example_branch_operator.py for tasks to queue
[2025-06-20T14:57:09.092+0000] {logging_mixin.py:188} INFO - [2025-06-20T14:57:09.092+0000] {dagbag.py:540} INFO - Filling up the DagBag from /home/airflow/.local/lib/python3.12/site-packages/airflow/example_dags/example_branch_operator.py
[2025-06-20T14:57:09.108+0000] {processor.py:840} INFO - DAG(s) 'example_branch_operator' retrieved from /home/airflow/.local/lib/python3.12/site-packages/airflow/example_dags/example_branch_operator.py
[2025-06-20T14:57:09.135+0000] {logging_mixin.py:188} INFO - [2025-06-20T14:57:09.135+0000] {dag.py:3096} INFO - Sync 1 DAGs
[2025-06-20T14:57:09.155+0000] {logging_mixin.py:188} INFO - [2025-06-20T14:57:09.155+0000] {dag.py:3954} INFO - Setting next_dagrun for example_branch_operator to 2025-06-19 00:00:00+00:00, run_after=2025-06-20 00:00:00+00:00
[2025-06-20T14:57:09.194+0000] {processor.py:183} INFO - Processing /home/airflow/.local/lib/python3.12/site-packages/airflow/example_dags/example_branch_operator.py took 0.111 seconds
[2025-06-20T14:57:39.326+0000] {processor.py:161} INFO - Started process (PID=2725) to work on /home/airflow/.local/lib/python3.12/site-packages/airflow/example_dags/example_branch_operator.py
[2025-06-20T14:57:39.327+0000] {processor.py:830} INFO - Processing file /home/airflow/.local/lib/python3.12/site-packages/airflow/example_dags/example_branch_operator.py for tasks to queue
[2025-06-20T14:57:39.329+0000] {logging_mixin.py:188} INFO - [2025-06-20T14:57:39.328+0000] {dagbag.py:540} INFO - Filling up the DagBag from /home/airflow/.local/lib/python3.12/site-packages/airflow/example_dags/example_branch_operator.py
[2025-06-20T14:57:39.345+0000] {processor.py:840} INFO - DAG(s) 'example_branch_operator' retrieved from /home/airflow/.local/lib/python3.12/site-packages/airflow/example_dags/example_branch_operator.py
[2025-06-20T14:57:39.373+0000] {logging_mixin.py:188} INFO - [2025-06-20T14:57:39.373+0000] {dag.py:3096} INFO - Sync 1 DAGs
[2025-06-20T14:57:39.395+0000] {logging_mixin.py:188} INFO - [2025-06-20T14:57:39.395+0000] {dag.py:3954} INFO - Setting next_dagrun for example_branch_operator to 2025-06-19 00:00:00+00:00, run_after=2025-06-20 00:00:00+00:00
[2025-06-20T14:57:39.442+0000] {processor.py:183} INFO - Processing /home/airflow/.local/lib/python3.12/site-packages/airflow/example_dags/example_branch_operator.py took 0.122 seconds
[2025-06-20T14:58:09.543+0000] {processor.py:161} INFO - Started process (PID=2784) to work on /home/airflow/.local/lib/python3.12/site-packages/airflow/example_dags/example_branch_operator.py
[2025-06-20T14:58:09.543+0000] {processor.py:830} INFO - Processing file /home/airflow/.local/lib/python3.12/site-packages/airflow/example_dags/example_branch_operator.py for tasks to queue
[2025-06-20T14:58:09.545+0000] {logging_mixin.py:188} INFO - [2025-06-20T14:58:09.545+0000] {dagbag.py:540} INFO - Filling up the DagBag from /home/airflow/.local/lib/python3.12/site-packages/airflow/example_dags/example_branch_operator.py
[2025-06-20T14:58:09.562+0000] {processor.py:840} INFO - DAG(s) 'example_branch_operator' retrieved from /home/airflow/.local/lib/python3.12/site-packages/airflow/example_dags/example_branch_operator.py
[2025-06-20T14:58:09.590+0000] {logging_mixin.py:188} INFO - [2025-06-20T14:58:09.589+0000] {dag.py:3096} INFO - Sync 1 DAGs
[2025-06-20T14:58:09.610+0000] {logging_mixin.py:188} INFO - [2025-06-20T14:58:09.610+0000] {dag.py:3954} INFO - Setting next_dagrun for example_branch_operator to 2025-06-19 00:00:00+00:00, run_after=2025-06-20 00:00:00+00:00
[2025-06-20T14:58:09.625+0000] {processor.py:183} INFO - Processing /home/airflow/.local/lib/python3.12/site-packages/airflow/example_dags/example_branch_operator.py took 0.089 seconds
[2025-06-20T14:58:39.685+0000] {processor.py:161} INFO - Started process (PID=2843) to work on /home/airflow/.local/lib/python3.12/site-packages/airflow/example_dags/example_branch_operator.py
[2025-06-20T14:58:39.686+0000] {processor.py:830} INFO - Processing file /home/airflow/.local/lib/python3.12/site-packages/airflow/example_dags/example_branch_operator.py for tasks to queue
[2025-06-20T14:58:39.688+0000] {logging_mixin.py:188} INFO - [2025-06-20T14:58:39.687+0000] {dagbag.py:540} INFO - Filling up the DagBag from /home/airflow/.local/lib/python3.12/site-packages/airflow/example_dags/example_branch_operator.py
[2025-06-20T14:58:39.704+0000] {processor.py:840} INFO - DAG(s) 'example_branch_operator' retrieved from /home/airflow/.local/lib/python3.12/site-packages/airflow/example_dags/example_branch_operator.py
[2025-06-20T14:58:39.730+0000] {logging_mixin.py:188} INFO - [2025-06-20T14:58:39.730+0000] {dag.py:3096} INFO - Sync 1 DAGs
[2025-06-20T14:58:39.751+0000] {logging_mixin.py:188} INFO - [2025-06-20T14:58:39.751+0000] {dag.py:3954} INFO - Setting next_dagrun for example_branch_operator to 2025-06-19 00:00:00+00:00, run_after=2025-06-20 00:00:00+00:00
[2025-06-20T14:58:39.767+0000] {processor.py:183} INFO - Processing /home/airflow/.local/lib/python3.12/site-packages/airflow/example_dags/example_branch_operator.py took 0.088 seconds
[2025-06-20T14:59:09.990+0000] {processor.py:161} INFO - Started process (PID=2902) to work on /home/airflow/.local/lib/python3.12/site-packages/airflow/example_dags/example_branch_operator.py
[2025-06-20T14:59:09.990+0000] {processor.py:830} INFO - Processing file /home/airflow/.local/lib/python3.12/site-packages/airflow/example_dags/example_branch_operator.py for tasks to queue
[2025-06-20T14:59:09.992+0000] {logging_mixin.py:188} INFO - [2025-06-20T14:59:09.992+0000] {dagbag.py:540} INFO - Filling up the DagBag from /home/airflow/.local/lib/python3.12/site-packages/airflow/example_dags/example_branch_operator.py
[2025-06-20T14:59:10.008+0000] {processor.py:840} INFO - DAG(s) 'example_branch_operator' retrieved from /home/airflow/.local/lib/python3.12/site-packages/airflow/example_dags/example_branch_operator.py
[2025-06-20T14:59:10.035+0000] {logging_mixin.py:188} INFO - [2025-06-20T14:59:10.035+0000] {dag.py:3096} INFO - Sync 1 DAGs
[2025-06-20T14:59:10.055+0000] {logging_mixin.py:188} INFO - [2025-06-20T14:59:10.055+0000] {dag.py:3954} INFO - Setting next_dagrun for example_branch_operator to 2025-06-19 00:00:00+00:00, run_after=2025-06-20 00:00:00+00:00
[2025-06-20T14:59:10.071+0000] {processor.py:183} INFO - Processing /home/airflow/.local/lib/python3.12/site-packages/airflow/example_dags/example_branch_operator.py took 0.088 seconds
[2025-06-20T14:59:40.379+0000] {processor.py:161} INFO - Started process (PID=2961) to work on /home/airflow/.local/lib/python3.12/site-packages/airflow/example_dags/example_branch_operator.py
[2025-06-20T14:59:40.380+0000] {processor.py:830} INFO - Processing file /home/airflow/.local/lib/python3.12/site-packages/airflow/example_dags/example_branch_operator.py for tasks to queue
[2025-06-20T14:59:40.382+0000] {logging_mixin.py:188} INFO - [2025-06-20T14:59:40.381+0000] {dagbag.py:540} INFO - Filling up the DagBag from /home/airflow/.local/lib/python3.12/site-packages/airflow/example_dags/example_branch_operator.py
[2025-06-20T14:59:40.397+0000] {processor.py:840} INFO - DAG(s) 'example_branch_operator' retrieved from /home/airflow/.local/lib/python3.12/site-packages/airflow/example_dags/example_branch_operator.py
[2025-06-20T14:59:40.423+0000] {logging_mixin.py:188} INFO - [2025-06-20T14:59:40.423+0000] {dag.py:3096} INFO - Sync 1 DAGs
[2025-06-20T14:59:40.444+0000] {logging_mixin.py:188} INFO - [2025-06-20T14:59:40.444+0000] {dag.py:3954} INFO - Setting next_dagrun for example_branch_operator to 2025-06-19 00:00:00+00:00, run_after=2025-06-20 00:00:00+00:00
[2025-06-20T14:59:40.459+0000] {processor.py:183} INFO - Processing /home/airflow/.local/lib/python3.12/site-packages/airflow/example_dags/example_branch_operator.py took 0.086 seconds
[2025-06-20T15:00:10.809+0000] {processor.py:161} INFO - Started process (PID=3020) to work on /home/airflow/.local/lib/python3.12/site-packages/airflow/example_dags/example_branch_operator.py
[2025-06-20T15:00:10.810+0000] {processor.py:830} INFO - Processing file /home/airflow/.local/lib/python3.12/site-packages/airflow/example_dags/example_branch_operator.py for tasks to queue
[2025-06-20T15:00:10.813+0000] {logging_mixin.py:188} INFO - [2025-06-20T15:00:10.812+0000] {dagbag.py:540} INFO - Filling up the DagBag from /home/airflow/.local/lib/python3.12/site-packages/airflow/example_dags/example_branch_operator.py
[2025-06-20T15:00:10.832+0000] {processor.py:840} INFO - DAG(s) 'example_branch_operator' retrieved from /home/airflow/.local/lib/python3.12/site-packages/airflow/example_dags/example_branch_operator.py
[2025-06-20T15:00:10.862+0000] {logging_mixin.py:188} INFO - [2025-06-20T15:00:10.861+0000] {dag.py:3096} INFO - Sync 1 DAGs
[2025-06-20T15:00:10.885+0000] {logging_mixin.py:188} INFO - [2025-06-20T15:00:10.885+0000] {dag.py:3954} INFO - Setting next_dagrun for example_branch_operator to 2025-06-19 00:00:00+00:00, run_after=2025-06-20 00:00:00+00:00
[2025-06-20T15:00:10.901+0000] {processor.py:183} INFO - Processing /home/airflow/.local/lib/python3.12/site-packages/airflow/example_dags/example_branch_operator.py took 0.099 seconds
[2025-06-20T15:00:41.154+0000] {processor.py:161} INFO - Started process (PID=3079) to work on /home/airflow/.local/lib/python3.12/site-packages/airflow/example_dags/example_branch_operator.py
[2025-06-20T15:00:41.155+0000] {processor.py:830} INFO - Processing file /home/airflow/.local/lib/python3.12/site-packages/airflow/example_dags/example_branch_operator.py for tasks to queue
[2025-06-20T15:00:41.157+0000] {logging_mixin.py:188} INFO - [2025-06-20T15:00:41.157+0000] {dagbag.py:540} INFO - Filling up the DagBag from /home/airflow/.local/lib/python3.12/site-packages/airflow/example_dags/example_branch_operator.py
[2025-06-20T15:00:41.174+0000] {processor.py:840} INFO - DAG(s) 'example_branch_operator' retrieved from /home/airflow/.local/lib/python3.12/site-packages/airflow/example_dags/example_branch_operator.py
[2025-06-20T15:00:41.202+0000] {logging_mixin.py:188} INFO - [2025-06-20T15:00:41.201+0000] {dag.py:3096} INFO - Sync 1 DAGs
[2025-06-20T15:00:41.223+0000] {logging_mixin.py:188} INFO - [2025-06-20T15:00:41.223+0000] {dag.py:3954} INFO - Setting next_dagrun for example_branch_operator to 2025-06-19 00:00:00+00:00, run_after=2025-06-20 00:00:00+00:00
[2025-06-20T15:00:41.238+0000] {processor.py:183} INFO - Processing /home/airflow/.local/lib/python3.12/site-packages/airflow/example_dags/example_branch_operator.py took 0.090 seconds
[2025-06-20T15:01:11.438+0000] {processor.py:161} INFO - Started process (PID=3138) to work on /home/airflow/.local/lib/python3.12/site-packages/airflow/example_dags/example_branch_operator.py
[2025-06-20T15:01:11.439+0000] {processor.py:830} INFO - Processing file /home/airflow/.local/lib/python3.12/site-packages/airflow/example_dags/example_branch_operator.py for tasks to queue
[2025-06-20T15:01:11.441+0000] {logging_mixin.py:188} INFO - [2025-06-20T15:01:11.440+0000] {dagbag.py:540} INFO - Filling up the DagBag from /home/airflow/.local/lib/python3.12/site-packages/airflow/example_dags/example_branch_operator.py
[2025-06-20T15:01:11.457+0000] {processor.py:840} INFO - DAG(s) 'example_branch_operator' retrieved from /home/airflow/.local/lib/python3.12/site-packages/airflow/example_dags/example_branch_operator.py
[2025-06-20T15:01:11.484+0000] {logging_mixin.py:188} INFO - [2025-06-20T15:01:11.484+0000] {dag.py:3096} INFO - Sync 1 DAGs
[2025-06-20T15:01:11.504+0000] {logging_mixin.py:188} INFO - [2025-06-20T15:01:11.504+0000] {dag.py:3954} INFO - Setting next_dagrun for example_branch_operator to 2025-06-19 00:00:00+00:00, run_after=2025-06-20 00:00:00+00:00
[2025-06-20T15:01:11.520+0000] {processor.py:183} INFO - Processing /home/airflow/.local/lib/python3.12/site-packages/airflow/example_dags/example_branch_operator.py took 0.089 seconds
[2025-06-20T15:01:42.197+0000] {processor.py:161} INFO - Started process (PID=3195) to work on /home/airflow/.local/lib/python3.12/site-packages/airflow/example_dags/example_branch_operator.py
[2025-06-20T15:01:42.198+0000] {processor.py:830} INFO - Processing file /home/airflow/.local/lib/python3.12/site-packages/airflow/example_dags/example_branch_operator.py for tasks to queue
[2025-06-20T15:01:42.200+0000] {logging_mixin.py:188} INFO - [2025-06-20T15:01:42.200+0000] {dagbag.py:540} INFO - Filling up the DagBag from /home/airflow/.local/lib/python3.12/site-packages/airflow/example_dags/example_branch_operator.py
[2025-06-20T15:01:42.216+0000] {processor.py:840} INFO - DAG(s) 'example_branch_operator' retrieved from /home/airflow/.local/lib/python3.12/site-packages/airflow/example_dags/example_branch_operator.py
[2025-06-20T15:01:42.243+0000] {logging_mixin.py:188} INFO - [2025-06-20T15:01:42.243+0000] {dag.py:3096} INFO - Sync 1 DAGs
[2025-06-20T15:01:42.265+0000] {logging_mixin.py:188} INFO - [2025-06-20T15:01:42.265+0000] {dag.py:3954} INFO - Setting next_dagrun for example_branch_operator to 2025-06-19 00:00:00+00:00, run_after=2025-06-20 00:00:00+00:00
[2025-06-20T15:01:42.280+0000] {processor.py:183} INFO - Processing /home/airflow/.local/lib/python3.12/site-packages/airflow/example_dags/example_branch_operator.py took 0.088 seconds
[2025-06-20T15:02:12.889+0000] {processor.py:161} INFO - Started process (PID=3254) to work on /home/airflow/.local/lib/python3.12/site-packages/airflow/example_dags/example_branch_operator.py
[2025-06-20T15:02:12.890+0000] {processor.py:830} INFO - Processing file /home/airflow/.local/lib/python3.12/site-packages/airflow/example_dags/example_branch_operator.py for tasks to queue
[2025-06-20T15:02:12.892+0000] {logging_mixin.py:188} INFO - [2025-06-20T15:02:12.891+0000] {dagbag.py:540} INFO - Filling up the DagBag from /home/airflow/.local/lib/python3.12/site-packages/airflow/example_dags/example_branch_operator.py
[2025-06-20T15:02:12.908+0000] {processor.py:840} INFO - DAG(s) 'example_branch_operator' retrieved from /home/airflow/.local/lib/python3.12/site-packages/airflow/example_dags/example_branch_operator.py
[2025-06-20T15:02:12.935+0000] {logging_mixin.py:188} INFO - [2025-06-20T15:02:12.935+0000] {dag.py:3096} INFO - Sync 1 DAGs
[2025-06-20T15:02:12.956+0000] {logging_mixin.py:188} INFO - [2025-06-20T15:02:12.955+0000] {dag.py:3954} INFO - Setting next_dagrun for example_branch_operator to 2025-06-19 00:00:00+00:00, run_after=2025-06-20 00:00:00+00:00
[2025-06-20T15:02:12.971+0000] {processor.py:183} INFO - Processing /home/airflow/.local/lib/python3.12/site-packages/airflow/example_dags/example_branch_operator.py took 0.088 seconds
[2025-06-20T15:02:43.563+0000] {processor.py:161} INFO - Started process (PID=3313) to work on /home/airflow/.local/lib/python3.12/site-packages/airflow/example_dags/example_branch_operator.py
[2025-06-20T15:02:43.564+0000] {processor.py:830} INFO - Processing file /home/airflow/.local/lib/python3.12/site-packages/airflow/example_dags/example_branch_operator.py for tasks to queue
[2025-06-20T15:02:43.566+0000] {logging_mixin.py:188} INFO - [2025-06-20T15:02:43.565+0000] {dagbag.py:540} INFO - Filling up the DagBag from /home/airflow/.local/lib/python3.12/site-packages/airflow/example_dags/example_branch_operator.py
[2025-06-20T15:02:43.582+0000] {processor.py:840} INFO - DAG(s) 'example_branch_operator' retrieved from /home/airflow/.local/lib/python3.12/site-packages/airflow/example_dags/example_branch_operator.py
[2025-06-20T15:02:43.610+0000] {logging_mixin.py:188} INFO - [2025-06-20T15:02:43.610+0000] {dag.py:3096} INFO - Sync 1 DAGs
[2025-06-20T15:02:43.632+0000] {logging_mixin.py:188} INFO - [2025-06-20T15:02:43.632+0000] {dag.py:3954} INFO - Setting next_dagrun for example_branch_operator to 2025-06-19 00:00:00+00:00, run_after=2025-06-20 00:00:00+00:00
[2025-06-20T15:02:43.647+0000] {processor.py:183} INFO - Processing /home/airflow/.local/lib/python3.12/site-packages/airflow/example_dags/example_branch_operator.py took 0.090 seconds
[2025-06-20T15:03:14.220+0000] {processor.py:161} INFO - Started process (PID=3372) to work on /home/airflow/.local/lib/python3.12/site-packages/airflow/example_dags/example_branch_operator.py
[2025-06-20T15:03:14.221+0000] {processor.py:830} INFO - Processing file /home/airflow/.local/lib/python3.12/site-packages/airflow/example_dags/example_branch_operator.py for tasks to queue
[2025-06-20T15:03:14.223+0000] {logging_mixin.py:188} INFO - [2025-06-20T15:03:14.222+0000] {dagbag.py:540} INFO - Filling up the DagBag from /home/airflow/.local/lib/python3.12/site-packages/airflow/example_dags/example_branch_operator.py
[2025-06-20T15:03:14.239+0000] {processor.py:840} INFO - DAG(s) 'example_branch_operator' retrieved from /home/airflow/.local/lib/python3.12/site-packages/airflow/example_dags/example_branch_operator.py
[2025-06-20T15:03:14.265+0000] {logging_mixin.py:188} INFO - [2025-06-20T15:03:14.265+0000] {dag.py:3096} INFO - Sync 1 DAGs
[2025-06-20T15:03:14.286+0000] {logging_mixin.py:188} INFO - [2025-06-20T15:03:14.286+0000] {dag.py:3954} INFO - Setting next_dagrun for example_branch_operator to 2025-06-19 00:00:00+00:00, run_after=2025-06-20 00:00:00+00:00
[2025-06-20T15:03:14.302+0000] {processor.py:183} INFO - Processing /home/airflow/.local/lib/python3.12/site-packages/airflow/example_dags/example_branch_operator.py took 0.088 seconds
[2025-06-20T15:03:45.223+0000] {processor.py:161} INFO - Started process (PID=3431) to work on /home/airflow/.local/lib/python3.12/site-packages/airflow/example_dags/example_branch_operator.py
[2025-06-20T15:03:45.224+0000] {processor.py:830} INFO - Processing file /home/airflow/.local/lib/python3.12/site-packages/airflow/example_dags/example_branch_operator.py for tasks to queue
[2025-06-20T15:03:45.226+0000] {logging_mixin.py:188} INFO - [2025-06-20T15:03:45.225+0000] {dagbag.py:540} INFO - Filling up the DagBag from /home/airflow/.local/lib/python3.12/site-packages/airflow/example_dags/example_branch_operator.py
[2025-06-20T15:03:45.244+0000] {processor.py:840} INFO - DAG(s) 'example_branch_operator' retrieved from /home/airflow/.local/lib/python3.12/site-packages/airflow/example_dags/example_branch_operator.py
[2025-06-20T15:03:45.272+0000] {logging_mixin.py:188} INFO - [2025-06-20T15:03:45.272+0000] {dag.py:3096} INFO - Sync 1 DAGs
[2025-06-20T15:03:45.297+0000] {logging_mixin.py:188} INFO - [2025-06-20T15:03:45.297+0000] {dag.py:3954} INFO - Setting next_dagrun for example_branch_operator to 2025-06-19 00:00:00+00:00, run_after=2025-06-20 00:00:00+00:00
[2025-06-20T15:03:45.317+0000] {processor.py:183} INFO - Processing /home/airflow/.local/lib/python3.12/site-packages/airflow/example_dags/example_branch_operator.py took 0.100 seconds
[2025-06-20T15:04:15.561+0000] {processor.py:161} INFO - Started process (PID=3490) to work on /home/airflow/.local/lib/python3.12/site-packages/airflow/example_dags/example_branch_operator.py
[2025-06-20T15:04:15.563+0000] {processor.py:830} INFO - Processing file /home/airflow/.local/lib/python3.12/site-packages/airflow/example_dags/example_branch_operator.py for tasks to queue
[2025-06-20T15:04:15.565+0000] {logging_mixin.py:188} INFO - [2025-06-20T15:04:15.565+0000] {dagbag.py:540} INFO - Filling up the DagBag from /home/airflow/.local/lib/python3.12/site-packages/airflow/example_dags/example_branch_operator.py
[2025-06-20T15:04:15.584+0000] {processor.py:840} INFO - DAG(s) 'example_branch_operator' retrieved from /home/airflow/.local/lib/python3.12/site-packages/airflow/example_dags/example_branch_operator.py
[2025-06-20T15:04:15.611+0000] {logging_mixin.py:188} INFO - [2025-06-20T15:04:15.610+0000] {dag.py:3096} INFO - Sync 1 DAGs
[2025-06-20T15:04:15.631+0000] {logging_mixin.py:188} INFO - [2025-06-20T15:04:15.631+0000] {dag.py:3954} INFO - Setting next_dagrun for example_branch_operator to 2025-06-19 00:00:00+00:00, run_after=2025-06-20 00:00:00+00:00
[2025-06-20T15:04:15.647+0000] {processor.py:183} INFO - Processing /home/airflow/.local/lib/python3.12/site-packages/airflow/example_dags/example_branch_operator.py took 0.092 seconds
[2025-06-20T15:04:46.319+0000] {processor.py:161} INFO - Started process (PID=3549) to work on /home/airflow/.local/lib/python3.12/site-packages/airflow/example_dags/example_branch_operator.py
[2025-06-20T15:04:46.320+0000] {processor.py:830} INFO - Processing file /home/airflow/.local/lib/python3.12/site-packages/airflow/example_dags/example_branch_operator.py for tasks to queue
[2025-06-20T15:04:46.321+0000] {logging_mixin.py:188} INFO - [2025-06-20T15:04:46.321+0000] {dagbag.py:540} INFO - Filling up the DagBag from /home/airflow/.local/lib/python3.12/site-packages/airflow/example_dags/example_branch_operator.py
[2025-06-20T15:04:46.337+0000] {processor.py:840} INFO - DAG(s) 'example_branch_operator' retrieved from /home/airflow/.local/lib/python3.12/site-packages/airflow/example_dags/example_branch_operator.py
[2025-06-20T15:04:46.363+0000] {logging_mixin.py:188} INFO - [2025-06-20T15:04:46.363+0000] {dag.py:3096} INFO - Sync 1 DAGs
[2025-06-20T15:04:46.384+0000] {logging_mixin.py:188} INFO - [2025-06-20T15:04:46.384+0000] {dag.py:3954} INFO - Setting next_dagrun for example_branch_operator to 2025-06-19 00:00:00+00:00, run_after=2025-06-20 00:00:00+00:00
[2025-06-20T15:04:46.399+0000] {processor.py:183} INFO - Processing /home/airflow/.local/lib/python3.12/site-packages/airflow/example_dags/example_branch_operator.py took 0.086 seconds
[2025-06-20T15:05:16.605+0000] {processor.py:161} INFO - Started process (PID=3608) to work on /home/airflow/.local/lib/python3.12/site-packages/airflow/example_dags/example_branch_operator.py
[2025-06-20T15:05:16.606+0000] {processor.py:830} INFO - Processing file /home/airflow/.local/lib/python3.12/site-packages/airflow/example_dags/example_branch_operator.py for tasks to queue
[2025-06-20T15:05:16.608+0000] {logging_mixin.py:188} INFO - [2025-06-20T15:05:16.608+0000] {dagbag.py:540} INFO - Filling up the DagBag from /home/airflow/.local/lib/python3.12/site-packages/airflow/example_dags/example_branch_operator.py
[2025-06-20T15:05:16.624+0000] {processor.py:840} INFO - DAG(s) 'example_branch_operator' retrieved from /home/airflow/.local/lib/python3.12/site-packages/airflow/example_dags/example_branch_operator.py
[2025-06-20T15:05:16.651+0000] {logging_mixin.py:188} INFO - [2025-06-20T15:05:16.650+0000] {dag.py:3096} INFO - Sync 1 DAGs
[2025-06-20T15:05:16.671+0000] {logging_mixin.py:188} INFO - [2025-06-20T15:05:16.671+0000] {dag.py:3954} INFO - Setting next_dagrun for example_branch_operator to 2025-06-19 00:00:00+00:00, run_after=2025-06-20 00:00:00+00:00
[2025-06-20T15:05:16.686+0000] {processor.py:183} INFO - Processing /home/airflow/.local/lib/python3.12/site-packages/airflow/example_dags/example_branch_operator.py took 0.087 seconds
[2025-06-20T15:05:46.752+0000] {processor.py:161} INFO - Started process (PID=3667) to work on /home/airflow/.local/lib/python3.12/site-packages/airflow/example_dags/example_branch_operator.py
[2025-06-20T15:05:46.753+0000] {processor.py:830} INFO - Processing file /home/airflow/.local/lib/python3.12/site-packages/airflow/example_dags/example_branch_operator.py for tasks to queue
[2025-06-20T15:05:46.755+0000] {logging_mixin.py:188} INFO - [2025-06-20T15:05:46.755+0000] {dagbag.py:540} INFO - Filling up the DagBag from /home/airflow/.local/lib/python3.12/site-packages/airflow/example_dags/example_branch_operator.py
[2025-06-20T15:05:46.775+0000] {processor.py:840} INFO - DAG(s) 'example_branch_operator' retrieved from /home/airflow/.local/lib/python3.12/site-packages/airflow/example_dags/example_branch_operator.py
[2025-06-20T15:05:46.803+0000] {logging_mixin.py:188} INFO - [2025-06-20T15:05:46.803+0000] {dag.py:3096} INFO - Sync 1 DAGs
[2025-06-20T15:05:46.826+0000] {logging_mixin.py:188} INFO - [2025-06-20T15:05:46.825+0000] {dag.py:3954} INFO - Setting next_dagrun for example_branch_operator to 2025-06-19 00:00:00+00:00, run_after=2025-06-20 00:00:00+00:00
[2025-06-20T15:05:46.842+0000] {processor.py:183} INFO - Processing /home/airflow/.local/lib/python3.12/site-packages/airflow/example_dags/example_branch_operator.py took 0.097 seconds
[2025-06-20T15:06:17.112+0000] {processor.py:161} INFO - Started process (PID=3726) to work on /home/airflow/.local/lib/python3.12/site-packages/airflow/example_dags/example_branch_operator.py
[2025-06-20T15:06:17.113+0000] {processor.py:830} INFO - Processing file /home/airflow/.local/lib/python3.12/site-packages/airflow/example_dags/example_branch_operator.py for tasks to queue
[2025-06-20T15:06:17.115+0000] {logging_mixin.py:188} INFO - [2025-06-20T15:06:17.114+0000] {dagbag.py:540} INFO - Filling up the DagBag from /home/airflow/.local/lib/python3.12/site-packages/airflow/example_dags/example_branch_operator.py
[2025-06-20T15:06:17.131+0000] {processor.py:840} INFO - DAG(s) 'example_branch_operator' retrieved from /home/airflow/.local/lib/python3.12/site-packages/airflow/example_dags/example_branch_operator.py
[2025-06-20T15:06:17.158+0000] {logging_mixin.py:188} INFO - [2025-06-20T15:06:17.158+0000] {dag.py:3096} INFO - Sync 1 DAGs
[2025-06-20T15:06:17.179+0000] {logging_mixin.py:188} INFO - [2025-06-20T15:06:17.179+0000] {dag.py:3954} INFO - Setting next_dagrun for example_branch_operator to 2025-06-19 00:00:00+00:00, run_after=2025-06-20 00:00:00+00:00
[2025-06-20T15:06:17.195+0000] {processor.py:183} INFO - Processing /home/airflow/.local/lib/python3.12/site-packages/airflow/example_dags/example_branch_operator.py took 0.089 seconds
[2025-06-20T15:06:47.434+0000] {processor.py:161} INFO - Started process (PID=3785) to work on /home/airflow/.local/lib/python3.12/site-packages/airflow/example_dags/example_branch_operator.py
[2025-06-20T15:06:47.435+0000] {processor.py:830} INFO - Processing file /home/airflow/.local/lib/python3.12/site-packages/airflow/example_dags/example_branch_operator.py for tasks to queue
[2025-06-20T15:06:47.437+0000] {logging_mixin.py:188} INFO - [2025-06-20T15:06:47.436+0000] {dagbag.py:540} INFO - Filling up the DagBag from /home/airflow/.local/lib/python3.12/site-packages/airflow/example_dags/example_branch_operator.py
[2025-06-20T15:06:47.454+0000] {processor.py:840} INFO - DAG(s) 'example_branch_operator' retrieved from /home/airflow/.local/lib/python3.12/site-packages/airflow/example_dags/example_branch_operator.py
[2025-06-20T15:06:47.487+0000] {logging_mixin.py:188} INFO - [2025-06-20T15:06:47.487+0000] {dag.py:3096} INFO - Sync 1 DAGs
[2025-06-20T15:06:47.509+0000] {logging_mixin.py:188} INFO - [2025-06-20T15:06:47.509+0000] {dag.py:3954} INFO - Setting next_dagrun for example_branch_operator to 2025-06-19 00:00:00+00:00, run_after=2025-06-20 00:00:00+00:00
[2025-06-20T15:06:47.525+0000] {processor.py:183} INFO - Processing /home/airflow/.local/lib/python3.12/site-packages/airflow/example_dags/example_branch_operator.py took 0.098 seconds
[2025-06-20T15:07:17.698+0000] {processor.py:161} INFO - Started process (PID=3844) to work on /home/airflow/.local/lib/python3.12/site-packages/airflow/example_dags/example_branch_operator.py
[2025-06-20T15:07:17.699+0000] {processor.py:830} INFO - Processing file /home/airflow/.local/lib/python3.12/site-packages/airflow/example_dags/example_branch_operator.py for tasks to queue
[2025-06-20T15:07:17.701+0000] {logging_mixin.py:188} INFO - [2025-06-20T15:07:17.701+0000] {dagbag.py:540} INFO - Filling up the DagBag from /home/airflow/.local/lib/python3.12/site-packages/airflow/example_dags/example_branch_operator.py
[2025-06-20T15:07:17.717+0000] {processor.py:840} INFO - DAG(s) 'example_branch_operator' retrieved from /home/airflow/.local/lib/python3.12/site-packages/airflow/example_dags/example_branch_operator.py
[2025-06-20T15:07:17.746+0000] {logging_mixin.py:188} INFO - [2025-06-20T15:07:17.745+0000] {dag.py:3096} INFO - Sync 1 DAGs
[2025-06-20T15:07:17.767+0000] {logging_mixin.py:188} INFO - [2025-06-20T15:07:17.767+0000] {dag.py:3954} INFO - Setting next_dagrun for example_branch_operator to 2025-06-19 00:00:00+00:00, run_after=2025-06-20 00:00:00+00:00
[2025-06-20T15:07:17.783+0000] {processor.py:183} INFO - Processing /home/airflow/.local/lib/python3.12/site-packages/airflow/example_dags/example_branch_operator.py took 0.091 seconds
