[2025-06-20T14:34:46.680+0000] {processor.py:161} INFO - Started process (PID=71) to work on /home/airflow/.local/lib/python3.12/site-packages/airflow/example_dags/example_bash_operator.py
[2025-06-20T14:34:46.681+0000] {processor.py:830} INFO - Processing file /home/airflow/.local/lib/python3.12/site-packages/airflow/example_dags/example_bash_operator.py for tasks to queue
[2025-06-20T14:34:46.683+0000] {logging_mixin.py:188} INFO - [2025-06-20T14:34:46.683+0000] {dagbag.py:540} INFO - Filling up the DagBag from /home/airflow/.local/lib/python3.12/site-packages/airflow/example_dags/example_bash_operator.py
[2025-06-20T14:34:46.696+0000] {processor.py:840} INFO - DAG(s) 'example_bash_operator' retrieved from /home/airflow/.local/lib/python3.12/site-packages/airflow/example_dags/example_bash_operator.py
[2025-06-20T14:34:46.713+0000] {logging_mixin.py:188} INFO - [2025-06-20T14:34:46.713+0000] {dag.py:3096} INFO - Sync 1 DAGs
[2025-06-20T14:34:46.739+0000] {logging_mixin.py:188} INFO - [2025-06-20T14:34:46.739+0000] {dag.py:3954} INFO - Setting next_dagrun for example_bash_operator to 2025-06-19 00:00:00+00:00, run_after=2025-06-20 00:00:00+00:00
[2025-06-20T14:34:46.755+0000] {processor.py:183} INFO - Processing /home/airflow/.local/lib/python3.12/site-packages/airflow/example_dags/example_bash_operator.py took 0.083 seconds
[2025-06-20T14:35:17.595+0000] {processor.py:161} INFO - Started process (PID=129) to work on /home/airflow/.local/lib/python3.12/site-packages/airflow/example_dags/example_bash_operator.py
[2025-06-20T14:35:17.596+0000] {processor.py:830} INFO - Processing file /home/airflow/.local/lib/python3.12/site-packages/airflow/example_dags/example_bash_operator.py for tasks to queue
[2025-06-20T14:35:17.597+0000] {logging_mixin.py:188} INFO - [2025-06-20T14:35:17.597+0000] {dagbag.py:540} INFO - Filling up the DagBag from /home/airflow/.local/lib/python3.12/site-packages/airflow/example_dags/example_bash_operator.py
[2025-06-20T14:35:17.608+0000] {processor.py:840} INFO - DAG(s) 'example_bash_operator' retrieved from /home/airflow/.local/lib/python3.12/site-packages/airflow/example_dags/example_bash_operator.py
[2025-06-20T14:35:17.714+0000] {logging_mixin.py:188} INFO - [2025-06-20T14:35:17.713+0000] {dag.py:3096} INFO - Sync 1 DAGs
[2025-06-20T14:35:17.733+0000] {logging_mixin.py:188} INFO - [2025-06-20T14:35:17.733+0000] {dag.py:3954} INFO - Setting next_dagrun for example_bash_operator to 2025-06-19 00:00:00+00:00, run_after=2025-06-20 00:00:00+00:00
[2025-06-20T14:35:17.750+0000] {processor.py:183} INFO - Processing /home/airflow/.local/lib/python3.12/site-packages/airflow/example_dags/example_bash_operator.py took 0.161 seconds
[2025-06-20T14:35:47.861+0000] {processor.py:161} INFO - Started process (PID=187) to work on /home/airflow/.local/lib/python3.12/site-packages/airflow/example_dags/example_bash_operator.py
[2025-06-20T14:35:47.862+0000] {processor.py:830} INFO - Processing file /home/airflow/.local/lib/python3.12/site-packages/airflow/example_dags/example_bash_operator.py for tasks to queue
[2025-06-20T14:35:47.864+0000] {logging_mixin.py:188} INFO - [2025-06-20T14:35:47.863+0000] {dagbag.py:540} INFO - Filling up the DagBag from /home/airflow/.local/lib/python3.12/site-packages/airflow/example_dags/example_bash_operator.py
[2025-06-20T14:35:47.875+0000] {processor.py:840} INFO - DAG(s) 'example_bash_operator' retrieved from /home/airflow/.local/lib/python3.12/site-packages/airflow/example_dags/example_bash_operator.py
[2025-06-20T14:35:47.903+0000] {logging_mixin.py:188} INFO - [2025-06-20T14:35:47.903+0000] {dag.py:3096} INFO - Sync 1 DAGs
[2025-06-20T14:35:47.931+0000] {logging_mixin.py:188} INFO - [2025-06-20T14:35:47.930+0000] {dag.py:3954} INFO - Setting next_dagrun for example_bash_operator to 2025-06-19 00:00:00+00:00, run_after=2025-06-20 00:00:00+00:00
[2025-06-20T14:35:47.947+0000] {processor.py:183} INFO - Processing /home/airflow/.local/lib/python3.12/site-packages/airflow/example_dags/example_bash_operator.py took 0.092 seconds
[2025-06-20T14:36:18.235+0000] {processor.py:161} INFO - Started process (PID=245) to work on /home/airflow/.local/lib/python3.12/site-packages/airflow/example_dags/example_bash_operator.py
[2025-06-20T14:36:18.236+0000] {processor.py:830} INFO - Processing file /home/airflow/.local/lib/python3.12/site-packages/airflow/example_dags/example_bash_operator.py for tasks to queue
[2025-06-20T14:36:18.238+0000] {logging_mixin.py:188} INFO - [2025-06-20T14:36:18.237+0000] {dagbag.py:540} INFO - Filling up the DagBag from /home/airflow/.local/lib/python3.12/site-packages/airflow/example_dags/example_bash_operator.py
[2025-06-20T14:36:18.248+0000] {processor.py:840} INFO - DAG(s) 'example_bash_operator' retrieved from /home/airflow/.local/lib/python3.12/site-packages/airflow/example_dags/example_bash_operator.py
[2025-06-20T14:36:18.278+0000] {logging_mixin.py:188} INFO - [2025-06-20T14:36:18.278+0000] {dag.py:3096} INFO - Sync 1 DAGs
[2025-06-20T14:36:18.299+0000] {logging_mixin.py:188} INFO - [2025-06-20T14:36:18.299+0000] {dag.py:3954} INFO - Setting next_dagrun for example_bash_operator to 2025-06-19 00:00:00+00:00, run_after=2025-06-20 00:00:00+00:00
[2025-06-20T14:36:18.314+0000] {processor.py:183} INFO - Processing /home/airflow/.local/lib/python3.12/site-packages/airflow/example_dags/example_bash_operator.py took 0.085 seconds
[2025-06-20T14:36:48.803+0000] {processor.py:161} INFO - Started process (PID=303) to work on /home/airflow/.local/lib/python3.12/site-packages/airflow/example_dags/example_bash_operator.py
[2025-06-20T14:36:48.803+0000] {processor.py:830} INFO - Processing file /home/airflow/.local/lib/python3.12/site-packages/airflow/example_dags/example_bash_operator.py for tasks to queue
[2025-06-20T14:36:48.805+0000] {logging_mixin.py:188} INFO - [2025-06-20T14:36:48.805+0000] {dagbag.py:540} INFO - Filling up the DagBag from /home/airflow/.local/lib/python3.12/site-packages/airflow/example_dags/example_bash_operator.py
[2025-06-20T14:36:48.816+0000] {processor.py:840} INFO - DAG(s) 'example_bash_operator' retrieved from /home/airflow/.local/lib/python3.12/site-packages/airflow/example_dags/example_bash_operator.py
[2025-06-20T14:36:48.843+0000] {logging_mixin.py:188} INFO - [2025-06-20T14:36:48.843+0000] {dag.py:3096} INFO - Sync 1 DAGs
[2025-06-20T14:36:48.867+0000] {logging_mixin.py:188} INFO - [2025-06-20T14:36:48.867+0000] {dag.py:3954} INFO - Setting next_dagrun for example_bash_operator to 2025-06-19 00:00:00+00:00, run_after=2025-06-20 00:00:00+00:00
[2025-06-20T14:36:48.884+0000] {processor.py:183} INFO - Processing /home/airflow/.local/lib/python3.12/site-packages/airflow/example_dags/example_bash_operator.py took 0.088 seconds
[2025-06-20T14:37:19.400+0000] {processor.py:161} INFO - Started process (PID=383) to work on /home/airflow/.local/lib/python3.12/site-packages/airflow/example_dags/example_bash_operator.py
[2025-06-20T14:37:19.401+0000] {processor.py:830} INFO - Processing file /home/airflow/.local/lib/python3.12/site-packages/airflow/example_dags/example_bash_operator.py for tasks to queue
[2025-06-20T14:37:19.403+0000] {logging_mixin.py:188} INFO - [2025-06-20T14:37:19.402+0000] {dagbag.py:540} INFO - Filling up the DagBag from /home/airflow/.local/lib/python3.12/site-packages/airflow/example_dags/example_bash_operator.py
[2025-06-20T14:37:19.414+0000] {processor.py:840} INFO - DAG(s) 'example_bash_operator' retrieved from /home/airflow/.local/lib/python3.12/site-packages/airflow/example_dags/example_bash_operator.py
[2025-06-20T14:37:19.441+0000] {logging_mixin.py:188} INFO - [2025-06-20T14:37:19.440+0000] {dag.py:3096} INFO - Sync 1 DAGs
[2025-06-20T14:37:19.464+0000] {logging_mixin.py:188} INFO - [2025-06-20T14:37:19.464+0000] {dag.py:3954} INFO - Setting next_dagrun for example_bash_operator to 2025-06-20 00:00:00+00:00, run_after=2025-06-21 00:00:00+00:00
[2025-06-20T14:37:19.481+0000] {processor.py:183} INFO - Processing /home/airflow/.local/lib/python3.12/site-packages/airflow/example_dags/example_bash_operator.py took 0.088 seconds
[2025-06-20T14:37:49.941+0000] {processor.py:161} INFO - Started process (PID=441) to work on /home/airflow/.local/lib/python3.12/site-packages/airflow/example_dags/example_bash_operator.py
[2025-06-20T14:37:49.942+0000] {processor.py:830} INFO - Processing file /home/airflow/.local/lib/python3.12/site-packages/airflow/example_dags/example_bash_operator.py for tasks to queue
[2025-06-20T14:37:49.944+0000] {logging_mixin.py:188} INFO - [2025-06-20T14:37:49.944+0000] {dagbag.py:540} INFO - Filling up the DagBag from /home/airflow/.local/lib/python3.12/site-packages/airflow/example_dags/example_bash_operator.py
[2025-06-20T14:37:49.955+0000] {processor.py:840} INFO - DAG(s) 'example_bash_operator' retrieved from /home/airflow/.local/lib/python3.12/site-packages/airflow/example_dags/example_bash_operator.py
[2025-06-20T14:37:49.986+0000] {logging_mixin.py:188} INFO - [2025-06-20T14:37:49.985+0000] {dag.py:3096} INFO - Sync 1 DAGs
[2025-06-20T14:37:50.009+0000] {logging_mixin.py:188} INFO - [2025-06-20T14:37:50.008+0000] {dag.py:3954} INFO - Setting next_dagrun for example_bash_operator to 2025-06-20 00:00:00+00:00, run_after=2025-06-21 00:00:00+00:00
[2025-06-20T14:37:50.024+0000] {processor.py:183} INFO - Processing /home/airflow/.local/lib/python3.12/site-packages/airflow/example_dags/example_bash_operator.py took 0.090 seconds
[2025-06-20T14:38:20.409+0000] {processor.py:161} INFO - Started process (PID=499) to work on /home/airflow/.local/lib/python3.12/site-packages/airflow/example_dags/example_bash_operator.py
[2025-06-20T14:38:20.410+0000] {processor.py:830} INFO - Processing file /home/airflow/.local/lib/python3.12/site-packages/airflow/example_dags/example_bash_operator.py for tasks to queue
[2025-06-20T14:38:20.412+0000] {logging_mixin.py:188} INFO - [2025-06-20T14:38:20.412+0000] {dagbag.py:540} INFO - Filling up the DagBag from /home/airflow/.local/lib/python3.12/site-packages/airflow/example_dags/example_bash_operator.py
[2025-06-20T14:38:20.423+0000] {processor.py:840} INFO - DAG(s) 'example_bash_operator' retrieved from /home/airflow/.local/lib/python3.12/site-packages/airflow/example_dags/example_bash_operator.py
[2025-06-20T14:38:20.450+0000] {logging_mixin.py:188} INFO - [2025-06-20T14:38:20.449+0000] {dag.py:3096} INFO - Sync 1 DAGs
[2025-06-20T14:38:20.470+0000] {logging_mixin.py:188} INFO - [2025-06-20T14:38:20.470+0000] {dag.py:3954} INFO - Setting next_dagrun for example_bash_operator to 2025-06-20 00:00:00+00:00, run_after=2025-06-21 00:00:00+00:00
[2025-06-20T14:38:20.485+0000] {processor.py:183} INFO - Processing /home/airflow/.local/lib/python3.12/site-packages/airflow/example_dags/example_bash_operator.py took 0.082 seconds
[2025-06-20T14:38:51.279+0000] {processor.py:161} INFO - Started process (PID=557) to work on /home/airflow/.local/lib/python3.12/site-packages/airflow/example_dags/example_bash_operator.py
[2025-06-20T14:38:51.280+0000] {processor.py:830} INFO - Processing file /home/airflow/.local/lib/python3.12/site-packages/airflow/example_dags/example_bash_operator.py for tasks to queue
[2025-06-20T14:38:51.281+0000] {logging_mixin.py:188} INFO - [2025-06-20T14:38:51.281+0000] {dagbag.py:540} INFO - Filling up the DagBag from /home/airflow/.local/lib/python3.12/site-packages/airflow/example_dags/example_bash_operator.py
[2025-06-20T14:38:51.297+0000] {processor.py:840} INFO - DAG(s) 'example_bash_operator' retrieved from /home/airflow/.local/lib/python3.12/site-packages/airflow/example_dags/example_bash_operator.py
[2025-06-20T14:38:51.323+0000] {logging_mixin.py:188} INFO - [2025-06-20T14:38:51.322+0000] {dag.py:3096} INFO - Sync 1 DAGs
[2025-06-20T14:38:51.343+0000] {logging_mixin.py:188} INFO - [2025-06-20T14:38:51.343+0000] {dag.py:3954} INFO - Setting next_dagrun for example_bash_operator to 2025-06-20 00:00:00+00:00, run_after=2025-06-21 00:00:00+00:00
[2025-06-20T14:38:51.361+0000] {processor.py:183} INFO - Processing /home/airflow/.local/lib/python3.12/site-packages/airflow/example_dags/example_bash_operator.py took 0.088 seconds
[2025-06-20T14:39:21.541+0000] {processor.py:161} INFO - Started process (PID=615) to work on /home/airflow/.local/lib/python3.12/site-packages/airflow/example_dags/example_bash_operator.py
[2025-06-20T14:39:21.542+0000] {processor.py:830} INFO - Processing file /home/airflow/.local/lib/python3.12/site-packages/airflow/example_dags/example_bash_operator.py for tasks to queue
[2025-06-20T14:39:21.544+0000] {logging_mixin.py:188} INFO - [2025-06-20T14:39:21.544+0000] {dagbag.py:540} INFO - Filling up the DagBag from /home/airflow/.local/lib/python3.12/site-packages/airflow/example_dags/example_bash_operator.py
[2025-06-20T14:39:21.555+0000] {processor.py:840} INFO - DAG(s) 'example_bash_operator' retrieved from /home/airflow/.local/lib/python3.12/site-packages/airflow/example_dags/example_bash_operator.py
[2025-06-20T14:39:21.581+0000] {logging_mixin.py:188} INFO - [2025-06-20T14:39:21.581+0000] {dag.py:3096} INFO - Sync 1 DAGs
[2025-06-20T14:39:21.603+0000] {logging_mixin.py:188} INFO - [2025-06-20T14:39:21.603+0000] {dag.py:3954} INFO - Setting next_dagrun for example_bash_operator to 2025-06-20 00:00:00+00:00, run_after=2025-06-21 00:00:00+00:00
[2025-06-20T14:39:21.618+0000] {processor.py:183} INFO - Processing /home/airflow/.local/lib/python3.12/site-packages/airflow/example_dags/example_bash_operator.py took 0.083 seconds
[2025-06-20T14:39:51.905+0000] {processor.py:161} INFO - Started process (PID=673) to work on /home/airflow/.local/lib/python3.12/site-packages/airflow/example_dags/example_bash_operator.py
[2025-06-20T14:39:51.906+0000] {processor.py:830} INFO - Processing file /home/airflow/.local/lib/python3.12/site-packages/airflow/example_dags/example_bash_operator.py for tasks to queue
[2025-06-20T14:39:51.908+0000] {logging_mixin.py:188} INFO - [2025-06-20T14:39:51.908+0000] {dagbag.py:540} INFO - Filling up the DagBag from /home/airflow/.local/lib/python3.12/site-packages/airflow/example_dags/example_bash_operator.py
[2025-06-20T14:39:51.919+0000] {processor.py:840} INFO - DAG(s) 'example_bash_operator' retrieved from /home/airflow/.local/lib/python3.12/site-packages/airflow/example_dags/example_bash_operator.py
[2025-06-20T14:39:51.946+0000] {logging_mixin.py:188} INFO - [2025-06-20T14:39:51.946+0000] {dag.py:3096} INFO - Sync 1 DAGs
[2025-06-20T14:39:51.969+0000] {logging_mixin.py:188} INFO - [2025-06-20T14:39:51.968+0000] {dag.py:3954} INFO - Setting next_dagrun for example_bash_operator to 2025-06-20 00:00:00+00:00, run_after=2025-06-21 00:00:00+00:00
[2025-06-20T14:39:51.985+0000] {processor.py:183} INFO - Processing /home/airflow/.local/lib/python3.12/site-packages/airflow/example_dags/example_bash_operator.py took 0.088 seconds
[2025-06-20T14:40:22.152+0000] {processor.py:161} INFO - Started process (PID=731) to work on /home/airflow/.local/lib/python3.12/site-packages/airflow/example_dags/example_bash_operator.py
[2025-06-20T14:40:22.152+0000] {processor.py:830} INFO - Processing file /home/airflow/.local/lib/python3.12/site-packages/airflow/example_dags/example_bash_operator.py for tasks to queue
[2025-06-20T14:40:22.154+0000] {logging_mixin.py:188} INFO - [2025-06-20T14:40:22.154+0000] {dagbag.py:540} INFO - Filling up the DagBag from /home/airflow/.local/lib/python3.12/site-packages/airflow/example_dags/example_bash_operator.py
[2025-06-20T14:40:22.165+0000] {processor.py:840} INFO - DAG(s) 'example_bash_operator' retrieved from /home/airflow/.local/lib/python3.12/site-packages/airflow/example_dags/example_bash_operator.py
[2025-06-20T14:40:22.191+0000] {logging_mixin.py:188} INFO - [2025-06-20T14:40:22.191+0000] {dag.py:3096} INFO - Sync 1 DAGs
[2025-06-20T14:40:22.212+0000] {logging_mixin.py:188} INFO - [2025-06-20T14:40:22.212+0000] {dag.py:3954} INFO - Setting next_dagrun for example_bash_operator to 2025-06-20 00:00:00+00:00, run_after=2025-06-21 00:00:00+00:00
[2025-06-20T14:40:22.227+0000] {processor.py:183} INFO - Processing /home/airflow/.local/lib/python3.12/site-packages/airflow/example_dags/example_bash_operator.py took 0.082 seconds
[2025-06-20T14:40:52.503+0000] {processor.py:161} INFO - Started process (PID=789) to work on /home/airflow/.local/lib/python3.12/site-packages/airflow/example_dags/example_bash_operator.py
[2025-06-20T14:40:52.504+0000] {processor.py:830} INFO - Processing file /home/airflow/.local/lib/python3.12/site-packages/airflow/example_dags/example_bash_operator.py for tasks to queue
[2025-06-20T14:40:52.505+0000] {logging_mixin.py:188} INFO - [2025-06-20T14:40:52.505+0000] {dagbag.py:540} INFO - Filling up the DagBag from /home/airflow/.local/lib/python3.12/site-packages/airflow/example_dags/example_bash_operator.py
[2025-06-20T14:40:52.516+0000] {processor.py:840} INFO - DAG(s) 'example_bash_operator' retrieved from /home/airflow/.local/lib/python3.12/site-packages/airflow/example_dags/example_bash_operator.py
[2025-06-20T14:40:52.542+0000] {logging_mixin.py:188} INFO - [2025-06-20T14:40:52.542+0000] {dag.py:3096} INFO - Sync 1 DAGs
[2025-06-20T14:40:52.563+0000] {logging_mixin.py:188} INFO - [2025-06-20T14:40:52.562+0000] {dag.py:3954} INFO - Setting next_dagrun for example_bash_operator to 2025-06-20 00:00:00+00:00, run_after=2025-06-21 00:00:00+00:00
[2025-06-20T14:40:52.577+0000] {processor.py:183} INFO - Processing /home/airflow/.local/lib/python3.12/site-packages/airflow/example_dags/example_bash_operator.py took 0.081 seconds
[2025-06-20T14:41:22.727+0000] {processor.py:161} INFO - Started process (PID=847) to work on /home/airflow/.local/lib/python3.12/site-packages/airflow/example_dags/example_bash_operator.py
[2025-06-20T14:41:22.728+0000] {processor.py:830} INFO - Processing file /home/airflow/.local/lib/python3.12/site-packages/airflow/example_dags/example_bash_operator.py for tasks to queue
[2025-06-20T14:41:22.729+0000] {logging_mixin.py:188} INFO - [2025-06-20T14:41:22.729+0000] {dagbag.py:540} INFO - Filling up the DagBag from /home/airflow/.local/lib/python3.12/site-packages/airflow/example_dags/example_bash_operator.py
[2025-06-20T14:41:22.740+0000] {processor.py:840} INFO - DAG(s) 'example_bash_operator' retrieved from /home/airflow/.local/lib/python3.12/site-packages/airflow/example_dags/example_bash_operator.py
[2025-06-20T14:41:22.767+0000] {logging_mixin.py:188} INFO - [2025-06-20T14:41:22.766+0000] {dag.py:3096} INFO - Sync 1 DAGs
[2025-06-20T14:41:22.787+0000] {logging_mixin.py:188} INFO - [2025-06-20T14:41:22.787+0000] {dag.py:3954} INFO - Setting next_dagrun for example_bash_operator to 2025-06-20 00:00:00+00:00, run_after=2025-06-21 00:00:00+00:00
[2025-06-20T14:41:22.802+0000] {processor.py:183} INFO - Processing /home/airflow/.local/lib/python3.12/site-packages/airflow/example_dags/example_bash_operator.py took 0.081 seconds
[2025-06-20T14:41:53.016+0000] {processor.py:161} INFO - Started process (PID=905) to work on /home/airflow/.local/lib/python3.12/site-packages/airflow/example_dags/example_bash_operator.py
[2025-06-20T14:41:53.017+0000] {processor.py:830} INFO - Processing file /home/airflow/.local/lib/python3.12/site-packages/airflow/example_dags/example_bash_operator.py for tasks to queue
[2025-06-20T14:41:53.019+0000] {logging_mixin.py:188} INFO - [2025-06-20T14:41:53.018+0000] {dagbag.py:540} INFO - Filling up the DagBag from /home/airflow/.local/lib/python3.12/site-packages/airflow/example_dags/example_bash_operator.py
[2025-06-20T14:41:53.030+0000] {processor.py:840} INFO - DAG(s) 'example_bash_operator' retrieved from /home/airflow/.local/lib/python3.12/site-packages/airflow/example_dags/example_bash_operator.py
[2025-06-20T14:41:53.057+0000] {logging_mixin.py:188} INFO - [2025-06-20T14:41:53.057+0000] {dag.py:3096} INFO - Sync 1 DAGs
[2025-06-20T14:41:53.080+0000] {logging_mixin.py:188} INFO - [2025-06-20T14:41:53.080+0000] {dag.py:3954} INFO - Setting next_dagrun for example_bash_operator to 2025-06-20 00:00:00+00:00, run_after=2025-06-21 00:00:00+00:00
[2025-06-20T14:41:53.097+0000] {processor.py:183} INFO - Processing /home/airflow/.local/lib/python3.12/site-packages/airflow/example_dags/example_bash_operator.py took 0.087 seconds
[2025-06-20T14:42:23.664+0000] {processor.py:161} INFO - Started process (PID=963) to work on /home/airflow/.local/lib/python3.12/site-packages/airflow/example_dags/example_bash_operator.py
[2025-06-20T14:42:23.665+0000] {processor.py:830} INFO - Processing file /home/airflow/.local/lib/python3.12/site-packages/airflow/example_dags/example_bash_operator.py for tasks to queue
[2025-06-20T14:42:23.667+0000] {logging_mixin.py:188} INFO - [2025-06-20T14:42:23.667+0000] {dagbag.py:540} INFO - Filling up the DagBag from /home/airflow/.local/lib/python3.12/site-packages/airflow/example_dags/example_bash_operator.py
[2025-06-20T14:42:23.680+0000] {processor.py:840} INFO - DAG(s) 'example_bash_operator' retrieved from /home/airflow/.local/lib/python3.12/site-packages/airflow/example_dags/example_bash_operator.py
[2025-06-20T14:42:23.714+0000] {logging_mixin.py:188} INFO - [2025-06-20T14:42:23.714+0000] {dag.py:3096} INFO - Sync 1 DAGs
[2025-06-20T14:42:23.735+0000] {logging_mixin.py:188} INFO - [2025-06-20T14:42:23.735+0000] {dag.py:3954} INFO - Setting next_dagrun for example_bash_operator to 2025-06-20 00:00:00+00:00, run_after=2025-06-21 00:00:00+00:00
[2025-06-20T14:42:23.751+0000] {processor.py:183} INFO - Processing /home/airflow/.local/lib/python3.12/site-packages/airflow/example_dags/example_bash_operator.py took 0.094 seconds
[2025-06-20T14:42:54.750+0000] {processor.py:161} INFO - Started process (PID=1021) to work on /home/airflow/.local/lib/python3.12/site-packages/airflow/example_dags/example_bash_operator.py
[2025-06-20T14:42:54.752+0000] {processor.py:830} INFO - Processing file /home/airflow/.local/lib/python3.12/site-packages/airflow/example_dags/example_bash_operator.py for tasks to queue
[2025-06-20T14:42:54.754+0000] {logging_mixin.py:188} INFO - [2025-06-20T14:42:54.753+0000] {dagbag.py:540} INFO - Filling up the DagBag from /home/airflow/.local/lib/python3.12/site-packages/airflow/example_dags/example_bash_operator.py
[2025-06-20T14:42:54.769+0000] {processor.py:840} INFO - DAG(s) 'example_bash_operator' retrieved from /home/airflow/.local/lib/python3.12/site-packages/airflow/example_dags/example_bash_operator.py
[2025-06-20T14:42:54.798+0000] {logging_mixin.py:188} INFO - [2025-06-20T14:42:54.797+0000] {dag.py:3096} INFO - Sync 1 DAGs
[2025-06-20T14:42:54.823+0000] {logging_mixin.py:188} INFO - [2025-06-20T14:42:54.823+0000] {dag.py:3954} INFO - Setting next_dagrun for example_bash_operator to 2025-06-20 00:00:00+00:00, run_after=2025-06-21 00:00:00+00:00
[2025-06-20T14:42:54.841+0000] {processor.py:183} INFO - Processing /home/airflow/.local/lib/python3.12/site-packages/airflow/example_dags/example_bash_operator.py took 0.096 seconds
[2025-06-20T14:43:25.003+0000] {processor.py:161} INFO - Started process (PID=1079) to work on /home/airflow/.local/lib/python3.12/site-packages/airflow/example_dags/example_bash_operator.py
[2025-06-20T14:43:25.004+0000] {processor.py:830} INFO - Processing file /home/airflow/.local/lib/python3.12/site-packages/airflow/example_dags/example_bash_operator.py for tasks to queue
[2025-06-20T14:43:25.006+0000] {logging_mixin.py:188} INFO - [2025-06-20T14:43:25.006+0000] {dagbag.py:540} INFO - Filling up the DagBag from /home/airflow/.local/lib/python3.12/site-packages/airflow/example_dags/example_bash_operator.py
[2025-06-20T14:43:25.019+0000] {processor.py:840} INFO - DAG(s) 'example_bash_operator' retrieved from /home/airflow/.local/lib/python3.12/site-packages/airflow/example_dags/example_bash_operator.py
[2025-06-20T14:43:25.046+0000] {logging_mixin.py:188} INFO - [2025-06-20T14:43:25.046+0000] {dag.py:3096} INFO - Sync 1 DAGs
[2025-06-20T14:43:25.068+0000] {logging_mixin.py:188} INFO - [2025-06-20T14:43:25.068+0000] {dag.py:3954} INFO - Setting next_dagrun for example_bash_operator to 2025-06-20 00:00:00+00:00, run_after=2025-06-21 00:00:00+00:00
[2025-06-20T14:43:25.222+0000] {processor.py:183} INFO - Processing /home/airflow/.local/lib/python3.12/site-packages/airflow/example_dags/example_bash_operator.py took 0.225 seconds
[2025-06-20T14:43:56.054+0000] {processor.py:161} INFO - Started process (PID=1137) to work on /home/airflow/.local/lib/python3.12/site-packages/airflow/example_dags/example_bash_operator.py
[2025-06-20T14:43:56.055+0000] {processor.py:830} INFO - Processing file /home/airflow/.local/lib/python3.12/site-packages/airflow/example_dags/example_bash_operator.py for tasks to queue
[2025-06-20T14:43:56.057+0000] {logging_mixin.py:188} INFO - [2025-06-20T14:43:56.057+0000] {dagbag.py:540} INFO - Filling up the DagBag from /home/airflow/.local/lib/python3.12/site-packages/airflow/example_dags/example_bash_operator.py
[2025-06-20T14:43:56.069+0000] {processor.py:840} INFO - DAG(s) 'example_bash_operator' retrieved from /home/airflow/.local/lib/python3.12/site-packages/airflow/example_dags/example_bash_operator.py
[2025-06-20T14:43:56.097+0000] {logging_mixin.py:188} INFO - [2025-06-20T14:43:56.097+0000] {dag.py:3096} INFO - Sync 1 DAGs
[2025-06-20T14:43:56.121+0000] {logging_mixin.py:188} INFO - [2025-06-20T14:43:56.121+0000] {dag.py:3954} INFO - Setting next_dagrun for example_bash_operator to 2025-06-20 00:00:00+00:00, run_after=2025-06-21 00:00:00+00:00
[2025-06-20T14:43:56.141+0000] {processor.py:183} INFO - Processing /home/airflow/.local/lib/python3.12/site-packages/airflow/example_dags/example_bash_operator.py took 0.093 seconds
[2025-06-20T14:44:26.296+0000] {processor.py:161} INFO - Started process (PID=1195) to work on /home/airflow/.local/lib/python3.12/site-packages/airflow/example_dags/example_bash_operator.py
[2025-06-20T14:44:26.297+0000] {processor.py:830} INFO - Processing file /home/airflow/.local/lib/python3.12/site-packages/airflow/example_dags/example_bash_operator.py for tasks to queue
[2025-06-20T14:44:26.299+0000] {logging_mixin.py:188} INFO - [2025-06-20T14:44:26.299+0000] {dagbag.py:540} INFO - Filling up the DagBag from /home/airflow/.local/lib/python3.12/site-packages/airflow/example_dags/example_bash_operator.py
[2025-06-20T14:44:26.310+0000] {processor.py:840} INFO - DAG(s) 'example_bash_operator' retrieved from /home/airflow/.local/lib/python3.12/site-packages/airflow/example_dags/example_bash_operator.py
[2025-06-20T14:44:26.336+0000] {logging_mixin.py:188} INFO - [2025-06-20T14:44:26.336+0000] {dag.py:3096} INFO - Sync 1 DAGs
[2025-06-20T14:44:26.358+0000] {logging_mixin.py:188} INFO - [2025-06-20T14:44:26.358+0000] {dag.py:3954} INFO - Setting next_dagrun for example_bash_operator to 2025-06-20 00:00:00+00:00, run_after=2025-06-21 00:00:00+00:00
[2025-06-20T14:44:26.373+0000] {processor.py:183} INFO - Processing /home/airflow/.local/lib/python3.12/site-packages/airflow/example_dags/example_bash_operator.py took 0.083 seconds
[2025-06-20T14:44:56.605+0000] {processor.py:161} INFO - Started process (PID=1253) to work on /home/airflow/.local/lib/python3.12/site-packages/airflow/example_dags/example_bash_operator.py
[2025-06-20T14:44:56.606+0000] {processor.py:830} INFO - Processing file /home/airflow/.local/lib/python3.12/site-packages/airflow/example_dags/example_bash_operator.py for tasks to queue
[2025-06-20T14:44:56.608+0000] {logging_mixin.py:188} INFO - [2025-06-20T14:44:56.608+0000] {dagbag.py:540} INFO - Filling up the DagBag from /home/airflow/.local/lib/python3.12/site-packages/airflow/example_dags/example_bash_operator.py
[2025-06-20T14:44:56.619+0000] {processor.py:840} INFO - DAG(s) 'example_bash_operator' retrieved from /home/airflow/.local/lib/python3.12/site-packages/airflow/example_dags/example_bash_operator.py
[2025-06-20T14:44:56.646+0000] {logging_mixin.py:188} INFO - [2025-06-20T14:44:56.646+0000] {dag.py:3096} INFO - Sync 1 DAGs
[2025-06-20T14:44:56.667+0000] {logging_mixin.py:188} INFO - [2025-06-20T14:44:56.666+0000] {dag.py:3954} INFO - Setting next_dagrun for example_bash_operator to 2025-06-20 00:00:00+00:00, run_after=2025-06-21 00:00:00+00:00
[2025-06-20T14:44:56.682+0000] {processor.py:183} INFO - Processing /home/airflow/.local/lib/python3.12/site-packages/airflow/example_dags/example_bash_operator.py took 0.082 seconds
[2025-06-20T14:45:27.232+0000] {processor.py:161} INFO - Started process (PID=1311) to work on /home/airflow/.local/lib/python3.12/site-packages/airflow/example_dags/example_bash_operator.py
[2025-06-20T14:45:27.232+0000] {processor.py:830} INFO - Processing file /home/airflow/.local/lib/python3.12/site-packages/airflow/example_dags/example_bash_operator.py for tasks to queue
[2025-06-20T14:45:27.234+0000] {logging_mixin.py:188} INFO - [2025-06-20T14:45:27.234+0000] {dagbag.py:540} INFO - Filling up the DagBag from /home/airflow/.local/lib/python3.12/site-packages/airflow/example_dags/example_bash_operator.py
[2025-06-20T14:45:27.245+0000] {processor.py:840} INFO - DAG(s) 'example_bash_operator' retrieved from /home/airflow/.local/lib/python3.12/site-packages/airflow/example_dags/example_bash_operator.py
[2025-06-20T14:45:27.381+0000] {logging_mixin.py:188} INFO - [2025-06-20T14:45:27.381+0000] {dag.py:3096} INFO - Sync 1 DAGs
[2025-06-20T14:45:27.400+0000] {logging_mixin.py:188} INFO - [2025-06-20T14:45:27.400+0000] {dag.py:3954} INFO - Setting next_dagrun for example_bash_operator to 2025-06-20 00:00:00+00:00, run_after=2025-06-21 00:00:00+00:00
[2025-06-20T14:45:27.415+0000] {processor.py:183} INFO - Processing /home/airflow/.local/lib/python3.12/site-packages/airflow/example_dags/example_bash_operator.py took 0.189 seconds
[2025-06-20T14:45:58.431+0000] {processor.py:161} INFO - Started process (PID=1369) to work on /home/airflow/.local/lib/python3.12/site-packages/airflow/example_dags/example_bash_operator.py
[2025-06-20T14:45:58.432+0000] {processor.py:830} INFO - Processing file /home/airflow/.local/lib/python3.12/site-packages/airflow/example_dags/example_bash_operator.py for tasks to queue
[2025-06-20T14:45:58.433+0000] {logging_mixin.py:188} INFO - [2025-06-20T14:45:58.433+0000] {dagbag.py:540} INFO - Filling up the DagBag from /home/airflow/.local/lib/python3.12/site-packages/airflow/example_dags/example_bash_operator.py
[2025-06-20T14:45:58.444+0000] {processor.py:840} INFO - DAG(s) 'example_bash_operator' retrieved from /home/airflow/.local/lib/python3.12/site-packages/airflow/example_dags/example_bash_operator.py
[2025-06-20T14:45:58.472+0000] {logging_mixin.py:188} INFO - [2025-06-20T14:45:58.472+0000] {dag.py:3096} INFO - Sync 1 DAGs
[2025-06-20T14:45:58.493+0000] {logging_mixin.py:188} INFO - [2025-06-20T14:45:58.493+0000] {dag.py:3954} INFO - Setting next_dagrun for example_bash_operator to 2025-06-20 00:00:00+00:00, run_after=2025-06-21 00:00:00+00:00
[2025-06-20T14:45:58.509+0000] {processor.py:183} INFO - Processing /home/airflow/.local/lib/python3.12/site-packages/airflow/example_dags/example_bash_operator.py took 0.084 seconds
[2025-06-20T14:46:28.707+0000] {processor.py:161} INFO - Started process (PID=1427) to work on /home/airflow/.local/lib/python3.12/site-packages/airflow/example_dags/example_bash_operator.py
[2025-06-20T14:46:28.708+0000] {processor.py:830} INFO - Processing file /home/airflow/.local/lib/python3.12/site-packages/airflow/example_dags/example_bash_operator.py for tasks to queue
[2025-06-20T14:46:28.710+0000] {logging_mixin.py:188} INFO - [2025-06-20T14:46:28.710+0000] {dagbag.py:540} INFO - Filling up the DagBag from /home/airflow/.local/lib/python3.12/site-packages/airflow/example_dags/example_bash_operator.py
[2025-06-20T14:46:28.721+0000] {processor.py:840} INFO - DAG(s) 'example_bash_operator' retrieved from /home/airflow/.local/lib/python3.12/site-packages/airflow/example_dags/example_bash_operator.py
[2025-06-20T14:46:28.747+0000] {logging_mixin.py:188} INFO - [2025-06-20T14:46:28.747+0000] {dag.py:3096} INFO - Sync 1 DAGs
[2025-06-20T14:46:28.771+0000] {logging_mixin.py:188} INFO - [2025-06-20T14:46:28.771+0000] {dag.py:3954} INFO - Setting next_dagrun for example_bash_operator to 2025-06-20 00:00:00+00:00, run_after=2025-06-21 00:00:00+00:00
[2025-06-20T14:46:28.788+0000] {processor.py:183} INFO - Processing /home/airflow/.local/lib/python3.12/site-packages/airflow/example_dags/example_bash_operator.py took 0.087 seconds
[2025-06-20T14:46:58.931+0000] {processor.py:161} INFO - Started process (PID=1485) to work on /home/airflow/.local/lib/python3.12/site-packages/airflow/example_dags/example_bash_operator.py
[2025-06-20T14:46:58.932+0000] {processor.py:830} INFO - Processing file /home/airflow/.local/lib/python3.12/site-packages/airflow/example_dags/example_bash_operator.py for tasks to queue
[2025-06-20T14:46:58.934+0000] {logging_mixin.py:188} INFO - [2025-06-20T14:46:58.934+0000] {dagbag.py:540} INFO - Filling up the DagBag from /home/airflow/.local/lib/python3.12/site-packages/airflow/example_dags/example_bash_operator.py
[2025-06-20T14:46:58.945+0000] {processor.py:840} INFO - DAG(s) 'example_bash_operator' retrieved from /home/airflow/.local/lib/python3.12/site-packages/airflow/example_dags/example_bash_operator.py
[2025-06-20T14:46:58.976+0000] {logging_mixin.py:188} INFO - [2025-06-20T14:46:58.975+0000] {dag.py:3096} INFO - Sync 1 DAGs
[2025-06-20T14:46:58.998+0000] {logging_mixin.py:188} INFO - [2025-06-20T14:46:58.998+0000] {dag.py:3954} INFO - Setting next_dagrun for example_bash_operator to 2025-06-20 00:00:00+00:00, run_after=2025-06-21 00:00:00+00:00
[2025-06-20T14:46:59.014+0000] {processor.py:183} INFO - Processing /home/airflow/.local/lib/python3.12/site-packages/airflow/example_dags/example_bash_operator.py took 0.089 seconds
[2025-06-20T14:47:29.253+0000] {processor.py:161} INFO - Started process (PID=1543) to work on /home/airflow/.local/lib/python3.12/site-packages/airflow/example_dags/example_bash_operator.py
[2025-06-20T14:47:29.254+0000] {processor.py:830} INFO - Processing file /home/airflow/.local/lib/python3.12/site-packages/airflow/example_dags/example_bash_operator.py for tasks to queue
[2025-06-20T14:47:29.255+0000] {logging_mixin.py:188} INFO - [2025-06-20T14:47:29.255+0000] {dagbag.py:540} INFO - Filling up the DagBag from /home/airflow/.local/lib/python3.12/site-packages/airflow/example_dags/example_bash_operator.py
[2025-06-20T14:47:29.266+0000] {processor.py:840} INFO - DAG(s) 'example_bash_operator' retrieved from /home/airflow/.local/lib/python3.12/site-packages/airflow/example_dags/example_bash_operator.py
[2025-06-20T14:47:29.293+0000] {logging_mixin.py:188} INFO - [2025-06-20T14:47:29.293+0000] {dag.py:3096} INFO - Sync 1 DAGs
[2025-06-20T14:47:29.314+0000] {logging_mixin.py:188} INFO - [2025-06-20T14:47:29.314+0000] {dag.py:3954} INFO - Setting next_dagrun for example_bash_operator to 2025-06-20 00:00:00+00:00, run_after=2025-06-21 00:00:00+00:00
[2025-06-20T14:47:29.329+0000] {processor.py:183} INFO - Processing /home/airflow/.local/lib/python3.12/site-packages/airflow/example_dags/example_bash_operator.py took 0.082 seconds
[2025-06-20T14:47:59.555+0000] {processor.py:161} INFO - Started process (PID=1601) to work on /home/airflow/.local/lib/python3.12/site-packages/airflow/example_dags/example_bash_operator.py
[2025-06-20T14:47:59.556+0000] {processor.py:830} INFO - Processing file /home/airflow/.local/lib/python3.12/site-packages/airflow/example_dags/example_bash_operator.py for tasks to queue
[2025-06-20T14:47:59.557+0000] {logging_mixin.py:188} INFO - [2025-06-20T14:47:59.557+0000] {dagbag.py:540} INFO - Filling up the DagBag from /home/airflow/.local/lib/python3.12/site-packages/airflow/example_dags/example_bash_operator.py
[2025-06-20T14:47:59.568+0000] {processor.py:840} INFO - DAG(s) 'example_bash_operator' retrieved from /home/airflow/.local/lib/python3.12/site-packages/airflow/example_dags/example_bash_operator.py
[2025-06-20T14:47:59.596+0000] {logging_mixin.py:188} INFO - [2025-06-20T14:47:59.596+0000] {dag.py:3096} INFO - Sync 1 DAGs
[2025-06-20T14:47:59.619+0000] {logging_mixin.py:188} INFO - [2025-06-20T14:47:59.619+0000] {dag.py:3954} INFO - Setting next_dagrun for example_bash_operator to 2025-06-20 00:00:00+00:00, run_after=2025-06-21 00:00:00+00:00
[2025-06-20T14:47:59.636+0000] {processor.py:183} INFO - Processing /home/airflow/.local/lib/python3.12/site-packages/airflow/example_dags/example_bash_operator.py took 0.087 seconds
[2025-06-20T14:48:29.949+0000] {processor.py:161} INFO - Started process (PID=1659) to work on /home/airflow/.local/lib/python3.12/site-packages/airflow/example_dags/example_bash_operator.py
[2025-06-20T14:48:29.950+0000] {processor.py:830} INFO - Processing file /home/airflow/.local/lib/python3.12/site-packages/airflow/example_dags/example_bash_operator.py for tasks to queue
[2025-06-20T14:48:29.952+0000] {logging_mixin.py:188} INFO - [2025-06-20T14:48:29.951+0000] {dagbag.py:540} INFO - Filling up the DagBag from /home/airflow/.local/lib/python3.12/site-packages/airflow/example_dags/example_bash_operator.py
[2025-06-20T14:48:29.962+0000] {processor.py:840} INFO - DAG(s) 'example_bash_operator' retrieved from /home/airflow/.local/lib/python3.12/site-packages/airflow/example_dags/example_bash_operator.py
[2025-06-20T14:48:29.989+0000] {logging_mixin.py:188} INFO - [2025-06-20T14:48:29.989+0000] {dag.py:3096} INFO - Sync 1 DAGs
[2025-06-20T14:48:30.010+0000] {logging_mixin.py:188} INFO - [2025-06-20T14:48:30.010+0000] {dag.py:3954} INFO - Setting next_dagrun for example_bash_operator to 2025-06-20 00:00:00+00:00, run_after=2025-06-21 00:00:00+00:00
[2025-06-20T14:48:30.026+0000] {processor.py:183} INFO - Processing /home/airflow/.local/lib/python3.12/site-packages/airflow/example_dags/example_bash_operator.py took 0.083 seconds
[2025-06-20T14:49:00.183+0000] {processor.py:161} INFO - Started process (PID=1717) to work on /home/airflow/.local/lib/python3.12/site-packages/airflow/example_dags/example_bash_operator.py
[2025-06-20T14:49:00.184+0000] {processor.py:830} INFO - Processing file /home/airflow/.local/lib/python3.12/site-packages/airflow/example_dags/example_bash_operator.py for tasks to queue
[2025-06-20T14:49:00.186+0000] {logging_mixin.py:188} INFO - [2025-06-20T14:49:00.186+0000] {dagbag.py:540} INFO - Filling up the DagBag from /home/airflow/.local/lib/python3.12/site-packages/airflow/example_dags/example_bash_operator.py
[2025-06-20T14:49:00.197+0000] {processor.py:840} INFO - DAG(s) 'example_bash_operator' retrieved from /home/airflow/.local/lib/python3.12/site-packages/airflow/example_dags/example_bash_operator.py
[2025-06-20T14:49:00.223+0000] {logging_mixin.py:188} INFO - [2025-06-20T14:49:00.223+0000] {dag.py:3096} INFO - Sync 1 DAGs
[2025-06-20T14:49:00.244+0000] {logging_mixin.py:188} INFO - [2025-06-20T14:49:00.244+0000] {dag.py:3954} INFO - Setting next_dagrun for example_bash_operator to 2025-06-20 00:00:00+00:00, run_after=2025-06-21 00:00:00+00:00
[2025-06-20T14:49:00.260+0000] {processor.py:183} INFO - Processing /home/airflow/.local/lib/python3.12/site-packages/airflow/example_dags/example_bash_operator.py took 0.082 seconds
[2025-06-20T14:49:30.451+0000] {processor.py:161} INFO - Started process (PID=1775) to work on /home/airflow/.local/lib/python3.12/site-packages/airflow/example_dags/example_bash_operator.py
[2025-06-20T14:49:30.452+0000] {processor.py:830} INFO - Processing file /home/airflow/.local/lib/python3.12/site-packages/airflow/example_dags/example_bash_operator.py for tasks to queue
[2025-06-20T14:49:30.454+0000] {logging_mixin.py:188} INFO - [2025-06-20T14:49:30.453+0000] {dagbag.py:540} INFO - Filling up the DagBag from /home/airflow/.local/lib/python3.12/site-packages/airflow/example_dags/example_bash_operator.py
[2025-06-20T14:49:30.464+0000] {processor.py:840} INFO - DAG(s) 'example_bash_operator' retrieved from /home/airflow/.local/lib/python3.12/site-packages/airflow/example_dags/example_bash_operator.py
[2025-06-20T14:49:30.495+0000] {logging_mixin.py:188} INFO - [2025-06-20T14:49:30.494+0000] {dag.py:3096} INFO - Sync 1 DAGs
[2025-06-20T14:49:30.517+0000] {logging_mixin.py:188} INFO - [2025-06-20T14:49:30.517+0000] {dag.py:3954} INFO - Setting next_dagrun for example_bash_operator to 2025-06-20 00:00:00+00:00, run_after=2025-06-21 00:00:00+00:00
[2025-06-20T14:49:30.533+0000] {processor.py:183} INFO - Processing /home/airflow/.local/lib/python3.12/site-packages/airflow/example_dags/example_bash_operator.py took 0.090 seconds
[2025-06-20T14:50:00.657+0000] {processor.py:161} INFO - Started process (PID=1833) to work on /home/airflow/.local/lib/python3.12/site-packages/airflow/example_dags/example_bash_operator.py
[2025-06-20T14:50:00.658+0000] {processor.py:830} INFO - Processing file /home/airflow/.local/lib/python3.12/site-packages/airflow/example_dags/example_bash_operator.py for tasks to queue
[2025-06-20T14:50:00.660+0000] {logging_mixin.py:188} INFO - [2025-06-20T14:50:00.659+0000] {dagbag.py:540} INFO - Filling up the DagBag from /home/airflow/.local/lib/python3.12/site-packages/airflow/example_dags/example_bash_operator.py
[2025-06-20T14:50:00.671+0000] {processor.py:840} INFO - DAG(s) 'example_bash_operator' retrieved from /home/airflow/.local/lib/python3.12/site-packages/airflow/example_dags/example_bash_operator.py
[2025-06-20T14:50:00.699+0000] {logging_mixin.py:188} INFO - [2025-06-20T14:50:00.699+0000] {dag.py:3096} INFO - Sync 1 DAGs
[2025-06-20T14:50:00.721+0000] {logging_mixin.py:188} INFO - [2025-06-20T14:50:00.721+0000] {dag.py:3954} INFO - Setting next_dagrun for example_bash_operator to 2025-06-20 00:00:00+00:00, run_after=2025-06-21 00:00:00+00:00
[2025-06-20T14:50:00.738+0000] {processor.py:183} INFO - Processing /home/airflow/.local/lib/python3.12/site-packages/airflow/example_dags/example_bash_operator.py took 0.087 seconds
[2025-06-20T14:50:30.828+0000] {processor.py:161} INFO - Started process (PID=1891) to work on /home/airflow/.local/lib/python3.12/site-packages/airflow/example_dags/example_bash_operator.py
[2025-06-20T14:50:30.829+0000] {processor.py:830} INFO - Processing file /home/airflow/.local/lib/python3.12/site-packages/airflow/example_dags/example_bash_operator.py for tasks to queue
[2025-06-20T14:50:30.831+0000] {logging_mixin.py:188} INFO - [2025-06-20T14:50:30.831+0000] {dagbag.py:540} INFO - Filling up the DagBag from /home/airflow/.local/lib/python3.12/site-packages/airflow/example_dags/example_bash_operator.py
[2025-06-20T14:50:30.843+0000] {processor.py:840} INFO - DAG(s) 'example_bash_operator' retrieved from /home/airflow/.local/lib/python3.12/site-packages/airflow/example_dags/example_bash_operator.py
[2025-06-20T14:50:30.870+0000] {logging_mixin.py:188} INFO - [2025-06-20T14:50:30.870+0000] {dag.py:3096} INFO - Sync 1 DAGs
[2025-06-20T14:50:30.891+0000] {logging_mixin.py:188} INFO - [2025-06-20T14:50:30.891+0000] {dag.py:3954} INFO - Setting next_dagrun for example_bash_operator to 2025-06-20 00:00:00+00:00, run_after=2025-06-21 00:00:00+00:00
[2025-06-20T14:50:30.907+0000] {processor.py:183} INFO - Processing /home/airflow/.local/lib/python3.12/site-packages/airflow/example_dags/example_bash_operator.py took 0.085 seconds
[2025-06-20T14:51:01.015+0000] {processor.py:161} INFO - Started process (PID=1949) to work on /home/airflow/.local/lib/python3.12/site-packages/airflow/example_dags/example_bash_operator.py
[2025-06-20T14:51:01.016+0000] {processor.py:830} INFO - Processing file /home/airflow/.local/lib/python3.12/site-packages/airflow/example_dags/example_bash_operator.py for tasks to queue
[2025-06-20T14:51:01.018+0000] {logging_mixin.py:188} INFO - [2025-06-20T14:51:01.018+0000] {dagbag.py:540} INFO - Filling up the DagBag from /home/airflow/.local/lib/python3.12/site-packages/airflow/example_dags/example_bash_operator.py
[2025-06-20T14:51:01.030+0000] {processor.py:840} INFO - DAG(s) 'example_bash_operator' retrieved from /home/airflow/.local/lib/python3.12/site-packages/airflow/example_dags/example_bash_operator.py
[2025-06-20T14:51:01.059+0000] {logging_mixin.py:188} INFO - [2025-06-20T14:51:01.058+0000] {dag.py:3096} INFO - Sync 1 DAGs
[2025-06-20T14:51:01.081+0000] {logging_mixin.py:188} INFO - [2025-06-20T14:51:01.081+0000] {dag.py:3954} INFO - Setting next_dagrun for example_bash_operator to 2025-06-20 00:00:00+00:00, run_after=2025-06-21 00:00:00+00:00
[2025-06-20T14:51:01.098+0000] {processor.py:183} INFO - Processing /home/airflow/.local/lib/python3.12/site-packages/airflow/example_dags/example_bash_operator.py took 0.089 seconds
[2025-06-20T14:51:31.223+0000] {processor.py:161} INFO - Started process (PID=2007) to work on /home/airflow/.local/lib/python3.12/site-packages/airflow/example_dags/example_bash_operator.py
[2025-06-20T14:51:31.224+0000] {processor.py:830} INFO - Processing file /home/airflow/.local/lib/python3.12/site-packages/airflow/example_dags/example_bash_operator.py for tasks to queue
[2025-06-20T14:51:31.226+0000] {logging_mixin.py:188} INFO - [2025-06-20T14:51:31.225+0000] {dagbag.py:540} INFO - Filling up the DagBag from /home/airflow/.local/lib/python3.12/site-packages/airflow/example_dags/example_bash_operator.py
[2025-06-20T14:51:31.237+0000] {processor.py:840} INFO - DAG(s) 'example_bash_operator' retrieved from /home/airflow/.local/lib/python3.12/site-packages/airflow/example_dags/example_bash_operator.py
[2025-06-20T14:51:31.265+0000] {logging_mixin.py:188} INFO - [2025-06-20T14:51:31.265+0000] {dag.py:3096} INFO - Sync 1 DAGs
[2025-06-20T14:51:31.290+0000] {logging_mixin.py:188} INFO - [2025-06-20T14:51:31.290+0000] {dag.py:3954} INFO - Setting next_dagrun for example_bash_operator to 2025-06-20 00:00:00+00:00, run_after=2025-06-21 00:00:00+00:00
[2025-06-20T14:51:31.306+0000] {processor.py:183} INFO - Processing /home/airflow/.local/lib/python3.12/site-packages/airflow/example_dags/example_bash_operator.py took 0.090 seconds
[2025-06-20T14:52:01.522+0000] {processor.py:161} INFO - Started process (PID=2065) to work on /home/airflow/.local/lib/python3.12/site-packages/airflow/example_dags/example_bash_operator.py
[2025-06-20T14:52:01.523+0000] {processor.py:830} INFO - Processing file /home/airflow/.local/lib/python3.12/site-packages/airflow/example_dags/example_bash_operator.py for tasks to queue
[2025-06-20T14:52:01.525+0000] {logging_mixin.py:188} INFO - [2025-06-20T14:52:01.524+0000] {dagbag.py:540} INFO - Filling up the DagBag from /home/airflow/.local/lib/python3.12/site-packages/airflow/example_dags/example_bash_operator.py
[2025-06-20T14:52:01.536+0000] {processor.py:840} INFO - DAG(s) 'example_bash_operator' retrieved from /home/airflow/.local/lib/python3.12/site-packages/airflow/example_dags/example_bash_operator.py
[2025-06-20T14:52:01.563+0000] {logging_mixin.py:188} INFO - [2025-06-20T14:52:01.562+0000] {dag.py:3096} INFO - Sync 1 DAGs
[2025-06-20T14:52:01.585+0000] {logging_mixin.py:188} INFO - [2025-06-20T14:52:01.584+0000] {dag.py:3954} INFO - Setting next_dagrun for example_bash_operator to 2025-06-20 00:00:00+00:00, run_after=2025-06-21 00:00:00+00:00
[2025-06-20T14:52:01.601+0000] {processor.py:183} INFO - Processing /home/airflow/.local/lib/python3.12/site-packages/airflow/example_dags/example_bash_operator.py took 0.085 seconds
[2025-06-20T14:52:32.380+0000] {processor.py:161} INFO - Started process (PID=2123) to work on /home/airflow/.local/lib/python3.12/site-packages/airflow/example_dags/example_bash_operator.py
[2025-06-20T14:52:32.381+0000] {processor.py:830} INFO - Processing file /home/airflow/.local/lib/python3.12/site-packages/airflow/example_dags/example_bash_operator.py for tasks to queue
[2025-06-20T14:52:32.383+0000] {logging_mixin.py:188} INFO - [2025-06-20T14:52:32.383+0000] {dagbag.py:540} INFO - Filling up the DagBag from /home/airflow/.local/lib/python3.12/site-packages/airflow/example_dags/example_bash_operator.py
[2025-06-20T14:52:32.394+0000] {processor.py:840} INFO - DAG(s) 'example_bash_operator' retrieved from /home/airflow/.local/lib/python3.12/site-packages/airflow/example_dags/example_bash_operator.py
[2025-06-20T14:52:32.420+0000] {logging_mixin.py:188} INFO - [2025-06-20T14:52:32.420+0000] {dag.py:3096} INFO - Sync 1 DAGs
[2025-06-20T14:52:32.441+0000] {logging_mixin.py:188} INFO - [2025-06-20T14:52:32.441+0000] {dag.py:3954} INFO - Setting next_dagrun for example_bash_operator to 2025-06-20 00:00:00+00:00, run_after=2025-06-21 00:00:00+00:00
[2025-06-20T14:52:32.457+0000] {processor.py:183} INFO - Processing /home/airflow/.local/lib/python3.12/site-packages/airflow/example_dags/example_bash_operator.py took 0.082 seconds
[2025-06-20T14:53:02.572+0000] {processor.py:161} INFO - Started process (PID=2181) to work on /home/airflow/.local/lib/python3.12/site-packages/airflow/example_dags/example_bash_operator.py
[2025-06-20T14:53:02.572+0000] {processor.py:830} INFO - Processing file /home/airflow/.local/lib/python3.12/site-packages/airflow/example_dags/example_bash_operator.py for tasks to queue
[2025-06-20T14:53:02.575+0000] {logging_mixin.py:188} INFO - [2025-06-20T14:53:02.574+0000] {dagbag.py:540} INFO - Filling up the DagBag from /home/airflow/.local/lib/python3.12/site-packages/airflow/example_dags/example_bash_operator.py
[2025-06-20T14:53:02.585+0000] {processor.py:840} INFO - DAG(s) 'example_bash_operator' retrieved from /home/airflow/.local/lib/python3.12/site-packages/airflow/example_dags/example_bash_operator.py
[2025-06-20T14:53:02.612+0000] {logging_mixin.py:188} INFO - [2025-06-20T14:53:02.612+0000] {dag.py:3096} INFO - Sync 1 DAGs
[2025-06-20T14:53:02.633+0000] {logging_mixin.py:188} INFO - [2025-06-20T14:53:02.633+0000] {dag.py:3954} INFO - Setting next_dagrun for example_bash_operator to 2025-06-20 00:00:00+00:00, run_after=2025-06-21 00:00:00+00:00
[2025-06-20T14:53:02.650+0000] {processor.py:183} INFO - Processing /home/airflow/.local/lib/python3.12/site-packages/airflow/example_dags/example_bash_operator.py took 0.084 seconds
[2025-06-20T14:53:32.984+0000] {processor.py:161} INFO - Started process (PID=2239) to work on /home/airflow/.local/lib/python3.12/site-packages/airflow/example_dags/example_bash_operator.py
[2025-06-20T14:53:32.985+0000] {processor.py:830} INFO - Processing file /home/airflow/.local/lib/python3.12/site-packages/airflow/example_dags/example_bash_operator.py for tasks to queue
[2025-06-20T14:53:32.987+0000] {logging_mixin.py:188} INFO - [2025-06-20T14:53:32.987+0000] {dagbag.py:540} INFO - Filling up the DagBag from /home/airflow/.local/lib/python3.12/site-packages/airflow/example_dags/example_bash_operator.py
[2025-06-20T14:53:32.998+0000] {processor.py:840} INFO - DAG(s) 'example_bash_operator' retrieved from /home/airflow/.local/lib/python3.12/site-packages/airflow/example_dags/example_bash_operator.py
[2025-06-20T14:53:33.025+0000] {logging_mixin.py:188} INFO - [2025-06-20T14:53:33.025+0000] {dag.py:3096} INFO - Sync 1 DAGs
[2025-06-20T14:53:33.047+0000] {logging_mixin.py:188} INFO - [2025-06-20T14:53:33.046+0000] {dag.py:3954} INFO - Setting next_dagrun for example_bash_operator to 2025-06-20 00:00:00+00:00, run_after=2025-06-21 00:00:00+00:00
[2025-06-20T14:53:33.063+0000] {processor.py:183} INFO - Processing /home/airflow/.local/lib/python3.12/site-packages/airflow/example_dags/example_bash_operator.py took 0.085 seconds
[2025-06-20T14:54:03.946+0000] {processor.py:161} INFO - Started process (PID=2297) to work on /home/airflow/.local/lib/python3.12/site-packages/airflow/example_dags/example_bash_operator.py
[2025-06-20T14:54:03.947+0000] {processor.py:830} INFO - Processing file /home/airflow/.local/lib/python3.12/site-packages/airflow/example_dags/example_bash_operator.py for tasks to queue
[2025-06-20T14:54:03.949+0000] {logging_mixin.py:188} INFO - [2025-06-20T14:54:03.949+0000] {dagbag.py:540} INFO - Filling up the DagBag from /home/airflow/.local/lib/python3.12/site-packages/airflow/example_dags/example_bash_operator.py
[2025-06-20T14:54:03.960+0000] {processor.py:840} INFO - DAG(s) 'example_bash_operator' retrieved from /home/airflow/.local/lib/python3.12/site-packages/airflow/example_dags/example_bash_operator.py
[2025-06-20T14:54:03.986+0000] {logging_mixin.py:188} INFO - [2025-06-20T14:54:03.986+0000] {dag.py:3096} INFO - Sync 1 DAGs
[2025-06-20T14:54:04.008+0000] {logging_mixin.py:188} INFO - [2025-06-20T14:54:04.007+0000] {dag.py:3954} INFO - Setting next_dagrun for example_bash_operator to 2025-06-20 00:00:00+00:00, run_after=2025-06-21 00:00:00+00:00
[2025-06-20T14:54:04.023+0000] {processor.py:183} INFO - Processing /home/airflow/.local/lib/python3.12/site-packages/airflow/example_dags/example_bash_operator.py took 0.083 seconds
[2025-06-20T14:54:34.850+0000] {processor.py:161} INFO - Started process (PID=2355) to work on /home/airflow/.local/lib/python3.12/site-packages/airflow/example_dags/example_bash_operator.py
[2025-06-20T14:54:34.851+0000] {processor.py:830} INFO - Processing file /home/airflow/.local/lib/python3.12/site-packages/airflow/example_dags/example_bash_operator.py for tasks to queue
[2025-06-20T14:54:34.853+0000] {logging_mixin.py:188} INFO - [2025-06-20T14:54:34.852+0000] {dagbag.py:540} INFO - Filling up the DagBag from /home/airflow/.local/lib/python3.12/site-packages/airflow/example_dags/example_bash_operator.py
[2025-06-20T14:54:34.864+0000] {processor.py:840} INFO - DAG(s) 'example_bash_operator' retrieved from /home/airflow/.local/lib/python3.12/site-packages/airflow/example_dags/example_bash_operator.py
[2025-06-20T14:54:34.891+0000] {logging_mixin.py:188} INFO - [2025-06-20T14:54:34.891+0000] {dag.py:3096} INFO - Sync 1 DAGs
[2025-06-20T14:54:34.914+0000] {logging_mixin.py:188} INFO - [2025-06-20T14:54:34.913+0000] {dag.py:3954} INFO - Setting next_dagrun for example_bash_operator to 2025-06-20 00:00:00+00:00, run_after=2025-06-21 00:00:00+00:00
[2025-06-20T14:54:34.932+0000] {processor.py:183} INFO - Processing /home/airflow/.local/lib/python3.12/site-packages/airflow/example_dags/example_bash_operator.py took 0.088 seconds
[2025-06-20T14:55:05.036+0000] {processor.py:161} INFO - Started process (PID=2414) to work on /home/airflow/.local/lib/python3.12/site-packages/airflow/example_dags/example_bash_operator.py
[2025-06-20T14:55:05.038+0000] {processor.py:830} INFO - Processing file /home/airflow/.local/lib/python3.12/site-packages/airflow/example_dags/example_bash_operator.py for tasks to queue
[2025-06-20T14:55:05.040+0000] {logging_mixin.py:188} INFO - [2025-06-20T14:55:05.040+0000] {dagbag.py:540} INFO - Filling up the DagBag from /home/airflow/.local/lib/python3.12/site-packages/airflow/example_dags/example_bash_operator.py
[2025-06-20T14:55:05.051+0000] {processor.py:840} INFO - DAG(s) 'example_bash_operator' retrieved from /home/airflow/.local/lib/python3.12/site-packages/airflow/example_dags/example_bash_operator.py
[2025-06-20T14:55:05.079+0000] {logging_mixin.py:188} INFO - [2025-06-20T14:55:05.079+0000] {dag.py:3096} INFO - Sync 1 DAGs
[2025-06-20T14:55:05.100+0000] {logging_mixin.py:188} INFO - [2025-06-20T14:55:05.100+0000] {dag.py:3954} INFO - Setting next_dagrun for example_bash_operator to 2025-06-20 00:00:00+00:00, run_after=2025-06-21 00:00:00+00:00
[2025-06-20T14:55:05.141+0000] {processor.py:183} INFO - Processing /home/airflow/.local/lib/python3.12/site-packages/airflow/example_dags/example_bash_operator.py took 0.111 seconds
[2025-06-20T14:55:35.334+0000] {processor.py:161} INFO - Started process (PID=2473) to work on /home/airflow/.local/lib/python3.12/site-packages/airflow/example_dags/example_bash_operator.py
[2025-06-20T14:55:35.335+0000] {processor.py:830} INFO - Processing file /home/airflow/.local/lib/python3.12/site-packages/airflow/example_dags/example_bash_operator.py for tasks to queue
[2025-06-20T14:55:35.337+0000] {logging_mixin.py:188} INFO - [2025-06-20T14:55:35.337+0000] {dagbag.py:540} INFO - Filling up the DagBag from /home/airflow/.local/lib/python3.12/site-packages/airflow/example_dags/example_bash_operator.py
[2025-06-20T14:55:35.348+0000] {processor.py:840} INFO - DAG(s) 'example_bash_operator' retrieved from /home/airflow/.local/lib/python3.12/site-packages/airflow/example_dags/example_bash_operator.py
[2025-06-20T14:55:35.376+0000] {logging_mixin.py:188} INFO - [2025-06-20T14:55:35.376+0000] {dag.py:3096} INFO - Sync 1 DAGs
[2025-06-20T14:55:35.404+0000] {logging_mixin.py:188} INFO - [2025-06-20T14:55:35.403+0000] {dag.py:3954} INFO - Setting next_dagrun for example_bash_operator to 2025-06-20 00:00:00+00:00, run_after=2025-06-21 00:00:00+00:00
[2025-06-20T14:55:35.431+0000] {processor.py:183} INFO - Processing /home/airflow/.local/lib/python3.12/site-packages/airflow/example_dags/example_bash_operator.py took 0.103 seconds
[2025-06-20T14:56:05.721+0000] {processor.py:161} INFO - Started process (PID=2532) to work on /home/airflow/.local/lib/python3.12/site-packages/airflow/example_dags/example_bash_operator.py
[2025-06-20T14:56:05.721+0000] {processor.py:830} INFO - Processing file /home/airflow/.local/lib/python3.12/site-packages/airflow/example_dags/example_bash_operator.py for tasks to queue
[2025-06-20T14:56:05.723+0000] {logging_mixin.py:188} INFO - [2025-06-20T14:56:05.723+0000] {dagbag.py:540} INFO - Filling up the DagBag from /home/airflow/.local/lib/python3.12/site-packages/airflow/example_dags/example_bash_operator.py
[2025-06-20T14:56:05.734+0000] {processor.py:840} INFO - DAG(s) 'example_bash_operator' retrieved from /home/airflow/.local/lib/python3.12/site-packages/airflow/example_dags/example_bash_operator.py
[2025-06-20T14:56:05.760+0000] {logging_mixin.py:188} INFO - [2025-06-20T14:56:05.760+0000] {dag.py:3096} INFO - Sync 1 DAGs
[2025-06-20T14:56:05.781+0000] {logging_mixin.py:188} INFO - [2025-06-20T14:56:05.781+0000] {dag.py:3954} INFO - Setting next_dagrun for example_bash_operator to 2025-06-20 00:00:00+00:00, run_after=2025-06-21 00:00:00+00:00
[2025-06-20T14:56:05.797+0000] {processor.py:183} INFO - Processing /home/airflow/.local/lib/python3.12/site-packages/airflow/example_dags/example_bash_operator.py took 0.082 seconds
[2025-06-20T14:56:35.921+0000] {processor.py:161} INFO - Started process (PID=2591) to work on /home/airflow/.local/lib/python3.12/site-packages/airflow/example_dags/example_bash_operator.py
[2025-06-20T14:56:35.921+0000] {processor.py:830} INFO - Processing file /home/airflow/.local/lib/python3.12/site-packages/airflow/example_dags/example_bash_operator.py for tasks to queue
[2025-06-20T14:56:35.923+0000] {logging_mixin.py:188} INFO - [2025-06-20T14:56:35.923+0000] {dagbag.py:540} INFO - Filling up the DagBag from /home/airflow/.local/lib/python3.12/site-packages/airflow/example_dags/example_bash_operator.py
[2025-06-20T14:56:35.934+0000] {processor.py:840} INFO - DAG(s) 'example_bash_operator' retrieved from /home/airflow/.local/lib/python3.12/site-packages/airflow/example_dags/example_bash_operator.py
[2025-06-20T14:56:35.961+0000] {logging_mixin.py:188} INFO - [2025-06-20T14:56:35.960+0000] {dag.py:3096} INFO - Sync 1 DAGs
[2025-06-20T14:56:35.983+0000] {logging_mixin.py:188} INFO - [2025-06-20T14:56:35.983+0000] {dag.py:3954} INFO - Setting next_dagrun for example_bash_operator to 2025-06-20 00:00:00+00:00, run_after=2025-06-21 00:00:00+00:00
[2025-06-20T14:56:36.003+0000] {processor.py:183} INFO - Processing /home/airflow/.local/lib/python3.12/site-packages/airflow/example_dags/example_bash_operator.py took 0.088 seconds
[2025-06-20T14:57:06.238+0000] {processor.py:161} INFO - Started process (PID=2650) to work on /home/airflow/.local/lib/python3.12/site-packages/airflow/example_dags/example_bash_operator.py
[2025-06-20T14:57:06.239+0000] {processor.py:830} INFO - Processing file /home/airflow/.local/lib/python3.12/site-packages/airflow/example_dags/example_bash_operator.py for tasks to queue
[2025-06-20T14:57:06.241+0000] {logging_mixin.py:188} INFO - [2025-06-20T14:57:06.240+0000] {dagbag.py:540} INFO - Filling up the DagBag from /home/airflow/.local/lib/python3.12/site-packages/airflow/example_dags/example_bash_operator.py
[2025-06-20T14:57:06.251+0000] {processor.py:840} INFO - DAG(s) 'example_bash_operator' retrieved from /home/airflow/.local/lib/python3.12/site-packages/airflow/example_dags/example_bash_operator.py
[2025-06-20T14:57:06.280+0000] {logging_mixin.py:188} INFO - [2025-06-20T14:57:06.280+0000] {dag.py:3096} INFO - Sync 1 DAGs
[2025-06-20T14:57:06.303+0000] {logging_mixin.py:188} INFO - [2025-06-20T14:57:06.303+0000] {dag.py:3954} INFO - Setting next_dagrun for example_bash_operator to 2025-06-20 00:00:00+00:00, run_after=2025-06-21 00:00:00+00:00
[2025-06-20T14:57:06.319+0000] {processor.py:183} INFO - Processing /home/airflow/.local/lib/python3.12/site-packages/airflow/example_dags/example_bash_operator.py took 0.087 seconds
[2025-06-20T14:57:36.415+0000] {processor.py:161} INFO - Started process (PID=2709) to work on /home/airflow/.local/lib/python3.12/site-packages/airflow/example_dags/example_bash_operator.py
[2025-06-20T14:57:36.416+0000] {processor.py:830} INFO - Processing file /home/airflow/.local/lib/python3.12/site-packages/airflow/example_dags/example_bash_operator.py for tasks to queue
[2025-06-20T14:57:36.418+0000] {logging_mixin.py:188} INFO - [2025-06-20T14:57:36.417+0000] {dagbag.py:540} INFO - Filling up the DagBag from /home/airflow/.local/lib/python3.12/site-packages/airflow/example_dags/example_bash_operator.py
[2025-06-20T14:57:36.429+0000] {processor.py:840} INFO - DAG(s) 'example_bash_operator' retrieved from /home/airflow/.local/lib/python3.12/site-packages/airflow/example_dags/example_bash_operator.py
[2025-06-20T14:57:36.458+0000] {logging_mixin.py:188} INFO - [2025-06-20T14:57:36.458+0000] {dag.py:3096} INFO - Sync 1 DAGs
[2025-06-20T14:57:36.485+0000] {logging_mixin.py:188} INFO - [2025-06-20T14:57:36.484+0000] {dag.py:3954} INFO - Setting next_dagrun for example_bash_operator to 2025-06-20 00:00:00+00:00, run_after=2025-06-21 00:00:00+00:00
[2025-06-20T14:57:36.508+0000] {processor.py:183} INFO - Processing /home/airflow/.local/lib/python3.12/site-packages/airflow/example_dags/example_bash_operator.py took 0.099 seconds
[2025-06-20T14:58:06.571+0000] {processor.py:161} INFO - Started process (PID=2768) to work on /home/airflow/.local/lib/python3.12/site-packages/airflow/example_dags/example_bash_operator.py
[2025-06-20T14:58:06.571+0000] {processor.py:830} INFO - Processing file /home/airflow/.local/lib/python3.12/site-packages/airflow/example_dags/example_bash_operator.py for tasks to queue
[2025-06-20T14:58:06.573+0000] {logging_mixin.py:188} INFO - [2025-06-20T14:58:06.573+0000] {dagbag.py:540} INFO - Filling up the DagBag from /home/airflow/.local/lib/python3.12/site-packages/airflow/example_dags/example_bash_operator.py
[2025-06-20T14:58:06.584+0000] {processor.py:840} INFO - DAG(s) 'example_bash_operator' retrieved from /home/airflow/.local/lib/python3.12/site-packages/airflow/example_dags/example_bash_operator.py
[2025-06-20T14:58:06.613+0000] {logging_mixin.py:188} INFO - [2025-06-20T14:58:06.613+0000] {dag.py:3096} INFO - Sync 1 DAGs
[2025-06-20T14:58:06.635+0000] {logging_mixin.py:188} INFO - [2025-06-20T14:58:06.635+0000] {dag.py:3954} INFO - Setting next_dagrun for example_bash_operator to 2025-06-20 00:00:00+00:00, run_after=2025-06-21 00:00:00+00:00
[2025-06-20T14:58:06.654+0000] {processor.py:183} INFO - Processing /home/airflow/.local/lib/python3.12/site-packages/airflow/example_dags/example_bash_operator.py took 0.089 seconds
[2025-06-20T14:58:36.782+0000] {processor.py:161} INFO - Started process (PID=2827) to work on /home/airflow/.local/lib/python3.12/site-packages/airflow/example_dags/example_bash_operator.py
[2025-06-20T14:58:36.783+0000] {processor.py:830} INFO - Processing file /home/airflow/.local/lib/python3.12/site-packages/airflow/example_dags/example_bash_operator.py for tasks to queue
[2025-06-20T14:58:36.785+0000] {logging_mixin.py:188} INFO - [2025-06-20T14:58:36.785+0000] {dagbag.py:540} INFO - Filling up the DagBag from /home/airflow/.local/lib/python3.12/site-packages/airflow/example_dags/example_bash_operator.py
[2025-06-20T14:58:36.796+0000] {processor.py:840} INFO - DAG(s) 'example_bash_operator' retrieved from /home/airflow/.local/lib/python3.12/site-packages/airflow/example_dags/example_bash_operator.py
[2025-06-20T14:58:36.822+0000] {logging_mixin.py:188} INFO - [2025-06-20T14:58:36.822+0000] {dag.py:3096} INFO - Sync 1 DAGs
[2025-06-20T14:58:36.843+0000] {logging_mixin.py:188} INFO - [2025-06-20T14:58:36.843+0000] {dag.py:3954} INFO - Setting next_dagrun for example_bash_operator to 2025-06-20 00:00:00+00:00, run_after=2025-06-21 00:00:00+00:00
[2025-06-20T14:58:36.860+0000] {processor.py:183} INFO - Processing /home/airflow/.local/lib/python3.12/site-packages/airflow/example_dags/example_bash_operator.py took 0.084 seconds
[2025-06-20T14:59:07.098+0000] {processor.py:161} INFO - Started process (PID=2886) to work on /home/airflow/.local/lib/python3.12/site-packages/airflow/example_dags/example_bash_operator.py
[2025-06-20T14:59:07.099+0000] {processor.py:830} INFO - Processing file /home/airflow/.local/lib/python3.12/site-packages/airflow/example_dags/example_bash_operator.py for tasks to queue
[2025-06-20T14:59:07.101+0000] {logging_mixin.py:188} INFO - [2025-06-20T14:59:07.100+0000] {dagbag.py:540} INFO - Filling up the DagBag from /home/airflow/.local/lib/python3.12/site-packages/airflow/example_dags/example_bash_operator.py
[2025-06-20T14:59:07.111+0000] {processor.py:840} INFO - DAG(s) 'example_bash_operator' retrieved from /home/airflow/.local/lib/python3.12/site-packages/airflow/example_dags/example_bash_operator.py
[2025-06-20T14:59:07.138+0000] {logging_mixin.py:188} INFO - [2025-06-20T14:59:07.138+0000] {dag.py:3096} INFO - Sync 1 DAGs
[2025-06-20T14:59:07.160+0000] {logging_mixin.py:188} INFO - [2025-06-20T14:59:07.159+0000] {dag.py:3954} INFO - Setting next_dagrun for example_bash_operator to 2025-06-20 00:00:00+00:00, run_after=2025-06-21 00:00:00+00:00
[2025-06-20T14:59:07.175+0000] {processor.py:183} INFO - Processing /home/airflow/.local/lib/python3.12/site-packages/airflow/example_dags/example_bash_operator.py took 0.083 seconds
[2025-06-20T14:59:37.944+0000] {processor.py:161} INFO - Started process (PID=2943) to work on /home/airflow/.local/lib/python3.12/site-packages/airflow/example_dags/example_bash_operator.py
[2025-06-20T14:59:37.945+0000] {processor.py:830} INFO - Processing file /home/airflow/.local/lib/python3.12/site-packages/airflow/example_dags/example_bash_operator.py for tasks to queue
[2025-06-20T14:59:37.947+0000] {logging_mixin.py:188} INFO - [2025-06-20T14:59:37.947+0000] {dagbag.py:540} INFO - Filling up the DagBag from /home/airflow/.local/lib/python3.12/site-packages/airflow/example_dags/example_bash_operator.py
[2025-06-20T14:59:37.960+0000] {processor.py:840} INFO - DAG(s) 'example_bash_operator' retrieved from /home/airflow/.local/lib/python3.12/site-packages/airflow/example_dags/example_bash_operator.py
[2025-06-20T14:59:37.992+0000] {logging_mixin.py:188} INFO - [2025-06-20T14:59:37.992+0000] {dag.py:3096} INFO - Sync 1 DAGs
[2025-06-20T14:59:38.016+0000] {logging_mixin.py:188} INFO - [2025-06-20T14:59:38.016+0000] {dag.py:3954} INFO - Setting next_dagrun for example_bash_operator to 2025-06-20 00:00:00+00:00, run_after=2025-06-21 00:00:00+00:00
[2025-06-20T14:59:38.052+0000] {processor.py:183} INFO - Processing /home/airflow/.local/lib/python3.12/site-packages/airflow/example_dags/example_bash_operator.py took 0.116 seconds
[2025-06-20T15:00:08.447+0000] {processor.py:161} INFO - Started process (PID=3002) to work on /home/airflow/.local/lib/python3.12/site-packages/airflow/example_dags/example_bash_operator.py
[2025-06-20T15:00:08.448+0000] {processor.py:830} INFO - Processing file /home/airflow/.local/lib/python3.12/site-packages/airflow/example_dags/example_bash_operator.py for tasks to queue
[2025-06-20T15:00:08.450+0000] {logging_mixin.py:188} INFO - [2025-06-20T15:00:08.450+0000] {dagbag.py:540} INFO - Filling up the DagBag from /home/airflow/.local/lib/python3.12/site-packages/airflow/example_dags/example_bash_operator.py
[2025-06-20T15:00:08.466+0000] {processor.py:840} INFO - DAG(s) 'example_bash_operator' retrieved from /home/airflow/.local/lib/python3.12/site-packages/airflow/example_dags/example_bash_operator.py
[2025-06-20T15:00:08.492+0000] {logging_mixin.py:188} INFO - [2025-06-20T15:00:08.492+0000] {dag.py:3096} INFO - Sync 1 DAGs
[2025-06-20T15:00:08.517+0000] {logging_mixin.py:188} INFO - [2025-06-20T15:00:08.516+0000] {dag.py:3954} INFO - Setting next_dagrun for example_bash_operator to 2025-06-20 00:00:00+00:00, run_after=2025-06-21 00:00:00+00:00
[2025-06-20T15:00:08.532+0000] {processor.py:183} INFO - Processing /home/airflow/.local/lib/python3.12/site-packages/airflow/example_dags/example_bash_operator.py took 0.093 seconds
[2025-06-20T15:00:38.942+0000] {processor.py:161} INFO - Started process (PID=3061) to work on /home/airflow/.local/lib/python3.12/site-packages/airflow/example_dags/example_bash_operator.py
[2025-06-20T15:00:38.943+0000] {processor.py:830} INFO - Processing file /home/airflow/.local/lib/python3.12/site-packages/airflow/example_dags/example_bash_operator.py for tasks to queue
[2025-06-20T15:00:38.945+0000] {logging_mixin.py:188} INFO - [2025-06-20T15:00:38.945+0000] {dagbag.py:540} INFO - Filling up the DagBag from /home/airflow/.local/lib/python3.12/site-packages/airflow/example_dags/example_bash_operator.py
[2025-06-20T15:00:38.956+0000] {processor.py:840} INFO - DAG(s) 'example_bash_operator' retrieved from /home/airflow/.local/lib/python3.12/site-packages/airflow/example_dags/example_bash_operator.py
[2025-06-20T15:00:38.983+0000] {logging_mixin.py:188} INFO - [2025-06-20T15:00:38.982+0000] {dag.py:3096} INFO - Sync 1 DAGs
[2025-06-20T15:00:39.004+0000] {logging_mixin.py:188} INFO - [2025-06-20T15:00:39.004+0000] {dag.py:3954} INFO - Setting next_dagrun for example_bash_operator to 2025-06-20 00:00:00+00:00, run_after=2025-06-21 00:00:00+00:00
[2025-06-20T15:00:39.020+0000] {processor.py:183} INFO - Processing /home/airflow/.local/lib/python3.12/site-packages/airflow/example_dags/example_bash_operator.py took 0.083 seconds
[2025-06-20T15:01:09.134+0000] {processor.py:161} INFO - Started process (PID=3120) to work on /home/airflow/.local/lib/python3.12/site-packages/airflow/example_dags/example_bash_operator.py
[2025-06-20T15:01:09.135+0000] {processor.py:830} INFO - Processing file /home/airflow/.local/lib/python3.12/site-packages/airflow/example_dags/example_bash_operator.py for tasks to queue
[2025-06-20T15:01:09.137+0000] {logging_mixin.py:188} INFO - [2025-06-20T15:01:09.136+0000] {dagbag.py:540} INFO - Filling up the DagBag from /home/airflow/.local/lib/python3.12/site-packages/airflow/example_dags/example_bash_operator.py
[2025-06-20T15:01:09.148+0000] {processor.py:840} INFO - DAG(s) 'example_bash_operator' retrieved from /home/airflow/.local/lib/python3.12/site-packages/airflow/example_dags/example_bash_operator.py
[2025-06-20T15:01:09.174+0000] {logging_mixin.py:188} INFO - [2025-06-20T15:01:09.174+0000] {dag.py:3096} INFO - Sync 1 DAGs
[2025-06-20T15:01:09.196+0000] {logging_mixin.py:188} INFO - [2025-06-20T15:01:09.195+0000] {dag.py:3954} INFO - Setting next_dagrun for example_bash_operator to 2025-06-20 00:00:00+00:00, run_after=2025-06-21 00:00:00+00:00
[2025-06-20T15:01:09.211+0000] {processor.py:183} INFO - Processing /home/airflow/.local/lib/python3.12/site-packages/airflow/example_dags/example_bash_operator.py took 0.083 seconds
[2025-06-20T15:01:39.318+0000] {processor.py:161} INFO - Started process (PID=3179) to work on /home/airflow/.local/lib/python3.12/site-packages/airflow/example_dags/example_bash_operator.py
[2025-06-20T15:01:39.319+0000] {processor.py:830} INFO - Processing file /home/airflow/.local/lib/python3.12/site-packages/airflow/example_dags/example_bash_operator.py for tasks to queue
[2025-06-20T15:01:39.321+0000] {logging_mixin.py:188} INFO - [2025-06-20T15:01:39.320+0000] {dagbag.py:540} INFO - Filling up the DagBag from /home/airflow/.local/lib/python3.12/site-packages/airflow/example_dags/example_bash_operator.py
[2025-06-20T15:01:39.332+0000] {processor.py:840} INFO - DAG(s) 'example_bash_operator' retrieved from /home/airflow/.local/lib/python3.12/site-packages/airflow/example_dags/example_bash_operator.py
[2025-06-20T15:01:39.359+0000] {logging_mixin.py:188} INFO - [2025-06-20T15:01:39.359+0000] {dag.py:3096} INFO - Sync 1 DAGs
[2025-06-20T15:01:39.381+0000] {logging_mixin.py:188} INFO - [2025-06-20T15:01:39.380+0000] {dag.py:3954} INFO - Setting next_dagrun for example_bash_operator to 2025-06-20 00:00:00+00:00, run_after=2025-06-21 00:00:00+00:00
[2025-06-20T15:01:39.396+0000] {processor.py:183} INFO - Processing /home/airflow/.local/lib/python3.12/site-packages/airflow/example_dags/example_bash_operator.py took 0.084 seconds
[2025-06-20T15:02:10.037+0000] {processor.py:161} INFO - Started process (PID=3238) to work on /home/airflow/.local/lib/python3.12/site-packages/airflow/example_dags/example_bash_operator.py
[2025-06-20T15:02:10.038+0000] {processor.py:830} INFO - Processing file /home/airflow/.local/lib/python3.12/site-packages/airflow/example_dags/example_bash_operator.py for tasks to queue
[2025-06-20T15:02:10.040+0000] {logging_mixin.py:188} INFO - [2025-06-20T15:02:10.039+0000] {dagbag.py:540} INFO - Filling up the DagBag from /home/airflow/.local/lib/python3.12/site-packages/airflow/example_dags/example_bash_operator.py
[2025-06-20T15:02:10.051+0000] {processor.py:840} INFO - DAG(s) 'example_bash_operator' retrieved from /home/airflow/.local/lib/python3.12/site-packages/airflow/example_dags/example_bash_operator.py
[2025-06-20T15:02:10.078+0000] {logging_mixin.py:188} INFO - [2025-06-20T15:02:10.078+0000] {dag.py:3096} INFO - Sync 1 DAGs
[2025-06-20T15:02:10.101+0000] {logging_mixin.py:188} INFO - [2025-06-20T15:02:10.101+0000] {dag.py:3954} INFO - Setting next_dagrun for example_bash_operator to 2025-06-20 00:00:00+00:00, run_after=2025-06-21 00:00:00+00:00
[2025-06-20T15:02:10.116+0000] {processor.py:183} INFO - Processing /home/airflow/.local/lib/python3.12/site-packages/airflow/example_dags/example_bash_operator.py took 0.085 seconds
[2025-06-20T15:02:40.751+0000] {processor.py:161} INFO - Started process (PID=3297) to work on /home/airflow/.local/lib/python3.12/site-packages/airflow/example_dags/example_bash_operator.py
[2025-06-20T15:02:40.752+0000] {processor.py:830} INFO - Processing file /home/airflow/.local/lib/python3.12/site-packages/airflow/example_dags/example_bash_operator.py for tasks to queue
[2025-06-20T15:02:40.753+0000] {logging_mixin.py:188} INFO - [2025-06-20T15:02:40.753+0000] {dagbag.py:540} INFO - Filling up the DagBag from /home/airflow/.local/lib/python3.12/site-packages/airflow/example_dags/example_bash_operator.py
[2025-06-20T15:02:40.764+0000] {processor.py:840} INFO - DAG(s) 'example_bash_operator' retrieved from /home/airflow/.local/lib/python3.12/site-packages/airflow/example_dags/example_bash_operator.py
[2025-06-20T15:02:40.791+0000] {logging_mixin.py:188} INFO - [2025-06-20T15:02:40.791+0000] {dag.py:3096} INFO - Sync 1 DAGs
[2025-06-20T15:02:40.813+0000] {logging_mixin.py:188} INFO - [2025-06-20T15:02:40.813+0000] {dag.py:3954} INFO - Setting next_dagrun for example_bash_operator to 2025-06-20 00:00:00+00:00, run_after=2025-06-21 00:00:00+00:00
[2025-06-20T15:02:40.829+0000] {processor.py:183} INFO - Processing /home/airflow/.local/lib/python3.12/site-packages/airflow/example_dags/example_bash_operator.py took 0.084 seconds
[2025-06-20T15:03:11.402+0000] {processor.py:161} INFO - Started process (PID=3356) to work on /home/airflow/.local/lib/python3.12/site-packages/airflow/example_dags/example_bash_operator.py
[2025-06-20T15:03:11.403+0000] {processor.py:830} INFO - Processing file /home/airflow/.local/lib/python3.12/site-packages/airflow/example_dags/example_bash_operator.py for tasks to queue
[2025-06-20T15:03:11.405+0000] {logging_mixin.py:188} INFO - [2025-06-20T15:03:11.404+0000] {dagbag.py:540} INFO - Filling up the DagBag from /home/airflow/.local/lib/python3.12/site-packages/airflow/example_dags/example_bash_operator.py
[2025-06-20T15:03:11.416+0000] {processor.py:840} INFO - DAG(s) 'example_bash_operator' retrieved from /home/airflow/.local/lib/python3.12/site-packages/airflow/example_dags/example_bash_operator.py
[2025-06-20T15:03:11.443+0000] {logging_mixin.py:188} INFO - [2025-06-20T15:03:11.443+0000] {dag.py:3096} INFO - Sync 1 DAGs
[2025-06-20T15:03:11.464+0000] {logging_mixin.py:188} INFO - [2025-06-20T15:03:11.464+0000] {dag.py:3954} INFO - Setting next_dagrun for example_bash_operator to 2025-06-20 00:00:00+00:00, run_after=2025-06-21 00:00:00+00:00
[2025-06-20T15:03:11.480+0000] {processor.py:183} INFO - Processing /home/airflow/.local/lib/python3.12/site-packages/airflow/example_dags/example_bash_operator.py took 0.084 seconds
[2025-06-20T15:03:42.233+0000] {processor.py:161} INFO - Started process (PID=3415) to work on /home/airflow/.local/lib/python3.12/site-packages/airflow/example_dags/example_bash_operator.py
[2025-06-20T15:03:42.234+0000] {processor.py:830} INFO - Processing file /home/airflow/.local/lib/python3.12/site-packages/airflow/example_dags/example_bash_operator.py for tasks to queue
[2025-06-20T15:03:42.236+0000] {logging_mixin.py:188} INFO - [2025-06-20T15:03:42.236+0000] {dagbag.py:540} INFO - Filling up the DagBag from /home/airflow/.local/lib/python3.12/site-packages/airflow/example_dags/example_bash_operator.py
[2025-06-20T15:03:42.247+0000] {processor.py:840} INFO - DAG(s) 'example_bash_operator' retrieved from /home/airflow/.local/lib/python3.12/site-packages/airflow/example_dags/example_bash_operator.py
[2025-06-20T15:03:42.274+0000] {logging_mixin.py:188} INFO - [2025-06-20T15:03:42.274+0000] {dag.py:3096} INFO - Sync 1 DAGs
[2025-06-20T15:03:42.295+0000] {logging_mixin.py:188} INFO - [2025-06-20T15:03:42.295+0000] {dag.py:3954} INFO - Setting next_dagrun for example_bash_operator to 2025-06-20 00:00:00+00:00, run_after=2025-06-21 00:00:00+00:00
[2025-06-20T15:03:42.311+0000] {processor.py:183} INFO - Processing /home/airflow/.local/lib/python3.12/site-packages/airflow/example_dags/example_bash_operator.py took 0.083 seconds
[2025-06-20T15:04:12.598+0000] {processor.py:161} INFO - Started process (PID=3474) to work on /home/airflow/.local/lib/python3.12/site-packages/airflow/example_dags/example_bash_operator.py
[2025-06-20T15:04:12.599+0000] {processor.py:830} INFO - Processing file /home/airflow/.local/lib/python3.12/site-packages/airflow/example_dags/example_bash_operator.py for tasks to queue
[2025-06-20T15:04:12.600+0000] {logging_mixin.py:188} INFO - [2025-06-20T15:04:12.600+0000] {dagbag.py:540} INFO - Filling up the DagBag from /home/airflow/.local/lib/python3.12/site-packages/airflow/example_dags/example_bash_operator.py
[2025-06-20T15:04:12.612+0000] {processor.py:840} INFO - DAG(s) 'example_bash_operator' retrieved from /home/airflow/.local/lib/python3.12/site-packages/airflow/example_dags/example_bash_operator.py
[2025-06-20T15:04:12.639+0000] {logging_mixin.py:188} INFO - [2025-06-20T15:04:12.639+0000] {dag.py:3096} INFO - Sync 1 DAGs
[2025-06-20T15:04:12.661+0000] {logging_mixin.py:188} INFO - [2025-06-20T15:04:12.661+0000] {dag.py:3954} INFO - Setting next_dagrun for example_bash_operator to 2025-06-20 00:00:00+00:00, run_after=2025-06-21 00:00:00+00:00
[2025-06-20T15:04:12.676+0000] {processor.py:183} INFO - Processing /home/airflow/.local/lib/python3.12/site-packages/airflow/example_dags/example_bash_operator.py took 0.084 seconds
[2025-06-20T15:04:43.404+0000] {processor.py:161} INFO - Started process (PID=3533) to work on /home/airflow/.local/lib/python3.12/site-packages/airflow/example_dags/example_bash_operator.py
[2025-06-20T15:04:43.404+0000] {processor.py:830} INFO - Processing file /home/airflow/.local/lib/python3.12/site-packages/airflow/example_dags/example_bash_operator.py for tasks to queue
[2025-06-20T15:04:43.406+0000] {logging_mixin.py:188} INFO - [2025-06-20T15:04:43.406+0000] {dagbag.py:540} INFO - Filling up the DagBag from /home/airflow/.local/lib/python3.12/site-packages/airflow/example_dags/example_bash_operator.py
[2025-06-20T15:04:43.417+0000] {processor.py:840} INFO - DAG(s) 'example_bash_operator' retrieved from /home/airflow/.local/lib/python3.12/site-packages/airflow/example_dags/example_bash_operator.py
[2025-06-20T15:04:43.445+0000] {logging_mixin.py:188} INFO - [2025-06-20T15:04:43.444+0000] {dag.py:3096} INFO - Sync 1 DAGs
[2025-06-20T15:04:43.466+0000] {logging_mixin.py:188} INFO - [2025-06-20T15:04:43.466+0000] {dag.py:3954} INFO - Setting next_dagrun for example_bash_operator to 2025-06-20 00:00:00+00:00, run_after=2025-06-21 00:00:00+00:00
[2025-06-20T15:04:43.482+0000] {processor.py:183} INFO - Processing /home/airflow/.local/lib/python3.12/site-packages/airflow/example_dags/example_bash_operator.py took 0.084 seconds
[2025-06-20T15:05:13.571+0000] {processor.py:161} INFO - Started process (PID=3592) to work on /home/airflow/.local/lib/python3.12/site-packages/airflow/example_dags/example_bash_operator.py
[2025-06-20T15:05:13.572+0000] {processor.py:830} INFO - Processing file /home/airflow/.local/lib/python3.12/site-packages/airflow/example_dags/example_bash_operator.py for tasks to queue
[2025-06-20T15:05:13.574+0000] {logging_mixin.py:188} INFO - [2025-06-20T15:05:13.574+0000] {dagbag.py:540} INFO - Filling up the DagBag from /home/airflow/.local/lib/python3.12/site-packages/airflow/example_dags/example_bash_operator.py
[2025-06-20T15:05:13.585+0000] {processor.py:840} INFO - DAG(s) 'example_bash_operator' retrieved from /home/airflow/.local/lib/python3.12/site-packages/airflow/example_dags/example_bash_operator.py
[2025-06-20T15:05:13.612+0000] {logging_mixin.py:188} INFO - [2025-06-20T15:05:13.612+0000] {dag.py:3096} INFO - Sync 1 DAGs
[2025-06-20T15:05:13.633+0000] {logging_mixin.py:188} INFO - [2025-06-20T15:05:13.633+0000] {dag.py:3954} INFO - Setting next_dagrun for example_bash_operator to 2025-06-20 00:00:00+00:00, run_after=2025-06-21 00:00:00+00:00
[2025-06-20T15:05:13.649+0000] {processor.py:183} INFO - Processing /home/airflow/.local/lib/python3.12/site-packages/airflow/example_dags/example_bash_operator.py took 0.084 seconds
[2025-06-20T15:05:43.807+0000] {processor.py:161} INFO - Started process (PID=3651) to work on /home/airflow/.local/lib/python3.12/site-packages/airflow/example_dags/example_bash_operator.py
[2025-06-20T15:05:43.807+0000] {processor.py:830} INFO - Processing file /home/airflow/.local/lib/python3.12/site-packages/airflow/example_dags/example_bash_operator.py for tasks to queue
[2025-06-20T15:05:43.809+0000] {logging_mixin.py:188} INFO - [2025-06-20T15:05:43.809+0000] {dagbag.py:540} INFO - Filling up the DagBag from /home/airflow/.local/lib/python3.12/site-packages/airflow/example_dags/example_bash_operator.py
[2025-06-20T15:05:43.821+0000] {processor.py:840} INFO - DAG(s) 'example_bash_operator' retrieved from /home/airflow/.local/lib/python3.12/site-packages/airflow/example_dags/example_bash_operator.py
[2025-06-20T15:05:43.848+0000] {logging_mixin.py:188} INFO - [2025-06-20T15:05:43.848+0000] {dag.py:3096} INFO - Sync 1 DAGs
[2025-06-20T15:05:43.870+0000] {logging_mixin.py:188} INFO - [2025-06-20T15:05:43.869+0000] {dag.py:3954} INFO - Setting next_dagrun for example_bash_operator to 2025-06-20 00:00:00+00:00, run_after=2025-06-21 00:00:00+00:00
[2025-06-20T15:05:43.888+0000] {processor.py:183} INFO - Processing /home/airflow/.local/lib/python3.12/site-packages/airflow/example_dags/example_bash_operator.py took 0.087 seconds
[2025-06-20T15:06:14.207+0000] {processor.py:161} INFO - Started process (PID=3710) to work on /home/airflow/.local/lib/python3.12/site-packages/airflow/example_dags/example_bash_operator.py
[2025-06-20T15:06:14.207+0000] {processor.py:830} INFO - Processing file /home/airflow/.local/lib/python3.12/site-packages/airflow/example_dags/example_bash_operator.py for tasks to queue
[2025-06-20T15:06:14.209+0000] {logging_mixin.py:188} INFO - [2025-06-20T15:06:14.209+0000] {dagbag.py:540} INFO - Filling up the DagBag from /home/airflow/.local/lib/python3.12/site-packages/airflow/example_dags/example_bash_operator.py
[2025-06-20T15:06:14.220+0000] {processor.py:840} INFO - DAG(s) 'example_bash_operator' retrieved from /home/airflow/.local/lib/python3.12/site-packages/airflow/example_dags/example_bash_operator.py
[2025-06-20T15:06:14.246+0000] {logging_mixin.py:188} INFO - [2025-06-20T15:06:14.246+0000] {dag.py:3096} INFO - Sync 1 DAGs
[2025-06-20T15:06:14.268+0000] {logging_mixin.py:188} INFO - [2025-06-20T15:06:14.267+0000] {dag.py:3954} INFO - Setting next_dagrun for example_bash_operator to 2025-06-20 00:00:00+00:00, run_after=2025-06-21 00:00:00+00:00
[2025-06-20T15:06:14.283+0000] {processor.py:183} INFO - Processing /home/airflow/.local/lib/python3.12/site-packages/airflow/example_dags/example_bash_operator.py took 0.082 seconds
[2025-06-20T15:06:44.477+0000] {processor.py:161} INFO - Started process (PID=3769) to work on /home/airflow/.local/lib/python3.12/site-packages/airflow/example_dags/example_bash_operator.py
[2025-06-20T15:06:44.478+0000] {processor.py:830} INFO - Processing file /home/airflow/.local/lib/python3.12/site-packages/airflow/example_dags/example_bash_operator.py for tasks to queue
[2025-06-20T15:06:44.480+0000] {logging_mixin.py:188} INFO - [2025-06-20T15:06:44.479+0000] {dagbag.py:540} INFO - Filling up the DagBag from /home/airflow/.local/lib/python3.12/site-packages/airflow/example_dags/example_bash_operator.py
[2025-06-20T15:06:44.491+0000] {processor.py:840} INFO - DAG(s) 'example_bash_operator' retrieved from /home/airflow/.local/lib/python3.12/site-packages/airflow/example_dags/example_bash_operator.py
[2025-06-20T15:06:44.518+0000] {logging_mixin.py:188} INFO - [2025-06-20T15:06:44.518+0000] {dag.py:3096} INFO - Sync 1 DAGs
[2025-06-20T15:06:44.540+0000] {logging_mixin.py:188} INFO - [2025-06-20T15:06:44.539+0000] {dag.py:3954} INFO - Setting next_dagrun for example_bash_operator to 2025-06-20 00:00:00+00:00, run_after=2025-06-21 00:00:00+00:00
[2025-06-20T15:06:44.555+0000] {processor.py:183} INFO - Processing /home/airflow/.local/lib/python3.12/site-packages/airflow/example_dags/example_bash_operator.py took 0.084 seconds
[2025-06-20T15:07:14.793+0000] {processor.py:161} INFO - Started process (PID=3828) to work on /home/airflow/.local/lib/python3.12/site-packages/airflow/example_dags/example_bash_operator.py
[2025-06-20T15:07:14.794+0000] {processor.py:830} INFO - Processing file /home/airflow/.local/lib/python3.12/site-packages/airflow/example_dags/example_bash_operator.py for tasks to queue
[2025-06-20T15:07:14.796+0000] {logging_mixin.py:188} INFO - [2025-06-20T15:07:14.796+0000] {dagbag.py:540} INFO - Filling up the DagBag from /home/airflow/.local/lib/python3.12/site-packages/airflow/example_dags/example_bash_operator.py
[2025-06-20T15:07:14.807+0000] {processor.py:840} INFO - DAG(s) 'example_bash_operator' retrieved from /home/airflow/.local/lib/python3.12/site-packages/airflow/example_dags/example_bash_operator.py
[2025-06-20T15:07:14.834+0000] {logging_mixin.py:188} INFO - [2025-06-20T15:07:14.834+0000] {dag.py:3096} INFO - Sync 1 DAGs
[2025-06-20T15:07:14.857+0000] {logging_mixin.py:188} INFO - [2025-06-20T15:07:14.857+0000] {dag.py:3954} INFO - Setting next_dagrun for example_bash_operator to 2025-06-20 00:00:00+00:00, run_after=2025-06-21 00:00:00+00:00
[2025-06-20T15:07:14.873+0000] {processor.py:183} INFO - Processing /home/airflow/.local/lib/python3.12/site-packages/airflow/example_dags/example_bash_operator.py took 0.086 seconds
