[2025-06-20T14:34:45.782+0000] {processor.py:161} INFO - Started process (PID=57) to work on /home/airflow/.local/lib/python3.12/site-packages/airflow/example_dags/example_display_name.py
[2025-06-20T14:34:45.784+0000] {processor.py:830} INFO - Processing file /home/airflow/.local/lib/python3.12/site-packages/airflow/example_dags/example_display_name.py for tasks to queue
[2025-06-20T14:34:45.786+0000] {logging_mixin.py:188} INFO - [2025-06-20T14:34:45.786+0000] {dagbag.py:540} INFO - Filling up the DagBag from /home/airflow/.local/lib/python3.12/site-packages/airflow/example_dags/example_display_name.py
[2025-06-20T14:34:45.803+0000] {processor.py:840} INFO - DAG(s) 'example_display_name' retrieved from /home/airflow/.local/lib/python3.12/site-packages/airflow/example_dags/example_display_name.py
[2025-06-20T14:34:45.835+0000] {logging_mixin.py:188} INFO - [2025-06-20T14:34:45.835+0000] {dag.py:3096} INFO - Sync 1 DAGs
[2025-06-20T14:34:45.849+0000] {logging_mixin.py:188} INFO - [2025-06-20T14:34:45.849+0000] {dag.py:3954} INFO - Setting next_dagrun for example_display_name to None, run_after=None
[2025-06-20T14:34:45.866+0000] {processor.py:183} INFO - Processing /home/airflow/.local/lib/python3.12/site-packages/airflow/example_dags/example_display_name.py took 0.091 seconds
[2025-06-20T14:35:16.172+0000] {processor.py:161} INFO - Started process (PID=115) to work on /home/airflow/.local/lib/python3.12/site-packages/airflow/example_dags/example_display_name.py
[2025-06-20T14:35:16.173+0000] {processor.py:830} INFO - Processing file /home/airflow/.local/lib/python3.12/site-packages/airflow/example_dags/example_display_name.py for tasks to queue
[2025-06-20T14:35:16.175+0000] {logging_mixin.py:188} INFO - [2025-06-20T14:35:16.175+0000] {dagbag.py:540} INFO - Filling up the DagBag from /home/airflow/.local/lib/python3.12/site-packages/airflow/example_dags/example_display_name.py
[2025-06-20T14:35:16.185+0000] {processor.py:840} INFO - DAG(s) 'example_display_name' retrieved from /home/airflow/.local/lib/python3.12/site-packages/airflow/example_dags/example_display_name.py
[2025-06-20T14:35:16.413+0000] {logging_mixin.py:188} INFO - [2025-06-20T14:35:16.413+0000] {dag.py:3096} INFO - Sync 1 DAGs
[2025-06-20T14:35:16.424+0000] {logging_mixin.py:188} INFO - [2025-06-20T14:35:16.424+0000] {dag.py:3954} INFO - Setting next_dagrun for example_display_name to None, run_after=None
[2025-06-20T14:35:16.441+0000] {processor.py:183} INFO - Processing /home/airflow/.local/lib/python3.12/site-packages/airflow/example_dags/example_display_name.py took 0.276 seconds
[2025-06-20T14:35:47.009+0000] {processor.py:161} INFO - Started process (PID=173) to work on /home/airflow/.local/lib/python3.12/site-packages/airflow/example_dags/example_display_name.py
[2025-06-20T14:35:47.010+0000] {processor.py:830} INFO - Processing file /home/airflow/.local/lib/python3.12/site-packages/airflow/example_dags/example_display_name.py for tasks to queue
[2025-06-20T14:35:47.012+0000] {logging_mixin.py:188} INFO - [2025-06-20T14:35:47.012+0000] {dagbag.py:540} INFO - Filling up the DagBag from /home/airflow/.local/lib/python3.12/site-packages/airflow/example_dags/example_display_name.py
[2025-06-20T14:35:47.018+0000] {processor.py:840} INFO - DAG(s) 'example_display_name' retrieved from /home/airflow/.local/lib/python3.12/site-packages/airflow/example_dags/example_display_name.py
[2025-06-20T14:35:47.037+0000] {logging_mixin.py:188} INFO - [2025-06-20T14:35:47.037+0000] {dag.py:3096} INFO - Sync 1 DAGs
[2025-06-20T14:35:47.051+0000] {logging_mixin.py:188} INFO - [2025-06-20T14:35:47.051+0000] {dag.py:3954} INFO - Setting next_dagrun for example_display_name to None, run_after=None
[2025-06-20T14:35:47.069+0000] {processor.py:183} INFO - Processing /home/airflow/.local/lib/python3.12/site-packages/airflow/example_dags/example_display_name.py took 0.066 seconds
[2025-06-20T14:36:17.308+0000] {processor.py:161} INFO - Started process (PID=231) to work on /home/airflow/.local/lib/python3.12/site-packages/airflow/example_dags/example_display_name.py
[2025-06-20T14:36:17.309+0000] {processor.py:830} INFO - Processing file /home/airflow/.local/lib/python3.12/site-packages/airflow/example_dags/example_display_name.py for tasks to queue
[2025-06-20T14:36:17.310+0000] {logging_mixin.py:188} INFO - [2025-06-20T14:36:17.310+0000] {dagbag.py:540} INFO - Filling up the DagBag from /home/airflow/.local/lib/python3.12/site-packages/airflow/example_dags/example_display_name.py
[2025-06-20T14:36:17.316+0000] {processor.py:840} INFO - DAG(s) 'example_display_name' retrieved from /home/airflow/.local/lib/python3.12/site-packages/airflow/example_dags/example_display_name.py
[2025-06-20T14:36:17.337+0000] {logging_mixin.py:188} INFO - [2025-06-20T14:36:17.337+0000] {dag.py:3096} INFO - Sync 1 DAGs
[2025-06-20T14:36:17.350+0000] {logging_mixin.py:188} INFO - [2025-06-20T14:36:17.350+0000] {dag.py:3954} INFO - Setting next_dagrun for example_display_name to None, run_after=None
[2025-06-20T14:36:17.365+0000] {processor.py:183} INFO - Processing /home/airflow/.local/lib/python3.12/site-packages/airflow/example_dags/example_display_name.py took 0.065 seconds
[2025-06-20T14:36:47.902+0000] {processor.py:161} INFO - Started process (PID=289) to work on /home/airflow/.local/lib/python3.12/site-packages/airflow/example_dags/example_display_name.py
[2025-06-20T14:36:47.903+0000] {processor.py:830} INFO - Processing file /home/airflow/.local/lib/python3.12/site-packages/airflow/example_dags/example_display_name.py for tasks to queue
[2025-06-20T14:36:47.906+0000] {logging_mixin.py:188} INFO - [2025-06-20T14:36:47.906+0000] {dagbag.py:540} INFO - Filling up the DagBag from /home/airflow/.local/lib/python3.12/site-packages/airflow/example_dags/example_display_name.py
[2025-06-20T14:36:47.913+0000] {processor.py:840} INFO - DAG(s) 'example_display_name' retrieved from /home/airflow/.local/lib/python3.12/site-packages/airflow/example_dags/example_display_name.py
[2025-06-20T14:36:47.935+0000] {logging_mixin.py:188} INFO - [2025-06-20T14:36:47.935+0000] {dag.py:3096} INFO - Sync 1 DAGs
[2025-06-20T14:36:47.948+0000] {logging_mixin.py:188} INFO - [2025-06-20T14:36:47.948+0000] {dag.py:3954} INFO - Setting next_dagrun for example_display_name to None, run_after=None
[2025-06-20T14:36:47.965+0000] {processor.py:183} INFO - Processing /home/airflow/.local/lib/python3.12/site-packages/airflow/example_dags/example_display_name.py took 0.070 seconds
[2025-06-20T14:37:18.541+0000] {processor.py:161} INFO - Started process (PID=363) to work on /home/airflow/.local/lib/python3.12/site-packages/airflow/example_dags/example_display_name.py
[2025-06-20T14:37:18.542+0000] {processor.py:830} INFO - Processing file /home/airflow/.local/lib/python3.12/site-packages/airflow/example_dags/example_display_name.py for tasks to queue
[2025-06-20T14:37:18.545+0000] {logging_mixin.py:188} INFO - [2025-06-20T14:37:18.545+0000] {dagbag.py:540} INFO - Filling up the DagBag from /home/airflow/.local/lib/python3.12/site-packages/airflow/example_dags/example_display_name.py
[2025-06-20T14:37:18.550+0000] {processor.py:840} INFO - DAG(s) 'example_display_name' retrieved from /home/airflow/.local/lib/python3.12/site-packages/airflow/example_dags/example_display_name.py
[2025-06-20T14:37:18.569+0000] {logging_mixin.py:188} INFO - [2025-06-20T14:37:18.569+0000] {dag.py:3096} INFO - Sync 1 DAGs
[2025-06-20T14:37:18.581+0000] {logging_mixin.py:188} INFO - [2025-06-20T14:37:18.581+0000] {dag.py:3954} INFO - Setting next_dagrun for example_display_name to None, run_after=None
[2025-06-20T14:37:18.597+0000] {processor.py:183} INFO - Processing /home/airflow/.local/lib/python3.12/site-packages/airflow/example_dags/example_display_name.py took 0.062 seconds
[2025-06-20T14:37:48.922+0000] {processor.py:161} INFO - Started process (PID=421) to work on /home/airflow/.local/lib/python3.12/site-packages/airflow/example_dags/example_display_name.py
[2025-06-20T14:37:48.923+0000] {processor.py:830} INFO - Processing file /home/airflow/.local/lib/python3.12/site-packages/airflow/example_dags/example_display_name.py for tasks to queue
[2025-06-20T14:37:48.926+0000] {logging_mixin.py:188} INFO - [2025-06-20T14:37:48.925+0000] {dagbag.py:540} INFO - Filling up the DagBag from /home/airflow/.local/lib/python3.12/site-packages/airflow/example_dags/example_display_name.py
[2025-06-20T14:37:48.931+0000] {processor.py:840} INFO - DAG(s) 'example_display_name' retrieved from /home/airflow/.local/lib/python3.12/site-packages/airflow/example_dags/example_display_name.py
[2025-06-20T14:37:48.951+0000] {logging_mixin.py:188} INFO - [2025-06-20T14:37:48.951+0000] {dag.py:3096} INFO - Sync 1 DAGs
[2025-06-20T14:37:48.963+0000] {logging_mixin.py:188} INFO - [2025-06-20T14:37:48.963+0000] {dag.py:3954} INFO - Setting next_dagrun for example_display_name to None, run_after=None
[2025-06-20T14:37:48.979+0000] {processor.py:183} INFO - Processing /home/airflow/.local/lib/python3.12/site-packages/airflow/example_dags/example_display_name.py took 0.063 seconds
[2025-06-20T14:38:19.434+0000] {processor.py:161} INFO - Started process (PID=485) to work on /home/airflow/.local/lib/python3.12/site-packages/airflow/example_dags/example_display_name.py
[2025-06-20T14:38:19.435+0000] {processor.py:830} INFO - Processing file /home/airflow/.local/lib/python3.12/site-packages/airflow/example_dags/example_display_name.py for tasks to queue
[2025-06-20T14:38:19.438+0000] {logging_mixin.py:188} INFO - [2025-06-20T14:38:19.437+0000] {dagbag.py:540} INFO - Filling up the DagBag from /home/airflow/.local/lib/python3.12/site-packages/airflow/example_dags/example_display_name.py
[2025-06-20T14:38:19.443+0000] {processor.py:840} INFO - DAG(s) 'example_display_name' retrieved from /home/airflow/.local/lib/python3.12/site-packages/airflow/example_dags/example_display_name.py
[2025-06-20T14:38:19.462+0000] {logging_mixin.py:188} INFO - [2025-06-20T14:38:19.462+0000] {dag.py:3096} INFO - Sync 1 DAGs
[2025-06-20T14:38:19.474+0000] {logging_mixin.py:188} INFO - [2025-06-20T14:38:19.474+0000] {dag.py:3954} INFO - Setting next_dagrun for example_display_name to None, run_after=None
[2025-06-20T14:38:19.490+0000] {processor.py:183} INFO - Processing /home/airflow/.local/lib/python3.12/site-packages/airflow/example_dags/example_display_name.py took 0.062 seconds
[2025-06-20T14:38:49.567+0000] {processor.py:161} INFO - Started process (PID=543) to work on /home/airflow/.local/lib/python3.12/site-packages/airflow/example_dags/example_display_name.py
[2025-06-20T14:38:49.568+0000] {processor.py:830} INFO - Processing file /home/airflow/.local/lib/python3.12/site-packages/airflow/example_dags/example_display_name.py for tasks to queue
[2025-06-20T14:38:49.571+0000] {logging_mixin.py:188} INFO - [2025-06-20T14:38:49.571+0000] {dagbag.py:540} INFO - Filling up the DagBag from /home/airflow/.local/lib/python3.12/site-packages/airflow/example_dags/example_display_name.py
[2025-06-20T14:38:49.576+0000] {processor.py:840} INFO - DAG(s) 'example_display_name' retrieved from /home/airflow/.local/lib/python3.12/site-packages/airflow/example_dags/example_display_name.py
[2025-06-20T14:38:49.595+0000] {logging_mixin.py:188} INFO - [2025-06-20T14:38:49.595+0000] {dag.py:3096} INFO - Sync 1 DAGs
[2025-06-20T14:38:49.607+0000] {logging_mixin.py:188} INFO - [2025-06-20T14:38:49.607+0000] {dag.py:3954} INFO - Setting next_dagrun for example_display_name to None, run_after=None
[2025-06-20T14:38:49.623+0000] {processor.py:183} INFO - Processing /home/airflow/.local/lib/python3.12/site-packages/airflow/example_dags/example_display_name.py took 0.061 seconds
[2025-06-20T14:39:19.828+0000] {processor.py:161} INFO - Started process (PID=601) to work on /home/airflow/.local/lib/python3.12/site-packages/airflow/example_dags/example_display_name.py
[2025-06-20T14:39:19.829+0000] {processor.py:830} INFO - Processing file /home/airflow/.local/lib/python3.12/site-packages/airflow/example_dags/example_display_name.py for tasks to queue
[2025-06-20T14:39:19.831+0000] {logging_mixin.py:188} INFO - [2025-06-20T14:39:19.831+0000] {dagbag.py:540} INFO - Filling up the DagBag from /home/airflow/.local/lib/python3.12/site-packages/airflow/example_dags/example_display_name.py
[2025-06-20T14:39:19.837+0000] {processor.py:840} INFO - DAG(s) 'example_display_name' retrieved from /home/airflow/.local/lib/python3.12/site-packages/airflow/example_dags/example_display_name.py
[2025-06-20T14:39:19.858+0000] {logging_mixin.py:188} INFO - [2025-06-20T14:39:19.858+0000] {dag.py:3096} INFO - Sync 1 DAGs
[2025-06-20T14:39:19.870+0000] {logging_mixin.py:188} INFO - [2025-06-20T14:39:19.870+0000] {dag.py:3954} INFO - Setting next_dagrun for example_display_name to None, run_after=None
[2025-06-20T14:39:19.886+0000] {processor.py:183} INFO - Processing /home/airflow/.local/lib/python3.12/site-packages/airflow/example_dags/example_display_name.py took 0.065 seconds
[2025-06-20T14:39:50.090+0000] {processor.py:161} INFO - Started process (PID=659) to work on /home/airflow/.local/lib/python3.12/site-packages/airflow/example_dags/example_display_name.py
[2025-06-20T14:39:50.091+0000] {processor.py:830} INFO - Processing file /home/airflow/.local/lib/python3.12/site-packages/airflow/example_dags/example_display_name.py for tasks to queue
[2025-06-20T14:39:50.094+0000] {logging_mixin.py:188} INFO - [2025-06-20T14:39:50.093+0000] {dagbag.py:540} INFO - Filling up the DagBag from /home/airflow/.local/lib/python3.12/site-packages/airflow/example_dags/example_display_name.py
[2025-06-20T14:39:50.100+0000] {processor.py:840} INFO - DAG(s) 'example_display_name' retrieved from /home/airflow/.local/lib/python3.12/site-packages/airflow/example_dags/example_display_name.py
[2025-06-20T14:39:50.120+0000] {logging_mixin.py:188} INFO - [2025-06-20T14:39:50.120+0000] {dag.py:3096} INFO - Sync 1 DAGs
[2025-06-20T14:39:50.132+0000] {logging_mixin.py:188} INFO - [2025-06-20T14:39:50.132+0000] {dag.py:3954} INFO - Setting next_dagrun for example_display_name to None, run_after=None
[2025-06-20T14:39:50.149+0000] {processor.py:183} INFO - Processing /home/airflow/.local/lib/python3.12/site-packages/airflow/example_dags/example_display_name.py took 0.066 seconds
[2025-06-20T14:40:20.435+0000] {processor.py:161} INFO - Started process (PID=717) to work on /home/airflow/.local/lib/python3.12/site-packages/airflow/example_dags/example_display_name.py
[2025-06-20T14:40:20.436+0000] {processor.py:830} INFO - Processing file /home/airflow/.local/lib/python3.12/site-packages/airflow/example_dags/example_display_name.py for tasks to queue
[2025-06-20T14:40:20.438+0000] {logging_mixin.py:188} INFO - [2025-06-20T14:40:20.437+0000] {dagbag.py:540} INFO - Filling up the DagBag from /home/airflow/.local/lib/python3.12/site-packages/airflow/example_dags/example_display_name.py
[2025-06-20T14:40:20.444+0000] {processor.py:840} INFO - DAG(s) 'example_display_name' retrieved from /home/airflow/.local/lib/python3.12/site-packages/airflow/example_dags/example_display_name.py
[2025-06-20T14:40:20.464+0000] {logging_mixin.py:188} INFO - [2025-06-20T14:40:20.463+0000] {dag.py:3096} INFO - Sync 1 DAGs
[2025-06-20T14:40:20.476+0000] {logging_mixin.py:188} INFO - [2025-06-20T14:40:20.475+0000] {dag.py:3954} INFO - Setting next_dagrun for example_display_name to None, run_after=None
[2025-06-20T14:40:20.492+0000] {processor.py:183} INFO - Processing /home/airflow/.local/lib/python3.12/site-packages/airflow/example_dags/example_display_name.py took 0.063 seconds
[2025-06-20T14:40:50.701+0000] {processor.py:161} INFO - Started process (PID=775) to work on /home/airflow/.local/lib/python3.12/site-packages/airflow/example_dags/example_display_name.py
[2025-06-20T14:40:50.702+0000] {processor.py:830} INFO - Processing file /home/airflow/.local/lib/python3.12/site-packages/airflow/example_dags/example_display_name.py for tasks to queue
[2025-06-20T14:40:50.705+0000] {logging_mixin.py:188} INFO - [2025-06-20T14:40:50.704+0000] {dagbag.py:540} INFO - Filling up the DagBag from /home/airflow/.local/lib/python3.12/site-packages/airflow/example_dags/example_display_name.py
[2025-06-20T14:40:50.712+0000] {processor.py:840} INFO - DAG(s) 'example_display_name' retrieved from /home/airflow/.local/lib/python3.12/site-packages/airflow/example_dags/example_display_name.py
[2025-06-20T14:40:50.733+0000] {logging_mixin.py:188} INFO - [2025-06-20T14:40:50.732+0000] {dag.py:3096} INFO - Sync 1 DAGs
[2025-06-20T14:40:50.745+0000] {logging_mixin.py:188} INFO - [2025-06-20T14:40:50.745+0000] {dag.py:3954} INFO - Setting next_dagrun for example_display_name to None, run_after=None
[2025-06-20T14:40:50.762+0000] {processor.py:183} INFO - Processing /home/airflow/.local/lib/python3.12/site-packages/airflow/example_dags/example_display_name.py took 0.067 seconds
[2025-06-20T14:41:20.892+0000] {processor.py:161} INFO - Started process (PID=833) to work on /home/airflow/.local/lib/python3.12/site-packages/airflow/example_dags/example_display_name.py
[2025-06-20T14:41:20.893+0000] {processor.py:830} INFO - Processing file /home/airflow/.local/lib/python3.12/site-packages/airflow/example_dags/example_display_name.py for tasks to queue
[2025-06-20T14:41:20.895+0000] {logging_mixin.py:188} INFO - [2025-06-20T14:41:20.894+0000] {dagbag.py:540} INFO - Filling up the DagBag from /home/airflow/.local/lib/python3.12/site-packages/airflow/example_dags/example_display_name.py
[2025-06-20T14:41:20.901+0000] {processor.py:840} INFO - DAG(s) 'example_display_name' retrieved from /home/airflow/.local/lib/python3.12/site-packages/airflow/example_dags/example_display_name.py
[2025-06-20T14:41:20.921+0000] {logging_mixin.py:188} INFO - [2025-06-20T14:41:20.921+0000] {dag.py:3096} INFO - Sync 1 DAGs
[2025-06-20T14:41:20.938+0000] {logging_mixin.py:188} INFO - [2025-06-20T14:41:20.938+0000] {dag.py:3954} INFO - Setting next_dagrun for example_display_name to None, run_after=None
[2025-06-20T14:41:20.955+0000] {processor.py:183} INFO - Processing /home/airflow/.local/lib/python3.12/site-packages/airflow/example_dags/example_display_name.py took 0.069 seconds
[2025-06-20T14:41:51.191+0000] {processor.py:161} INFO - Started process (PID=891) to work on /home/airflow/.local/lib/python3.12/site-packages/airflow/example_dags/example_display_name.py
[2025-06-20T14:41:51.192+0000] {processor.py:830} INFO - Processing file /home/airflow/.local/lib/python3.12/site-packages/airflow/example_dags/example_display_name.py for tasks to queue
[2025-06-20T14:41:51.194+0000] {logging_mixin.py:188} INFO - [2025-06-20T14:41:51.193+0000] {dagbag.py:540} INFO - Filling up the DagBag from /home/airflow/.local/lib/python3.12/site-packages/airflow/example_dags/example_display_name.py
[2025-06-20T14:41:51.200+0000] {processor.py:840} INFO - DAG(s) 'example_display_name' retrieved from /home/airflow/.local/lib/python3.12/site-packages/airflow/example_dags/example_display_name.py
[2025-06-20T14:41:51.219+0000] {logging_mixin.py:188} INFO - [2025-06-20T14:41:51.219+0000] {dag.py:3096} INFO - Sync 1 DAGs
[2025-06-20T14:41:51.232+0000] {logging_mixin.py:188} INFO - [2025-06-20T14:41:51.232+0000] {dag.py:3954} INFO - Setting next_dagrun for example_display_name to None, run_after=None
[2025-06-20T14:41:51.248+0000] {processor.py:183} INFO - Processing /home/airflow/.local/lib/python3.12/site-packages/airflow/example_dags/example_display_name.py took 0.063 seconds
[2025-06-20T14:42:21.283+0000] {processor.py:161} INFO - Started process (PID=949) to work on /home/airflow/.local/lib/python3.12/site-packages/airflow/example_dags/example_display_name.py
[2025-06-20T14:42:21.284+0000] {processor.py:830} INFO - Processing file /home/airflow/.local/lib/python3.12/site-packages/airflow/example_dags/example_display_name.py for tasks to queue
[2025-06-20T14:42:21.286+0000] {logging_mixin.py:188} INFO - [2025-06-20T14:42:21.285+0000] {dagbag.py:540} INFO - Filling up the DagBag from /home/airflow/.local/lib/python3.12/site-packages/airflow/example_dags/example_display_name.py
[2025-06-20T14:42:21.292+0000] {processor.py:840} INFO - DAG(s) 'example_display_name' retrieved from /home/airflow/.local/lib/python3.12/site-packages/airflow/example_dags/example_display_name.py
[2025-06-20T14:42:21.311+0000] {logging_mixin.py:188} INFO - [2025-06-20T14:42:21.311+0000] {dag.py:3096} INFO - Sync 1 DAGs
[2025-06-20T14:42:21.323+0000] {logging_mixin.py:188} INFO - [2025-06-20T14:42:21.323+0000] {dag.py:3954} INFO - Setting next_dagrun for example_display_name to None, run_after=None
[2025-06-20T14:42:21.339+0000] {processor.py:183} INFO - Processing /home/airflow/.local/lib/python3.12/site-packages/airflow/example_dags/example_display_name.py took 0.062 seconds
[2025-06-20T14:42:51.686+0000] {processor.py:161} INFO - Started process (PID=1007) to work on /home/airflow/.local/lib/python3.12/site-packages/airflow/example_dags/example_display_name.py
[2025-06-20T14:42:51.687+0000] {processor.py:830} INFO - Processing file /home/airflow/.local/lib/python3.12/site-packages/airflow/example_dags/example_display_name.py for tasks to queue
[2025-06-20T14:42:51.689+0000] {logging_mixin.py:188} INFO - [2025-06-20T14:42:51.689+0000] {dagbag.py:540} INFO - Filling up the DagBag from /home/airflow/.local/lib/python3.12/site-packages/airflow/example_dags/example_display_name.py
[2025-06-20T14:42:51.695+0000] {processor.py:840} INFO - DAG(s) 'example_display_name' retrieved from /home/airflow/.local/lib/python3.12/site-packages/airflow/example_dags/example_display_name.py
[2025-06-20T14:42:51.714+0000] {logging_mixin.py:188} INFO - [2025-06-20T14:42:51.714+0000] {dag.py:3096} INFO - Sync 1 DAGs
[2025-06-20T14:42:51.727+0000] {logging_mixin.py:188} INFO - [2025-06-20T14:42:51.726+0000] {dag.py:3954} INFO - Setting next_dagrun for example_display_name to None, run_after=None
[2025-06-20T14:42:51.742+0000] {processor.py:183} INFO - Processing /home/airflow/.local/lib/python3.12/site-packages/airflow/example_dags/example_display_name.py took 0.062 seconds
[2025-06-20T14:43:22.100+0000] {processor.py:161} INFO - Started process (PID=1065) to work on /home/airflow/.local/lib/python3.12/site-packages/airflow/example_dags/example_display_name.py
[2025-06-20T14:43:22.101+0000] {processor.py:830} INFO - Processing file /home/airflow/.local/lib/python3.12/site-packages/airflow/example_dags/example_display_name.py for tasks to queue
[2025-06-20T14:43:22.103+0000] {logging_mixin.py:188} INFO - [2025-06-20T14:43:22.103+0000] {dagbag.py:540} INFO - Filling up the DagBag from /home/airflow/.local/lib/python3.12/site-packages/airflow/example_dags/example_display_name.py
[2025-06-20T14:43:22.109+0000] {processor.py:840} INFO - DAG(s) 'example_display_name' retrieved from /home/airflow/.local/lib/python3.12/site-packages/airflow/example_dags/example_display_name.py
[2025-06-20T14:43:22.128+0000] {logging_mixin.py:188} INFO - [2025-06-20T14:43:22.128+0000] {dag.py:3096} INFO - Sync 1 DAGs
[2025-06-20T14:43:22.140+0000] {logging_mixin.py:188} INFO - [2025-06-20T14:43:22.140+0000] {dag.py:3954} INFO - Setting next_dagrun for example_display_name to None, run_after=None
[2025-06-20T14:43:22.156+0000] {processor.py:183} INFO - Processing /home/airflow/.local/lib/python3.12/site-packages/airflow/example_dags/example_display_name.py took 0.061 seconds
[2025-06-20T14:43:52.234+0000] {processor.py:161} INFO - Started process (PID=1123) to work on /home/airflow/.local/lib/python3.12/site-packages/airflow/example_dags/example_display_name.py
[2025-06-20T14:43:52.235+0000] {processor.py:830} INFO - Processing file /home/airflow/.local/lib/python3.12/site-packages/airflow/example_dags/example_display_name.py for tasks to queue
[2025-06-20T14:43:52.237+0000] {logging_mixin.py:188} INFO - [2025-06-20T14:43:52.236+0000] {dagbag.py:540} INFO - Filling up the DagBag from /home/airflow/.local/lib/python3.12/site-packages/airflow/example_dags/example_display_name.py
[2025-06-20T14:43:52.242+0000] {processor.py:840} INFO - DAG(s) 'example_display_name' retrieved from /home/airflow/.local/lib/python3.12/site-packages/airflow/example_dags/example_display_name.py
[2025-06-20T14:43:52.261+0000] {logging_mixin.py:188} INFO - [2025-06-20T14:43:52.261+0000] {dag.py:3096} INFO - Sync 1 DAGs
[2025-06-20T14:43:52.273+0000] {logging_mixin.py:188} INFO - [2025-06-20T14:43:52.273+0000] {dag.py:3954} INFO - Setting next_dagrun for example_display_name to None, run_after=None
[2025-06-20T14:43:52.288+0000] {processor.py:183} INFO - Processing /home/airflow/.local/lib/python3.12/site-packages/airflow/example_dags/example_display_name.py took 0.061 seconds
[2025-06-20T14:44:22.408+0000] {processor.py:161} INFO - Started process (PID=1181) to work on /home/airflow/.local/lib/python3.12/site-packages/airflow/example_dags/example_display_name.py
[2025-06-20T14:44:22.409+0000] {processor.py:830} INFO - Processing file /home/airflow/.local/lib/python3.12/site-packages/airflow/example_dags/example_display_name.py for tasks to queue
[2025-06-20T14:44:22.411+0000] {logging_mixin.py:188} INFO - [2025-06-20T14:44:22.411+0000] {dagbag.py:540} INFO - Filling up the DagBag from /home/airflow/.local/lib/python3.12/site-packages/airflow/example_dags/example_display_name.py
[2025-06-20T14:44:22.416+0000] {processor.py:840} INFO - DAG(s) 'example_display_name' retrieved from /home/airflow/.local/lib/python3.12/site-packages/airflow/example_dags/example_display_name.py
[2025-06-20T14:44:22.435+0000] {logging_mixin.py:188} INFO - [2025-06-20T14:44:22.435+0000] {dag.py:3096} INFO - Sync 1 DAGs
[2025-06-20T14:44:22.449+0000] {logging_mixin.py:188} INFO - [2025-06-20T14:44:22.449+0000] {dag.py:3954} INFO - Setting next_dagrun for example_display_name to None, run_after=None
[2025-06-20T14:44:22.464+0000] {processor.py:183} INFO - Processing /home/airflow/.local/lib/python3.12/site-packages/airflow/example_dags/example_display_name.py took 0.063 seconds
[2025-06-20T14:44:52.783+0000] {processor.py:161} INFO - Started process (PID=1239) to work on /home/airflow/.local/lib/python3.12/site-packages/airflow/example_dags/example_display_name.py
[2025-06-20T14:44:52.784+0000] {processor.py:830} INFO - Processing file /home/airflow/.local/lib/python3.12/site-packages/airflow/example_dags/example_display_name.py for tasks to queue
[2025-06-20T14:44:52.786+0000] {logging_mixin.py:188} INFO - [2025-06-20T14:44:52.786+0000] {dagbag.py:540} INFO - Filling up the DagBag from /home/airflow/.local/lib/python3.12/site-packages/airflow/example_dags/example_display_name.py
[2025-06-20T14:44:52.792+0000] {processor.py:840} INFO - DAG(s) 'example_display_name' retrieved from /home/airflow/.local/lib/python3.12/site-packages/airflow/example_dags/example_display_name.py
[2025-06-20T14:44:52.939+0000] {logging_mixin.py:188} INFO - [2025-06-20T14:44:52.939+0000] {dag.py:3096} INFO - Sync 1 DAGs
[2025-06-20T14:44:52.950+0000] {logging_mixin.py:188} INFO - [2025-06-20T14:44:52.950+0000] {dag.py:3954} INFO - Setting next_dagrun for example_display_name to None, run_after=None
[2025-06-20T14:44:52.966+0000] {processor.py:183} INFO - Processing /home/airflow/.local/lib/python3.12/site-packages/airflow/example_dags/example_display_name.py took 0.189 seconds
[2025-06-20T14:45:23.324+0000] {processor.py:161} INFO - Started process (PID=1297) to work on /home/airflow/.local/lib/python3.12/site-packages/airflow/example_dags/example_display_name.py
[2025-06-20T14:45:23.325+0000] {processor.py:830} INFO - Processing file /home/airflow/.local/lib/python3.12/site-packages/airflow/example_dags/example_display_name.py for tasks to queue
[2025-06-20T14:45:23.327+0000] {logging_mixin.py:188} INFO - [2025-06-20T14:45:23.327+0000] {dagbag.py:540} INFO - Filling up the DagBag from /home/airflow/.local/lib/python3.12/site-packages/airflow/example_dags/example_display_name.py
[2025-06-20T14:45:23.333+0000] {processor.py:840} INFO - DAG(s) 'example_display_name' retrieved from /home/airflow/.local/lib/python3.12/site-packages/airflow/example_dags/example_display_name.py
[2025-06-20T14:45:23.352+0000] {logging_mixin.py:188} INFO - [2025-06-20T14:45:23.352+0000] {dag.py:3096} INFO - Sync 1 DAGs
[2025-06-20T14:45:23.365+0000] {logging_mixin.py:188} INFO - [2025-06-20T14:45:23.364+0000] {dag.py:3954} INFO - Setting next_dagrun for example_display_name to None, run_after=None
[2025-06-20T14:45:23.492+0000] {processor.py:183} INFO - Processing /home/airflow/.local/lib/python3.12/site-packages/airflow/example_dags/example_display_name.py took 0.175 seconds
[2025-06-20T14:45:53.764+0000] {processor.py:161} INFO - Started process (PID=1355) to work on /home/airflow/.local/lib/python3.12/site-packages/airflow/example_dags/example_display_name.py
[2025-06-20T14:45:53.765+0000] {processor.py:830} INFO - Processing file /home/airflow/.local/lib/python3.12/site-packages/airflow/example_dags/example_display_name.py for tasks to queue
[2025-06-20T14:45:53.767+0000] {logging_mixin.py:188} INFO - [2025-06-20T14:45:53.766+0000] {dagbag.py:540} INFO - Filling up the DagBag from /home/airflow/.local/lib/python3.12/site-packages/airflow/example_dags/example_display_name.py
[2025-06-20T14:45:53.773+0000] {processor.py:840} INFO - DAG(s) 'example_display_name' retrieved from /home/airflow/.local/lib/python3.12/site-packages/airflow/example_dags/example_display_name.py
[2025-06-20T14:45:53.791+0000] {logging_mixin.py:188} INFO - [2025-06-20T14:45:53.791+0000] {dag.py:3096} INFO - Sync 1 DAGs
[2025-06-20T14:45:53.803+0000] {logging_mixin.py:188} INFO - [2025-06-20T14:45:53.803+0000] {dag.py:3954} INFO - Setting next_dagrun for example_display_name to None, run_after=None
[2025-06-20T14:45:53.819+0000] {processor.py:183} INFO - Processing /home/airflow/.local/lib/python3.12/site-packages/airflow/example_dags/example_display_name.py took 0.062 seconds
[2025-06-20T14:46:23.996+0000] {processor.py:161} INFO - Started process (PID=1413) to work on /home/airflow/.local/lib/python3.12/site-packages/airflow/example_dags/example_display_name.py
[2025-06-20T14:46:23.997+0000] {processor.py:830} INFO - Processing file /home/airflow/.local/lib/python3.12/site-packages/airflow/example_dags/example_display_name.py for tasks to queue
[2025-06-20T14:46:23.999+0000] {logging_mixin.py:188} INFO - [2025-06-20T14:46:23.998+0000] {dagbag.py:540} INFO - Filling up the DagBag from /home/airflow/.local/lib/python3.12/site-packages/airflow/example_dags/example_display_name.py
[2025-06-20T14:46:24.004+0000] {processor.py:840} INFO - DAG(s) 'example_display_name' retrieved from /home/airflow/.local/lib/python3.12/site-packages/airflow/example_dags/example_display_name.py
[2025-06-20T14:46:24.023+0000] {logging_mixin.py:188} INFO - [2025-06-20T14:46:24.023+0000] {dag.py:3096} INFO - Sync 1 DAGs
[2025-06-20T14:46:24.035+0000] {logging_mixin.py:188} INFO - [2025-06-20T14:46:24.035+0000] {dag.py:3954} INFO - Setting next_dagrun for example_display_name to None, run_after=None
[2025-06-20T14:46:24.050+0000] {processor.py:183} INFO - Processing /home/airflow/.local/lib/python3.12/site-packages/airflow/example_dags/example_display_name.py took 0.062 seconds
[2025-06-20T14:46:54.334+0000] {processor.py:161} INFO - Started process (PID=1471) to work on /home/airflow/.local/lib/python3.12/site-packages/airflow/example_dags/example_display_name.py
[2025-06-20T14:46:54.335+0000] {processor.py:830} INFO - Processing file /home/airflow/.local/lib/python3.12/site-packages/airflow/example_dags/example_display_name.py for tasks to queue
[2025-06-20T14:46:54.337+0000] {logging_mixin.py:188} INFO - [2025-06-20T14:46:54.337+0000] {dagbag.py:540} INFO - Filling up the DagBag from /home/airflow/.local/lib/python3.12/site-packages/airflow/example_dags/example_display_name.py
[2025-06-20T14:46:54.344+0000] {processor.py:840} INFO - DAG(s) 'example_display_name' retrieved from /home/airflow/.local/lib/python3.12/site-packages/airflow/example_dags/example_display_name.py
[2025-06-20T14:46:54.364+0000] {logging_mixin.py:188} INFO - [2025-06-20T14:46:54.364+0000] {dag.py:3096} INFO - Sync 1 DAGs
[2025-06-20T14:46:54.376+0000] {logging_mixin.py:188} INFO - [2025-06-20T14:46:54.376+0000] {dag.py:3954} INFO - Setting next_dagrun for example_display_name to None, run_after=None
[2025-06-20T14:46:54.393+0000] {processor.py:183} INFO - Processing /home/airflow/.local/lib/python3.12/site-packages/airflow/example_dags/example_display_name.py took 0.066 seconds
[2025-06-20T14:47:24.552+0000] {processor.py:161} INFO - Started process (PID=1529) to work on /home/airflow/.local/lib/python3.12/site-packages/airflow/example_dags/example_display_name.py
[2025-06-20T14:47:24.554+0000] {processor.py:830} INFO - Processing file /home/airflow/.local/lib/python3.12/site-packages/airflow/example_dags/example_display_name.py for tasks to queue
[2025-06-20T14:47:24.557+0000] {logging_mixin.py:188} INFO - [2025-06-20T14:47:24.556+0000] {dagbag.py:540} INFO - Filling up the DagBag from /home/airflow/.local/lib/python3.12/site-packages/airflow/example_dags/example_display_name.py
[2025-06-20T14:47:24.563+0000] {processor.py:840} INFO - DAG(s) 'example_display_name' retrieved from /home/airflow/.local/lib/python3.12/site-packages/airflow/example_dags/example_display_name.py
[2025-06-20T14:47:24.589+0000] {logging_mixin.py:188} INFO - [2025-06-20T14:47:24.588+0000] {dag.py:3096} INFO - Sync 1 DAGs
[2025-06-20T14:47:24.607+0000] {logging_mixin.py:188} INFO - [2025-06-20T14:47:24.607+0000] {dag.py:3954} INFO - Setting next_dagrun for example_display_name to None, run_after=None
[2025-06-20T14:47:24.627+0000] {processor.py:183} INFO - Processing /home/airflow/.local/lib/python3.12/site-packages/airflow/example_dags/example_display_name.py took 0.082 seconds
[2025-06-20T14:47:54.865+0000] {processor.py:161} INFO - Started process (PID=1587) to work on /home/airflow/.local/lib/python3.12/site-packages/airflow/example_dags/example_display_name.py
[2025-06-20T14:47:54.866+0000] {processor.py:830} INFO - Processing file /home/airflow/.local/lib/python3.12/site-packages/airflow/example_dags/example_display_name.py for tasks to queue
[2025-06-20T14:47:54.869+0000] {logging_mixin.py:188} INFO - [2025-06-20T14:47:54.869+0000] {dagbag.py:540} INFO - Filling up the DagBag from /home/airflow/.local/lib/python3.12/site-packages/airflow/example_dags/example_display_name.py
[2025-06-20T14:47:54.875+0000] {processor.py:840} INFO - DAG(s) 'example_display_name' retrieved from /home/airflow/.local/lib/python3.12/site-packages/airflow/example_dags/example_display_name.py
[2025-06-20T14:47:54.896+0000] {logging_mixin.py:188} INFO - [2025-06-20T14:47:54.896+0000] {dag.py:3096} INFO - Sync 1 DAGs
[2025-06-20T14:47:54.909+0000] {logging_mixin.py:188} INFO - [2025-06-20T14:47:54.909+0000] {dag.py:3954} INFO - Setting next_dagrun for example_display_name to None, run_after=None
[2025-06-20T14:47:54.925+0000] {processor.py:183} INFO - Processing /home/airflow/.local/lib/python3.12/site-packages/airflow/example_dags/example_display_name.py took 0.067 seconds
[2025-06-20T14:48:25.280+0000] {processor.py:161} INFO - Started process (PID=1645) to work on /home/airflow/.local/lib/python3.12/site-packages/airflow/example_dags/example_display_name.py
[2025-06-20T14:48:25.281+0000] {processor.py:830} INFO - Processing file /home/airflow/.local/lib/python3.12/site-packages/airflow/example_dags/example_display_name.py for tasks to queue
[2025-06-20T14:48:25.284+0000] {logging_mixin.py:188} INFO - [2025-06-20T14:48:25.284+0000] {dagbag.py:540} INFO - Filling up the DagBag from /home/airflow/.local/lib/python3.12/site-packages/airflow/example_dags/example_display_name.py
[2025-06-20T14:48:25.291+0000] {processor.py:840} INFO - DAG(s) 'example_display_name' retrieved from /home/airflow/.local/lib/python3.12/site-packages/airflow/example_dags/example_display_name.py
[2025-06-20T14:48:25.313+0000] {logging_mixin.py:188} INFO - [2025-06-20T14:48:25.313+0000] {dag.py:3096} INFO - Sync 1 DAGs
[2025-06-20T14:48:25.330+0000] {logging_mixin.py:188} INFO - [2025-06-20T14:48:25.330+0000] {dag.py:3954} INFO - Setting next_dagrun for example_display_name to None, run_after=None
[2025-06-20T14:48:25.349+0000] {processor.py:183} INFO - Processing /home/airflow/.local/lib/python3.12/site-packages/airflow/example_dags/example_display_name.py took 0.075 seconds
[2025-06-20T14:48:55.506+0000] {processor.py:161} INFO - Started process (PID=1703) to work on /home/airflow/.local/lib/python3.12/site-packages/airflow/example_dags/example_display_name.py
[2025-06-20T14:48:55.507+0000] {processor.py:830} INFO - Processing file /home/airflow/.local/lib/python3.12/site-packages/airflow/example_dags/example_display_name.py for tasks to queue
[2025-06-20T14:48:55.509+0000] {logging_mixin.py:188} INFO - [2025-06-20T14:48:55.509+0000] {dagbag.py:540} INFO - Filling up the DagBag from /home/airflow/.local/lib/python3.12/site-packages/airflow/example_dags/example_display_name.py
[2025-06-20T14:48:55.515+0000] {processor.py:840} INFO - DAG(s) 'example_display_name' retrieved from /home/airflow/.local/lib/python3.12/site-packages/airflow/example_dags/example_display_name.py
[2025-06-20T14:48:55.533+0000] {logging_mixin.py:188} INFO - [2025-06-20T14:48:55.533+0000] {dag.py:3096} INFO - Sync 1 DAGs
[2025-06-20T14:48:55.546+0000] {logging_mixin.py:188} INFO - [2025-06-20T14:48:55.545+0000] {dag.py:3954} INFO - Setting next_dagrun for example_display_name to None, run_after=None
[2025-06-20T14:48:55.561+0000] {processor.py:183} INFO - Processing /home/airflow/.local/lib/python3.12/site-packages/airflow/example_dags/example_display_name.py took 0.061 seconds
[2025-06-20T14:49:25.615+0000] {processor.py:161} INFO - Started process (PID=1761) to work on /home/airflow/.local/lib/python3.12/site-packages/airflow/example_dags/example_display_name.py
[2025-06-20T14:49:25.616+0000] {processor.py:830} INFO - Processing file /home/airflow/.local/lib/python3.12/site-packages/airflow/example_dags/example_display_name.py for tasks to queue
[2025-06-20T14:49:25.619+0000] {logging_mixin.py:188} INFO - [2025-06-20T14:49:25.619+0000] {dagbag.py:540} INFO - Filling up the DagBag from /home/airflow/.local/lib/python3.12/site-packages/airflow/example_dags/example_display_name.py
[2025-06-20T14:49:25.625+0000] {processor.py:840} INFO - DAG(s) 'example_display_name' retrieved from /home/airflow/.local/lib/python3.12/site-packages/airflow/example_dags/example_display_name.py
[2025-06-20T14:49:25.645+0000] {logging_mixin.py:188} INFO - [2025-06-20T14:49:25.644+0000] {dag.py:3096} INFO - Sync 1 DAGs
[2025-06-20T14:49:25.657+0000] {logging_mixin.py:188} INFO - [2025-06-20T14:49:25.657+0000] {dag.py:3954} INFO - Setting next_dagrun for example_display_name to None, run_after=None
[2025-06-20T14:49:25.673+0000] {processor.py:183} INFO - Processing /home/airflow/.local/lib/python3.12/site-packages/airflow/example_dags/example_display_name.py took 0.064 seconds
[2025-06-20T14:49:55.885+0000] {processor.py:161} INFO - Started process (PID=1819) to work on /home/airflow/.local/lib/python3.12/site-packages/airflow/example_dags/example_display_name.py
[2025-06-20T14:49:55.886+0000] {processor.py:830} INFO - Processing file /home/airflow/.local/lib/python3.12/site-packages/airflow/example_dags/example_display_name.py for tasks to queue
[2025-06-20T14:49:55.889+0000] {logging_mixin.py:188} INFO - [2025-06-20T14:49:55.888+0000] {dagbag.py:540} INFO - Filling up the DagBag from /home/airflow/.local/lib/python3.12/site-packages/airflow/example_dags/example_display_name.py
[2025-06-20T14:49:55.897+0000] {processor.py:840} INFO - DAG(s) 'example_display_name' retrieved from /home/airflow/.local/lib/python3.12/site-packages/airflow/example_dags/example_display_name.py
[2025-06-20T14:49:55.924+0000] {logging_mixin.py:188} INFO - [2025-06-20T14:49:55.923+0000] {dag.py:3096} INFO - Sync 1 DAGs
[2025-06-20T14:49:55.942+0000] {logging_mixin.py:188} INFO - [2025-06-20T14:49:55.941+0000] {dag.py:3954} INFO - Setting next_dagrun for example_display_name to None, run_after=None
[2025-06-20T14:49:55.963+0000] {processor.py:183} INFO - Processing /home/airflow/.local/lib/python3.12/site-packages/airflow/example_dags/example_display_name.py took 0.086 seconds
[2025-06-20T14:50:26.035+0000] {processor.py:161} INFO - Started process (PID=1877) to work on /home/airflow/.local/lib/python3.12/site-packages/airflow/example_dags/example_display_name.py
[2025-06-20T14:50:26.036+0000] {processor.py:830} INFO - Processing file /home/airflow/.local/lib/python3.12/site-packages/airflow/example_dags/example_display_name.py for tasks to queue
[2025-06-20T14:50:26.039+0000] {logging_mixin.py:188} INFO - [2025-06-20T14:50:26.038+0000] {dagbag.py:540} INFO - Filling up the DagBag from /home/airflow/.local/lib/python3.12/site-packages/airflow/example_dags/example_display_name.py
[2025-06-20T14:50:26.044+0000] {processor.py:840} INFO - DAG(s) 'example_display_name' retrieved from /home/airflow/.local/lib/python3.12/site-packages/airflow/example_dags/example_display_name.py
[2025-06-20T14:50:26.065+0000] {logging_mixin.py:188} INFO - [2025-06-20T14:50:26.065+0000] {dag.py:3096} INFO - Sync 1 DAGs
[2025-06-20T14:50:26.078+0000] {logging_mixin.py:188} INFO - [2025-06-20T14:50:26.077+0000] {dag.py:3954} INFO - Setting next_dagrun for example_display_name to None, run_after=None
[2025-06-20T14:50:26.099+0000] {processor.py:183} INFO - Processing /home/airflow/.local/lib/python3.12/site-packages/airflow/example_dags/example_display_name.py took 0.071 seconds
[2025-06-20T14:50:56.243+0000] {processor.py:161} INFO - Started process (PID=1935) to work on /home/airflow/.local/lib/python3.12/site-packages/airflow/example_dags/example_display_name.py
[2025-06-20T14:50:56.244+0000] {processor.py:830} INFO - Processing file /home/airflow/.local/lib/python3.12/site-packages/airflow/example_dags/example_display_name.py for tasks to queue
[2025-06-20T14:50:56.246+0000] {logging_mixin.py:188} INFO - [2025-06-20T14:50:56.246+0000] {dagbag.py:540} INFO - Filling up the DagBag from /home/airflow/.local/lib/python3.12/site-packages/airflow/example_dags/example_display_name.py
[2025-06-20T14:50:56.252+0000] {processor.py:840} INFO - DAG(s) 'example_display_name' retrieved from /home/airflow/.local/lib/python3.12/site-packages/airflow/example_dags/example_display_name.py
[2025-06-20T14:50:56.271+0000] {logging_mixin.py:188} INFO - [2025-06-20T14:50:56.271+0000] {dag.py:3096} INFO - Sync 1 DAGs
[2025-06-20T14:50:56.283+0000] {logging_mixin.py:188} INFO - [2025-06-20T14:50:56.283+0000] {dag.py:3954} INFO - Setting next_dagrun for example_display_name to None, run_after=None
[2025-06-20T14:50:56.305+0000] {processor.py:183} INFO - Processing /home/airflow/.local/lib/python3.12/site-packages/airflow/example_dags/example_display_name.py took 0.069 seconds
[2025-06-20T14:51:26.432+0000] {processor.py:161} INFO - Started process (PID=1993) to work on /home/airflow/.local/lib/python3.12/site-packages/airflow/example_dags/example_display_name.py
[2025-06-20T14:51:26.433+0000] {processor.py:830} INFO - Processing file /home/airflow/.local/lib/python3.12/site-packages/airflow/example_dags/example_display_name.py for tasks to queue
[2025-06-20T14:51:26.435+0000] {logging_mixin.py:188} INFO - [2025-06-20T14:51:26.435+0000] {dagbag.py:540} INFO - Filling up the DagBag from /home/airflow/.local/lib/python3.12/site-packages/airflow/example_dags/example_display_name.py
[2025-06-20T14:51:26.441+0000] {processor.py:840} INFO - DAG(s) 'example_display_name' retrieved from /home/airflow/.local/lib/python3.12/site-packages/airflow/example_dags/example_display_name.py
[2025-06-20T14:51:26.461+0000] {logging_mixin.py:188} INFO - [2025-06-20T14:51:26.461+0000] {dag.py:3096} INFO - Sync 1 DAGs
[2025-06-20T14:51:26.473+0000] {logging_mixin.py:188} INFO - [2025-06-20T14:51:26.473+0000] {dag.py:3954} INFO - Setting next_dagrun for example_display_name to None, run_after=None
[2025-06-20T14:51:26.489+0000] {processor.py:183} INFO - Processing /home/airflow/.local/lib/python3.12/site-packages/airflow/example_dags/example_display_name.py took 0.063 seconds
[2025-06-20T14:51:56.816+0000] {processor.py:161} INFO - Started process (PID=2051) to work on /home/airflow/.local/lib/python3.12/site-packages/airflow/example_dags/example_display_name.py
[2025-06-20T14:51:56.817+0000] {processor.py:830} INFO - Processing file /home/airflow/.local/lib/python3.12/site-packages/airflow/example_dags/example_display_name.py for tasks to queue
[2025-06-20T14:51:56.819+0000] {logging_mixin.py:188} INFO - [2025-06-20T14:51:56.819+0000] {dagbag.py:540} INFO - Filling up the DagBag from /home/airflow/.local/lib/python3.12/site-packages/airflow/example_dags/example_display_name.py
[2025-06-20T14:51:56.825+0000] {processor.py:840} INFO - DAG(s) 'example_display_name' retrieved from /home/airflow/.local/lib/python3.12/site-packages/airflow/example_dags/example_display_name.py
[2025-06-20T14:51:56.844+0000] {logging_mixin.py:188} INFO - [2025-06-20T14:51:56.844+0000] {dag.py:3096} INFO - Sync 1 DAGs
[2025-06-20T14:51:56.856+0000] {logging_mixin.py:188} INFO - [2025-06-20T14:51:56.856+0000] {dag.py:3954} INFO - Setting next_dagrun for example_display_name to None, run_after=None
[2025-06-20T14:51:56.872+0000] {processor.py:183} INFO - Processing /home/airflow/.local/lib/python3.12/site-packages/airflow/example_dags/example_display_name.py took 0.062 seconds
[2025-06-20T14:52:27.699+0000] {processor.py:161} INFO - Started process (PID=2109) to work on /home/airflow/.local/lib/python3.12/site-packages/airflow/example_dags/example_display_name.py
[2025-06-20T14:52:27.700+0000] {processor.py:830} INFO - Processing file /home/airflow/.local/lib/python3.12/site-packages/airflow/example_dags/example_display_name.py for tasks to queue
[2025-06-20T14:52:27.703+0000] {logging_mixin.py:188} INFO - [2025-06-20T14:52:27.702+0000] {dagbag.py:540} INFO - Filling up the DagBag from /home/airflow/.local/lib/python3.12/site-packages/airflow/example_dags/example_display_name.py
[2025-06-20T14:52:27.709+0000] {processor.py:840} INFO - DAG(s) 'example_display_name' retrieved from /home/airflow/.local/lib/python3.12/site-packages/airflow/example_dags/example_display_name.py
[2025-06-20T14:52:27.728+0000] {logging_mixin.py:188} INFO - [2025-06-20T14:52:27.728+0000] {dag.py:3096} INFO - Sync 1 DAGs
[2025-06-20T14:52:27.740+0000] {logging_mixin.py:188} INFO - [2025-06-20T14:52:27.740+0000] {dag.py:3954} INFO - Setting next_dagrun for example_display_name to None, run_after=None
[2025-06-20T14:52:27.758+0000] {processor.py:183} INFO - Processing /home/airflow/.local/lib/python3.12/site-packages/airflow/example_dags/example_display_name.py took 0.065 seconds
[2025-06-20T14:52:57.868+0000] {processor.py:161} INFO - Started process (PID=2167) to work on /home/airflow/.local/lib/python3.12/site-packages/airflow/example_dags/example_display_name.py
[2025-06-20T14:52:57.869+0000] {processor.py:830} INFO - Processing file /home/airflow/.local/lib/python3.12/site-packages/airflow/example_dags/example_display_name.py for tasks to queue
[2025-06-20T14:52:57.871+0000] {logging_mixin.py:188} INFO - [2025-06-20T14:52:57.871+0000] {dagbag.py:540} INFO - Filling up the DagBag from /home/airflow/.local/lib/python3.12/site-packages/airflow/example_dags/example_display_name.py
[2025-06-20T14:52:57.877+0000] {processor.py:840} INFO - DAG(s) 'example_display_name' retrieved from /home/airflow/.local/lib/python3.12/site-packages/airflow/example_dags/example_display_name.py
[2025-06-20T14:52:57.898+0000] {logging_mixin.py:188} INFO - [2025-06-20T14:52:57.898+0000] {dag.py:3096} INFO - Sync 1 DAGs
[2025-06-20T14:52:57.912+0000] {logging_mixin.py:188} INFO - [2025-06-20T14:52:57.912+0000] {dag.py:3954} INFO - Setting next_dagrun for example_display_name to None, run_after=None
[2025-06-20T14:52:57.934+0000] {processor.py:183} INFO - Processing /home/airflow/.local/lib/python3.12/site-packages/airflow/example_dags/example_display_name.py took 0.072 seconds
[2025-06-20T14:53:28.284+0000] {processor.py:161} INFO - Started process (PID=2225) to work on /home/airflow/.local/lib/python3.12/site-packages/airflow/example_dags/example_display_name.py
[2025-06-20T14:53:28.285+0000] {processor.py:830} INFO - Processing file /home/airflow/.local/lib/python3.12/site-packages/airflow/example_dags/example_display_name.py for tasks to queue
[2025-06-20T14:53:28.287+0000] {logging_mixin.py:188} INFO - [2025-06-20T14:53:28.287+0000] {dagbag.py:540} INFO - Filling up the DagBag from /home/airflow/.local/lib/python3.12/site-packages/airflow/example_dags/example_display_name.py
[2025-06-20T14:53:28.293+0000] {processor.py:840} INFO - DAG(s) 'example_display_name' retrieved from /home/airflow/.local/lib/python3.12/site-packages/airflow/example_dags/example_display_name.py
[2025-06-20T14:53:28.315+0000] {logging_mixin.py:188} INFO - [2025-06-20T14:53:28.315+0000] {dag.py:3096} INFO - Sync 1 DAGs
[2025-06-20T14:53:28.327+0000] {logging_mixin.py:188} INFO - [2025-06-20T14:53:28.327+0000] {dag.py:3954} INFO - Setting next_dagrun for example_display_name to None, run_after=None
[2025-06-20T14:53:28.346+0000] {processor.py:183} INFO - Processing /home/airflow/.local/lib/python3.12/site-packages/airflow/example_dags/example_display_name.py took 0.068 seconds
[2025-06-20T14:53:59.266+0000] {processor.py:161} INFO - Started process (PID=2283) to work on /home/airflow/.local/lib/python3.12/site-packages/airflow/example_dags/example_display_name.py
[2025-06-20T14:53:59.267+0000] {processor.py:830} INFO - Processing file /home/airflow/.local/lib/python3.12/site-packages/airflow/example_dags/example_display_name.py for tasks to queue
[2025-06-20T14:53:59.269+0000] {logging_mixin.py:188} INFO - [2025-06-20T14:53:59.269+0000] {dagbag.py:540} INFO - Filling up the DagBag from /home/airflow/.local/lib/python3.12/site-packages/airflow/example_dags/example_display_name.py
[2025-06-20T14:53:59.275+0000] {processor.py:840} INFO - DAG(s) 'example_display_name' retrieved from /home/airflow/.local/lib/python3.12/site-packages/airflow/example_dags/example_display_name.py
[2025-06-20T14:53:59.295+0000] {logging_mixin.py:188} INFO - [2025-06-20T14:53:59.295+0000] {dag.py:3096} INFO - Sync 1 DAGs
[2025-06-20T14:53:59.308+0000] {logging_mixin.py:188} INFO - [2025-06-20T14:53:59.308+0000] {dag.py:3954} INFO - Setting next_dagrun for example_display_name to None, run_after=None
[2025-06-20T14:53:59.326+0000] {processor.py:183} INFO - Processing /home/airflow/.local/lib/python3.12/site-packages/airflow/example_dags/example_display_name.py took 0.066 seconds
[2025-06-20T14:54:30.156+0000] {processor.py:161} INFO - Started process (PID=2341) to work on /home/airflow/.local/lib/python3.12/site-packages/airflow/example_dags/example_display_name.py
[2025-06-20T14:54:30.157+0000] {processor.py:830} INFO - Processing file /home/airflow/.local/lib/python3.12/site-packages/airflow/example_dags/example_display_name.py for tasks to queue
[2025-06-20T14:54:30.158+0000] {logging_mixin.py:188} INFO - [2025-06-20T14:54:30.158+0000] {dagbag.py:540} INFO - Filling up the DagBag from /home/airflow/.local/lib/python3.12/site-packages/airflow/example_dags/example_display_name.py
[2025-06-20T14:54:30.165+0000] {processor.py:840} INFO - DAG(s) 'example_display_name' retrieved from /home/airflow/.local/lib/python3.12/site-packages/airflow/example_dags/example_display_name.py
[2025-06-20T14:54:30.186+0000] {logging_mixin.py:188} INFO - [2025-06-20T14:54:30.186+0000] {dag.py:3096} INFO - Sync 1 DAGs
[2025-06-20T14:54:30.201+0000] {logging_mixin.py:188} INFO - [2025-06-20T14:54:30.201+0000] {dag.py:3954} INFO - Setting next_dagrun for example_display_name to None, run_after=None
[2025-06-20T14:54:30.219+0000] {processor.py:183} INFO - Processing /home/airflow/.local/lib/python3.12/site-packages/airflow/example_dags/example_display_name.py took 0.070 seconds
[2025-06-20T14:55:00.341+0000] {processor.py:161} INFO - Started process (PID=2400) to work on /home/airflow/.local/lib/python3.12/site-packages/airflow/example_dags/example_display_name.py
[2025-06-20T14:55:00.342+0000] {processor.py:830} INFO - Processing file /home/airflow/.local/lib/python3.12/site-packages/airflow/example_dags/example_display_name.py for tasks to queue
[2025-06-20T14:55:00.344+0000] {logging_mixin.py:188} INFO - [2025-06-20T14:55:00.344+0000] {dagbag.py:540} INFO - Filling up the DagBag from /home/airflow/.local/lib/python3.12/site-packages/airflow/example_dags/example_display_name.py
[2025-06-20T14:55:00.350+0000] {processor.py:840} INFO - DAG(s) 'example_display_name' retrieved from /home/airflow/.local/lib/python3.12/site-packages/airflow/example_dags/example_display_name.py
[2025-06-20T14:55:00.369+0000] {logging_mixin.py:188} INFO - [2025-06-20T14:55:00.369+0000] {dag.py:3096} INFO - Sync 1 DAGs
[2025-06-20T14:55:00.381+0000] {logging_mixin.py:188} INFO - [2025-06-20T14:55:00.381+0000] {dag.py:3954} INFO - Setting next_dagrun for example_display_name to None, run_after=None
[2025-06-20T14:55:00.397+0000] {processor.py:183} INFO - Processing /home/airflow/.local/lib/python3.12/site-packages/airflow/example_dags/example_display_name.py took 0.063 seconds
[2025-06-20T14:55:30.610+0000] {processor.py:161} INFO - Started process (PID=2459) to work on /home/airflow/.local/lib/python3.12/site-packages/airflow/example_dags/example_display_name.py
[2025-06-20T14:55:30.611+0000] {processor.py:830} INFO - Processing file /home/airflow/.local/lib/python3.12/site-packages/airflow/example_dags/example_display_name.py for tasks to queue
[2025-06-20T14:55:30.613+0000] {logging_mixin.py:188} INFO - [2025-06-20T14:55:30.613+0000] {dagbag.py:540} INFO - Filling up the DagBag from /home/airflow/.local/lib/python3.12/site-packages/airflow/example_dags/example_display_name.py
[2025-06-20T14:55:30.619+0000] {processor.py:840} INFO - DAG(s) 'example_display_name' retrieved from /home/airflow/.local/lib/python3.12/site-packages/airflow/example_dags/example_display_name.py
[2025-06-20T14:55:30.638+0000] {logging_mixin.py:188} INFO - [2025-06-20T14:55:30.638+0000] {dag.py:3096} INFO - Sync 1 DAGs
[2025-06-20T14:55:30.653+0000] {logging_mixin.py:188} INFO - [2025-06-20T14:55:30.653+0000] {dag.py:3954} INFO - Setting next_dagrun for example_display_name to None, run_after=None
[2025-06-20T14:55:30.669+0000] {processor.py:183} INFO - Processing /home/airflow/.local/lib/python3.12/site-packages/airflow/example_dags/example_display_name.py took 0.065 seconds
[2025-06-20T14:56:01.017+0000] {processor.py:161} INFO - Started process (PID=2518) to work on /home/airflow/.local/lib/python3.12/site-packages/airflow/example_dags/example_display_name.py
[2025-06-20T14:56:01.018+0000] {processor.py:830} INFO - Processing file /home/airflow/.local/lib/python3.12/site-packages/airflow/example_dags/example_display_name.py for tasks to queue
[2025-06-20T14:56:01.020+0000] {logging_mixin.py:188} INFO - [2025-06-20T14:56:01.020+0000] {dagbag.py:540} INFO - Filling up the DagBag from /home/airflow/.local/lib/python3.12/site-packages/airflow/example_dags/example_display_name.py
[2025-06-20T14:56:01.027+0000] {processor.py:840} INFO - DAG(s) 'example_display_name' retrieved from /home/airflow/.local/lib/python3.12/site-packages/airflow/example_dags/example_display_name.py
[2025-06-20T14:56:01.047+0000] {logging_mixin.py:188} INFO - [2025-06-20T14:56:01.046+0000] {dag.py:3096} INFO - Sync 1 DAGs
[2025-06-20T14:56:01.059+0000] {logging_mixin.py:188} INFO - [2025-06-20T14:56:01.059+0000] {dag.py:3954} INFO - Setting next_dagrun for example_display_name to None, run_after=None
[2025-06-20T14:56:01.080+0000] {processor.py:183} INFO - Processing /home/airflow/.local/lib/python3.12/site-packages/airflow/example_dags/example_display_name.py took 0.069 seconds
[2025-06-20T14:56:31.162+0000] {processor.py:161} INFO - Started process (PID=2577) to work on /home/airflow/.local/lib/python3.12/site-packages/airflow/example_dags/example_display_name.py
[2025-06-20T14:56:31.163+0000] {processor.py:830} INFO - Processing file /home/airflow/.local/lib/python3.12/site-packages/airflow/example_dags/example_display_name.py for tasks to queue
[2025-06-20T14:56:31.165+0000] {logging_mixin.py:188} INFO - [2025-06-20T14:56:31.165+0000] {dagbag.py:540} INFO - Filling up the DagBag from /home/airflow/.local/lib/python3.12/site-packages/airflow/example_dags/example_display_name.py
[2025-06-20T14:56:31.171+0000] {processor.py:840} INFO - DAG(s) 'example_display_name' retrieved from /home/airflow/.local/lib/python3.12/site-packages/airflow/example_dags/example_display_name.py
[2025-06-20T14:56:31.189+0000] {logging_mixin.py:188} INFO - [2025-06-20T14:56:31.189+0000] {dag.py:3096} INFO - Sync 1 DAGs
[2025-06-20T14:56:31.201+0000] {logging_mixin.py:188} INFO - [2025-06-20T14:56:31.201+0000] {dag.py:3954} INFO - Setting next_dagrun for example_display_name to None, run_after=None
[2025-06-20T14:56:31.216+0000] {processor.py:183} INFO - Processing /home/airflow/.local/lib/python3.12/site-packages/airflow/example_dags/example_display_name.py took 0.060 seconds
[2025-06-20T14:57:01.263+0000] {processor.py:161} INFO - Started process (PID=2634) to work on /home/airflow/.local/lib/python3.12/site-packages/airflow/example_dags/example_display_name.py
[2025-06-20T14:57:01.264+0000] {processor.py:830} INFO - Processing file /home/airflow/.local/lib/python3.12/site-packages/airflow/example_dags/example_display_name.py for tasks to queue
[2025-06-20T14:57:01.266+0000] {logging_mixin.py:188} INFO - [2025-06-20T14:57:01.266+0000] {dagbag.py:540} INFO - Filling up the DagBag from /home/airflow/.local/lib/python3.12/site-packages/airflow/example_dags/example_display_name.py
[2025-06-20T14:57:01.271+0000] {processor.py:840} INFO - DAG(s) 'example_display_name' retrieved from /home/airflow/.local/lib/python3.12/site-packages/airflow/example_dags/example_display_name.py
[2025-06-20T14:57:01.291+0000] {logging_mixin.py:188} INFO - [2025-06-20T14:57:01.290+0000] {dag.py:3096} INFO - Sync 1 DAGs
[2025-06-20T14:57:01.303+0000] {logging_mixin.py:188} INFO - [2025-06-20T14:57:01.303+0000] {dag.py:3954} INFO - Setting next_dagrun for example_display_name to None, run_after=None
[2025-06-20T14:57:01.326+0000] {processor.py:183} INFO - Processing /home/airflow/.local/lib/python3.12/site-packages/airflow/example_dags/example_display_name.py took 0.068 seconds
[2025-06-20T14:57:31.399+0000] {processor.py:161} INFO - Started process (PID=2693) to work on /home/airflow/.local/lib/python3.12/site-packages/airflow/example_dags/example_display_name.py
[2025-06-20T14:57:31.400+0000] {processor.py:830} INFO - Processing file /home/airflow/.local/lib/python3.12/site-packages/airflow/example_dags/example_display_name.py for tasks to queue
[2025-06-20T14:57:31.402+0000] {logging_mixin.py:188} INFO - [2025-06-20T14:57:31.402+0000] {dagbag.py:540} INFO - Filling up the DagBag from /home/airflow/.local/lib/python3.12/site-packages/airflow/example_dags/example_display_name.py
[2025-06-20T14:57:31.409+0000] {processor.py:840} INFO - DAG(s) 'example_display_name' retrieved from /home/airflow/.local/lib/python3.12/site-packages/airflow/example_dags/example_display_name.py
[2025-06-20T14:57:31.429+0000] {logging_mixin.py:188} INFO - [2025-06-20T14:57:31.429+0000] {dag.py:3096} INFO - Sync 1 DAGs
[2025-06-20T14:57:31.443+0000] {logging_mixin.py:188} INFO - [2025-06-20T14:57:31.443+0000] {dag.py:3954} INFO - Setting next_dagrun for example_display_name to None, run_after=None
[2025-06-20T14:57:31.459+0000] {processor.py:183} INFO - Processing /home/airflow/.local/lib/python3.12/site-packages/airflow/example_dags/example_display_name.py took 0.066 seconds
[2025-06-20T14:58:01.533+0000] {processor.py:161} INFO - Started process (PID=2752) to work on /home/airflow/.local/lib/python3.12/site-packages/airflow/example_dags/example_display_name.py
[2025-06-20T14:58:01.534+0000] {processor.py:830} INFO - Processing file /home/airflow/.local/lib/python3.12/site-packages/airflow/example_dags/example_display_name.py for tasks to queue
[2025-06-20T14:58:01.536+0000] {logging_mixin.py:188} INFO - [2025-06-20T14:58:01.536+0000] {dagbag.py:540} INFO - Filling up the DagBag from /home/airflow/.local/lib/python3.12/site-packages/airflow/example_dags/example_display_name.py
[2025-06-20T14:58:01.542+0000] {processor.py:840} INFO - DAG(s) 'example_display_name' retrieved from /home/airflow/.local/lib/python3.12/site-packages/airflow/example_dags/example_display_name.py
[2025-06-20T14:58:01.561+0000] {logging_mixin.py:188} INFO - [2025-06-20T14:58:01.561+0000] {dag.py:3096} INFO - Sync 1 DAGs
[2025-06-20T14:58:01.573+0000] {logging_mixin.py:188} INFO - [2025-06-20T14:58:01.573+0000] {dag.py:3954} INFO - Setting next_dagrun for example_display_name to None, run_after=None
[2025-06-20T14:58:01.591+0000] {processor.py:183} INFO - Processing /home/airflow/.local/lib/python3.12/site-packages/airflow/example_dags/example_display_name.py took 0.066 seconds
[2025-06-20T14:58:31.742+0000] {processor.py:161} INFO - Started process (PID=2811) to work on /home/airflow/.local/lib/python3.12/site-packages/airflow/example_dags/example_display_name.py
[2025-06-20T14:58:31.743+0000] {processor.py:830} INFO - Processing file /home/airflow/.local/lib/python3.12/site-packages/airflow/example_dags/example_display_name.py for tasks to queue
[2025-06-20T14:58:31.745+0000] {logging_mixin.py:188} INFO - [2025-06-20T14:58:31.745+0000] {dagbag.py:540} INFO - Filling up the DagBag from /home/airflow/.local/lib/python3.12/site-packages/airflow/example_dags/example_display_name.py
[2025-06-20T14:58:31.751+0000] {processor.py:840} INFO - DAG(s) 'example_display_name' retrieved from /home/airflow/.local/lib/python3.12/site-packages/airflow/example_dags/example_display_name.py
[2025-06-20T14:58:31.771+0000] {logging_mixin.py:188} INFO - [2025-06-20T14:58:31.771+0000] {dag.py:3096} INFO - Sync 1 DAGs
[2025-06-20T14:58:31.784+0000] {logging_mixin.py:188} INFO - [2025-06-20T14:58:31.784+0000] {dag.py:3954} INFO - Setting next_dagrun for example_display_name to None, run_after=None
[2025-06-20T14:58:31.812+0000] {processor.py:183} INFO - Processing /home/airflow/.local/lib/python3.12/site-packages/airflow/example_dags/example_display_name.py took 0.076 seconds
[2025-06-20T14:59:01.889+0000] {processor.py:161} INFO - Started process (PID=2870) to work on /home/airflow/.local/lib/python3.12/site-packages/airflow/example_dags/example_display_name.py
[2025-06-20T14:59:01.890+0000] {processor.py:830} INFO - Processing file /home/airflow/.local/lib/python3.12/site-packages/airflow/example_dags/example_display_name.py for tasks to queue
[2025-06-20T14:59:01.892+0000] {logging_mixin.py:188} INFO - [2025-06-20T14:59:01.892+0000] {dagbag.py:540} INFO - Filling up the DagBag from /home/airflow/.local/lib/python3.12/site-packages/airflow/example_dags/example_display_name.py
[2025-06-20T14:59:01.898+0000] {processor.py:840} INFO - DAG(s) 'example_display_name' retrieved from /home/airflow/.local/lib/python3.12/site-packages/airflow/example_dags/example_display_name.py
[2025-06-20T14:59:01.917+0000] {logging_mixin.py:188} INFO - [2025-06-20T14:59:01.917+0000] {dag.py:3096} INFO - Sync 1 DAGs
[2025-06-20T14:59:01.929+0000] {logging_mixin.py:188} INFO - [2025-06-20T14:59:01.929+0000] {dag.py:3954} INFO - Setting next_dagrun for example_display_name to None, run_after=None
[2025-06-20T14:59:01.947+0000] {processor.py:183} INFO - Processing /home/airflow/.local/lib/python3.12/site-packages/airflow/example_dags/example_display_name.py took 0.064 seconds
[2025-06-20T14:59:32.142+0000] {processor.py:161} INFO - Started process (PID=2929) to work on /home/airflow/.local/lib/python3.12/site-packages/airflow/example_dags/example_display_name.py
[2025-06-20T14:59:32.143+0000] {processor.py:830} INFO - Processing file /home/airflow/.local/lib/python3.12/site-packages/airflow/example_dags/example_display_name.py for tasks to queue
[2025-06-20T14:59:32.145+0000] {logging_mixin.py:188} INFO - [2025-06-20T14:59:32.145+0000] {dagbag.py:540} INFO - Filling up the DagBag from /home/airflow/.local/lib/python3.12/site-packages/airflow/example_dags/example_display_name.py
[2025-06-20T14:59:32.151+0000] {processor.py:840} INFO - DAG(s) 'example_display_name' retrieved from /home/airflow/.local/lib/python3.12/site-packages/airflow/example_dags/example_display_name.py
[2025-06-20T14:59:32.170+0000] {logging_mixin.py:188} INFO - [2025-06-20T14:59:32.170+0000] {dag.py:3096} INFO - Sync 1 DAGs
[2025-06-20T14:59:32.183+0000] {logging_mixin.py:188} INFO - [2025-06-20T14:59:32.183+0000] {dag.py:3954} INFO - Setting next_dagrun for example_display_name to None, run_after=None
[2025-06-20T14:59:32.205+0000] {processor.py:183} INFO - Processing /home/airflow/.local/lib/python3.12/site-packages/airflow/example_dags/example_display_name.py took 0.070 seconds
[2025-06-20T15:00:02.749+0000] {processor.py:161} INFO - Started process (PID=2988) to work on /home/airflow/.local/lib/python3.12/site-packages/airflow/example_dags/example_display_name.py
[2025-06-20T15:00:02.750+0000] {processor.py:830} INFO - Processing file /home/airflow/.local/lib/python3.12/site-packages/airflow/example_dags/example_display_name.py for tasks to queue
[2025-06-20T15:00:02.752+0000] {logging_mixin.py:188} INFO - [2025-06-20T15:00:02.751+0000] {dagbag.py:540} INFO - Filling up the DagBag from /home/airflow/.local/lib/python3.12/site-packages/airflow/example_dags/example_display_name.py
[2025-06-20T15:00:02.758+0000] {processor.py:840} INFO - DAG(s) 'example_display_name' retrieved from /home/airflow/.local/lib/python3.12/site-packages/airflow/example_dags/example_display_name.py
[2025-06-20T15:00:02.778+0000] {logging_mixin.py:188} INFO - [2025-06-20T15:00:02.777+0000] {dag.py:3096} INFO - Sync 1 DAGs
[2025-06-20T15:00:02.790+0000] {logging_mixin.py:188} INFO - [2025-06-20T15:00:02.790+0000] {dag.py:3954} INFO - Setting next_dagrun for example_display_name to None, run_after=None
[2025-06-20T15:00:02.806+0000] {processor.py:183} INFO - Processing /home/airflow/.local/lib/python3.12/site-packages/airflow/example_dags/example_display_name.py took 0.064 seconds
[2025-06-20T15:00:33.110+0000] {processor.py:161} INFO - Started process (PID=3047) to work on /home/airflow/.local/lib/python3.12/site-packages/airflow/example_dags/example_display_name.py
[2025-06-20T15:00:33.111+0000] {processor.py:830} INFO - Processing file /home/airflow/.local/lib/python3.12/site-packages/airflow/example_dags/example_display_name.py for tasks to queue
[2025-06-20T15:00:33.113+0000] {logging_mixin.py:188} INFO - [2025-06-20T15:00:33.113+0000] {dagbag.py:540} INFO - Filling up the DagBag from /home/airflow/.local/lib/python3.12/site-packages/airflow/example_dags/example_display_name.py
[2025-06-20T15:00:33.119+0000] {processor.py:840} INFO - DAG(s) 'example_display_name' retrieved from /home/airflow/.local/lib/python3.12/site-packages/airflow/example_dags/example_display_name.py
[2025-06-20T15:00:33.139+0000] {logging_mixin.py:188} INFO - [2025-06-20T15:00:33.139+0000] {dag.py:3096} INFO - Sync 1 DAGs
[2025-06-20T15:00:33.152+0000] {logging_mixin.py:188} INFO - [2025-06-20T15:00:33.151+0000] {dag.py:3954} INFO - Setting next_dagrun for example_display_name to None, run_after=None
[2025-06-20T15:00:33.169+0000] {processor.py:183} INFO - Processing /home/airflow/.local/lib/python3.12/site-packages/airflow/example_dags/example_display_name.py took 0.065 seconds
[2025-06-20T15:01:03.437+0000] {processor.py:161} INFO - Started process (PID=3106) to work on /home/airflow/.local/lib/python3.12/site-packages/airflow/example_dags/example_display_name.py
[2025-06-20T15:01:03.438+0000] {processor.py:830} INFO - Processing file /home/airflow/.local/lib/python3.12/site-packages/airflow/example_dags/example_display_name.py for tasks to queue
[2025-06-20T15:01:03.440+0000] {logging_mixin.py:188} INFO - [2025-06-20T15:01:03.440+0000] {dagbag.py:540} INFO - Filling up the DagBag from /home/airflow/.local/lib/python3.12/site-packages/airflow/example_dags/example_display_name.py
[2025-06-20T15:01:03.446+0000] {processor.py:840} INFO - DAG(s) 'example_display_name' retrieved from /home/airflow/.local/lib/python3.12/site-packages/airflow/example_dags/example_display_name.py
[2025-06-20T15:01:03.466+0000] {logging_mixin.py:188} INFO - [2025-06-20T15:01:03.466+0000] {dag.py:3096} INFO - Sync 1 DAGs
[2025-06-20T15:01:03.478+0000] {logging_mixin.py:188} INFO - [2025-06-20T15:01:03.478+0000] {dag.py:3954} INFO - Setting next_dagrun for example_display_name to None, run_after=None
[2025-06-20T15:01:03.495+0000] {processor.py:183} INFO - Processing /home/airflow/.local/lib/python3.12/site-packages/airflow/example_dags/example_display_name.py took 0.064 seconds
[2025-06-20T15:01:33.645+0000] {processor.py:161} INFO - Started process (PID=3165) to work on /home/airflow/.local/lib/python3.12/site-packages/airflow/example_dags/example_display_name.py
[2025-06-20T15:01:33.646+0000] {processor.py:830} INFO - Processing file /home/airflow/.local/lib/python3.12/site-packages/airflow/example_dags/example_display_name.py for tasks to queue
[2025-06-20T15:01:33.648+0000] {logging_mixin.py:188} INFO - [2025-06-20T15:01:33.648+0000] {dagbag.py:540} INFO - Filling up the DagBag from /home/airflow/.local/lib/python3.12/site-packages/airflow/example_dags/example_display_name.py
[2025-06-20T15:01:33.654+0000] {processor.py:840} INFO - DAG(s) 'example_display_name' retrieved from /home/airflow/.local/lib/python3.12/site-packages/airflow/example_dags/example_display_name.py
[2025-06-20T15:01:33.673+0000] {logging_mixin.py:188} INFO - [2025-06-20T15:01:33.673+0000] {dag.py:3096} INFO - Sync 1 DAGs
[2025-06-20T15:01:33.685+0000] {logging_mixin.py:188} INFO - [2025-06-20T15:01:33.685+0000] {dag.py:3954} INFO - Setting next_dagrun for example_display_name to None, run_after=None
[2025-06-20T15:01:33.701+0000] {processor.py:183} INFO - Processing /home/airflow/.local/lib/python3.12/site-packages/airflow/example_dags/example_display_name.py took 0.062 seconds
[2025-06-20T15:02:04.350+0000] {processor.py:161} INFO - Started process (PID=3224) to work on /home/airflow/.local/lib/python3.12/site-packages/airflow/example_dags/example_display_name.py
[2025-06-20T15:02:04.351+0000] {processor.py:830} INFO - Processing file /home/airflow/.local/lib/python3.12/site-packages/airflow/example_dags/example_display_name.py for tasks to queue
[2025-06-20T15:02:04.355+0000] {logging_mixin.py:188} INFO - [2025-06-20T15:02:04.354+0000] {dagbag.py:540} INFO - Filling up the DagBag from /home/airflow/.local/lib/python3.12/site-packages/airflow/example_dags/example_display_name.py
[2025-06-20T15:02:04.360+0000] {processor.py:840} INFO - DAG(s) 'example_display_name' retrieved from /home/airflow/.local/lib/python3.12/site-packages/airflow/example_dags/example_display_name.py
[2025-06-20T15:02:04.380+0000] {logging_mixin.py:188} INFO - [2025-06-20T15:02:04.380+0000] {dag.py:3096} INFO - Sync 1 DAGs
[2025-06-20T15:02:04.397+0000] {logging_mixin.py:188} INFO - [2025-06-20T15:02:04.396+0000] {dag.py:3954} INFO - Setting next_dagrun for example_display_name to None, run_after=None
[2025-06-20T15:02:04.412+0000] {processor.py:183} INFO - Processing /home/airflow/.local/lib/python3.12/site-packages/airflow/example_dags/example_display_name.py took 0.071 seconds
[2025-06-20T15:02:35.057+0000] {processor.py:161} INFO - Started process (PID=3283) to work on /home/airflow/.local/lib/python3.12/site-packages/airflow/example_dags/example_display_name.py
[2025-06-20T15:02:35.058+0000] {processor.py:830} INFO - Processing file /home/airflow/.local/lib/python3.12/site-packages/airflow/example_dags/example_display_name.py for tasks to queue
[2025-06-20T15:02:35.060+0000] {logging_mixin.py:188} INFO - [2025-06-20T15:02:35.060+0000] {dagbag.py:540} INFO - Filling up the DagBag from /home/airflow/.local/lib/python3.12/site-packages/airflow/example_dags/example_display_name.py
[2025-06-20T15:02:35.066+0000] {processor.py:840} INFO - DAG(s) 'example_display_name' retrieved from /home/airflow/.local/lib/python3.12/site-packages/airflow/example_dags/example_display_name.py
[2025-06-20T15:02:35.085+0000] {logging_mixin.py:188} INFO - [2025-06-20T15:02:35.085+0000] {dag.py:3096} INFO - Sync 1 DAGs
[2025-06-20T15:02:35.097+0000] {logging_mixin.py:188} INFO - [2025-06-20T15:02:35.097+0000] {dag.py:3954} INFO - Setting next_dagrun for example_display_name to None, run_after=None
[2025-06-20T15:02:35.113+0000] {processor.py:183} INFO - Processing /home/airflow/.local/lib/python3.12/site-packages/airflow/example_dags/example_display_name.py took 0.062 seconds
[2025-06-20T15:03:05.804+0000] {processor.py:161} INFO - Started process (PID=3342) to work on /home/airflow/.local/lib/python3.12/site-packages/airflow/example_dags/example_display_name.py
[2025-06-20T15:03:05.805+0000] {processor.py:830} INFO - Processing file /home/airflow/.local/lib/python3.12/site-packages/airflow/example_dags/example_display_name.py for tasks to queue
[2025-06-20T15:03:05.808+0000] {logging_mixin.py:188} INFO - [2025-06-20T15:03:05.807+0000] {dagbag.py:540} INFO - Filling up the DagBag from /home/airflow/.local/lib/python3.12/site-packages/airflow/example_dags/example_display_name.py
[2025-06-20T15:03:05.813+0000] {processor.py:840} INFO - DAG(s) 'example_display_name' retrieved from /home/airflow/.local/lib/python3.12/site-packages/airflow/example_dags/example_display_name.py
[2025-06-20T15:03:05.835+0000] {logging_mixin.py:188} INFO - [2025-06-20T15:03:05.835+0000] {dag.py:3096} INFO - Sync 1 DAGs
[2025-06-20T15:03:05.847+0000] {logging_mixin.py:188} INFO - [2025-06-20T15:03:05.847+0000] {dag.py:3954} INFO - Setting next_dagrun for example_display_name to None, run_after=None
[2025-06-20T15:03:05.863+0000] {processor.py:183} INFO - Processing /home/airflow/.local/lib/python3.12/site-packages/airflow/example_dags/example_display_name.py took 0.066 seconds
[2025-06-20T15:03:36.455+0000] {processor.py:161} INFO - Started process (PID=3401) to work on /home/airflow/.local/lib/python3.12/site-packages/airflow/example_dags/example_display_name.py
[2025-06-20T15:03:36.456+0000] {processor.py:830} INFO - Processing file /home/airflow/.local/lib/python3.12/site-packages/airflow/example_dags/example_display_name.py for tasks to queue
[2025-06-20T15:03:36.459+0000] {logging_mixin.py:188} INFO - [2025-06-20T15:03:36.459+0000] {dagbag.py:540} INFO - Filling up the DagBag from /home/airflow/.local/lib/python3.12/site-packages/airflow/example_dags/example_display_name.py
[2025-06-20T15:03:36.465+0000] {processor.py:840} INFO - DAG(s) 'example_display_name' retrieved from /home/airflow/.local/lib/python3.12/site-packages/airflow/example_dags/example_display_name.py
[2025-06-20T15:03:36.484+0000] {logging_mixin.py:188} INFO - [2025-06-20T15:03:36.484+0000] {dag.py:3096} INFO - Sync 1 DAGs
[2025-06-20T15:03:36.496+0000] {logging_mixin.py:188} INFO - [2025-06-20T15:03:36.496+0000] {dag.py:3954} INFO - Setting next_dagrun for example_display_name to None, run_after=None
[2025-06-20T15:03:36.511+0000] {processor.py:183} INFO - Processing /home/airflow/.local/lib/python3.12/site-packages/airflow/example_dags/example_display_name.py took 0.062 seconds
[2025-06-20T15:04:06.913+0000] {processor.py:161} INFO - Started process (PID=3460) to work on /home/airflow/.local/lib/python3.12/site-packages/airflow/example_dags/example_display_name.py
[2025-06-20T15:04:06.914+0000] {processor.py:830} INFO - Processing file /home/airflow/.local/lib/python3.12/site-packages/airflow/example_dags/example_display_name.py for tasks to queue
[2025-06-20T15:04:06.917+0000] {logging_mixin.py:188} INFO - [2025-06-20T15:04:06.917+0000] {dagbag.py:540} INFO - Filling up the DagBag from /home/airflow/.local/lib/python3.12/site-packages/airflow/example_dags/example_display_name.py
[2025-06-20T15:04:06.923+0000] {processor.py:840} INFO - DAG(s) 'example_display_name' retrieved from /home/airflow/.local/lib/python3.12/site-packages/airflow/example_dags/example_display_name.py
[2025-06-20T15:04:06.942+0000] {logging_mixin.py:188} INFO - [2025-06-20T15:04:06.942+0000] {dag.py:3096} INFO - Sync 1 DAGs
[2025-06-20T15:04:06.954+0000] {logging_mixin.py:188} INFO - [2025-06-20T15:04:06.954+0000] {dag.py:3954} INFO - Setting next_dagrun for example_display_name to None, run_after=None
[2025-06-20T15:04:06.970+0000] {processor.py:183} INFO - Processing /home/airflow/.local/lib/python3.12/site-packages/airflow/example_dags/example_display_name.py took 0.063 seconds
[2025-06-20T15:04:37.700+0000] {processor.py:161} INFO - Started process (PID=3519) to work on /home/airflow/.local/lib/python3.12/site-packages/airflow/example_dags/example_display_name.py
[2025-06-20T15:04:37.701+0000] {processor.py:830} INFO - Processing file /home/airflow/.local/lib/python3.12/site-packages/airflow/example_dags/example_display_name.py for tasks to queue
[2025-06-20T15:04:37.704+0000] {logging_mixin.py:188} INFO - [2025-06-20T15:04:37.704+0000] {dagbag.py:540} INFO - Filling up the DagBag from /home/airflow/.local/lib/python3.12/site-packages/airflow/example_dags/example_display_name.py
[2025-06-20T15:04:37.710+0000] {processor.py:840} INFO - DAG(s) 'example_display_name' retrieved from /home/airflow/.local/lib/python3.12/site-packages/airflow/example_dags/example_display_name.py
[2025-06-20T15:04:37.732+0000] {logging_mixin.py:188} INFO - [2025-06-20T15:04:37.732+0000] {dag.py:3096} INFO - Sync 1 DAGs
[2025-06-20T15:04:37.748+0000] {logging_mixin.py:188} INFO - [2025-06-20T15:04:37.748+0000] {dag.py:3954} INFO - Setting next_dagrun for example_display_name to None, run_after=None
[2025-06-20T15:04:37.765+0000] {processor.py:183} INFO - Processing /home/airflow/.local/lib/python3.12/site-packages/airflow/example_dags/example_display_name.py took 0.071 seconds
[2025-06-20T15:05:07.833+0000] {processor.py:161} INFO - Started process (PID=3578) to work on /home/airflow/.local/lib/python3.12/site-packages/airflow/example_dags/example_display_name.py
[2025-06-20T15:05:07.834+0000] {processor.py:830} INFO - Processing file /home/airflow/.local/lib/python3.12/site-packages/airflow/example_dags/example_display_name.py for tasks to queue
[2025-06-20T15:05:07.837+0000] {logging_mixin.py:188} INFO - [2025-06-20T15:05:07.836+0000] {dagbag.py:540} INFO - Filling up the DagBag from /home/airflow/.local/lib/python3.12/site-packages/airflow/example_dags/example_display_name.py
[2025-06-20T15:05:07.842+0000] {processor.py:840} INFO - DAG(s) 'example_display_name' retrieved from /home/airflow/.local/lib/python3.12/site-packages/airflow/example_dags/example_display_name.py
[2025-06-20T15:05:07.862+0000] {logging_mixin.py:188} INFO - [2025-06-20T15:05:07.862+0000] {dag.py:3096} INFO - Sync 1 DAGs
[2025-06-20T15:05:07.874+0000] {logging_mixin.py:188} INFO - [2025-06-20T15:05:07.874+0000] {dag.py:3954} INFO - Setting next_dagrun for example_display_name to None, run_after=None
[2025-06-20T15:05:07.891+0000] {processor.py:183} INFO - Processing /home/airflow/.local/lib/python3.12/site-packages/airflow/example_dags/example_display_name.py took 0.064 seconds
[2025-06-20T15:05:38.214+0000] {processor.py:161} INFO - Started process (PID=3637) to work on /home/airflow/.local/lib/python3.12/site-packages/airflow/example_dags/example_display_name.py
[2025-06-20T15:05:38.215+0000] {processor.py:830} INFO - Processing file /home/airflow/.local/lib/python3.12/site-packages/airflow/example_dags/example_display_name.py for tasks to queue
[2025-06-20T15:05:38.218+0000] {logging_mixin.py:188} INFO - [2025-06-20T15:05:38.217+0000] {dagbag.py:540} INFO - Filling up the DagBag from /home/airflow/.local/lib/python3.12/site-packages/airflow/example_dags/example_display_name.py
[2025-06-20T15:05:38.223+0000] {processor.py:840} INFO - DAG(s) 'example_display_name' retrieved from /home/airflow/.local/lib/python3.12/site-packages/airflow/example_dags/example_display_name.py
[2025-06-20T15:05:38.243+0000] {logging_mixin.py:188} INFO - [2025-06-20T15:05:38.243+0000] {dag.py:3096} INFO - Sync 1 DAGs
[2025-06-20T15:05:38.256+0000] {logging_mixin.py:188} INFO - [2025-06-20T15:05:38.255+0000] {dag.py:3954} INFO - Setting next_dagrun for example_display_name to None, run_after=None
[2025-06-20T15:05:38.273+0000] {processor.py:183} INFO - Processing /home/airflow/.local/lib/python3.12/site-packages/airflow/example_dags/example_display_name.py took 0.065 seconds
[2025-06-20T15:06:08.447+0000] {processor.py:161} INFO - Started process (PID=3696) to work on /home/airflow/.local/lib/python3.12/site-packages/airflow/example_dags/example_display_name.py
[2025-06-20T15:06:08.449+0000] {processor.py:830} INFO - Processing file /home/airflow/.local/lib/python3.12/site-packages/airflow/example_dags/example_display_name.py for tasks to queue
[2025-06-20T15:06:08.452+0000] {logging_mixin.py:188} INFO - [2025-06-20T15:06:08.451+0000] {dagbag.py:540} INFO - Filling up the DagBag from /home/airflow/.local/lib/python3.12/site-packages/airflow/example_dags/example_display_name.py
[2025-06-20T15:06:08.459+0000] {processor.py:840} INFO - DAG(s) 'example_display_name' retrieved from /home/airflow/.local/lib/python3.12/site-packages/airflow/example_dags/example_display_name.py
[2025-06-20T15:06:08.480+0000] {logging_mixin.py:188} INFO - [2025-06-20T15:06:08.480+0000] {dag.py:3096} INFO - Sync 1 DAGs
[2025-06-20T15:06:08.494+0000] {logging_mixin.py:188} INFO - [2025-06-20T15:06:08.494+0000] {dag.py:3954} INFO - Setting next_dagrun for example_display_name to None, run_after=None
[2025-06-20T15:06:08.511+0000] {processor.py:183} INFO - Processing /home/airflow/.local/lib/python3.12/site-packages/airflow/example_dags/example_display_name.py took 0.071 seconds
[2025-06-20T15:06:38.770+0000] {processor.py:161} INFO - Started process (PID=3755) to work on /home/airflow/.local/lib/python3.12/site-packages/airflow/example_dags/example_display_name.py
[2025-06-20T15:06:38.772+0000] {processor.py:830} INFO - Processing file /home/airflow/.local/lib/python3.12/site-packages/airflow/example_dags/example_display_name.py for tasks to queue
[2025-06-20T15:06:38.774+0000] {logging_mixin.py:188} INFO - [2025-06-20T15:06:38.774+0000] {dagbag.py:540} INFO - Filling up the DagBag from /home/airflow/.local/lib/python3.12/site-packages/airflow/example_dags/example_display_name.py
[2025-06-20T15:06:38.780+0000] {processor.py:840} INFO - DAG(s) 'example_display_name' retrieved from /home/airflow/.local/lib/python3.12/site-packages/airflow/example_dags/example_display_name.py
[2025-06-20T15:06:38.800+0000] {logging_mixin.py:188} INFO - [2025-06-20T15:06:38.800+0000] {dag.py:3096} INFO - Sync 1 DAGs
[2025-06-20T15:06:38.812+0000] {logging_mixin.py:188} INFO - [2025-06-20T15:06:38.812+0000] {dag.py:3954} INFO - Setting next_dagrun for example_display_name to None, run_after=None
[2025-06-20T15:06:38.830+0000] {processor.py:183} INFO - Processing /home/airflow/.local/lib/python3.12/site-packages/airflow/example_dags/example_display_name.py took 0.067 seconds
[2025-06-20T15:07:08.986+0000] {processor.py:161} INFO - Started process (PID=3814) to work on /home/airflow/.local/lib/python3.12/site-packages/airflow/example_dags/example_display_name.py
[2025-06-20T15:07:08.987+0000] {processor.py:830} INFO - Processing file /home/airflow/.local/lib/python3.12/site-packages/airflow/example_dags/example_display_name.py for tasks to queue
[2025-06-20T15:07:08.989+0000] {logging_mixin.py:188} INFO - [2025-06-20T15:07:08.989+0000] {dagbag.py:540} INFO - Filling up the DagBag from /home/airflow/.local/lib/python3.12/site-packages/airflow/example_dags/example_display_name.py
[2025-06-20T15:07:08.995+0000] {processor.py:840} INFO - DAG(s) 'example_display_name' retrieved from /home/airflow/.local/lib/python3.12/site-packages/airflow/example_dags/example_display_name.py
[2025-06-20T15:07:09.015+0000] {logging_mixin.py:188} INFO - [2025-06-20T15:07:09.015+0000] {dag.py:3096} INFO - Sync 1 DAGs
[2025-06-20T15:07:09.027+0000] {logging_mixin.py:188} INFO - [2025-06-20T15:07:09.027+0000] {dag.py:3954} INFO - Setting next_dagrun for example_display_name to None, run_after=None
[2025-06-20T15:07:09.043+0000] {processor.py:183} INFO - Processing /home/airflow/.local/lib/python3.12/site-packages/airflow/example_dags/example_display_name.py took 0.063 seconds
