[2025-06-20T14:34:48.368+0000] {processor.py:161} INFO - Started process (PID=95) to work on /home/airflow/.local/lib/python3.12/site-packages/airflow/example_dags/example_short_circuit_operator.py
[2025-06-20T14:34:48.369+0000] {processor.py:830} INFO - Processing file /home/airflow/.local/lib/python3.12/site-packages/airflow/example_dags/example_short_circuit_operator.py for tasks to queue
[2025-06-20T14:34:48.371+0000] {logging_mixin.py:188} INFO - [2025-06-20T14:34:48.370+0000] {dagbag.py:540} INFO - Filling up the DagBag from /home/airflow/.local/lib/python3.12/site-packages/airflow/example_dags/example_short_circuit_operator.py
[2025-06-20T14:34:48.381+0000] {processor.py:840} INFO - DAG(s) 'example_short_circuit_operator' retrieved from /home/airflow/.local/lib/python3.12/site-packages/airflow/example_dags/example_short_circuit_operator.py
[2025-06-20T14:34:48.394+0000] {logging_mixin.py:188} INFO - [2025-06-20T14:34:48.393+0000] {dag.py:3096} INFO - Sync 1 DAGs
[2025-06-20T14:34:48.418+0000] {logging_mixin.py:188} INFO - [2025-06-20T14:34:48.417+0000] {dag.py:3954} INFO - Setting next_dagrun for example_short_circuit_operator to 2025-06-19 00:00:00+00:00, run_after=2025-06-20 00:00:00+00:00
[2025-06-20T14:34:48.434+0000] {processor.py:183} INFO - Processing /home/airflow/.local/lib/python3.12/site-packages/airflow/example_dags/example_short_circuit_operator.py took 0.072 seconds
[2025-06-20T14:35:19.882+0000] {processor.py:161} INFO - Started process (PID=159) to work on /home/airflow/.local/lib/python3.12/site-packages/airflow/example_dags/example_short_circuit_operator.py
[2025-06-20T14:35:19.883+0000] {processor.py:830} INFO - Processing file /home/airflow/.local/lib/python3.12/site-packages/airflow/example_dags/example_short_circuit_operator.py for tasks to queue
[2025-06-20T14:35:19.885+0000] {logging_mixin.py:188} INFO - [2025-06-20T14:35:19.885+0000] {dagbag.py:540} INFO - Filling up the DagBag from /home/airflow/.local/lib/python3.12/site-packages/airflow/example_dags/example_short_circuit_operator.py
[2025-06-20T14:35:19.892+0000] {processor.py:840} INFO - DAG(s) 'example_short_circuit_operator' retrieved from /home/airflow/.local/lib/python3.12/site-packages/airflow/example_dags/example_short_circuit_operator.py
[2025-06-20T14:35:19.997+0000] {logging_mixin.py:188} INFO - [2025-06-20T14:35:19.996+0000] {dag.py:3096} INFO - Sync 1 DAGs
[2025-06-20T14:35:20.016+0000] {logging_mixin.py:188} INFO - [2025-06-20T14:35:20.016+0000] {dag.py:3954} INFO - Setting next_dagrun for example_short_circuit_operator to 2025-06-19 00:00:00+00:00, run_after=2025-06-20 00:00:00+00:00
[2025-06-20T14:35:20.032+0000] {processor.py:183} INFO - Processing /home/airflow/.local/lib/python3.12/site-packages/airflow/example_dags/example_short_circuit_operator.py took 0.156 seconds
[2025-06-20T14:35:50.646+0000] {processor.py:161} INFO - Started process (PID=217) to work on /home/airflow/.local/lib/python3.12/site-packages/airflow/example_dags/example_short_circuit_operator.py
[2025-06-20T14:35:50.647+0000] {processor.py:830} INFO - Processing file /home/airflow/.local/lib/python3.12/site-packages/airflow/example_dags/example_short_circuit_operator.py for tasks to queue
[2025-06-20T14:35:50.649+0000] {logging_mixin.py:188} INFO - [2025-06-20T14:35:50.648+0000] {dagbag.py:540} INFO - Filling up the DagBag from /home/airflow/.local/lib/python3.12/site-packages/airflow/example_dags/example_short_circuit_operator.py
[2025-06-20T14:35:50.656+0000] {processor.py:840} INFO - DAG(s) 'example_short_circuit_operator' retrieved from /home/airflow/.local/lib/python3.12/site-packages/airflow/example_dags/example_short_circuit_operator.py
[2025-06-20T14:35:50.677+0000] {logging_mixin.py:188} INFO - [2025-06-20T14:35:50.677+0000] {dag.py:3096} INFO - Sync 1 DAGs
[2025-06-20T14:35:50.697+0000] {logging_mixin.py:188} INFO - [2025-06-20T14:35:50.696+0000] {dag.py:3954} INFO - Setting next_dagrun for example_short_circuit_operator to 2025-06-19 00:00:00+00:00, run_after=2025-06-20 00:00:00+00:00
[2025-06-20T14:35:50.712+0000] {processor.py:183} INFO - Processing /home/airflow/.local/lib/python3.12/site-packages/airflow/example_dags/example_short_circuit_operator.py took 0.072 seconds
[2025-06-20T14:36:21.660+0000] {processor.py:161} INFO - Started process (PID=275) to work on /home/airflow/.local/lib/python3.12/site-packages/airflow/example_dags/example_short_circuit_operator.py
[2025-06-20T14:36:21.661+0000] {processor.py:830} INFO - Processing file /home/airflow/.local/lib/python3.12/site-packages/airflow/example_dags/example_short_circuit_operator.py for tasks to queue
[2025-06-20T14:36:21.663+0000] {logging_mixin.py:188} INFO - [2025-06-20T14:36:21.663+0000] {dagbag.py:540} INFO - Filling up the DagBag from /home/airflow/.local/lib/python3.12/site-packages/airflow/example_dags/example_short_circuit_operator.py
[2025-06-20T14:36:21.671+0000] {processor.py:840} INFO - DAG(s) 'example_short_circuit_operator' retrieved from /home/airflow/.local/lib/python3.12/site-packages/airflow/example_dags/example_short_circuit_operator.py
[2025-06-20T14:36:21.693+0000] {logging_mixin.py:188} INFO - [2025-06-20T14:36:21.693+0000] {dag.py:3096} INFO - Sync 1 DAGs
[2025-06-20T14:36:21.713+0000] {logging_mixin.py:188} INFO - [2025-06-20T14:36:21.712+0000] {dag.py:3954} INFO - Setting next_dagrun for example_short_circuit_operator to 2025-06-19 00:00:00+00:00, run_after=2025-06-20 00:00:00+00:00
[2025-06-20T14:36:21.729+0000] {processor.py:183} INFO - Processing /home/airflow/.local/lib/python3.12/site-packages/airflow/example_dags/example_short_circuit_operator.py took 0.075 seconds
[2025-06-20T14:36:52.311+0000] {processor.py:161} INFO - Started process (PID=333) to work on /home/airflow/.local/lib/python3.12/site-packages/airflow/example_dags/example_short_circuit_operator.py
[2025-06-20T14:36:52.312+0000] {processor.py:830} INFO - Processing file /home/airflow/.local/lib/python3.12/site-packages/airflow/example_dags/example_short_circuit_operator.py for tasks to queue
[2025-06-20T14:36:52.314+0000] {logging_mixin.py:188} INFO - [2025-06-20T14:36:52.313+0000] {dagbag.py:540} INFO - Filling up the DagBag from /home/airflow/.local/lib/python3.12/site-packages/airflow/example_dags/example_short_circuit_operator.py
[2025-06-20T14:36:52.320+0000] {processor.py:840} INFO - DAG(s) 'example_short_circuit_operator' retrieved from /home/airflow/.local/lib/python3.12/site-packages/airflow/example_dags/example_short_circuit_operator.py
[2025-06-20T14:36:52.342+0000] {logging_mixin.py:188} INFO - [2025-06-20T14:36:52.342+0000] {dag.py:3096} INFO - Sync 1 DAGs
[2025-06-20T14:36:52.362+0000] {logging_mixin.py:188} INFO - [2025-06-20T14:36:52.362+0000] {dag.py:3954} INFO - Setting next_dagrun for example_short_circuit_operator to 2025-06-19 00:00:00+00:00, run_after=2025-06-20 00:00:00+00:00
[2025-06-20T14:36:52.378+0000] {processor.py:183} INFO - Processing /home/airflow/.local/lib/python3.12/site-packages/airflow/example_dags/example_short_circuit_operator.py took 0.073 seconds
[2025-06-20T14:37:22.774+0000] {processor.py:161} INFO - Started process (PID=407) to work on /home/airflow/.local/lib/python3.12/site-packages/airflow/example_dags/example_short_circuit_operator.py
[2025-06-20T14:37:22.775+0000] {processor.py:830} INFO - Processing file /home/airflow/.local/lib/python3.12/site-packages/airflow/example_dags/example_short_circuit_operator.py for tasks to queue
[2025-06-20T14:37:22.777+0000] {logging_mixin.py:188} INFO - [2025-06-20T14:37:22.777+0000] {dagbag.py:540} INFO - Filling up the DagBag from /home/airflow/.local/lib/python3.12/site-packages/airflow/example_dags/example_short_circuit_operator.py
[2025-06-20T14:37:22.786+0000] {processor.py:840} INFO - DAG(s) 'example_short_circuit_operator' retrieved from /home/airflow/.local/lib/python3.12/site-packages/airflow/example_dags/example_short_circuit_operator.py
[2025-06-20T14:37:22.808+0000] {logging_mixin.py:188} INFO - [2025-06-20T14:37:22.808+0000] {dag.py:3096} INFO - Sync 1 DAGs
[2025-06-20T14:37:22.828+0000] {logging_mixin.py:188} INFO - [2025-06-20T14:37:22.828+0000] {dag.py:3954} INFO - Setting next_dagrun for example_short_circuit_operator to 2025-06-19 00:00:00+00:00, run_after=2025-06-20 00:00:00+00:00
[2025-06-20T14:37:22.844+0000] {processor.py:183} INFO - Processing /home/airflow/.local/lib/python3.12/site-packages/airflow/example_dags/example_short_circuit_operator.py took 0.076 seconds
[2025-06-20T14:37:53.336+0000] {processor.py:161} INFO - Started process (PID=465) to work on /home/airflow/.local/lib/python3.12/site-packages/airflow/example_dags/example_short_circuit_operator.py
[2025-06-20T14:37:53.337+0000] {processor.py:830} INFO - Processing file /home/airflow/.local/lib/python3.12/site-packages/airflow/example_dags/example_short_circuit_operator.py for tasks to queue
[2025-06-20T14:37:53.339+0000] {logging_mixin.py:188} INFO - [2025-06-20T14:37:53.338+0000] {dagbag.py:540} INFO - Filling up the DagBag from /home/airflow/.local/lib/python3.12/site-packages/airflow/example_dags/example_short_circuit_operator.py
[2025-06-20T14:37:53.346+0000] {processor.py:840} INFO - DAG(s) 'example_short_circuit_operator' retrieved from /home/airflow/.local/lib/python3.12/site-packages/airflow/example_dags/example_short_circuit_operator.py
[2025-06-20T14:37:53.368+0000] {logging_mixin.py:188} INFO - [2025-06-20T14:37:53.368+0000] {dag.py:3096} INFO - Sync 1 DAGs
[2025-06-20T14:37:53.387+0000] {logging_mixin.py:188} INFO - [2025-06-20T14:37:53.387+0000] {dag.py:3954} INFO - Setting next_dagrun for example_short_circuit_operator to 2025-06-19 00:00:00+00:00, run_after=2025-06-20 00:00:00+00:00
[2025-06-20T14:37:53.403+0000] {processor.py:183} INFO - Processing /home/airflow/.local/lib/python3.12/site-packages/airflow/example_dags/example_short_circuit_operator.py took 0.072 seconds
[2025-06-20T14:38:23.882+0000] {processor.py:161} INFO - Started process (PID=523) to work on /home/airflow/.local/lib/python3.12/site-packages/airflow/example_dags/example_short_circuit_operator.py
[2025-06-20T14:38:23.883+0000] {processor.py:830} INFO - Processing file /home/airflow/.local/lib/python3.12/site-packages/airflow/example_dags/example_short_circuit_operator.py for tasks to queue
[2025-06-20T14:38:23.885+0000] {logging_mixin.py:188} INFO - [2025-06-20T14:38:23.885+0000] {dagbag.py:540} INFO - Filling up the DagBag from /home/airflow/.local/lib/python3.12/site-packages/airflow/example_dags/example_short_circuit_operator.py
[2025-06-20T14:38:23.892+0000] {processor.py:840} INFO - DAG(s) 'example_short_circuit_operator' retrieved from /home/airflow/.local/lib/python3.12/site-packages/airflow/example_dags/example_short_circuit_operator.py
[2025-06-20T14:38:23.914+0000] {logging_mixin.py:188} INFO - [2025-06-20T14:38:23.914+0000] {dag.py:3096} INFO - Sync 1 DAGs
[2025-06-20T14:38:23.933+0000] {logging_mixin.py:188} INFO - [2025-06-20T14:38:23.933+0000] {dag.py:3954} INFO - Setting next_dagrun for example_short_circuit_operator to 2025-06-19 00:00:00+00:00, run_after=2025-06-20 00:00:00+00:00
[2025-06-20T14:38:23.949+0000] {processor.py:183} INFO - Processing /home/airflow/.local/lib/python3.12/site-packages/airflow/example_dags/example_short_circuit_operator.py took 0.073 seconds
[2025-06-20T14:38:54.747+0000] {processor.py:161} INFO - Started process (PID=581) to work on /home/airflow/.local/lib/python3.12/site-packages/airflow/example_dags/example_short_circuit_operator.py
[2025-06-20T14:38:54.748+0000] {processor.py:830} INFO - Processing file /home/airflow/.local/lib/python3.12/site-packages/airflow/example_dags/example_short_circuit_operator.py for tasks to queue
[2025-06-20T14:38:54.750+0000] {logging_mixin.py:188} INFO - [2025-06-20T14:38:54.750+0000] {dagbag.py:540} INFO - Filling up the DagBag from /home/airflow/.local/lib/python3.12/site-packages/airflow/example_dags/example_short_circuit_operator.py
[2025-06-20T14:38:54.757+0000] {processor.py:840} INFO - DAG(s) 'example_short_circuit_operator' retrieved from /home/airflow/.local/lib/python3.12/site-packages/airflow/example_dags/example_short_circuit_operator.py
[2025-06-20T14:38:54.779+0000] {logging_mixin.py:188} INFO - [2025-06-20T14:38:54.779+0000] {dag.py:3096} INFO - Sync 1 DAGs
[2025-06-20T14:38:54.799+0000] {logging_mixin.py:188} INFO - [2025-06-20T14:38:54.799+0000] {dag.py:3954} INFO - Setting next_dagrun for example_short_circuit_operator to 2025-06-19 00:00:00+00:00, run_after=2025-06-20 00:00:00+00:00
[2025-06-20T14:38:54.815+0000] {processor.py:183} INFO - Processing /home/airflow/.local/lib/python3.12/site-packages/airflow/example_dags/example_short_circuit_operator.py took 0.074 seconds
[2025-06-20T14:39:24.984+0000] {processor.py:161} INFO - Started process (PID=639) to work on /home/airflow/.local/lib/python3.12/site-packages/airflow/example_dags/example_short_circuit_operator.py
[2025-06-20T14:39:24.985+0000] {processor.py:830} INFO - Processing file /home/airflow/.local/lib/python3.12/site-packages/airflow/example_dags/example_short_circuit_operator.py for tasks to queue
[2025-06-20T14:39:24.986+0000] {logging_mixin.py:188} INFO - [2025-06-20T14:39:24.986+0000] {dagbag.py:540} INFO - Filling up the DagBag from /home/airflow/.local/lib/python3.12/site-packages/airflow/example_dags/example_short_circuit_operator.py
[2025-06-20T14:39:24.994+0000] {processor.py:840} INFO - DAG(s) 'example_short_circuit_operator' retrieved from /home/airflow/.local/lib/python3.12/site-packages/airflow/example_dags/example_short_circuit_operator.py
[2025-06-20T14:39:25.016+0000] {logging_mixin.py:188} INFO - [2025-06-20T14:39:25.016+0000] {dag.py:3096} INFO - Sync 1 DAGs
[2025-06-20T14:39:25.035+0000] {logging_mixin.py:188} INFO - [2025-06-20T14:39:25.035+0000] {dag.py:3954} INFO - Setting next_dagrun for example_short_circuit_operator to 2025-06-19 00:00:00+00:00, run_after=2025-06-20 00:00:00+00:00
[2025-06-20T14:39:25.050+0000] {processor.py:183} INFO - Processing /home/airflow/.local/lib/python3.12/site-packages/airflow/example_dags/example_short_circuit_operator.py took 0.072 seconds
[2025-06-20T14:39:55.331+0000] {processor.py:161} INFO - Started process (PID=697) to work on /home/airflow/.local/lib/python3.12/site-packages/airflow/example_dags/example_short_circuit_operator.py
[2025-06-20T14:39:55.332+0000] {processor.py:830} INFO - Processing file /home/airflow/.local/lib/python3.12/site-packages/airflow/example_dags/example_short_circuit_operator.py for tasks to queue
[2025-06-20T14:39:55.334+0000] {logging_mixin.py:188} INFO - [2025-06-20T14:39:55.334+0000] {dagbag.py:540} INFO - Filling up the DagBag from /home/airflow/.local/lib/python3.12/site-packages/airflow/example_dags/example_short_circuit_operator.py
[2025-06-20T14:39:55.341+0000] {processor.py:840} INFO - DAG(s) 'example_short_circuit_operator' retrieved from /home/airflow/.local/lib/python3.12/site-packages/airflow/example_dags/example_short_circuit_operator.py
[2025-06-20T14:39:55.364+0000] {logging_mixin.py:188} INFO - [2025-06-20T14:39:55.363+0000] {dag.py:3096} INFO - Sync 1 DAGs
[2025-06-20T14:39:55.383+0000] {logging_mixin.py:188} INFO - [2025-06-20T14:39:55.383+0000] {dag.py:3954} INFO - Setting next_dagrun for example_short_circuit_operator to 2025-06-19 00:00:00+00:00, run_after=2025-06-20 00:00:00+00:00
[2025-06-20T14:39:55.399+0000] {processor.py:183} INFO - Processing /home/airflow/.local/lib/python3.12/site-packages/airflow/example_dags/example_short_circuit_operator.py took 0.074 seconds
[2025-06-20T14:40:25.612+0000] {processor.py:161} INFO - Started process (PID=755) to work on /home/airflow/.local/lib/python3.12/site-packages/airflow/example_dags/example_short_circuit_operator.py
[2025-06-20T14:40:25.613+0000] {processor.py:830} INFO - Processing file /home/airflow/.local/lib/python3.12/site-packages/airflow/example_dags/example_short_circuit_operator.py for tasks to queue
[2025-06-20T14:40:25.615+0000] {logging_mixin.py:188} INFO - [2025-06-20T14:40:25.614+0000] {dagbag.py:540} INFO - Filling up the DagBag from /home/airflow/.local/lib/python3.12/site-packages/airflow/example_dags/example_short_circuit_operator.py
[2025-06-20T14:40:25.622+0000] {processor.py:840} INFO - DAG(s) 'example_short_circuit_operator' retrieved from /home/airflow/.local/lib/python3.12/site-packages/airflow/example_dags/example_short_circuit_operator.py
[2025-06-20T14:40:25.643+0000] {logging_mixin.py:188} INFO - [2025-06-20T14:40:25.643+0000] {dag.py:3096} INFO - Sync 1 DAGs
[2025-06-20T14:40:25.662+0000] {logging_mixin.py:188} INFO - [2025-06-20T14:40:25.662+0000] {dag.py:3954} INFO - Setting next_dagrun for example_short_circuit_operator to 2025-06-19 00:00:00+00:00, run_after=2025-06-20 00:00:00+00:00
[2025-06-20T14:40:25.678+0000] {processor.py:183} INFO - Processing /home/airflow/.local/lib/python3.12/site-packages/airflow/example_dags/example_short_circuit_operator.py took 0.071 seconds
[2025-06-20T14:40:55.822+0000] {processor.py:161} INFO - Started process (PID=813) to work on /home/airflow/.local/lib/python3.12/site-packages/airflow/example_dags/example_short_circuit_operator.py
[2025-06-20T14:40:55.823+0000] {processor.py:830} INFO - Processing file /home/airflow/.local/lib/python3.12/site-packages/airflow/example_dags/example_short_circuit_operator.py for tasks to queue
[2025-06-20T14:40:55.825+0000] {logging_mixin.py:188} INFO - [2025-06-20T14:40:55.824+0000] {dagbag.py:540} INFO - Filling up the DagBag from /home/airflow/.local/lib/python3.12/site-packages/airflow/example_dags/example_short_circuit_operator.py
[2025-06-20T14:40:55.832+0000] {processor.py:840} INFO - DAG(s) 'example_short_circuit_operator' retrieved from /home/airflow/.local/lib/python3.12/site-packages/airflow/example_dags/example_short_circuit_operator.py
[2025-06-20T14:40:55.853+0000] {logging_mixin.py:188} INFO - [2025-06-20T14:40:55.853+0000] {dag.py:3096} INFO - Sync 1 DAGs
[2025-06-20T14:40:55.873+0000] {logging_mixin.py:188} INFO - [2025-06-20T14:40:55.872+0000] {dag.py:3954} INFO - Setting next_dagrun for example_short_circuit_operator to 2025-06-19 00:00:00+00:00, run_after=2025-06-20 00:00:00+00:00
[2025-06-20T14:40:55.888+0000] {processor.py:183} INFO - Processing /home/airflow/.local/lib/python3.12/site-packages/airflow/example_dags/example_short_circuit_operator.py took 0.072 seconds
[2025-06-20T14:41:26.454+0000] {processor.py:161} INFO - Started process (PID=871) to work on /home/airflow/.local/lib/python3.12/site-packages/airflow/example_dags/example_short_circuit_operator.py
[2025-06-20T14:41:26.455+0000] {processor.py:830} INFO - Processing file /home/airflow/.local/lib/python3.12/site-packages/airflow/example_dags/example_short_circuit_operator.py for tasks to queue
[2025-06-20T14:41:26.457+0000] {logging_mixin.py:188} INFO - [2025-06-20T14:41:26.457+0000] {dagbag.py:540} INFO - Filling up the DagBag from /home/airflow/.local/lib/python3.12/site-packages/airflow/example_dags/example_short_circuit_operator.py
[2025-06-20T14:41:26.465+0000] {processor.py:840} INFO - DAG(s) 'example_short_circuit_operator' retrieved from /home/airflow/.local/lib/python3.12/site-packages/airflow/example_dags/example_short_circuit_operator.py
[2025-06-20T14:41:26.493+0000] {logging_mixin.py:188} INFO - [2025-06-20T14:41:26.493+0000] {dag.py:3096} INFO - Sync 1 DAGs
[2025-06-20T14:41:26.517+0000] {logging_mixin.py:188} INFO - [2025-06-20T14:41:26.517+0000] {dag.py:3954} INFO - Setting next_dagrun for example_short_circuit_operator to 2025-06-19 00:00:00+00:00, run_after=2025-06-20 00:00:00+00:00
[2025-06-20T14:41:26.534+0000] {processor.py:183} INFO - Processing /home/airflow/.local/lib/python3.12/site-packages/airflow/example_dags/example_short_circuit_operator.py took 0.087 seconds
[2025-06-20T14:41:57.484+0000] {processor.py:161} INFO - Started process (PID=929) to work on /home/airflow/.local/lib/python3.12/site-packages/airflow/example_dags/example_short_circuit_operator.py
[2025-06-20T14:41:57.485+0000] {processor.py:830} INFO - Processing file /home/airflow/.local/lib/python3.12/site-packages/airflow/example_dags/example_short_circuit_operator.py for tasks to queue
[2025-06-20T14:41:57.487+0000] {logging_mixin.py:188} INFO - [2025-06-20T14:41:57.486+0000] {dagbag.py:540} INFO - Filling up the DagBag from /home/airflow/.local/lib/python3.12/site-packages/airflow/example_dags/example_short_circuit_operator.py
[2025-06-20T14:41:57.494+0000] {processor.py:840} INFO - DAG(s) 'example_short_circuit_operator' retrieved from /home/airflow/.local/lib/python3.12/site-packages/airflow/example_dags/example_short_circuit_operator.py
[2025-06-20T14:41:57.519+0000] {logging_mixin.py:188} INFO - [2025-06-20T14:41:57.518+0000] {dag.py:3096} INFO - Sync 1 DAGs
[2025-06-20T14:41:57.539+0000] {logging_mixin.py:188} INFO - [2025-06-20T14:41:57.539+0000] {dag.py:3954} INFO - Setting next_dagrun for example_short_circuit_operator to 2025-06-19 00:00:00+00:00, run_after=2025-06-20 00:00:00+00:00
[2025-06-20T14:41:57.555+0000] {processor.py:183} INFO - Processing /home/airflow/.local/lib/python3.12/site-packages/airflow/example_dags/example_short_circuit_operator.py took 0.078 seconds
[2025-06-20T14:42:28.011+0000] {processor.py:161} INFO - Started process (PID=987) to work on /home/airflow/.local/lib/python3.12/site-packages/airflow/example_dags/example_short_circuit_operator.py
[2025-06-20T14:42:28.012+0000] {processor.py:830} INFO - Processing file /home/airflow/.local/lib/python3.12/site-packages/airflow/example_dags/example_short_circuit_operator.py for tasks to queue
[2025-06-20T14:42:28.014+0000] {logging_mixin.py:188} INFO - [2025-06-20T14:42:28.014+0000] {dagbag.py:540} INFO - Filling up the DagBag from /home/airflow/.local/lib/python3.12/site-packages/airflow/example_dags/example_short_circuit_operator.py
[2025-06-20T14:42:28.021+0000] {processor.py:840} INFO - DAG(s) 'example_short_circuit_operator' retrieved from /home/airflow/.local/lib/python3.12/site-packages/airflow/example_dags/example_short_circuit_operator.py
[2025-06-20T14:42:28.045+0000] {logging_mixin.py:188} INFO - [2025-06-20T14:42:28.044+0000] {dag.py:3096} INFO - Sync 1 DAGs
[2025-06-20T14:42:28.065+0000] {logging_mixin.py:188} INFO - [2025-06-20T14:42:28.065+0000] {dag.py:3954} INFO - Setting next_dagrun for example_short_circuit_operator to 2025-06-19 00:00:00+00:00, run_after=2025-06-20 00:00:00+00:00
[2025-06-20T14:42:28.081+0000] {processor.py:183} INFO - Processing /home/airflow/.local/lib/python3.12/site-packages/airflow/example_dags/example_short_circuit_operator.py took 0.077 seconds
[2025-06-20T14:42:58.459+0000] {processor.py:161} INFO - Started process (PID=1045) to work on /home/airflow/.local/lib/python3.12/site-packages/airflow/example_dags/example_short_circuit_operator.py
[2025-06-20T14:42:58.460+0000] {processor.py:830} INFO - Processing file /home/airflow/.local/lib/python3.12/site-packages/airflow/example_dags/example_short_circuit_operator.py for tasks to queue
[2025-06-20T14:42:58.462+0000] {logging_mixin.py:188} INFO - [2025-06-20T14:42:58.462+0000] {dagbag.py:540} INFO - Filling up the DagBag from /home/airflow/.local/lib/python3.12/site-packages/airflow/example_dags/example_short_circuit_operator.py
[2025-06-20T14:42:58.470+0000] {processor.py:840} INFO - DAG(s) 'example_short_circuit_operator' retrieved from /home/airflow/.local/lib/python3.12/site-packages/airflow/example_dags/example_short_circuit_operator.py
[2025-06-20T14:42:58.492+0000] {logging_mixin.py:188} INFO - [2025-06-20T14:42:58.492+0000] {dag.py:3096} INFO - Sync 1 DAGs
[2025-06-20T14:42:58.512+0000] {logging_mixin.py:188} INFO - [2025-06-20T14:42:58.512+0000] {dag.py:3954} INFO - Setting next_dagrun for example_short_circuit_operator to 2025-06-19 00:00:00+00:00, run_after=2025-06-20 00:00:00+00:00
[2025-06-20T14:42:58.528+0000] {processor.py:183} INFO - Processing /home/airflow/.local/lib/python3.12/site-packages/airflow/example_dags/example_short_circuit_operator.py took 0.076 seconds
[2025-06-20T14:43:29.149+0000] {processor.py:161} INFO - Started process (PID=1103) to work on /home/airflow/.local/lib/python3.12/site-packages/airflow/example_dags/example_short_circuit_operator.py
[2025-06-20T14:43:29.150+0000] {processor.py:830} INFO - Processing file /home/airflow/.local/lib/python3.12/site-packages/airflow/example_dags/example_short_circuit_operator.py for tasks to queue
[2025-06-20T14:43:29.152+0000] {logging_mixin.py:188} INFO - [2025-06-20T14:43:29.151+0000] {dagbag.py:540} INFO - Filling up the DagBag from /home/airflow/.local/lib/python3.12/site-packages/airflow/example_dags/example_short_circuit_operator.py
[2025-06-20T14:43:29.159+0000] {processor.py:840} INFO - DAG(s) 'example_short_circuit_operator' retrieved from /home/airflow/.local/lib/python3.12/site-packages/airflow/example_dags/example_short_circuit_operator.py
[2025-06-20T14:43:29.181+0000] {logging_mixin.py:188} INFO - [2025-06-20T14:43:29.181+0000] {dag.py:3096} INFO - Sync 1 DAGs
[2025-06-20T14:43:29.201+0000] {logging_mixin.py:188} INFO - [2025-06-20T14:43:29.201+0000] {dag.py:3954} INFO - Setting next_dagrun for example_short_circuit_operator to 2025-06-19 00:00:00+00:00, run_after=2025-06-20 00:00:00+00:00
[2025-06-20T14:43:29.217+0000] {processor.py:183} INFO - Processing /home/airflow/.local/lib/python3.12/site-packages/airflow/example_dags/example_short_circuit_operator.py took 0.074 seconds
[2025-06-20T14:43:59.744+0000] {processor.py:161} INFO - Started process (PID=1161) to work on /home/airflow/.local/lib/python3.12/site-packages/airflow/example_dags/example_short_circuit_operator.py
[2025-06-20T14:43:59.745+0000] {processor.py:830} INFO - Processing file /home/airflow/.local/lib/python3.12/site-packages/airflow/example_dags/example_short_circuit_operator.py for tasks to queue
[2025-06-20T14:43:59.747+0000] {logging_mixin.py:188} INFO - [2025-06-20T14:43:59.747+0000] {dagbag.py:540} INFO - Filling up the DagBag from /home/airflow/.local/lib/python3.12/site-packages/airflow/example_dags/example_short_circuit_operator.py
[2025-06-20T14:43:59.754+0000] {processor.py:840} INFO - DAG(s) 'example_short_circuit_operator' retrieved from /home/airflow/.local/lib/python3.12/site-packages/airflow/example_dags/example_short_circuit_operator.py
[2025-06-20T14:43:59.777+0000] {logging_mixin.py:188} INFO - [2025-06-20T14:43:59.777+0000] {dag.py:3096} INFO - Sync 1 DAGs
[2025-06-20T14:43:59.930+0000] {logging_mixin.py:188} INFO - [2025-06-20T14:43:59.930+0000] {dag.py:3954} INFO - Setting next_dagrun for example_short_circuit_operator to 2025-06-19 00:00:00+00:00, run_after=2025-06-20 00:00:00+00:00
[2025-06-20T14:43:59.945+0000] {processor.py:183} INFO - Processing /home/airflow/.local/lib/python3.12/site-packages/airflow/example_dags/example_short_circuit_operator.py took 0.208 seconds
[2025-06-20T14:44:29.997+0000] {processor.py:161} INFO - Started process (PID=1219) to work on /home/airflow/.local/lib/python3.12/site-packages/airflow/example_dags/example_short_circuit_operator.py
[2025-06-20T14:44:29.998+0000] {processor.py:830} INFO - Processing file /home/airflow/.local/lib/python3.12/site-packages/airflow/example_dags/example_short_circuit_operator.py for tasks to queue
[2025-06-20T14:44:30.000+0000] {logging_mixin.py:188} INFO - [2025-06-20T14:44:30.000+0000] {dagbag.py:540} INFO - Filling up the DagBag from /home/airflow/.local/lib/python3.12/site-packages/airflow/example_dags/example_short_circuit_operator.py
[2025-06-20T14:44:30.008+0000] {processor.py:840} INFO - DAG(s) 'example_short_circuit_operator' retrieved from /home/airflow/.local/lib/python3.12/site-packages/airflow/example_dags/example_short_circuit_operator.py
[2025-06-20T14:44:30.030+0000] {logging_mixin.py:188} INFO - [2025-06-20T14:44:30.030+0000] {dag.py:3096} INFO - Sync 1 DAGs
[2025-06-20T14:44:30.049+0000] {logging_mixin.py:188} INFO - [2025-06-20T14:44:30.049+0000] {dag.py:3954} INFO - Setting next_dagrun for example_short_circuit_operator to 2025-06-19 00:00:00+00:00, run_after=2025-06-20 00:00:00+00:00
[2025-06-20T14:44:30.187+0000] {processor.py:183} INFO - Processing /home/airflow/.local/lib/python3.12/site-packages/airflow/example_dags/example_short_circuit_operator.py took 0.196 seconds
[2025-06-20T14:45:01.049+0000] {processor.py:161} INFO - Started process (PID=1277) to work on /home/airflow/.local/lib/python3.12/site-packages/airflow/example_dags/example_short_circuit_operator.py
[2025-06-20T14:45:01.050+0000] {processor.py:830} INFO - Processing file /home/airflow/.local/lib/python3.12/site-packages/airflow/example_dags/example_short_circuit_operator.py for tasks to queue
[2025-06-20T14:45:01.052+0000] {logging_mixin.py:188} INFO - [2025-06-20T14:45:01.052+0000] {dagbag.py:540} INFO - Filling up the DagBag from /home/airflow/.local/lib/python3.12/site-packages/airflow/example_dags/example_short_circuit_operator.py
[2025-06-20T14:45:01.061+0000] {processor.py:840} INFO - DAG(s) 'example_short_circuit_operator' retrieved from /home/airflow/.local/lib/python3.12/site-packages/airflow/example_dags/example_short_circuit_operator.py
[2025-06-20T14:45:01.086+0000] {logging_mixin.py:188} INFO - [2025-06-20T14:45:01.085+0000] {dag.py:3096} INFO - Sync 1 DAGs
[2025-06-20T14:45:01.108+0000] {logging_mixin.py:188} INFO - [2025-06-20T14:45:01.108+0000] {dag.py:3954} INFO - Setting next_dagrun for example_short_circuit_operator to 2025-06-19 00:00:00+00:00, run_after=2025-06-20 00:00:00+00:00
[2025-06-20T14:45:01.125+0000] {processor.py:183} INFO - Processing /home/airflow/.local/lib/python3.12/site-packages/airflow/example_dags/example_short_circuit_operator.py took 0.083 seconds
[2025-06-20T14:45:31.724+0000] {processor.py:161} INFO - Started process (PID=1335) to work on /home/airflow/.local/lib/python3.12/site-packages/airflow/example_dags/example_short_circuit_operator.py
[2025-06-20T14:45:31.725+0000] {processor.py:830} INFO - Processing file /home/airflow/.local/lib/python3.12/site-packages/airflow/example_dags/example_short_circuit_operator.py for tasks to queue
[2025-06-20T14:45:31.727+0000] {logging_mixin.py:188} INFO - [2025-06-20T14:45:31.727+0000] {dagbag.py:540} INFO - Filling up the DagBag from /home/airflow/.local/lib/python3.12/site-packages/airflow/example_dags/example_short_circuit_operator.py
[2025-06-20T14:45:31.734+0000] {processor.py:840} INFO - DAG(s) 'example_short_circuit_operator' retrieved from /home/airflow/.local/lib/python3.12/site-packages/airflow/example_dags/example_short_circuit_operator.py
[2025-06-20T14:45:31.757+0000] {logging_mixin.py:188} INFO - [2025-06-20T14:45:31.756+0000] {dag.py:3096} INFO - Sync 1 DAGs
[2025-06-20T14:45:31.776+0000] {logging_mixin.py:188} INFO - [2025-06-20T14:45:31.776+0000] {dag.py:3954} INFO - Setting next_dagrun for example_short_circuit_operator to 2025-06-19 00:00:00+00:00, run_after=2025-06-20 00:00:00+00:00
[2025-06-20T14:45:31.791+0000] {processor.py:183} INFO - Processing /home/airflow/.local/lib/python3.12/site-packages/airflow/example_dags/example_short_circuit_operator.py took 0.073 seconds
[2025-06-20T14:46:01.946+0000] {processor.py:161} INFO - Started process (PID=1392) to work on /home/airflow/.local/lib/python3.12/site-packages/airflow/example_dags/example_short_circuit_operator.py
[2025-06-20T14:46:01.947+0000] {processor.py:830} INFO - Processing file /home/airflow/.local/lib/python3.12/site-packages/airflow/example_dags/example_short_circuit_operator.py for tasks to queue
[2025-06-20T14:46:01.948+0000] {logging_mixin.py:188} INFO - [2025-06-20T14:46:01.948+0000] {dagbag.py:540} INFO - Filling up the DagBag from /home/airflow/.local/lib/python3.12/site-packages/airflow/example_dags/example_short_circuit_operator.py
[2025-06-20T14:46:01.956+0000] {processor.py:840} INFO - DAG(s) 'example_short_circuit_operator' retrieved from /home/airflow/.local/lib/python3.12/site-packages/airflow/example_dags/example_short_circuit_operator.py
[2025-06-20T14:46:01.978+0000] {logging_mixin.py:188} INFO - [2025-06-20T14:46:01.978+0000] {dag.py:3096} INFO - Sync 1 DAGs
[2025-06-20T14:46:01.999+0000] {logging_mixin.py:188} INFO - [2025-06-20T14:46:01.999+0000] {dag.py:3954} INFO - Setting next_dagrun for example_short_circuit_operator to 2025-06-19 00:00:00+00:00, run_after=2025-06-20 00:00:00+00:00
[2025-06-20T14:46:02.015+0000] {processor.py:183} INFO - Processing /home/airflow/.local/lib/python3.12/site-packages/airflow/example_dags/example_short_circuit_operator.py took 0.076 seconds
[2025-06-20T14:46:32.219+0000] {processor.py:161} INFO - Started process (PID=1450) to work on /home/airflow/.local/lib/python3.12/site-packages/airflow/example_dags/example_short_circuit_operator.py
[2025-06-20T14:46:32.220+0000] {processor.py:830} INFO - Processing file /home/airflow/.local/lib/python3.12/site-packages/airflow/example_dags/example_short_circuit_operator.py for tasks to queue
[2025-06-20T14:46:32.225+0000] {logging_mixin.py:188} INFO - [2025-06-20T14:46:32.224+0000] {dagbag.py:540} INFO - Filling up the DagBag from /home/airflow/.local/lib/python3.12/site-packages/airflow/example_dags/example_short_circuit_operator.py
[2025-06-20T14:46:32.234+0000] {processor.py:840} INFO - DAG(s) 'example_short_circuit_operator' retrieved from /home/airflow/.local/lib/python3.12/site-packages/airflow/example_dags/example_short_circuit_operator.py
[2025-06-20T14:46:32.260+0000] {logging_mixin.py:188} INFO - [2025-06-20T14:46:32.260+0000] {dag.py:3096} INFO - Sync 1 DAGs
[2025-06-20T14:46:32.280+0000] {logging_mixin.py:188} INFO - [2025-06-20T14:46:32.280+0000] {dag.py:3954} INFO - Setting next_dagrun for example_short_circuit_operator to 2025-06-19 00:00:00+00:00, run_after=2025-06-20 00:00:00+00:00
[2025-06-20T14:46:32.296+0000] {processor.py:183} INFO - Processing /home/airflow/.local/lib/python3.12/site-packages/airflow/example_dags/example_short_circuit_operator.py took 0.084 seconds
[2025-06-20T14:47:02.379+0000] {processor.py:161} INFO - Started process (PID=1508) to work on /home/airflow/.local/lib/python3.12/site-packages/airflow/example_dags/example_short_circuit_operator.py
[2025-06-20T14:47:02.380+0000] {processor.py:830} INFO - Processing file /home/airflow/.local/lib/python3.12/site-packages/airflow/example_dags/example_short_circuit_operator.py for tasks to queue
[2025-06-20T14:47:02.382+0000] {logging_mixin.py:188} INFO - [2025-06-20T14:47:02.382+0000] {dagbag.py:540} INFO - Filling up the DagBag from /home/airflow/.local/lib/python3.12/site-packages/airflow/example_dags/example_short_circuit_operator.py
[2025-06-20T14:47:02.389+0000] {processor.py:840} INFO - DAG(s) 'example_short_circuit_operator' retrieved from /home/airflow/.local/lib/python3.12/site-packages/airflow/example_dags/example_short_circuit_operator.py
[2025-06-20T14:47:02.411+0000] {logging_mixin.py:188} INFO - [2025-06-20T14:47:02.411+0000] {dag.py:3096} INFO - Sync 1 DAGs
[2025-06-20T14:47:02.431+0000] {logging_mixin.py:188} INFO - [2025-06-20T14:47:02.431+0000] {dag.py:3954} INFO - Setting next_dagrun for example_short_circuit_operator to 2025-06-19 00:00:00+00:00, run_after=2025-06-20 00:00:00+00:00
[2025-06-20T14:47:02.447+0000] {processor.py:183} INFO - Processing /home/airflow/.local/lib/python3.12/site-packages/airflow/example_dags/example_short_circuit_operator.py took 0.074 seconds
[2025-06-20T14:47:32.591+0000] {processor.py:161} INFO - Started process (PID=1566) to work on /home/airflow/.local/lib/python3.12/site-packages/airflow/example_dags/example_short_circuit_operator.py
[2025-06-20T14:47:32.592+0000] {processor.py:830} INFO - Processing file /home/airflow/.local/lib/python3.12/site-packages/airflow/example_dags/example_short_circuit_operator.py for tasks to queue
[2025-06-20T14:47:32.594+0000] {logging_mixin.py:188} INFO - [2025-06-20T14:47:32.594+0000] {dagbag.py:540} INFO - Filling up the DagBag from /home/airflow/.local/lib/python3.12/site-packages/airflow/example_dags/example_short_circuit_operator.py
[2025-06-20T14:47:32.602+0000] {processor.py:840} INFO - DAG(s) 'example_short_circuit_operator' retrieved from /home/airflow/.local/lib/python3.12/site-packages/airflow/example_dags/example_short_circuit_operator.py
[2025-06-20T14:47:32.624+0000] {logging_mixin.py:188} INFO - [2025-06-20T14:47:32.623+0000] {dag.py:3096} INFO - Sync 1 DAGs
[2025-06-20T14:47:32.644+0000] {logging_mixin.py:188} INFO - [2025-06-20T14:47:32.644+0000] {dag.py:3954} INFO - Setting next_dagrun for example_short_circuit_operator to 2025-06-19 00:00:00+00:00, run_after=2025-06-20 00:00:00+00:00
[2025-06-20T14:47:32.659+0000] {processor.py:183} INFO - Processing /home/airflow/.local/lib/python3.12/site-packages/airflow/example_dags/example_short_circuit_operator.py took 0.074 seconds
[2025-06-20T14:48:03.082+0000] {processor.py:161} INFO - Started process (PID=1624) to work on /home/airflow/.local/lib/python3.12/site-packages/airflow/example_dags/example_short_circuit_operator.py
[2025-06-20T14:48:03.083+0000] {processor.py:830} INFO - Processing file /home/airflow/.local/lib/python3.12/site-packages/airflow/example_dags/example_short_circuit_operator.py for tasks to queue
[2025-06-20T14:48:03.085+0000] {logging_mixin.py:188} INFO - [2025-06-20T14:48:03.085+0000] {dagbag.py:540} INFO - Filling up the DagBag from /home/airflow/.local/lib/python3.12/site-packages/airflow/example_dags/example_short_circuit_operator.py
[2025-06-20T14:48:03.096+0000] {processor.py:840} INFO - DAG(s) 'example_short_circuit_operator' retrieved from /home/airflow/.local/lib/python3.12/site-packages/airflow/example_dags/example_short_circuit_operator.py
[2025-06-20T14:48:03.126+0000] {logging_mixin.py:188} INFO - [2025-06-20T14:48:03.126+0000] {dag.py:3096} INFO - Sync 1 DAGs
[2025-06-20T14:48:03.150+0000] {logging_mixin.py:188} INFO - [2025-06-20T14:48:03.149+0000] {dag.py:3954} INFO - Setting next_dagrun for example_short_circuit_operator to 2025-06-19 00:00:00+00:00, run_after=2025-06-20 00:00:00+00:00
[2025-06-20T14:48:03.166+0000] {processor.py:183} INFO - Processing /home/airflow/.local/lib/python3.12/site-packages/airflow/example_dags/example_short_circuit_operator.py took 0.094 seconds
[2025-06-20T14:48:33.256+0000] {processor.py:161} INFO - Started process (PID=1682) to work on /home/airflow/.local/lib/python3.12/site-packages/airflow/example_dags/example_short_circuit_operator.py
[2025-06-20T14:48:33.257+0000] {processor.py:830} INFO - Processing file /home/airflow/.local/lib/python3.12/site-packages/airflow/example_dags/example_short_circuit_operator.py for tasks to queue
[2025-06-20T14:48:33.258+0000] {logging_mixin.py:188} INFO - [2025-06-20T14:48:33.258+0000] {dagbag.py:540} INFO - Filling up the DagBag from /home/airflow/.local/lib/python3.12/site-packages/airflow/example_dags/example_short_circuit_operator.py
[2025-06-20T14:48:33.267+0000] {processor.py:840} INFO - DAG(s) 'example_short_circuit_operator' retrieved from /home/airflow/.local/lib/python3.12/site-packages/airflow/example_dags/example_short_circuit_operator.py
[2025-06-20T14:48:33.290+0000] {logging_mixin.py:188} INFO - [2025-06-20T14:48:33.290+0000] {dag.py:3096} INFO - Sync 1 DAGs
[2025-06-20T14:48:33.311+0000] {logging_mixin.py:188} INFO - [2025-06-20T14:48:33.311+0000] {dag.py:3954} INFO - Setting next_dagrun for example_short_circuit_operator to 2025-06-19 00:00:00+00:00, run_after=2025-06-20 00:00:00+00:00
[2025-06-20T14:48:33.327+0000] {processor.py:183} INFO - Processing /home/airflow/.local/lib/python3.12/site-packages/airflow/example_dags/example_short_circuit_operator.py took 0.078 seconds
[2025-06-20T14:49:03.587+0000] {processor.py:161} INFO - Started process (PID=1740) to work on /home/airflow/.local/lib/python3.12/site-packages/airflow/example_dags/example_short_circuit_operator.py
[2025-06-20T14:49:03.588+0000] {processor.py:830} INFO - Processing file /home/airflow/.local/lib/python3.12/site-packages/airflow/example_dags/example_short_circuit_operator.py for tasks to queue
[2025-06-20T14:49:03.590+0000] {logging_mixin.py:188} INFO - [2025-06-20T14:49:03.589+0000] {dagbag.py:540} INFO - Filling up the DagBag from /home/airflow/.local/lib/python3.12/site-packages/airflow/example_dags/example_short_circuit_operator.py
[2025-06-20T14:49:03.597+0000] {processor.py:840} INFO - DAG(s) 'example_short_circuit_operator' retrieved from /home/airflow/.local/lib/python3.12/site-packages/airflow/example_dags/example_short_circuit_operator.py
[2025-06-20T14:49:03.618+0000] {logging_mixin.py:188} INFO - [2025-06-20T14:49:03.618+0000] {dag.py:3096} INFO - Sync 1 DAGs
[2025-06-20T14:49:03.638+0000] {logging_mixin.py:188} INFO - [2025-06-20T14:49:03.638+0000] {dag.py:3954} INFO - Setting next_dagrun for example_short_circuit_operator to 2025-06-19 00:00:00+00:00, run_after=2025-06-20 00:00:00+00:00
[2025-06-20T14:49:03.654+0000] {processor.py:183} INFO - Processing /home/airflow/.local/lib/python3.12/site-packages/airflow/example_dags/example_short_circuit_operator.py took 0.073 seconds
[2025-06-20T14:49:33.966+0000] {processor.py:161} INFO - Started process (PID=1798) to work on /home/airflow/.local/lib/python3.12/site-packages/airflow/example_dags/example_short_circuit_operator.py
[2025-06-20T14:49:33.967+0000] {processor.py:830} INFO - Processing file /home/airflow/.local/lib/python3.12/site-packages/airflow/example_dags/example_short_circuit_operator.py for tasks to queue
[2025-06-20T14:49:33.968+0000] {logging_mixin.py:188} INFO - [2025-06-20T14:49:33.968+0000] {dagbag.py:540} INFO - Filling up the DagBag from /home/airflow/.local/lib/python3.12/site-packages/airflow/example_dags/example_short_circuit_operator.py
[2025-06-20T14:49:33.975+0000] {processor.py:840} INFO - DAG(s) 'example_short_circuit_operator' retrieved from /home/airflow/.local/lib/python3.12/site-packages/airflow/example_dags/example_short_circuit_operator.py
[2025-06-20T14:49:33.998+0000] {logging_mixin.py:188} INFO - [2025-06-20T14:49:33.997+0000] {dag.py:3096} INFO - Sync 1 DAGs
[2025-06-20T14:49:34.017+0000] {logging_mixin.py:188} INFO - [2025-06-20T14:49:34.017+0000] {dag.py:3954} INFO - Setting next_dagrun for example_short_circuit_operator to 2025-06-19 00:00:00+00:00, run_after=2025-06-20 00:00:00+00:00
[2025-06-20T14:49:34.033+0000] {processor.py:183} INFO - Processing /home/airflow/.local/lib/python3.12/site-packages/airflow/example_dags/example_short_circuit_operator.py took 0.073 seconds
[2025-06-20T14:50:04.156+0000] {processor.py:161} INFO - Started process (PID=1856) to work on /home/airflow/.local/lib/python3.12/site-packages/airflow/example_dags/example_short_circuit_operator.py
[2025-06-20T14:50:04.157+0000] {processor.py:830} INFO - Processing file /home/airflow/.local/lib/python3.12/site-packages/airflow/example_dags/example_short_circuit_operator.py for tasks to queue
[2025-06-20T14:50:04.159+0000] {logging_mixin.py:188} INFO - [2025-06-20T14:50:04.159+0000] {dagbag.py:540} INFO - Filling up the DagBag from /home/airflow/.local/lib/python3.12/site-packages/airflow/example_dags/example_short_circuit_operator.py
[2025-06-20T14:50:04.167+0000] {processor.py:840} INFO - DAG(s) 'example_short_circuit_operator' retrieved from /home/airflow/.local/lib/python3.12/site-packages/airflow/example_dags/example_short_circuit_operator.py
[2025-06-20T14:50:04.188+0000] {logging_mixin.py:188} INFO - [2025-06-20T14:50:04.188+0000] {dag.py:3096} INFO - Sync 1 DAGs
[2025-06-20T14:50:04.210+0000] {logging_mixin.py:188} INFO - [2025-06-20T14:50:04.210+0000] {dag.py:3954} INFO - Setting next_dagrun for example_short_circuit_operator to 2025-06-19 00:00:00+00:00, run_after=2025-06-20 00:00:00+00:00
[2025-06-20T14:50:04.226+0000] {processor.py:183} INFO - Processing /home/airflow/.local/lib/python3.12/site-packages/airflow/example_dags/example_short_circuit_operator.py took 0.076 seconds
[2025-06-20T14:50:35.220+0000] {processor.py:161} INFO - Started process (PID=1914) to work on /home/airflow/.local/lib/python3.12/site-packages/airflow/example_dags/example_short_circuit_operator.py
[2025-06-20T14:50:35.221+0000] {processor.py:830} INFO - Processing file /home/airflow/.local/lib/python3.12/site-packages/airflow/example_dags/example_short_circuit_operator.py for tasks to queue
[2025-06-20T14:50:35.223+0000] {logging_mixin.py:188} INFO - [2025-06-20T14:50:35.222+0000] {dagbag.py:540} INFO - Filling up the DagBag from /home/airflow/.local/lib/python3.12/site-packages/airflow/example_dags/example_short_circuit_operator.py
[2025-06-20T14:50:35.231+0000] {processor.py:840} INFO - DAG(s) 'example_short_circuit_operator' retrieved from /home/airflow/.local/lib/python3.12/site-packages/airflow/example_dags/example_short_circuit_operator.py
[2025-06-20T14:50:35.255+0000] {logging_mixin.py:188} INFO - [2025-06-20T14:50:35.255+0000] {dag.py:3096} INFO - Sync 1 DAGs
[2025-06-20T14:50:35.278+0000] {logging_mixin.py:188} INFO - [2025-06-20T14:50:35.277+0000] {dag.py:3954} INFO - Setting next_dagrun for example_short_circuit_operator to 2025-06-19 00:00:00+00:00, run_after=2025-06-20 00:00:00+00:00
[2025-06-20T14:50:35.306+0000] {processor.py:183} INFO - Processing /home/airflow/.local/lib/python3.12/site-packages/airflow/example_dags/example_short_circuit_operator.py took 0.093 seconds
[2025-06-20T14:51:05.416+0000] {processor.py:161} INFO - Started process (PID=1972) to work on /home/airflow/.local/lib/python3.12/site-packages/airflow/example_dags/example_short_circuit_operator.py
[2025-06-20T14:51:05.417+0000] {processor.py:830} INFO - Processing file /home/airflow/.local/lib/python3.12/site-packages/airflow/example_dags/example_short_circuit_operator.py for tasks to queue
[2025-06-20T14:51:05.419+0000] {logging_mixin.py:188} INFO - [2025-06-20T14:51:05.419+0000] {dagbag.py:540} INFO - Filling up the DagBag from /home/airflow/.local/lib/python3.12/site-packages/airflow/example_dags/example_short_circuit_operator.py
[2025-06-20T14:51:05.428+0000] {processor.py:840} INFO - DAG(s) 'example_short_circuit_operator' retrieved from /home/airflow/.local/lib/python3.12/site-packages/airflow/example_dags/example_short_circuit_operator.py
[2025-06-20T14:51:05.449+0000] {logging_mixin.py:188} INFO - [2025-06-20T14:51:05.449+0000] {dag.py:3096} INFO - Sync 1 DAGs
[2025-06-20T14:51:05.469+0000] {logging_mixin.py:188} INFO - [2025-06-20T14:51:05.469+0000] {dag.py:3954} INFO - Setting next_dagrun for example_short_circuit_operator to 2025-06-19 00:00:00+00:00, run_after=2025-06-20 00:00:00+00:00
[2025-06-20T14:51:05.484+0000] {processor.py:183} INFO - Processing /home/airflow/.local/lib/python3.12/site-packages/airflow/example_dags/example_short_circuit_operator.py took 0.074 seconds
[2025-06-20T14:51:35.558+0000] {processor.py:161} INFO - Started process (PID=2030) to work on /home/airflow/.local/lib/python3.12/site-packages/airflow/example_dags/example_short_circuit_operator.py
[2025-06-20T14:51:35.559+0000] {processor.py:830} INFO - Processing file /home/airflow/.local/lib/python3.12/site-packages/airflow/example_dags/example_short_circuit_operator.py for tasks to queue
[2025-06-20T14:51:35.561+0000] {logging_mixin.py:188} INFO - [2025-06-20T14:51:35.560+0000] {dagbag.py:540} INFO - Filling up the DagBag from /home/airflow/.local/lib/python3.12/site-packages/airflow/example_dags/example_short_circuit_operator.py
[2025-06-20T14:51:35.568+0000] {processor.py:840} INFO - DAG(s) 'example_short_circuit_operator' retrieved from /home/airflow/.local/lib/python3.12/site-packages/airflow/example_dags/example_short_circuit_operator.py
[2025-06-20T14:51:35.591+0000] {logging_mixin.py:188} INFO - [2025-06-20T14:51:35.591+0000] {dag.py:3096} INFO - Sync 1 DAGs
[2025-06-20T14:51:35.612+0000] {logging_mixin.py:188} INFO - [2025-06-20T14:51:35.612+0000] {dag.py:3954} INFO - Setting next_dagrun for example_short_circuit_operator to 2025-06-19 00:00:00+00:00, run_after=2025-06-20 00:00:00+00:00
[2025-06-20T14:51:35.631+0000] {processor.py:183} INFO - Processing /home/airflow/.local/lib/python3.12/site-packages/airflow/example_dags/example_short_circuit_operator.py took 0.079 seconds
[2025-06-20T14:52:05.740+0000] {processor.py:161} INFO - Started process (PID=2088) to work on /home/airflow/.local/lib/python3.12/site-packages/airflow/example_dags/example_short_circuit_operator.py
[2025-06-20T14:52:05.741+0000] {processor.py:830} INFO - Processing file /home/airflow/.local/lib/python3.12/site-packages/airflow/example_dags/example_short_circuit_operator.py for tasks to queue
[2025-06-20T14:52:05.743+0000] {logging_mixin.py:188} INFO - [2025-06-20T14:52:05.743+0000] {dagbag.py:540} INFO - Filling up the DagBag from /home/airflow/.local/lib/python3.12/site-packages/airflow/example_dags/example_short_circuit_operator.py
[2025-06-20T14:52:05.751+0000] {processor.py:840} INFO - DAG(s) 'example_short_circuit_operator' retrieved from /home/airflow/.local/lib/python3.12/site-packages/airflow/example_dags/example_short_circuit_operator.py
[2025-06-20T14:52:05.776+0000] {logging_mixin.py:188} INFO - [2025-06-20T14:52:05.776+0000] {dag.py:3096} INFO - Sync 1 DAGs
[2025-06-20T14:52:05.797+0000] {logging_mixin.py:188} INFO - [2025-06-20T14:52:05.797+0000] {dag.py:3954} INFO - Setting next_dagrun for example_short_circuit_operator to 2025-06-19 00:00:00+00:00, run_after=2025-06-20 00:00:00+00:00
[2025-06-20T14:52:05.812+0000] {processor.py:183} INFO - Processing /home/airflow/.local/lib/python3.12/site-packages/airflow/example_dags/example_short_circuit_operator.py took 0.078 seconds
[2025-06-20T14:52:36.845+0000] {processor.py:161} INFO - Started process (PID=2146) to work on /home/airflow/.local/lib/python3.12/site-packages/airflow/example_dags/example_short_circuit_operator.py
[2025-06-20T14:52:36.846+0000] {processor.py:830} INFO - Processing file /home/airflow/.local/lib/python3.12/site-packages/airflow/example_dags/example_short_circuit_operator.py for tasks to queue
[2025-06-20T14:52:36.848+0000] {logging_mixin.py:188} INFO - [2025-06-20T14:52:36.847+0000] {dagbag.py:540} INFO - Filling up the DagBag from /home/airflow/.local/lib/python3.12/site-packages/airflow/example_dags/example_short_circuit_operator.py
[2025-06-20T14:52:36.855+0000] {processor.py:840} INFO - DAG(s) 'example_short_circuit_operator' retrieved from /home/airflow/.local/lib/python3.12/site-packages/airflow/example_dags/example_short_circuit_operator.py
[2025-06-20T14:52:36.877+0000] {logging_mixin.py:188} INFO - [2025-06-20T14:52:36.876+0000] {dag.py:3096} INFO - Sync 1 DAGs
[2025-06-20T14:52:36.896+0000] {logging_mixin.py:188} INFO - [2025-06-20T14:52:36.896+0000] {dag.py:3954} INFO - Setting next_dagrun for example_short_circuit_operator to 2025-06-19 00:00:00+00:00, run_after=2025-06-20 00:00:00+00:00
[2025-06-20T14:52:36.924+0000] {processor.py:183} INFO - Processing /home/airflow/.local/lib/python3.12/site-packages/airflow/example_dags/example_short_circuit_operator.py took 0.085 seconds
[2025-06-20T14:53:07.009+0000] {processor.py:161} INFO - Started process (PID=2204) to work on /home/airflow/.local/lib/python3.12/site-packages/airflow/example_dags/example_short_circuit_operator.py
[2025-06-20T14:53:07.010+0000] {processor.py:830} INFO - Processing file /home/airflow/.local/lib/python3.12/site-packages/airflow/example_dags/example_short_circuit_operator.py for tasks to queue
[2025-06-20T14:53:07.012+0000] {logging_mixin.py:188} INFO - [2025-06-20T14:53:07.012+0000] {dagbag.py:540} INFO - Filling up the DagBag from /home/airflow/.local/lib/python3.12/site-packages/airflow/example_dags/example_short_circuit_operator.py
[2025-06-20T14:53:07.019+0000] {processor.py:840} INFO - DAG(s) 'example_short_circuit_operator' retrieved from /home/airflow/.local/lib/python3.12/site-packages/airflow/example_dags/example_short_circuit_operator.py
[2025-06-20T14:53:07.041+0000] {logging_mixin.py:188} INFO - [2025-06-20T14:53:07.040+0000] {dag.py:3096} INFO - Sync 1 DAGs
[2025-06-20T14:53:07.064+0000] {logging_mixin.py:188} INFO - [2025-06-20T14:53:07.064+0000] {dag.py:3954} INFO - Setting next_dagrun for example_short_circuit_operator to 2025-06-19 00:00:00+00:00, run_after=2025-06-20 00:00:00+00:00
[2025-06-20T14:53:07.080+0000] {processor.py:183} INFO - Processing /home/airflow/.local/lib/python3.12/site-packages/airflow/example_dags/example_short_circuit_operator.py took 0.080 seconds
[2025-06-20T14:53:37.312+0000] {processor.py:161} INFO - Started process (PID=2262) to work on /home/airflow/.local/lib/python3.12/site-packages/airflow/example_dags/example_short_circuit_operator.py
[2025-06-20T14:53:37.313+0000] {processor.py:830} INFO - Processing file /home/airflow/.local/lib/python3.12/site-packages/airflow/example_dags/example_short_circuit_operator.py for tasks to queue
[2025-06-20T14:53:37.315+0000] {logging_mixin.py:188} INFO - [2025-06-20T14:53:37.315+0000] {dagbag.py:540} INFO - Filling up the DagBag from /home/airflow/.local/lib/python3.12/site-packages/airflow/example_dags/example_short_circuit_operator.py
[2025-06-20T14:53:37.322+0000] {processor.py:840} INFO - DAG(s) 'example_short_circuit_operator' retrieved from /home/airflow/.local/lib/python3.12/site-packages/airflow/example_dags/example_short_circuit_operator.py
[2025-06-20T14:53:37.344+0000] {logging_mixin.py:188} INFO - [2025-06-20T14:53:37.343+0000] {dag.py:3096} INFO - Sync 1 DAGs
[2025-06-20T14:53:37.363+0000] {logging_mixin.py:188} INFO - [2025-06-20T14:53:37.363+0000] {dag.py:3954} INFO - Setting next_dagrun for example_short_circuit_operator to 2025-06-19 00:00:00+00:00, run_after=2025-06-20 00:00:00+00:00
[2025-06-20T14:53:37.381+0000] {processor.py:183} INFO - Processing /home/airflow/.local/lib/python3.12/site-packages/airflow/example_dags/example_short_circuit_operator.py took 0.075 seconds
[2025-06-20T14:54:08.230+0000] {processor.py:161} INFO - Started process (PID=2320) to work on /home/airflow/.local/lib/python3.12/site-packages/airflow/example_dags/example_short_circuit_operator.py
[2025-06-20T14:54:08.231+0000] {processor.py:830} INFO - Processing file /home/airflow/.local/lib/python3.12/site-packages/airflow/example_dags/example_short_circuit_operator.py for tasks to queue
[2025-06-20T14:54:08.233+0000] {logging_mixin.py:188} INFO - [2025-06-20T14:54:08.233+0000] {dagbag.py:540} INFO - Filling up the DagBag from /home/airflow/.local/lib/python3.12/site-packages/airflow/example_dags/example_short_circuit_operator.py
[2025-06-20T14:54:08.240+0000] {processor.py:840} INFO - DAG(s) 'example_short_circuit_operator' retrieved from /home/airflow/.local/lib/python3.12/site-packages/airflow/example_dags/example_short_circuit_operator.py
[2025-06-20T14:54:08.263+0000] {logging_mixin.py:188} INFO - [2025-06-20T14:54:08.263+0000] {dag.py:3096} INFO - Sync 1 DAGs
[2025-06-20T14:54:08.283+0000] {logging_mixin.py:188} INFO - [2025-06-20T14:54:08.283+0000] {dag.py:3954} INFO - Setting next_dagrun for example_short_circuit_operator to 2025-06-19 00:00:00+00:00, run_after=2025-06-20 00:00:00+00:00
[2025-06-20T14:54:08.299+0000] {processor.py:183} INFO - Processing /home/airflow/.local/lib/python3.12/site-packages/airflow/example_dags/example_short_circuit_operator.py took 0.076 seconds
[2025-06-20T14:54:39.276+0000] {processor.py:161} INFO - Started process (PID=2378) to work on /home/airflow/.local/lib/python3.12/site-packages/airflow/example_dags/example_short_circuit_operator.py
[2025-06-20T14:54:39.277+0000] {processor.py:830} INFO - Processing file /home/airflow/.local/lib/python3.12/site-packages/airflow/example_dags/example_short_circuit_operator.py for tasks to queue
[2025-06-20T14:54:39.279+0000] {logging_mixin.py:188} INFO - [2025-06-20T14:54:39.278+0000] {dagbag.py:540} INFO - Filling up the DagBag from /home/airflow/.local/lib/python3.12/site-packages/airflow/example_dags/example_short_circuit_operator.py
[2025-06-20T14:54:39.286+0000] {processor.py:840} INFO - DAG(s) 'example_short_circuit_operator' retrieved from /home/airflow/.local/lib/python3.12/site-packages/airflow/example_dags/example_short_circuit_operator.py
[2025-06-20T14:54:39.309+0000] {logging_mixin.py:188} INFO - [2025-06-20T14:54:39.309+0000] {dag.py:3096} INFO - Sync 1 DAGs
[2025-06-20T14:54:39.331+0000] {logging_mixin.py:188} INFO - [2025-06-20T14:54:39.331+0000] {dag.py:3954} INFO - Setting next_dagrun for example_short_circuit_operator to 2025-06-19 00:00:00+00:00, run_after=2025-06-20 00:00:00+00:00
[2025-06-20T14:54:39.359+0000] {processor.py:183} INFO - Processing /home/airflow/.local/lib/python3.12/site-packages/airflow/example_dags/example_short_circuit_operator.py took 0.089 seconds
[2025-06-20T14:55:09.529+0000] {processor.py:161} INFO - Started process (PID=2437) to work on /home/airflow/.local/lib/python3.12/site-packages/airflow/example_dags/example_short_circuit_operator.py
[2025-06-20T14:55:09.530+0000] {processor.py:830} INFO - Processing file /home/airflow/.local/lib/python3.12/site-packages/airflow/example_dags/example_short_circuit_operator.py for tasks to queue
[2025-06-20T14:55:09.532+0000] {logging_mixin.py:188} INFO - [2025-06-20T14:55:09.531+0000] {dagbag.py:540} INFO - Filling up the DagBag from /home/airflow/.local/lib/python3.12/site-packages/airflow/example_dags/example_short_circuit_operator.py
[2025-06-20T14:55:09.539+0000] {processor.py:840} INFO - DAG(s) 'example_short_circuit_operator' retrieved from /home/airflow/.local/lib/python3.12/site-packages/airflow/example_dags/example_short_circuit_operator.py
[2025-06-20T14:55:09.560+0000] {logging_mixin.py:188} INFO - [2025-06-20T14:55:09.560+0000] {dag.py:3096} INFO - Sync 1 DAGs
[2025-06-20T14:55:09.580+0000] {logging_mixin.py:188} INFO - [2025-06-20T14:55:09.580+0000] {dag.py:3954} INFO - Setting next_dagrun for example_short_circuit_operator to 2025-06-19 00:00:00+00:00, run_after=2025-06-20 00:00:00+00:00
[2025-06-20T14:55:09.608+0000] {processor.py:183} INFO - Processing /home/airflow/.local/lib/python3.12/site-packages/airflow/example_dags/example_short_circuit_operator.py took 0.085 seconds
[2025-06-20T14:55:39.678+0000] {processor.py:161} INFO - Started process (PID=2496) to work on /home/airflow/.local/lib/python3.12/site-packages/airflow/example_dags/example_short_circuit_operator.py
[2025-06-20T14:55:39.679+0000] {processor.py:830} INFO - Processing file /home/airflow/.local/lib/python3.12/site-packages/airflow/example_dags/example_short_circuit_operator.py for tasks to queue
[2025-06-20T14:55:39.682+0000] {logging_mixin.py:188} INFO - [2025-06-20T14:55:39.682+0000] {dagbag.py:540} INFO - Filling up the DagBag from /home/airflow/.local/lib/python3.12/site-packages/airflow/example_dags/example_short_circuit_operator.py
[2025-06-20T14:55:39.691+0000] {processor.py:840} INFO - DAG(s) 'example_short_circuit_operator' retrieved from /home/airflow/.local/lib/python3.12/site-packages/airflow/example_dags/example_short_circuit_operator.py
[2025-06-20T14:55:39.714+0000] {logging_mixin.py:188} INFO - [2025-06-20T14:55:39.714+0000] {dag.py:3096} INFO - Sync 1 DAGs
[2025-06-20T14:55:39.735+0000] {logging_mixin.py:188} INFO - [2025-06-20T14:55:39.735+0000] {dag.py:3954} INFO - Setting next_dagrun for example_short_circuit_operator to 2025-06-19 00:00:00+00:00, run_after=2025-06-20 00:00:00+00:00
[2025-06-20T14:55:39.763+0000] {processor.py:183} INFO - Processing /home/airflow/.local/lib/python3.12/site-packages/airflow/example_dags/example_short_circuit_operator.py took 0.092 seconds
[2025-06-20T14:56:10.081+0000] {processor.py:161} INFO - Started process (PID=2555) to work on /home/airflow/.local/lib/python3.12/site-packages/airflow/example_dags/example_short_circuit_operator.py
[2025-06-20T14:56:10.082+0000] {processor.py:830} INFO - Processing file /home/airflow/.local/lib/python3.12/site-packages/airflow/example_dags/example_short_circuit_operator.py for tasks to queue
[2025-06-20T14:56:10.083+0000] {logging_mixin.py:188} INFO - [2025-06-20T14:56:10.083+0000] {dagbag.py:540} INFO - Filling up the DagBag from /home/airflow/.local/lib/python3.12/site-packages/airflow/example_dags/example_short_circuit_operator.py
[2025-06-20T14:56:10.091+0000] {processor.py:840} INFO - DAG(s) 'example_short_circuit_operator' retrieved from /home/airflow/.local/lib/python3.12/site-packages/airflow/example_dags/example_short_circuit_operator.py
[2025-06-20T14:56:10.113+0000] {logging_mixin.py:188} INFO - [2025-06-20T14:56:10.113+0000] {dag.py:3096} INFO - Sync 1 DAGs
[2025-06-20T14:56:10.132+0000] {logging_mixin.py:188} INFO - [2025-06-20T14:56:10.132+0000] {dag.py:3954} INFO - Setting next_dagrun for example_short_circuit_operator to 2025-06-19 00:00:00+00:00, run_after=2025-06-20 00:00:00+00:00
[2025-06-20T14:56:10.168+0000] {processor.py:183} INFO - Processing /home/airflow/.local/lib/python3.12/site-packages/airflow/example_dags/example_short_circuit_operator.py took 0.094 seconds
[2025-06-20T14:56:40.262+0000] {processor.py:161} INFO - Started process (PID=2614) to work on /home/airflow/.local/lib/python3.12/site-packages/airflow/example_dags/example_short_circuit_operator.py
[2025-06-20T14:56:40.263+0000] {processor.py:830} INFO - Processing file /home/airflow/.local/lib/python3.12/site-packages/airflow/example_dags/example_short_circuit_operator.py for tasks to queue
[2025-06-20T14:56:40.265+0000] {logging_mixin.py:188} INFO - [2025-06-20T14:56:40.264+0000] {dagbag.py:540} INFO - Filling up the DagBag from /home/airflow/.local/lib/python3.12/site-packages/airflow/example_dags/example_short_circuit_operator.py
[2025-06-20T14:56:40.272+0000] {processor.py:840} INFO - DAG(s) 'example_short_circuit_operator' retrieved from /home/airflow/.local/lib/python3.12/site-packages/airflow/example_dags/example_short_circuit_operator.py
[2025-06-20T14:56:40.294+0000] {logging_mixin.py:188} INFO - [2025-06-20T14:56:40.293+0000] {dag.py:3096} INFO - Sync 1 DAGs
[2025-06-20T14:56:40.313+0000] {logging_mixin.py:188} INFO - [2025-06-20T14:56:40.313+0000] {dag.py:3954} INFO - Setting next_dagrun for example_short_circuit_operator to 2025-06-19 00:00:00+00:00, run_after=2025-06-20 00:00:00+00:00
[2025-06-20T14:56:40.329+0000] {processor.py:183} INFO - Processing /home/airflow/.local/lib/python3.12/site-packages/airflow/example_dags/example_short_circuit_operator.py took 0.073 seconds
[2025-06-20T14:57:10.491+0000] {processor.py:161} INFO - Started process (PID=2673) to work on /home/airflow/.local/lib/python3.12/site-packages/airflow/example_dags/example_short_circuit_operator.py
[2025-06-20T14:57:10.492+0000] {processor.py:830} INFO - Processing file /home/airflow/.local/lib/python3.12/site-packages/airflow/example_dags/example_short_circuit_operator.py for tasks to queue
[2025-06-20T14:57:10.494+0000] {logging_mixin.py:188} INFO - [2025-06-20T14:57:10.493+0000] {dagbag.py:540} INFO - Filling up the DagBag from /home/airflow/.local/lib/python3.12/site-packages/airflow/example_dags/example_short_circuit_operator.py
[2025-06-20T14:57:10.501+0000] {processor.py:840} INFO - DAG(s) 'example_short_circuit_operator' retrieved from /home/airflow/.local/lib/python3.12/site-packages/airflow/example_dags/example_short_circuit_operator.py
[2025-06-20T14:57:10.524+0000] {logging_mixin.py:188} INFO - [2025-06-20T14:57:10.524+0000] {dag.py:3096} INFO - Sync 1 DAGs
[2025-06-20T14:57:10.544+0000] {logging_mixin.py:188} INFO - [2025-06-20T14:57:10.543+0000] {dag.py:3954} INFO - Setting next_dagrun for example_short_circuit_operator to 2025-06-19 00:00:00+00:00, run_after=2025-06-20 00:00:00+00:00
[2025-06-20T14:57:10.559+0000] {processor.py:183} INFO - Processing /home/airflow/.local/lib/python3.12/site-packages/airflow/example_dags/example_short_circuit_operator.py took 0.074 seconds
[2025-06-20T14:57:40.722+0000] {processor.py:161} INFO - Started process (PID=2732) to work on /home/airflow/.local/lib/python3.12/site-packages/airflow/example_dags/example_short_circuit_operator.py
[2025-06-20T14:57:40.723+0000] {processor.py:830} INFO - Processing file /home/airflow/.local/lib/python3.12/site-packages/airflow/example_dags/example_short_circuit_operator.py for tasks to queue
[2025-06-20T14:57:40.725+0000] {logging_mixin.py:188} INFO - [2025-06-20T14:57:40.725+0000] {dagbag.py:540} INFO - Filling up the DagBag from /home/airflow/.local/lib/python3.12/site-packages/airflow/example_dags/example_short_circuit_operator.py
[2025-06-20T14:57:40.732+0000] {processor.py:840} INFO - DAG(s) 'example_short_circuit_operator' retrieved from /home/airflow/.local/lib/python3.12/site-packages/airflow/example_dags/example_short_circuit_operator.py
[2025-06-20T14:57:40.754+0000] {logging_mixin.py:188} INFO - [2025-06-20T14:57:40.754+0000] {dag.py:3096} INFO - Sync 1 DAGs
[2025-06-20T14:57:40.775+0000] {logging_mixin.py:188} INFO - [2025-06-20T14:57:40.774+0000] {dag.py:3954} INFO - Setting next_dagrun for example_short_circuit_operator to 2025-06-19 00:00:00+00:00, run_after=2025-06-20 00:00:00+00:00
[2025-06-20T14:57:40.790+0000] {processor.py:183} INFO - Processing /home/airflow/.local/lib/python3.12/site-packages/airflow/example_dags/example_short_circuit_operator.py took 0.075 seconds
[2025-06-20T14:58:10.891+0000] {processor.py:161} INFO - Started process (PID=2791) to work on /home/airflow/.local/lib/python3.12/site-packages/airflow/example_dags/example_short_circuit_operator.py
[2025-06-20T14:58:10.892+0000] {processor.py:830} INFO - Processing file /home/airflow/.local/lib/python3.12/site-packages/airflow/example_dags/example_short_circuit_operator.py for tasks to queue
[2025-06-20T14:58:10.894+0000] {logging_mixin.py:188} INFO - [2025-06-20T14:58:10.894+0000] {dagbag.py:540} INFO - Filling up the DagBag from /home/airflow/.local/lib/python3.12/site-packages/airflow/example_dags/example_short_circuit_operator.py
[2025-06-20T14:58:10.902+0000] {processor.py:840} INFO - DAG(s) 'example_short_circuit_operator' retrieved from /home/airflow/.local/lib/python3.12/site-packages/airflow/example_dags/example_short_circuit_operator.py
[2025-06-20T14:58:10.924+0000] {logging_mixin.py:188} INFO - [2025-06-20T14:58:10.924+0000] {dag.py:3096} INFO - Sync 1 DAGs
[2025-06-20T14:58:10.945+0000] {logging_mixin.py:188} INFO - [2025-06-20T14:58:10.945+0000] {dag.py:3954} INFO - Setting next_dagrun for example_short_circuit_operator to 2025-06-19 00:00:00+00:00, run_after=2025-06-20 00:00:00+00:00
[2025-06-20T14:58:10.960+0000] {processor.py:183} INFO - Processing /home/airflow/.local/lib/python3.12/site-packages/airflow/example_dags/example_short_circuit_operator.py took 0.076 seconds
[2025-06-20T14:58:41.076+0000] {processor.py:161} INFO - Started process (PID=2850) to work on /home/airflow/.local/lib/python3.12/site-packages/airflow/example_dags/example_short_circuit_operator.py
[2025-06-20T14:58:41.077+0000] {processor.py:830} INFO - Processing file /home/airflow/.local/lib/python3.12/site-packages/airflow/example_dags/example_short_circuit_operator.py for tasks to queue
[2025-06-20T14:58:41.079+0000] {logging_mixin.py:188} INFO - [2025-06-20T14:58:41.078+0000] {dagbag.py:540} INFO - Filling up the DagBag from /home/airflow/.local/lib/python3.12/site-packages/airflow/example_dags/example_short_circuit_operator.py
[2025-06-20T14:58:41.086+0000] {processor.py:840} INFO - DAG(s) 'example_short_circuit_operator' retrieved from /home/airflow/.local/lib/python3.12/site-packages/airflow/example_dags/example_short_circuit_operator.py
[2025-06-20T14:58:41.107+0000] {logging_mixin.py:188} INFO - [2025-06-20T14:58:41.107+0000] {dag.py:3096} INFO - Sync 1 DAGs
[2025-06-20T14:58:41.127+0000] {logging_mixin.py:188} INFO - [2025-06-20T14:58:41.127+0000] {dag.py:3954} INFO - Setting next_dagrun for example_short_circuit_operator to 2025-06-19 00:00:00+00:00, run_after=2025-06-20 00:00:00+00:00
[2025-06-20T14:58:41.142+0000] {processor.py:183} INFO - Processing /home/airflow/.local/lib/python3.12/site-packages/airflow/example_dags/example_short_circuit_operator.py took 0.072 seconds
[2025-06-20T14:59:11.392+0000] {processor.py:161} INFO - Started process (PID=2909) to work on /home/airflow/.local/lib/python3.12/site-packages/airflow/example_dags/example_short_circuit_operator.py
[2025-06-20T14:59:11.393+0000] {processor.py:830} INFO - Processing file /home/airflow/.local/lib/python3.12/site-packages/airflow/example_dags/example_short_circuit_operator.py for tasks to queue
[2025-06-20T14:59:11.395+0000] {logging_mixin.py:188} INFO - [2025-06-20T14:59:11.395+0000] {dagbag.py:540} INFO - Filling up the DagBag from /home/airflow/.local/lib/python3.12/site-packages/airflow/example_dags/example_short_circuit_operator.py
[2025-06-20T14:59:11.402+0000] {processor.py:840} INFO - DAG(s) 'example_short_circuit_operator' retrieved from /home/airflow/.local/lib/python3.12/site-packages/airflow/example_dags/example_short_circuit_operator.py
[2025-06-20T14:59:11.423+0000] {logging_mixin.py:188} INFO - [2025-06-20T14:59:11.423+0000] {dag.py:3096} INFO - Sync 1 DAGs
[2025-06-20T14:59:11.443+0000] {logging_mixin.py:188} INFO - [2025-06-20T14:59:11.443+0000] {dag.py:3954} INFO - Setting next_dagrun for example_short_circuit_operator to 2025-06-19 00:00:00+00:00, run_after=2025-06-20 00:00:00+00:00
[2025-06-20T14:59:11.458+0000] {processor.py:183} INFO - Processing /home/airflow/.local/lib/python3.12/site-packages/airflow/example_dags/example_short_circuit_operator.py took 0.072 seconds
[2025-06-20T14:59:41.882+0000] {processor.py:161} INFO - Started process (PID=2968) to work on /home/airflow/.local/lib/python3.12/site-packages/airflow/example_dags/example_short_circuit_operator.py
[2025-06-20T14:59:41.882+0000] {processor.py:830} INFO - Processing file /home/airflow/.local/lib/python3.12/site-packages/airflow/example_dags/example_short_circuit_operator.py for tasks to queue
[2025-06-20T14:59:41.884+0000] {logging_mixin.py:188} INFO - [2025-06-20T14:59:41.884+0000] {dagbag.py:540} INFO - Filling up the DagBag from /home/airflow/.local/lib/python3.12/site-packages/airflow/example_dags/example_short_circuit_operator.py
[2025-06-20T14:59:41.891+0000] {processor.py:840} INFO - DAG(s) 'example_short_circuit_operator' retrieved from /home/airflow/.local/lib/python3.12/site-packages/airflow/example_dags/example_short_circuit_operator.py
[2025-06-20T14:59:41.913+0000] {logging_mixin.py:188} INFO - [2025-06-20T14:59:41.912+0000] {dag.py:3096} INFO - Sync 1 DAGs
[2025-06-20T14:59:41.932+0000] {logging_mixin.py:188} INFO - [2025-06-20T14:59:41.931+0000] {dag.py:3954} INFO - Setting next_dagrun for example_short_circuit_operator to 2025-06-19 00:00:00+00:00, run_after=2025-06-20 00:00:00+00:00
[2025-06-20T14:59:41.946+0000] {processor.py:183} INFO - Processing /home/airflow/.local/lib/python3.12/site-packages/airflow/example_dags/example_short_circuit_operator.py took 0.071 seconds
[2025-06-20T15:00:12.330+0000] {processor.py:161} INFO - Started process (PID=3027) to work on /home/airflow/.local/lib/python3.12/site-packages/airflow/example_dags/example_short_circuit_operator.py
[2025-06-20T15:00:12.331+0000] {processor.py:830} INFO - Processing file /home/airflow/.local/lib/python3.12/site-packages/airflow/example_dags/example_short_circuit_operator.py for tasks to queue
[2025-06-20T15:00:12.333+0000] {logging_mixin.py:188} INFO - [2025-06-20T15:00:12.333+0000] {dagbag.py:540} INFO - Filling up the DagBag from /home/airflow/.local/lib/python3.12/site-packages/airflow/example_dags/example_short_circuit_operator.py
[2025-06-20T15:00:12.341+0000] {processor.py:840} INFO - DAG(s) 'example_short_circuit_operator' retrieved from /home/airflow/.local/lib/python3.12/site-packages/airflow/example_dags/example_short_circuit_operator.py
[2025-06-20T15:00:12.363+0000] {logging_mixin.py:188} INFO - [2025-06-20T15:00:12.363+0000] {dag.py:3096} INFO - Sync 1 DAGs
[2025-06-20T15:00:12.383+0000] {logging_mixin.py:188} INFO - [2025-06-20T15:00:12.383+0000] {dag.py:3954} INFO - Setting next_dagrun for example_short_circuit_operator to 2025-06-19 00:00:00+00:00, run_after=2025-06-20 00:00:00+00:00
[2025-06-20T15:00:12.398+0000] {processor.py:183} INFO - Processing /home/airflow/.local/lib/python3.12/site-packages/airflow/example_dags/example_short_circuit_operator.py took 0.074 seconds
[2025-06-20T15:00:42.607+0000] {processor.py:161} INFO - Started process (PID=3086) to work on /home/airflow/.local/lib/python3.12/site-packages/airflow/example_dags/example_short_circuit_operator.py
[2025-06-20T15:00:42.608+0000] {processor.py:830} INFO - Processing file /home/airflow/.local/lib/python3.12/site-packages/airflow/example_dags/example_short_circuit_operator.py for tasks to queue
[2025-06-20T15:00:42.610+0000] {logging_mixin.py:188} INFO - [2025-06-20T15:00:42.610+0000] {dagbag.py:540} INFO - Filling up the DagBag from /home/airflow/.local/lib/python3.12/site-packages/airflow/example_dags/example_short_circuit_operator.py
[2025-06-20T15:00:42.619+0000] {processor.py:840} INFO - DAG(s) 'example_short_circuit_operator' retrieved from /home/airflow/.local/lib/python3.12/site-packages/airflow/example_dags/example_short_circuit_operator.py
[2025-06-20T15:00:42.644+0000] {logging_mixin.py:188} INFO - [2025-06-20T15:00:42.644+0000] {dag.py:3096} INFO - Sync 1 DAGs
[2025-06-20T15:00:42.667+0000] {logging_mixin.py:188} INFO - [2025-06-20T15:00:42.667+0000] {dag.py:3954} INFO - Setting next_dagrun for example_short_circuit_operator to 2025-06-19 00:00:00+00:00, run_after=2025-06-20 00:00:00+00:00
[2025-06-20T15:00:42.683+0000] {processor.py:183} INFO - Processing /home/airflow/.local/lib/python3.12/site-packages/airflow/example_dags/example_short_circuit_operator.py took 0.084 seconds
[2025-06-20T15:01:12.862+0000] {processor.py:161} INFO - Started process (PID=3145) to work on /home/airflow/.local/lib/python3.12/site-packages/airflow/example_dags/example_short_circuit_operator.py
[2025-06-20T15:01:12.863+0000] {processor.py:830} INFO - Processing file /home/airflow/.local/lib/python3.12/site-packages/airflow/example_dags/example_short_circuit_operator.py for tasks to queue
[2025-06-20T15:01:12.865+0000] {logging_mixin.py:188} INFO - [2025-06-20T15:01:12.865+0000] {dagbag.py:540} INFO - Filling up the DagBag from /home/airflow/.local/lib/python3.12/site-packages/airflow/example_dags/example_short_circuit_operator.py
[2025-06-20T15:01:12.874+0000] {processor.py:840} INFO - DAG(s) 'example_short_circuit_operator' retrieved from /home/airflow/.local/lib/python3.12/site-packages/airflow/example_dags/example_short_circuit_operator.py
[2025-06-20T15:01:12.897+0000] {logging_mixin.py:188} INFO - [2025-06-20T15:01:12.897+0000] {dag.py:3096} INFO - Sync 1 DAGs
[2025-06-20T15:01:12.919+0000] {logging_mixin.py:188} INFO - [2025-06-20T15:01:12.918+0000] {dag.py:3954} INFO - Setting next_dagrun for example_short_circuit_operator to 2025-06-19 00:00:00+00:00, run_after=2025-06-20 00:00:00+00:00
[2025-06-20T15:01:12.935+0000] {processor.py:183} INFO - Processing /home/airflow/.local/lib/python3.12/site-packages/airflow/example_dags/example_short_circuit_operator.py took 0.081 seconds
[2025-06-20T15:01:43.596+0000] {processor.py:161} INFO - Started process (PID=3204) to work on /home/airflow/.local/lib/python3.12/site-packages/airflow/example_dags/example_short_circuit_operator.py
[2025-06-20T15:01:43.597+0000] {processor.py:830} INFO - Processing file /home/airflow/.local/lib/python3.12/site-packages/airflow/example_dags/example_short_circuit_operator.py for tasks to queue
[2025-06-20T15:01:43.599+0000] {logging_mixin.py:188} INFO - [2025-06-20T15:01:43.598+0000] {dagbag.py:540} INFO - Filling up the DagBag from /home/airflow/.local/lib/python3.12/site-packages/airflow/example_dags/example_short_circuit_operator.py
[2025-06-20T15:01:43.606+0000] {processor.py:840} INFO - DAG(s) 'example_short_circuit_operator' retrieved from /home/airflow/.local/lib/python3.12/site-packages/airflow/example_dags/example_short_circuit_operator.py
[2025-06-20T15:01:43.629+0000] {logging_mixin.py:188} INFO - [2025-06-20T15:01:43.629+0000] {dag.py:3096} INFO - Sync 1 DAGs
[2025-06-20T15:01:43.649+0000] {logging_mixin.py:188} INFO - [2025-06-20T15:01:43.649+0000] {dag.py:3954} INFO - Setting next_dagrun for example_short_circuit_operator to 2025-06-19 00:00:00+00:00, run_after=2025-06-20 00:00:00+00:00
[2025-06-20T15:01:43.664+0000] {processor.py:183} INFO - Processing /home/airflow/.local/lib/python3.12/site-packages/airflow/example_dags/example_short_circuit_operator.py took 0.075 seconds
[2025-06-20T15:02:14.291+0000] {processor.py:161} INFO - Started process (PID=3263) to work on /home/airflow/.local/lib/python3.12/site-packages/airflow/example_dags/example_short_circuit_operator.py
[2025-06-20T15:02:14.292+0000] {processor.py:830} INFO - Processing file /home/airflow/.local/lib/python3.12/site-packages/airflow/example_dags/example_short_circuit_operator.py for tasks to queue
[2025-06-20T15:02:14.294+0000] {logging_mixin.py:188} INFO - [2025-06-20T15:02:14.294+0000] {dagbag.py:540} INFO - Filling up the DagBag from /home/airflow/.local/lib/python3.12/site-packages/airflow/example_dags/example_short_circuit_operator.py
[2025-06-20T15:02:14.301+0000] {processor.py:840} INFO - DAG(s) 'example_short_circuit_operator' retrieved from /home/airflow/.local/lib/python3.12/site-packages/airflow/example_dags/example_short_circuit_operator.py
[2025-06-20T15:02:14.324+0000] {logging_mixin.py:188} INFO - [2025-06-20T15:02:14.324+0000] {dag.py:3096} INFO - Sync 1 DAGs
[2025-06-20T15:02:14.345+0000] {logging_mixin.py:188} INFO - [2025-06-20T15:02:14.345+0000] {dag.py:3954} INFO - Setting next_dagrun for example_short_circuit_operator to 2025-06-19 00:00:00+00:00, run_after=2025-06-20 00:00:00+00:00
[2025-06-20T15:02:14.363+0000] {processor.py:183} INFO - Processing /home/airflow/.local/lib/python3.12/site-packages/airflow/example_dags/example_short_circuit_operator.py took 0.079 seconds
[2025-06-20T15:02:44.982+0000] {processor.py:161} INFO - Started process (PID=3322) to work on /home/airflow/.local/lib/python3.12/site-packages/airflow/example_dags/example_short_circuit_operator.py
[2025-06-20T15:02:44.983+0000] {processor.py:830} INFO - Processing file /home/airflow/.local/lib/python3.12/site-packages/airflow/example_dags/example_short_circuit_operator.py for tasks to queue
[2025-06-20T15:02:44.985+0000] {logging_mixin.py:188} INFO - [2025-06-20T15:02:44.985+0000] {dagbag.py:540} INFO - Filling up the DagBag from /home/airflow/.local/lib/python3.12/site-packages/airflow/example_dags/example_short_circuit_operator.py
[2025-06-20T15:02:44.992+0000] {processor.py:840} INFO - DAG(s) 'example_short_circuit_operator' retrieved from /home/airflow/.local/lib/python3.12/site-packages/airflow/example_dags/example_short_circuit_operator.py
[2025-06-20T15:02:45.014+0000] {logging_mixin.py:188} INFO - [2025-06-20T15:02:45.014+0000] {dag.py:3096} INFO - Sync 1 DAGs
[2025-06-20T15:02:45.035+0000] {logging_mixin.py:188} INFO - [2025-06-20T15:02:45.034+0000] {dag.py:3954} INFO - Setting next_dagrun for example_short_circuit_operator to 2025-06-19 00:00:00+00:00, run_after=2025-06-20 00:00:00+00:00
[2025-06-20T15:02:45.050+0000] {processor.py:183} INFO - Processing /home/airflow/.local/lib/python3.12/site-packages/airflow/example_dags/example_short_circuit_operator.py took 0.074 seconds
[2025-06-20T15:03:15.682+0000] {processor.py:161} INFO - Started process (PID=3381) to work on /home/airflow/.local/lib/python3.12/site-packages/airflow/example_dags/example_short_circuit_operator.py
[2025-06-20T15:03:15.683+0000] {processor.py:830} INFO - Processing file /home/airflow/.local/lib/python3.12/site-packages/airflow/example_dags/example_short_circuit_operator.py for tasks to queue
[2025-06-20T15:03:15.685+0000] {logging_mixin.py:188} INFO - [2025-06-20T15:03:15.685+0000] {dagbag.py:540} INFO - Filling up the DagBag from /home/airflow/.local/lib/python3.12/site-packages/airflow/example_dags/example_short_circuit_operator.py
[2025-06-20T15:03:15.693+0000] {processor.py:840} INFO - DAG(s) 'example_short_circuit_operator' retrieved from /home/airflow/.local/lib/python3.12/site-packages/airflow/example_dags/example_short_circuit_operator.py
[2025-06-20T15:03:15.716+0000] {logging_mixin.py:188} INFO - [2025-06-20T15:03:15.716+0000] {dag.py:3096} INFO - Sync 1 DAGs
[2025-06-20T15:03:15.736+0000] {logging_mixin.py:188} INFO - [2025-06-20T15:03:15.736+0000] {dag.py:3954} INFO - Setting next_dagrun for example_short_circuit_operator to 2025-06-19 00:00:00+00:00, run_after=2025-06-20 00:00:00+00:00
[2025-06-20T15:03:15.752+0000] {processor.py:183} INFO - Processing /home/airflow/.local/lib/python3.12/site-packages/airflow/example_dags/example_short_circuit_operator.py took 0.076 seconds
[2025-06-20T15:03:46.161+0000] {processor.py:161} INFO - Started process (PID=3440) to work on /home/airflow/.local/lib/python3.12/site-packages/airflow/example_dags/example_short_circuit_operator.py
[2025-06-20T15:03:46.162+0000] {processor.py:830} INFO - Processing file /home/airflow/.local/lib/python3.12/site-packages/airflow/example_dags/example_short_circuit_operator.py for tasks to queue
[2025-06-20T15:03:46.164+0000] {logging_mixin.py:188} INFO - [2025-06-20T15:03:46.163+0000] {dagbag.py:540} INFO - Filling up the DagBag from /home/airflow/.local/lib/python3.12/site-packages/airflow/example_dags/example_short_circuit_operator.py
[2025-06-20T15:03:46.171+0000] {processor.py:840} INFO - DAG(s) 'example_short_circuit_operator' retrieved from /home/airflow/.local/lib/python3.12/site-packages/airflow/example_dags/example_short_circuit_operator.py
[2025-06-20T15:03:46.194+0000] {logging_mixin.py:188} INFO - [2025-06-20T15:03:46.194+0000] {dag.py:3096} INFO - Sync 1 DAGs
[2025-06-20T15:03:46.215+0000] {logging_mixin.py:188} INFO - [2025-06-20T15:03:46.215+0000] {dag.py:3954} INFO - Setting next_dagrun for example_short_circuit_operator to 2025-06-19 00:00:00+00:00, run_after=2025-06-20 00:00:00+00:00
[2025-06-20T15:03:46.231+0000] {processor.py:183} INFO - Processing /home/airflow/.local/lib/python3.12/site-packages/airflow/example_dags/example_short_circuit_operator.py took 0.076 seconds
[2025-06-20T15:04:16.899+0000] {processor.py:161} INFO - Started process (PID=3497) to work on /home/airflow/.local/lib/python3.12/site-packages/airflow/example_dags/example_short_circuit_operator.py
[2025-06-20T15:04:16.900+0000] {processor.py:830} INFO - Processing file /home/airflow/.local/lib/python3.12/site-packages/airflow/example_dags/example_short_circuit_operator.py for tasks to queue
[2025-06-20T15:04:16.903+0000] {logging_mixin.py:188} INFO - [2025-06-20T15:04:16.902+0000] {dagbag.py:540} INFO - Filling up the DagBag from /home/airflow/.local/lib/python3.12/site-packages/airflow/example_dags/example_short_circuit_operator.py
[2025-06-20T15:04:16.910+0000] {processor.py:840} INFO - DAG(s) 'example_short_circuit_operator' retrieved from /home/airflow/.local/lib/python3.12/site-packages/airflow/example_dags/example_short_circuit_operator.py
[2025-06-20T15:04:16.933+0000] {logging_mixin.py:188} INFO - [2025-06-20T15:04:16.933+0000] {dag.py:3096} INFO - Sync 1 DAGs
[2025-06-20T15:04:16.954+0000] {logging_mixin.py:188} INFO - [2025-06-20T15:04:16.953+0000] {dag.py:3954} INFO - Setting next_dagrun for example_short_circuit_operator to 2025-06-19 00:00:00+00:00, run_after=2025-06-20 00:00:00+00:00
[2025-06-20T15:04:16.970+0000] {processor.py:183} INFO - Processing /home/airflow/.local/lib/python3.12/site-packages/airflow/example_dags/example_short_circuit_operator.py took 0.077 seconds
[2025-06-20T15:04:47.760+0000] {processor.py:161} INFO - Started process (PID=3556) to work on /home/airflow/.local/lib/python3.12/site-packages/airflow/example_dags/example_short_circuit_operator.py
[2025-06-20T15:04:47.761+0000] {processor.py:830} INFO - Processing file /home/airflow/.local/lib/python3.12/site-packages/airflow/example_dags/example_short_circuit_operator.py for tasks to queue
[2025-06-20T15:04:47.762+0000] {logging_mixin.py:188} INFO - [2025-06-20T15:04:47.762+0000] {dagbag.py:540} INFO - Filling up the DagBag from /home/airflow/.local/lib/python3.12/site-packages/airflow/example_dags/example_short_circuit_operator.py
[2025-06-20T15:04:47.770+0000] {processor.py:840} INFO - DAG(s) 'example_short_circuit_operator' retrieved from /home/airflow/.local/lib/python3.12/site-packages/airflow/example_dags/example_short_circuit_operator.py
[2025-06-20T15:04:47.793+0000] {logging_mixin.py:188} INFO - [2025-06-20T15:04:47.793+0000] {dag.py:3096} INFO - Sync 1 DAGs
[2025-06-20T15:04:47.813+0000] {logging_mixin.py:188} INFO - [2025-06-20T15:04:47.812+0000] {dag.py:3954} INFO - Setting next_dagrun for example_short_circuit_operator to 2025-06-19 00:00:00+00:00, run_after=2025-06-20 00:00:00+00:00
[2025-06-20T15:04:47.828+0000] {processor.py:183} INFO - Processing /home/airflow/.local/lib/python3.12/site-packages/airflow/example_dags/example_short_circuit_operator.py took 0.074 seconds
[2025-06-20T15:05:18.026+0000] {processor.py:161} INFO - Started process (PID=3615) to work on /home/airflow/.local/lib/python3.12/site-packages/airflow/example_dags/example_short_circuit_operator.py
[2025-06-20T15:05:18.027+0000] {processor.py:830} INFO - Processing file /home/airflow/.local/lib/python3.12/site-packages/airflow/example_dags/example_short_circuit_operator.py for tasks to queue
[2025-06-20T15:05:18.029+0000] {logging_mixin.py:188} INFO - [2025-06-20T15:05:18.029+0000] {dagbag.py:540} INFO - Filling up the DagBag from /home/airflow/.local/lib/python3.12/site-packages/airflow/example_dags/example_short_circuit_operator.py
[2025-06-20T15:05:18.037+0000] {processor.py:840} INFO - DAG(s) 'example_short_circuit_operator' retrieved from /home/airflow/.local/lib/python3.12/site-packages/airflow/example_dags/example_short_circuit_operator.py
[2025-06-20T15:05:18.059+0000] {logging_mixin.py:188} INFO - [2025-06-20T15:05:18.059+0000] {dag.py:3096} INFO - Sync 1 DAGs
[2025-06-20T15:05:18.079+0000] {logging_mixin.py:188} INFO - [2025-06-20T15:05:18.079+0000] {dag.py:3954} INFO - Setting next_dagrun for example_short_circuit_operator to 2025-06-19 00:00:00+00:00, run_after=2025-06-20 00:00:00+00:00
[2025-06-20T15:05:18.094+0000] {processor.py:183} INFO - Processing /home/airflow/.local/lib/python3.12/site-packages/airflow/example_dags/example_short_circuit_operator.py took 0.074 seconds
[2025-06-20T15:05:48.318+0000] {processor.py:161} INFO - Started process (PID=3674) to work on /home/airflow/.local/lib/python3.12/site-packages/airflow/example_dags/example_short_circuit_operator.py
[2025-06-20T15:05:48.319+0000] {processor.py:830} INFO - Processing file /home/airflow/.local/lib/python3.12/site-packages/airflow/example_dags/example_short_circuit_operator.py for tasks to queue
[2025-06-20T15:05:48.321+0000] {logging_mixin.py:188} INFO - [2025-06-20T15:05:48.321+0000] {dagbag.py:540} INFO - Filling up the DagBag from /home/airflow/.local/lib/python3.12/site-packages/airflow/example_dags/example_short_circuit_operator.py
[2025-06-20T15:05:48.329+0000] {processor.py:840} INFO - DAG(s) 'example_short_circuit_operator' retrieved from /home/airflow/.local/lib/python3.12/site-packages/airflow/example_dags/example_short_circuit_operator.py
[2025-06-20T15:05:48.351+0000] {logging_mixin.py:188} INFO - [2025-06-20T15:05:48.351+0000] {dag.py:3096} INFO - Sync 1 DAGs
[2025-06-20T15:05:48.372+0000] {logging_mixin.py:188} INFO - [2025-06-20T15:05:48.371+0000] {dag.py:3954} INFO - Setting next_dagrun for example_short_circuit_operator to 2025-06-19 00:00:00+00:00, run_after=2025-06-20 00:00:00+00:00
[2025-06-20T15:05:48.387+0000] {processor.py:183} INFO - Processing /home/airflow/.local/lib/python3.12/site-packages/airflow/example_dags/example_short_circuit_operator.py took 0.076 seconds
[2025-06-20T15:06:18.523+0000] {processor.py:161} INFO - Started process (PID=3733) to work on /home/airflow/.local/lib/python3.12/site-packages/airflow/example_dags/example_short_circuit_operator.py
[2025-06-20T15:06:18.524+0000] {processor.py:830} INFO - Processing file /home/airflow/.local/lib/python3.12/site-packages/airflow/example_dags/example_short_circuit_operator.py for tasks to queue
[2025-06-20T15:06:18.526+0000] {logging_mixin.py:188} INFO - [2025-06-20T15:06:18.526+0000] {dagbag.py:540} INFO - Filling up the DagBag from /home/airflow/.local/lib/python3.12/site-packages/airflow/example_dags/example_short_circuit_operator.py
[2025-06-20T15:06:18.534+0000] {processor.py:840} INFO - DAG(s) 'example_short_circuit_operator' retrieved from /home/airflow/.local/lib/python3.12/site-packages/airflow/example_dags/example_short_circuit_operator.py
[2025-06-20T15:06:18.563+0000] {logging_mixin.py:188} INFO - [2025-06-20T15:06:18.563+0000] {dag.py:3096} INFO - Sync 1 DAGs
[2025-06-20T15:06:18.605+0000] {logging_mixin.py:188} INFO - [2025-06-20T15:06:18.604+0000] {dag.py:3954} INFO - Setting next_dagrun for example_short_circuit_operator to 2025-06-19 00:00:00+00:00, run_after=2025-06-20 00:00:00+00:00
[2025-06-20T15:06:18.631+0000] {processor.py:183} INFO - Processing /home/airflow/.local/lib/python3.12/site-packages/airflow/example_dags/example_short_circuit_operator.py took 0.115 seconds
[2025-06-20T15:06:48.866+0000] {processor.py:161} INFO - Started process (PID=3792) to work on /home/airflow/.local/lib/python3.12/site-packages/airflow/example_dags/example_short_circuit_operator.py
[2025-06-20T15:06:48.867+0000] {processor.py:830} INFO - Processing file /home/airflow/.local/lib/python3.12/site-packages/airflow/example_dags/example_short_circuit_operator.py for tasks to queue
[2025-06-20T15:06:48.869+0000] {logging_mixin.py:188} INFO - [2025-06-20T15:06:48.869+0000] {dagbag.py:540} INFO - Filling up the DagBag from /home/airflow/.local/lib/python3.12/site-packages/airflow/example_dags/example_short_circuit_operator.py
[2025-06-20T15:06:48.877+0000] {processor.py:840} INFO - DAG(s) 'example_short_circuit_operator' retrieved from /home/airflow/.local/lib/python3.12/site-packages/airflow/example_dags/example_short_circuit_operator.py
[2025-06-20T15:06:48.899+0000] {logging_mixin.py:188} INFO - [2025-06-20T15:06:48.898+0000] {dag.py:3096} INFO - Sync 1 DAGs
[2025-06-20T15:06:48.918+0000] {logging_mixin.py:188} INFO - [2025-06-20T15:06:48.918+0000] {dag.py:3954} INFO - Setting next_dagrun for example_short_circuit_operator to 2025-06-19 00:00:00+00:00, run_after=2025-06-20 00:00:00+00:00
[2025-06-20T15:06:48.933+0000] {processor.py:183} INFO - Processing /home/airflow/.local/lib/python3.12/site-packages/airflow/example_dags/example_short_circuit_operator.py took 0.073 seconds
[2025-06-20T15:07:19.137+0000] {processor.py:161} INFO - Started process (PID=3851) to work on /home/airflow/.local/lib/python3.12/site-packages/airflow/example_dags/example_short_circuit_operator.py
[2025-06-20T15:07:19.138+0000] {processor.py:830} INFO - Processing file /home/airflow/.local/lib/python3.12/site-packages/airflow/example_dags/example_short_circuit_operator.py for tasks to queue
[2025-06-20T15:07:19.140+0000] {logging_mixin.py:188} INFO - [2025-06-20T15:07:19.139+0000] {dagbag.py:540} INFO - Filling up the DagBag from /home/airflow/.local/lib/python3.12/site-packages/airflow/example_dags/example_short_circuit_operator.py
[2025-06-20T15:07:19.147+0000] {processor.py:840} INFO - DAG(s) 'example_short_circuit_operator' retrieved from /home/airflow/.local/lib/python3.12/site-packages/airflow/example_dags/example_short_circuit_operator.py
[2025-06-20T15:07:19.170+0000] {logging_mixin.py:188} INFO - [2025-06-20T15:07:19.170+0000] {dag.py:3096} INFO - Sync 1 DAGs
[2025-06-20T15:07:19.191+0000] {logging_mixin.py:188} INFO - [2025-06-20T15:07:19.190+0000] {dag.py:3954} INFO - Setting next_dagrun for example_short_circuit_operator to 2025-06-19 00:00:00+00:00, run_after=2025-06-20 00:00:00+00:00
[2025-06-20T15:07:19.206+0000] {processor.py:183} INFO - Processing /home/airflow/.local/lib/python3.12/site-packages/airflow/example_dags/example_short_circuit_operator.py took 0.076 seconds
