[2025-06-20T14:34:46.475+0000] {processor.py:161} INFO - Started process (PID=67) to work on /home/airflow/.local/lib/python3.12/site-packages/airflow/example_dags/example_task_group_decorator.py
[2025-06-20T14:34:46.476+0000] {processor.py:830} INFO - Processing file /home/airflow/.local/lib/python3.12/site-packages/airflow/example_dags/example_task_group_decorator.py for tasks to queue
[2025-06-20T14:34:46.478+0000] {logging_mixin.py:188} INFO - [2025-06-20T14:34:46.478+0000] {dagbag.py:540} INFO - Filling up the DagBag from /home/airflow/.local/lib/python3.12/site-packages/airflow/example_dags/example_task_group_decorator.py
[2025-06-20T14:34:46.494+0000] {processor.py:840} INFO - DAG(s) 'example_task_group_decorator' retrieved from /home/airflow/.local/lib/python3.12/site-packages/airflow/example_dags/example_task_group_decorator.py
[2025-06-20T14:34:46.506+0000] {logging_mixin.py:188} INFO - [2025-06-20T14:34:46.506+0000] {dag.py:3096} INFO - Sync 1 DAGs
[2025-06-20T14:34:46.531+0000] {logging_mixin.py:188} INFO - [2025-06-20T14:34:46.531+0000] {dag.py:3954} INFO - Setting next_dagrun for example_task_group_decorator to 2025-06-19 00:00:00+00:00, run_after=2025-06-20 00:00:00+00:00
[2025-06-20T14:34:46.548+0000] {processor.py:183} INFO - Processing /home/airflow/.local/lib/python3.12/site-packages/airflow/example_dags/example_task_group_decorator.py took 0.081 seconds
[2025-06-20T14:35:17.249+0000] {processor.py:161} INFO - Started process (PID=125) to work on /home/airflow/.local/lib/python3.12/site-packages/airflow/example_dags/example_task_group_decorator.py
[2025-06-20T14:35:17.250+0000] {processor.py:830} INFO - Processing file /home/airflow/.local/lib/python3.12/site-packages/airflow/example_dags/example_task_group_decorator.py for tasks to queue
[2025-06-20T14:35:17.252+0000] {logging_mixin.py:188} INFO - [2025-06-20T14:35:17.251+0000] {dagbag.py:540} INFO - Filling up the DagBag from /home/airflow/.local/lib/python3.12/site-packages/airflow/example_dags/example_task_group_decorator.py
[2025-06-20T14:35:17.265+0000] {processor.py:840} INFO - DAG(s) 'example_task_group_decorator' retrieved from /home/airflow/.local/lib/python3.12/site-packages/airflow/example_dags/example_task_group_decorator.py
[2025-06-20T14:35:17.369+0000] {logging_mixin.py:188} INFO - [2025-06-20T14:35:17.369+0000] {dag.py:3096} INFO - Sync 1 DAGs
[2025-06-20T14:35:17.386+0000] {logging_mixin.py:188} INFO - [2025-06-20T14:35:17.386+0000] {dag.py:3954} INFO - Setting next_dagrun for example_task_group_decorator to 2025-06-19 00:00:00+00:00, run_after=2025-06-20 00:00:00+00:00
[2025-06-20T14:35:17.402+0000] {processor.py:183} INFO - Processing /home/airflow/.local/lib/python3.12/site-packages/airflow/example_dags/example_task_group_decorator.py took 0.159 seconds
[2025-06-20T14:35:47.602+0000] {processor.py:161} INFO - Started process (PID=183) to work on /home/airflow/.local/lib/python3.12/site-packages/airflow/example_dags/example_task_group_decorator.py
[2025-06-20T14:35:47.603+0000] {processor.py:830} INFO - Processing file /home/airflow/.local/lib/python3.12/site-packages/airflow/example_dags/example_task_group_decorator.py for tasks to queue
[2025-06-20T14:35:47.605+0000] {logging_mixin.py:188} INFO - [2025-06-20T14:35:47.604+0000] {dagbag.py:540} INFO - Filling up the DagBag from /home/airflow/.local/lib/python3.12/site-packages/airflow/example_dags/example_task_group_decorator.py
[2025-06-20T14:35:47.621+0000] {processor.py:840} INFO - DAG(s) 'example_task_group_decorator' retrieved from /home/airflow/.local/lib/python3.12/site-packages/airflow/example_dags/example_task_group_decorator.py
[2025-06-20T14:35:47.648+0000] {logging_mixin.py:188} INFO - [2025-06-20T14:35:47.648+0000] {dag.py:3096} INFO - Sync 1 DAGs
[2025-06-20T14:35:47.670+0000] {logging_mixin.py:188} INFO - [2025-06-20T14:35:47.670+0000] {dag.py:3954} INFO - Setting next_dagrun for example_task_group_decorator to 2025-06-19 00:00:00+00:00, run_after=2025-06-20 00:00:00+00:00
[2025-06-20T14:35:47.688+0000] {processor.py:183} INFO - Processing /home/airflow/.local/lib/python3.12/site-packages/airflow/example_dags/example_task_group_decorator.py took 0.092 seconds
[2025-06-20T14:36:18.035+0000] {processor.py:161} INFO - Started process (PID=241) to work on /home/airflow/.local/lib/python3.12/site-packages/airflow/example_dags/example_task_group_decorator.py
[2025-06-20T14:36:18.036+0000] {processor.py:830} INFO - Processing file /home/airflow/.local/lib/python3.12/site-packages/airflow/example_dags/example_task_group_decorator.py for tasks to queue
[2025-06-20T14:36:18.038+0000] {logging_mixin.py:188} INFO - [2025-06-20T14:36:18.037+0000] {dagbag.py:540} INFO - Filling up the DagBag from /home/airflow/.local/lib/python3.12/site-packages/airflow/example_dags/example_task_group_decorator.py
[2025-06-20T14:36:18.053+0000] {processor.py:840} INFO - DAG(s) 'example_task_group_decorator' retrieved from /home/airflow/.local/lib/python3.12/site-packages/airflow/example_dags/example_task_group_decorator.py
[2025-06-20T14:36:18.079+0000] {logging_mixin.py:188} INFO - [2025-06-20T14:36:18.079+0000] {dag.py:3096} INFO - Sync 1 DAGs
[2025-06-20T14:36:18.099+0000] {logging_mixin.py:188} INFO - [2025-06-20T14:36:18.099+0000] {dag.py:3954} INFO - Setting next_dagrun for example_task_group_decorator to 2025-06-19 00:00:00+00:00, run_after=2025-06-20 00:00:00+00:00
[2025-06-20T14:36:18.115+0000] {processor.py:183} INFO - Processing /home/airflow/.local/lib/python3.12/site-packages/airflow/example_dags/example_task_group_decorator.py took 0.086 seconds
[2025-06-20T14:36:48.605+0000] {processor.py:161} INFO - Started process (PID=299) to work on /home/airflow/.local/lib/python3.12/site-packages/airflow/example_dags/example_task_group_decorator.py
[2025-06-20T14:36:48.606+0000] {processor.py:830} INFO - Processing file /home/airflow/.local/lib/python3.12/site-packages/airflow/example_dags/example_task_group_decorator.py for tasks to queue
[2025-06-20T14:36:48.608+0000] {logging_mixin.py:188} INFO - [2025-06-20T14:36:48.608+0000] {dagbag.py:540} INFO - Filling up the DagBag from /home/airflow/.local/lib/python3.12/site-packages/airflow/example_dags/example_task_group_decorator.py
[2025-06-20T14:36:48.622+0000] {processor.py:840} INFO - DAG(s) 'example_task_group_decorator' retrieved from /home/airflow/.local/lib/python3.12/site-packages/airflow/example_dags/example_task_group_decorator.py
[2025-06-20T14:36:48.652+0000] {logging_mixin.py:188} INFO - [2025-06-20T14:36:48.652+0000] {dag.py:3096} INFO - Sync 1 DAGs
[2025-06-20T14:36:48.672+0000] {logging_mixin.py:188} INFO - [2025-06-20T14:36:48.671+0000] {dag.py:3954} INFO - Setting next_dagrun for example_task_group_decorator to 2025-06-19 00:00:00+00:00, run_after=2025-06-20 00:00:00+00:00
[2025-06-20T14:36:48.687+0000] {processor.py:183} INFO - Processing /home/airflow/.local/lib/python3.12/site-packages/airflow/example_dags/example_task_group_decorator.py took 0.088 seconds
[2025-06-20T14:37:19.198+0000] {processor.py:161} INFO - Started process (PID=379) to work on /home/airflow/.local/lib/python3.12/site-packages/airflow/example_dags/example_task_group_decorator.py
[2025-06-20T14:37:19.199+0000] {processor.py:830} INFO - Processing file /home/airflow/.local/lib/python3.12/site-packages/airflow/example_dags/example_task_group_decorator.py for tasks to queue
[2025-06-20T14:37:19.201+0000] {logging_mixin.py:188} INFO - [2025-06-20T14:37:19.200+0000] {dagbag.py:540} INFO - Filling up the DagBag from /home/airflow/.local/lib/python3.12/site-packages/airflow/example_dags/example_task_group_decorator.py
[2025-06-20T14:37:19.215+0000] {processor.py:840} INFO - DAG(s) 'example_task_group_decorator' retrieved from /home/airflow/.local/lib/python3.12/site-packages/airflow/example_dags/example_task_group_decorator.py
[2025-06-20T14:37:19.241+0000] {logging_mixin.py:188} INFO - [2025-06-20T14:37:19.241+0000] {dag.py:3096} INFO - Sync 1 DAGs
[2025-06-20T14:37:19.263+0000] {logging_mixin.py:188} INFO - [2025-06-20T14:37:19.263+0000] {dag.py:3954} INFO - Setting next_dagrun for example_task_group_decorator to 2025-06-19 00:00:00+00:00, run_after=2025-06-20 00:00:00+00:00
[2025-06-20T14:37:19.279+0000] {processor.py:183} INFO - Processing /home/airflow/.local/lib/python3.12/site-packages/airflow/example_dags/example_task_group_decorator.py took 0.087 seconds
[2025-06-20T14:37:49.596+0000] {processor.py:161} INFO - Started process (PID=437) to work on /home/airflow/.local/lib/python3.12/site-packages/airflow/example_dags/example_task_group_decorator.py
[2025-06-20T14:37:49.597+0000] {processor.py:830} INFO - Processing file /home/airflow/.local/lib/python3.12/site-packages/airflow/example_dags/example_task_group_decorator.py for tasks to queue
[2025-06-20T14:37:49.599+0000] {logging_mixin.py:188} INFO - [2025-06-20T14:37:49.598+0000] {dagbag.py:540} INFO - Filling up the DagBag from /home/airflow/.local/lib/python3.12/site-packages/airflow/example_dags/example_task_group_decorator.py
[2025-06-20T14:37:49.612+0000] {processor.py:840} INFO - DAG(s) 'example_task_group_decorator' retrieved from /home/airflow/.local/lib/python3.12/site-packages/airflow/example_dags/example_task_group_decorator.py
[2025-06-20T14:37:49.639+0000] {logging_mixin.py:188} INFO - [2025-06-20T14:37:49.639+0000] {dag.py:3096} INFO - Sync 1 DAGs
[2025-06-20T14:37:49.664+0000] {logging_mixin.py:188} INFO - [2025-06-20T14:37:49.664+0000] {dag.py:3954} INFO - Setting next_dagrun for example_task_group_decorator to 2025-06-19 00:00:00+00:00, run_after=2025-06-20 00:00:00+00:00
[2025-06-20T14:37:49.681+0000] {processor.py:183} INFO - Processing /home/airflow/.local/lib/python3.12/site-packages/airflow/example_dags/example_task_group_decorator.py took 0.092 seconds
[2025-06-20T14:38:20.096+0000] {processor.py:161} INFO - Started process (PID=495) to work on /home/airflow/.local/lib/python3.12/site-packages/airflow/example_dags/example_task_group_decorator.py
[2025-06-20T14:38:20.096+0000] {processor.py:830} INFO - Processing file /home/airflow/.local/lib/python3.12/site-packages/airflow/example_dags/example_task_group_decorator.py for tasks to queue
[2025-06-20T14:38:20.098+0000] {logging_mixin.py:188} INFO - [2025-06-20T14:38:20.098+0000] {dagbag.py:540} INFO - Filling up the DagBag from /home/airflow/.local/lib/python3.12/site-packages/airflow/example_dags/example_task_group_decorator.py
[2025-06-20T14:38:20.112+0000] {processor.py:840} INFO - DAG(s) 'example_task_group_decorator' retrieved from /home/airflow/.local/lib/python3.12/site-packages/airflow/example_dags/example_task_group_decorator.py
[2025-06-20T14:38:20.136+0000] {logging_mixin.py:188} INFO - [2025-06-20T14:38:20.136+0000] {dag.py:3096} INFO - Sync 1 DAGs
[2025-06-20T14:38:20.155+0000] {logging_mixin.py:188} INFO - [2025-06-20T14:38:20.155+0000] {dag.py:3954} INFO - Setting next_dagrun for example_task_group_decorator to 2025-06-19 00:00:00+00:00, run_after=2025-06-20 00:00:00+00:00
[2025-06-20T14:38:20.170+0000] {processor.py:183} INFO - Processing /home/airflow/.local/lib/python3.12/site-packages/airflow/example_dags/example_task_group_decorator.py took 0.081 seconds
[2025-06-20T14:38:51.086+0000] {processor.py:161} INFO - Started process (PID=553) to work on /home/airflow/.local/lib/python3.12/site-packages/airflow/example_dags/example_task_group_decorator.py
[2025-06-20T14:38:51.087+0000] {processor.py:830} INFO - Processing file /home/airflow/.local/lib/python3.12/site-packages/airflow/example_dags/example_task_group_decorator.py for tasks to queue
[2025-06-20T14:38:51.089+0000] {logging_mixin.py:188} INFO - [2025-06-20T14:38:51.089+0000] {dagbag.py:540} INFO - Filling up the DagBag from /home/airflow/.local/lib/python3.12/site-packages/airflow/example_dags/example_task_group_decorator.py
[2025-06-20T14:38:51.103+0000] {processor.py:840} INFO - DAG(s) 'example_task_group_decorator' retrieved from /home/airflow/.local/lib/python3.12/site-packages/airflow/example_dags/example_task_group_decorator.py
[2025-06-20T14:38:51.126+0000] {logging_mixin.py:188} INFO - [2025-06-20T14:38:51.126+0000] {dag.py:3096} INFO - Sync 1 DAGs
[2025-06-20T14:38:51.146+0000] {logging_mixin.py:188} INFO - [2025-06-20T14:38:51.145+0000] {dag.py:3954} INFO - Setting next_dagrun for example_task_group_decorator to 2025-06-19 00:00:00+00:00, run_after=2025-06-20 00:00:00+00:00
[2025-06-20T14:38:51.161+0000] {processor.py:183} INFO - Processing /home/airflow/.local/lib/python3.12/site-packages/airflow/example_dags/example_task_group_decorator.py took 0.080 seconds
[2025-06-20T14:39:21.346+0000] {processor.py:161} INFO - Started process (PID=611) to work on /home/airflow/.local/lib/python3.12/site-packages/airflow/example_dags/example_task_group_decorator.py
[2025-06-20T14:39:21.347+0000] {processor.py:830} INFO - Processing file /home/airflow/.local/lib/python3.12/site-packages/airflow/example_dags/example_task_group_decorator.py for tasks to queue
[2025-06-20T14:39:21.349+0000] {logging_mixin.py:188} INFO - [2025-06-20T14:39:21.348+0000] {dagbag.py:540} INFO - Filling up the DagBag from /home/airflow/.local/lib/python3.12/site-packages/airflow/example_dags/example_task_group_decorator.py
[2025-06-20T14:39:21.362+0000] {processor.py:840} INFO - DAG(s) 'example_task_group_decorator' retrieved from /home/airflow/.local/lib/python3.12/site-packages/airflow/example_dags/example_task_group_decorator.py
[2025-06-20T14:39:21.387+0000] {logging_mixin.py:188} INFO - [2025-06-20T14:39:21.386+0000] {dag.py:3096} INFO - Sync 1 DAGs
[2025-06-20T14:39:21.406+0000] {logging_mixin.py:188} INFO - [2025-06-20T14:39:21.406+0000] {dag.py:3954} INFO - Setting next_dagrun for example_task_group_decorator to 2025-06-19 00:00:00+00:00, run_after=2025-06-20 00:00:00+00:00
[2025-06-20T14:39:21.422+0000] {processor.py:183} INFO - Processing /home/airflow/.local/lib/python3.12/site-packages/airflow/example_dags/example_task_group_decorator.py took 0.082 seconds
[2025-06-20T14:39:51.709+0000] {processor.py:161} INFO - Started process (PID=669) to work on /home/airflow/.local/lib/python3.12/site-packages/airflow/example_dags/example_task_group_decorator.py
[2025-06-20T14:39:51.710+0000] {processor.py:830} INFO - Processing file /home/airflow/.local/lib/python3.12/site-packages/airflow/example_dags/example_task_group_decorator.py for tasks to queue
[2025-06-20T14:39:51.712+0000] {logging_mixin.py:188} INFO - [2025-06-20T14:39:51.711+0000] {dagbag.py:540} INFO - Filling up the DagBag from /home/airflow/.local/lib/python3.12/site-packages/airflow/example_dags/example_task_group_decorator.py
[2025-06-20T14:39:51.726+0000] {processor.py:840} INFO - DAG(s) 'example_task_group_decorator' retrieved from /home/airflow/.local/lib/python3.12/site-packages/airflow/example_dags/example_task_group_decorator.py
[2025-06-20T14:39:51.751+0000] {logging_mixin.py:188} INFO - [2025-06-20T14:39:51.750+0000] {dag.py:3096} INFO - Sync 1 DAGs
[2025-06-20T14:39:51.773+0000] {logging_mixin.py:188} INFO - [2025-06-20T14:39:51.772+0000] {dag.py:3954} INFO - Setting next_dagrun for example_task_group_decorator to 2025-06-19 00:00:00+00:00, run_after=2025-06-20 00:00:00+00:00
[2025-06-20T14:39:51.788+0000] {processor.py:183} INFO - Processing /home/airflow/.local/lib/python3.12/site-packages/airflow/example_dags/example_task_group_decorator.py took 0.085 seconds
[2025-06-20T14:40:21.955+0000] {processor.py:161} INFO - Started process (PID=727) to work on /home/airflow/.local/lib/python3.12/site-packages/airflow/example_dags/example_task_group_decorator.py
[2025-06-20T14:40:21.956+0000] {processor.py:830} INFO - Processing file /home/airflow/.local/lib/python3.12/site-packages/airflow/example_dags/example_task_group_decorator.py for tasks to queue
[2025-06-20T14:40:21.958+0000] {logging_mixin.py:188} INFO - [2025-06-20T14:40:21.957+0000] {dagbag.py:540} INFO - Filling up the DagBag from /home/airflow/.local/lib/python3.12/site-packages/airflow/example_dags/example_task_group_decorator.py
[2025-06-20T14:40:21.972+0000] {processor.py:840} INFO - DAG(s) 'example_task_group_decorator' retrieved from /home/airflow/.local/lib/python3.12/site-packages/airflow/example_dags/example_task_group_decorator.py
[2025-06-20T14:40:21.999+0000] {logging_mixin.py:188} INFO - [2025-06-20T14:40:21.999+0000] {dag.py:3096} INFO - Sync 1 DAGs
[2025-06-20T14:40:22.020+0000] {logging_mixin.py:188} INFO - [2025-06-20T14:40:22.020+0000] {dag.py:3954} INFO - Setting next_dagrun for example_task_group_decorator to 2025-06-19 00:00:00+00:00, run_after=2025-06-20 00:00:00+00:00
[2025-06-20T14:40:22.037+0000] {processor.py:183} INFO - Processing /home/airflow/.local/lib/python3.12/site-packages/airflow/example_dags/example_task_group_decorator.py took 0.089 seconds
[2025-06-20T14:40:52.312+0000] {processor.py:161} INFO - Started process (PID=785) to work on /home/airflow/.local/lib/python3.12/site-packages/airflow/example_dags/example_task_group_decorator.py
[2025-06-20T14:40:52.313+0000] {processor.py:830} INFO - Processing file /home/airflow/.local/lib/python3.12/site-packages/airflow/example_dags/example_task_group_decorator.py for tasks to queue
[2025-06-20T14:40:52.316+0000] {logging_mixin.py:188} INFO - [2025-06-20T14:40:52.315+0000] {dagbag.py:540} INFO - Filling up the DagBag from /home/airflow/.local/lib/python3.12/site-packages/airflow/example_dags/example_task_group_decorator.py
[2025-06-20T14:40:52.331+0000] {processor.py:840} INFO - DAG(s) 'example_task_group_decorator' retrieved from /home/airflow/.local/lib/python3.12/site-packages/airflow/example_dags/example_task_group_decorator.py
[2025-06-20T14:40:52.355+0000] {logging_mixin.py:188} INFO - [2025-06-20T14:40:52.355+0000] {dag.py:3096} INFO - Sync 1 DAGs
[2025-06-20T14:40:52.374+0000] {logging_mixin.py:188} INFO - [2025-06-20T14:40:52.374+0000] {dag.py:3954} INFO - Setting next_dagrun for example_task_group_decorator to 2025-06-19 00:00:00+00:00, run_after=2025-06-20 00:00:00+00:00
[2025-06-20T14:40:52.389+0000] {processor.py:183} INFO - Processing /home/airflow/.local/lib/python3.12/site-packages/airflow/example_dags/example_task_group_decorator.py took 0.084 seconds
[2025-06-20T14:41:22.533+0000] {processor.py:161} INFO - Started process (PID=843) to work on /home/airflow/.local/lib/python3.12/site-packages/airflow/example_dags/example_task_group_decorator.py
[2025-06-20T14:41:22.534+0000] {processor.py:830} INFO - Processing file /home/airflow/.local/lib/python3.12/site-packages/airflow/example_dags/example_task_group_decorator.py for tasks to queue
[2025-06-20T14:41:22.536+0000] {logging_mixin.py:188} INFO - [2025-06-20T14:41:22.536+0000] {dagbag.py:540} INFO - Filling up the DagBag from /home/airflow/.local/lib/python3.12/site-packages/airflow/example_dags/example_task_group_decorator.py
[2025-06-20T14:41:22.550+0000] {processor.py:840} INFO - DAG(s) 'example_task_group_decorator' retrieved from /home/airflow/.local/lib/python3.12/site-packages/airflow/example_dags/example_task_group_decorator.py
[2025-06-20T14:41:22.574+0000] {logging_mixin.py:188} INFO - [2025-06-20T14:41:22.574+0000] {dag.py:3096} INFO - Sync 1 DAGs
[2025-06-20T14:41:22.595+0000] {logging_mixin.py:188} INFO - [2025-06-20T14:41:22.595+0000] {dag.py:3954} INFO - Setting next_dagrun for example_task_group_decorator to 2025-06-19 00:00:00+00:00, run_after=2025-06-20 00:00:00+00:00
[2025-06-20T14:41:22.611+0000] {processor.py:183} INFO - Processing /home/airflow/.local/lib/python3.12/site-packages/airflow/example_dags/example_task_group_decorator.py took 0.083 seconds
[2025-06-20T14:41:52.820+0000] {processor.py:161} INFO - Started process (PID=901) to work on /home/airflow/.local/lib/python3.12/site-packages/airflow/example_dags/example_task_group_decorator.py
[2025-06-20T14:41:52.821+0000] {processor.py:830} INFO - Processing file /home/airflow/.local/lib/python3.12/site-packages/airflow/example_dags/example_task_group_decorator.py for tasks to queue
[2025-06-20T14:41:52.823+0000] {logging_mixin.py:188} INFO - [2025-06-20T14:41:52.823+0000] {dagbag.py:540} INFO - Filling up the DagBag from /home/airflow/.local/lib/python3.12/site-packages/airflow/example_dags/example_task_group_decorator.py
[2025-06-20T14:41:52.836+0000] {processor.py:840} INFO - DAG(s) 'example_task_group_decorator' retrieved from /home/airflow/.local/lib/python3.12/site-packages/airflow/example_dags/example_task_group_decorator.py
[2025-06-20T14:41:52.862+0000] {logging_mixin.py:188} INFO - [2025-06-20T14:41:52.862+0000] {dag.py:3096} INFO - Sync 1 DAGs
[2025-06-20T14:41:52.882+0000] {logging_mixin.py:188} INFO - [2025-06-20T14:41:52.882+0000] {dag.py:3954} INFO - Setting next_dagrun for example_task_group_decorator to 2025-06-19 00:00:00+00:00, run_after=2025-06-20 00:00:00+00:00
[2025-06-20T14:41:52.897+0000] {processor.py:183} INFO - Processing /home/airflow/.local/lib/python3.12/site-packages/airflow/example_dags/example_task_group_decorator.py took 0.084 seconds
[2025-06-20T14:42:23.450+0000] {processor.py:161} INFO - Started process (PID=959) to work on /home/airflow/.local/lib/python3.12/site-packages/airflow/example_dags/example_task_group_decorator.py
[2025-06-20T14:42:23.451+0000] {processor.py:830} INFO - Processing file /home/airflow/.local/lib/python3.12/site-packages/airflow/example_dags/example_task_group_decorator.py for tasks to queue
[2025-06-20T14:42:23.453+0000] {logging_mixin.py:188} INFO - [2025-06-20T14:42:23.453+0000] {dagbag.py:540} INFO - Filling up the DagBag from /home/airflow/.local/lib/python3.12/site-packages/airflow/example_dags/example_task_group_decorator.py
[2025-06-20T14:42:23.467+0000] {processor.py:840} INFO - DAG(s) 'example_task_group_decorator' retrieved from /home/airflow/.local/lib/python3.12/site-packages/airflow/example_dags/example_task_group_decorator.py
[2025-06-20T14:42:23.491+0000] {logging_mixin.py:188} INFO - [2025-06-20T14:42:23.491+0000] {dag.py:3096} INFO - Sync 1 DAGs
[2025-06-20T14:42:23.512+0000] {logging_mixin.py:188} INFO - [2025-06-20T14:42:23.512+0000] {dag.py:3954} INFO - Setting next_dagrun for example_task_group_decorator to 2025-06-19 00:00:00+00:00, run_after=2025-06-20 00:00:00+00:00
[2025-06-20T14:42:23.527+0000] {processor.py:183} INFO - Processing /home/airflow/.local/lib/python3.12/site-packages/airflow/example_dags/example_task_group_decorator.py took 0.083 seconds
[2025-06-20T14:42:54.403+0000] {processor.py:161} INFO - Started process (PID=1017) to work on /home/airflow/.local/lib/python3.12/site-packages/airflow/example_dags/example_task_group_decorator.py
[2025-06-20T14:42:54.404+0000] {processor.py:830} INFO - Processing file /home/airflow/.local/lib/python3.12/site-packages/airflow/example_dags/example_task_group_decorator.py for tasks to queue
[2025-06-20T14:42:54.406+0000] {logging_mixin.py:188} INFO - [2025-06-20T14:42:54.406+0000] {dagbag.py:540} INFO - Filling up the DagBag from /home/airflow/.local/lib/python3.12/site-packages/airflow/example_dags/example_task_group_decorator.py
[2025-06-20T14:42:54.428+0000] {processor.py:840} INFO - DAG(s) 'example_task_group_decorator' retrieved from /home/airflow/.local/lib/python3.12/site-packages/airflow/example_dags/example_task_group_decorator.py
[2025-06-20T14:42:54.464+0000] {logging_mixin.py:188} INFO - [2025-06-20T14:42:54.463+0000] {dag.py:3096} INFO - Sync 1 DAGs
[2025-06-20T14:42:54.601+0000] {logging_mixin.py:188} INFO - [2025-06-20T14:42:54.601+0000] {dag.py:3954} INFO - Setting next_dagrun for example_task_group_decorator to 2025-06-19 00:00:00+00:00, run_after=2025-06-20 00:00:00+00:00
[2025-06-20T14:42:54.616+0000] {processor.py:183} INFO - Processing /home/airflow/.local/lib/python3.12/site-packages/airflow/example_dags/example_task_group_decorator.py took 0.222 seconds
[2025-06-20T14:43:24.781+0000] {processor.py:161} INFO - Started process (PID=1075) to work on /home/airflow/.local/lib/python3.12/site-packages/airflow/example_dags/example_task_group_decorator.py
[2025-06-20T14:43:24.782+0000] {processor.py:830} INFO - Processing file /home/airflow/.local/lib/python3.12/site-packages/airflow/example_dags/example_task_group_decorator.py for tasks to queue
[2025-06-20T14:43:24.784+0000] {logging_mixin.py:188} INFO - [2025-06-20T14:43:24.784+0000] {dagbag.py:540} INFO - Filling up the DagBag from /home/airflow/.local/lib/python3.12/site-packages/airflow/example_dags/example_task_group_decorator.py
[2025-06-20T14:43:24.799+0000] {processor.py:840} INFO - DAG(s) 'example_task_group_decorator' retrieved from /home/airflow/.local/lib/python3.12/site-packages/airflow/example_dags/example_task_group_decorator.py
[2025-06-20T14:43:24.830+0000] {logging_mixin.py:188} INFO - [2025-06-20T14:43:24.830+0000] {dag.py:3096} INFO - Sync 1 DAGs
[2025-06-20T14:43:24.852+0000] {logging_mixin.py:188} INFO - [2025-06-20T14:43:24.852+0000] {dag.py:3954} INFO - Setting next_dagrun for example_task_group_decorator to 2025-06-19 00:00:00+00:00, run_after=2025-06-20 00:00:00+00:00
[2025-06-20T14:43:24.870+0000] {processor.py:183} INFO - Processing /home/airflow/.local/lib/python3.12/site-packages/airflow/example_dags/example_task_group_decorator.py took 0.097 seconds
[2025-06-20T14:43:55.737+0000] {processor.py:161} INFO - Started process (PID=1133) to work on /home/airflow/.local/lib/python3.12/site-packages/airflow/example_dags/example_task_group_decorator.py
[2025-06-20T14:43:55.738+0000] {processor.py:830} INFO - Processing file /home/airflow/.local/lib/python3.12/site-packages/airflow/example_dags/example_task_group_decorator.py for tasks to queue
[2025-06-20T14:43:55.740+0000] {logging_mixin.py:188} INFO - [2025-06-20T14:43:55.739+0000] {dagbag.py:540} INFO - Filling up the DagBag from /home/airflow/.local/lib/python3.12/site-packages/airflow/example_dags/example_task_group_decorator.py
[2025-06-20T14:43:55.753+0000] {processor.py:840} INFO - DAG(s) 'example_task_group_decorator' retrieved from /home/airflow/.local/lib/python3.12/site-packages/airflow/example_dags/example_task_group_decorator.py
[2025-06-20T14:43:55.777+0000] {logging_mixin.py:188} INFO - [2025-06-20T14:43:55.777+0000] {dag.py:3096} INFO - Sync 1 DAGs
[2025-06-20T14:43:55.799+0000] {logging_mixin.py:188} INFO - [2025-06-20T14:43:55.799+0000] {dag.py:3954} INFO - Setting next_dagrun for example_task_group_decorator to 2025-06-19 00:00:00+00:00, run_after=2025-06-20 00:00:00+00:00
[2025-06-20T14:43:55.816+0000] {processor.py:183} INFO - Processing /home/airflow/.local/lib/python3.12/site-packages/airflow/example_dags/example_task_group_decorator.py took 0.085 seconds
[2025-06-20T14:44:25.910+0000] {processor.py:161} INFO - Started process (PID=1190) to work on /home/airflow/.local/lib/python3.12/site-packages/airflow/example_dags/example_task_group_decorator.py
[2025-06-20T14:44:25.911+0000] {processor.py:830} INFO - Processing file /home/airflow/.local/lib/python3.12/site-packages/airflow/example_dags/example_task_group_decorator.py for tasks to queue
[2025-06-20T14:44:25.913+0000] {logging_mixin.py:188} INFO - [2025-06-20T14:44:25.913+0000] {dagbag.py:540} INFO - Filling up the DagBag from /home/airflow/.local/lib/python3.12/site-packages/airflow/example_dags/example_task_group_decorator.py
[2025-06-20T14:44:25.927+0000] {processor.py:840} INFO - DAG(s) 'example_task_group_decorator' retrieved from /home/airflow/.local/lib/python3.12/site-packages/airflow/example_dags/example_task_group_decorator.py
[2025-06-20T14:44:25.951+0000] {logging_mixin.py:188} INFO - [2025-06-20T14:44:25.950+0000] {dag.py:3096} INFO - Sync 1 DAGs
[2025-06-20T14:44:25.970+0000] {logging_mixin.py:188} INFO - [2025-06-20T14:44:25.970+0000] {dag.py:3954} INFO - Setting next_dagrun for example_task_group_decorator to 2025-06-19 00:00:00+00:00, run_after=2025-06-20 00:00:00+00:00
[2025-06-20T14:44:25.984+0000] {processor.py:183} INFO - Processing /home/airflow/.local/lib/python3.12/site-packages/airflow/example_dags/example_task_group_decorator.py took 0.080 seconds
[2025-06-20T14:44:56.352+0000] {processor.py:161} INFO - Started process (PID=1249) to work on /home/airflow/.local/lib/python3.12/site-packages/airflow/example_dags/example_task_group_decorator.py
[2025-06-20T14:44:56.353+0000] {processor.py:830} INFO - Processing file /home/airflow/.local/lib/python3.12/site-packages/airflow/example_dags/example_task_group_decorator.py for tasks to queue
[2025-06-20T14:44:56.355+0000] {logging_mixin.py:188} INFO - [2025-06-20T14:44:56.355+0000] {dagbag.py:540} INFO - Filling up the DagBag from /home/airflow/.local/lib/python3.12/site-packages/airflow/example_dags/example_task_group_decorator.py
[2025-06-20T14:44:56.369+0000] {processor.py:840} INFO - DAG(s) 'example_task_group_decorator' retrieved from /home/airflow/.local/lib/python3.12/site-packages/airflow/example_dags/example_task_group_decorator.py
[2025-06-20T14:44:56.394+0000] {logging_mixin.py:188} INFO - [2025-06-20T14:44:56.394+0000] {dag.py:3096} INFO - Sync 1 DAGs
[2025-06-20T14:44:56.417+0000] {logging_mixin.py:188} INFO - [2025-06-20T14:44:56.417+0000] {dag.py:3954} INFO - Setting next_dagrun for example_task_group_decorator to 2025-06-19 00:00:00+00:00, run_after=2025-06-20 00:00:00+00:00
[2025-06-20T14:44:56.433+0000] {processor.py:183} INFO - Processing /home/airflow/.local/lib/python3.12/site-packages/airflow/example_dags/example_task_group_decorator.py took 0.087 seconds
[2025-06-20T14:45:26.485+0000] {processor.py:161} INFO - Started process (PID=1306) to work on /home/airflow/.local/lib/python3.12/site-packages/airflow/example_dags/example_task_group_decorator.py
[2025-06-20T14:45:26.486+0000] {processor.py:830} INFO - Processing file /home/airflow/.local/lib/python3.12/site-packages/airflow/example_dags/example_task_group_decorator.py for tasks to queue
[2025-06-20T14:45:26.488+0000] {logging_mixin.py:188} INFO - [2025-06-20T14:45:26.488+0000] {dagbag.py:540} INFO - Filling up the DagBag from /home/airflow/.local/lib/python3.12/site-packages/airflow/example_dags/example_task_group_decorator.py
[2025-06-20T14:45:26.502+0000] {processor.py:840} INFO - DAG(s) 'example_task_group_decorator' retrieved from /home/airflow/.local/lib/python3.12/site-packages/airflow/example_dags/example_task_group_decorator.py
[2025-06-20T14:45:26.527+0000] {logging_mixin.py:188} INFO - [2025-06-20T14:45:26.527+0000] {dag.py:3096} INFO - Sync 1 DAGs
[2025-06-20T14:45:26.658+0000] {logging_mixin.py:188} INFO - [2025-06-20T14:45:26.658+0000] {dag.py:3954} INFO - Setting next_dagrun for example_task_group_decorator to 2025-06-19 00:00:00+00:00, run_after=2025-06-20 00:00:00+00:00
[2025-06-20T14:45:26.672+0000] {processor.py:183} INFO - Processing /home/airflow/.local/lib/python3.12/site-packages/airflow/example_dags/example_task_group_decorator.py took 0.193 seconds
[2025-06-20T14:45:57.198+0000] {processor.py:161} INFO - Started process (PID=1365) to work on /home/airflow/.local/lib/python3.12/site-packages/airflow/example_dags/example_task_group_decorator.py
[2025-06-20T14:45:57.198+0000] {processor.py:830} INFO - Processing file /home/airflow/.local/lib/python3.12/site-packages/airflow/example_dags/example_task_group_decorator.py for tasks to queue
[2025-06-20T14:45:57.200+0000] {logging_mixin.py:188} INFO - [2025-06-20T14:45:57.200+0000] {dagbag.py:540} INFO - Filling up the DagBag from /home/airflow/.local/lib/python3.12/site-packages/airflow/example_dags/example_task_group_decorator.py
[2025-06-20T14:45:57.214+0000] {processor.py:840} INFO - DAG(s) 'example_task_group_decorator' retrieved from /home/airflow/.local/lib/python3.12/site-packages/airflow/example_dags/example_task_group_decorator.py
[2025-06-20T14:45:57.238+0000] {logging_mixin.py:188} INFO - [2025-06-20T14:45:57.238+0000] {dag.py:3096} INFO - Sync 1 DAGs
[2025-06-20T14:45:57.259+0000] {logging_mixin.py:188} INFO - [2025-06-20T14:45:57.259+0000] {dag.py:3954} INFO - Setting next_dagrun for example_task_group_decorator to 2025-06-19 00:00:00+00:00, run_after=2025-06-20 00:00:00+00:00
[2025-06-20T14:45:57.274+0000] {processor.py:183} INFO - Processing /home/airflow/.local/lib/python3.12/site-packages/airflow/example_dags/example_task_group_decorator.py took 0.082 seconds
[2025-06-20T14:46:27.338+0000] {processor.py:161} INFO - Started process (PID=1422) to work on /home/airflow/.local/lib/python3.12/site-packages/airflow/example_dags/example_task_group_decorator.py
[2025-06-20T14:46:27.339+0000] {processor.py:830} INFO - Processing file /home/airflow/.local/lib/python3.12/site-packages/airflow/example_dags/example_task_group_decorator.py for tasks to queue
[2025-06-20T14:46:27.341+0000] {logging_mixin.py:188} INFO - [2025-06-20T14:46:27.341+0000] {dagbag.py:540} INFO - Filling up the DagBag from /home/airflow/.local/lib/python3.12/site-packages/airflow/example_dags/example_task_group_decorator.py
[2025-06-20T14:46:27.355+0000] {processor.py:840} INFO - DAG(s) 'example_task_group_decorator' retrieved from /home/airflow/.local/lib/python3.12/site-packages/airflow/example_dags/example_task_group_decorator.py
[2025-06-20T14:46:27.381+0000] {logging_mixin.py:188} INFO - [2025-06-20T14:46:27.381+0000] {dag.py:3096} INFO - Sync 1 DAGs
[2025-06-20T14:46:27.401+0000] {logging_mixin.py:188} INFO - [2025-06-20T14:46:27.400+0000] {dag.py:3954} INFO - Setting next_dagrun for example_task_group_decorator to 2025-06-19 00:00:00+00:00, run_after=2025-06-20 00:00:00+00:00
[2025-06-20T14:46:27.417+0000] {processor.py:183} INFO - Processing /home/airflow/.local/lib/python3.12/site-packages/airflow/example_dags/example_task_group_decorator.py took 0.084 seconds
[2025-06-20T14:46:57.690+0000] {processor.py:161} INFO - Started process (PID=1481) to work on /home/airflow/.local/lib/python3.12/site-packages/airflow/example_dags/example_task_group_decorator.py
[2025-06-20T14:46:57.691+0000] {processor.py:830} INFO - Processing file /home/airflow/.local/lib/python3.12/site-packages/airflow/example_dags/example_task_group_decorator.py for tasks to queue
[2025-06-20T14:46:57.693+0000] {logging_mixin.py:188} INFO - [2025-06-20T14:46:57.693+0000] {dagbag.py:540} INFO - Filling up the DagBag from /home/airflow/.local/lib/python3.12/site-packages/airflow/example_dags/example_task_group_decorator.py
[2025-06-20T14:46:57.707+0000] {processor.py:840} INFO - DAG(s) 'example_task_group_decorator' retrieved from /home/airflow/.local/lib/python3.12/site-packages/airflow/example_dags/example_task_group_decorator.py
[2025-06-20T14:46:57.731+0000] {logging_mixin.py:188} INFO - [2025-06-20T14:46:57.731+0000] {dag.py:3096} INFO - Sync 1 DAGs
[2025-06-20T14:46:57.752+0000] {logging_mixin.py:188} INFO - [2025-06-20T14:46:57.752+0000] {dag.py:3954} INFO - Setting next_dagrun for example_task_group_decorator to 2025-06-19 00:00:00+00:00, run_after=2025-06-20 00:00:00+00:00
[2025-06-20T14:46:57.768+0000] {processor.py:183} INFO - Processing /home/airflow/.local/lib/python3.12/site-packages/airflow/example_dags/example_task_group_decorator.py took 0.085 seconds
[2025-06-20T14:47:28.019+0000] {processor.py:161} INFO - Started process (PID=1539) to work on /home/airflow/.local/lib/python3.12/site-packages/airflow/example_dags/example_task_group_decorator.py
[2025-06-20T14:47:28.020+0000] {processor.py:830} INFO - Processing file /home/airflow/.local/lib/python3.12/site-packages/airflow/example_dags/example_task_group_decorator.py for tasks to queue
[2025-06-20T14:47:28.022+0000] {logging_mixin.py:188} INFO - [2025-06-20T14:47:28.021+0000] {dagbag.py:540} INFO - Filling up the DagBag from /home/airflow/.local/lib/python3.12/site-packages/airflow/example_dags/example_task_group_decorator.py
[2025-06-20T14:47:28.036+0000] {processor.py:840} INFO - DAG(s) 'example_task_group_decorator' retrieved from /home/airflow/.local/lib/python3.12/site-packages/airflow/example_dags/example_task_group_decorator.py
[2025-06-20T14:47:28.060+0000] {logging_mixin.py:188} INFO - [2025-06-20T14:47:28.060+0000] {dag.py:3096} INFO - Sync 1 DAGs
[2025-06-20T14:47:28.080+0000] {logging_mixin.py:188} INFO - [2025-06-20T14:47:28.080+0000] {dag.py:3954} INFO - Setting next_dagrun for example_task_group_decorator to 2025-06-19 00:00:00+00:00, run_after=2025-06-20 00:00:00+00:00
[2025-06-20T14:47:28.096+0000] {processor.py:183} INFO - Processing /home/airflow/.local/lib/python3.12/site-packages/airflow/example_dags/example_task_group_decorator.py took 0.083 seconds
[2025-06-20T14:47:58.314+0000] {processor.py:161} INFO - Started process (PID=1597) to work on /home/airflow/.local/lib/python3.12/site-packages/airflow/example_dags/example_task_group_decorator.py
[2025-06-20T14:47:58.315+0000] {processor.py:830} INFO - Processing file /home/airflow/.local/lib/python3.12/site-packages/airflow/example_dags/example_task_group_decorator.py for tasks to queue
[2025-06-20T14:47:58.317+0000] {logging_mixin.py:188} INFO - [2025-06-20T14:47:58.316+0000] {dagbag.py:540} INFO - Filling up the DagBag from /home/airflow/.local/lib/python3.12/site-packages/airflow/example_dags/example_task_group_decorator.py
[2025-06-20T14:47:58.331+0000] {processor.py:840} INFO - DAG(s) 'example_task_group_decorator' retrieved from /home/airflow/.local/lib/python3.12/site-packages/airflow/example_dags/example_task_group_decorator.py
[2025-06-20T14:47:58.356+0000] {logging_mixin.py:188} INFO - [2025-06-20T14:47:58.356+0000] {dag.py:3096} INFO - Sync 1 DAGs
[2025-06-20T14:47:58.377+0000] {logging_mixin.py:188} INFO - [2025-06-20T14:47:58.377+0000] {dag.py:3954} INFO - Setting next_dagrun for example_task_group_decorator to 2025-06-19 00:00:00+00:00, run_after=2025-06-20 00:00:00+00:00
[2025-06-20T14:47:58.394+0000] {processor.py:183} INFO - Processing /home/airflow/.local/lib/python3.12/site-packages/airflow/example_dags/example_task_group_decorator.py took 0.086 seconds
[2025-06-20T14:48:28.719+0000] {processor.py:161} INFO - Started process (PID=1655) to work on /home/airflow/.local/lib/python3.12/site-packages/airflow/example_dags/example_task_group_decorator.py
[2025-06-20T14:48:28.720+0000] {processor.py:830} INFO - Processing file /home/airflow/.local/lib/python3.12/site-packages/airflow/example_dags/example_task_group_decorator.py for tasks to queue
[2025-06-20T14:48:28.722+0000] {logging_mixin.py:188} INFO - [2025-06-20T14:48:28.721+0000] {dagbag.py:540} INFO - Filling up the DagBag from /home/airflow/.local/lib/python3.12/site-packages/airflow/example_dags/example_task_group_decorator.py
[2025-06-20T14:48:28.735+0000] {processor.py:840} INFO - DAG(s) 'example_task_group_decorator' retrieved from /home/airflow/.local/lib/python3.12/site-packages/airflow/example_dags/example_task_group_decorator.py
[2025-06-20T14:48:28.760+0000] {logging_mixin.py:188} INFO - [2025-06-20T14:48:28.760+0000] {dag.py:3096} INFO - Sync 1 DAGs
[2025-06-20T14:48:28.780+0000] {logging_mixin.py:188} INFO - [2025-06-20T14:48:28.780+0000] {dag.py:3954} INFO - Setting next_dagrun for example_task_group_decorator to 2025-06-19 00:00:00+00:00, run_after=2025-06-20 00:00:00+00:00
[2025-06-20T14:48:28.795+0000] {processor.py:183} INFO - Processing /home/airflow/.local/lib/python3.12/site-packages/airflow/example_dags/example_task_group_decorator.py took 0.082 seconds
[2025-06-20T14:48:58.947+0000] {processor.py:161} INFO - Started process (PID=1713) to work on /home/airflow/.local/lib/python3.12/site-packages/airflow/example_dags/example_task_group_decorator.py
[2025-06-20T14:48:58.948+0000] {processor.py:830} INFO - Processing file /home/airflow/.local/lib/python3.12/site-packages/airflow/example_dags/example_task_group_decorator.py for tasks to queue
[2025-06-20T14:48:58.950+0000] {logging_mixin.py:188} INFO - [2025-06-20T14:48:58.950+0000] {dagbag.py:540} INFO - Filling up the DagBag from /home/airflow/.local/lib/python3.12/site-packages/airflow/example_dags/example_task_group_decorator.py
[2025-06-20T14:48:58.964+0000] {processor.py:840} INFO - DAG(s) 'example_task_group_decorator' retrieved from /home/airflow/.local/lib/python3.12/site-packages/airflow/example_dags/example_task_group_decorator.py
[2025-06-20T14:48:58.988+0000] {logging_mixin.py:188} INFO - [2025-06-20T14:48:58.988+0000] {dag.py:3096} INFO - Sync 1 DAGs
[2025-06-20T14:48:59.008+0000] {logging_mixin.py:188} INFO - [2025-06-20T14:48:59.008+0000] {dag.py:3954} INFO - Setting next_dagrun for example_task_group_decorator to 2025-06-19 00:00:00+00:00, run_after=2025-06-20 00:00:00+00:00
[2025-06-20T14:48:59.024+0000] {processor.py:183} INFO - Processing /home/airflow/.local/lib/python3.12/site-packages/airflow/example_dags/example_task_group_decorator.py took 0.083 seconds
[2025-06-20T14:49:29.176+0000] {processor.py:161} INFO - Started process (PID=1771) to work on /home/airflow/.local/lib/python3.12/site-packages/airflow/example_dags/example_task_group_decorator.py
[2025-06-20T14:49:29.177+0000] {processor.py:830} INFO - Processing file /home/airflow/.local/lib/python3.12/site-packages/airflow/example_dags/example_task_group_decorator.py for tasks to queue
[2025-06-20T14:49:29.179+0000] {logging_mixin.py:188} INFO - [2025-06-20T14:49:29.179+0000] {dagbag.py:540} INFO - Filling up the DagBag from /home/airflow/.local/lib/python3.12/site-packages/airflow/example_dags/example_task_group_decorator.py
[2025-06-20T14:49:29.200+0000] {processor.py:840} INFO - DAG(s) 'example_task_group_decorator' retrieved from /home/airflow/.local/lib/python3.12/site-packages/airflow/example_dags/example_task_group_decorator.py
[2025-06-20T14:49:29.229+0000] {logging_mixin.py:188} INFO - [2025-06-20T14:49:29.229+0000] {dag.py:3096} INFO - Sync 1 DAGs
[2025-06-20T14:49:29.250+0000] {logging_mixin.py:188} INFO - [2025-06-20T14:49:29.250+0000] {dag.py:3954} INFO - Setting next_dagrun for example_task_group_decorator to 2025-06-19 00:00:00+00:00, run_after=2025-06-20 00:00:00+00:00
[2025-06-20T14:49:29.267+0000] {processor.py:183} INFO - Processing /home/airflow/.local/lib/python3.12/site-packages/airflow/example_dags/example_task_group_decorator.py took 0.097 seconds
[2025-06-20T14:49:59.398+0000] {processor.py:161} INFO - Started process (PID=1829) to work on /home/airflow/.local/lib/python3.12/site-packages/airflow/example_dags/example_task_group_decorator.py
[2025-06-20T14:49:59.399+0000] {processor.py:830} INFO - Processing file /home/airflow/.local/lib/python3.12/site-packages/airflow/example_dags/example_task_group_decorator.py for tasks to queue
[2025-06-20T14:49:59.401+0000] {logging_mixin.py:188} INFO - [2025-06-20T14:49:59.401+0000] {dagbag.py:540} INFO - Filling up the DagBag from /home/airflow/.local/lib/python3.12/site-packages/airflow/example_dags/example_task_group_decorator.py
[2025-06-20T14:49:59.415+0000] {processor.py:840} INFO - DAG(s) 'example_task_group_decorator' retrieved from /home/airflow/.local/lib/python3.12/site-packages/airflow/example_dags/example_task_group_decorator.py
[2025-06-20T14:49:59.442+0000] {logging_mixin.py:188} INFO - [2025-06-20T14:49:59.441+0000] {dag.py:3096} INFO - Sync 1 DAGs
[2025-06-20T14:49:59.464+0000] {logging_mixin.py:188} INFO - [2025-06-20T14:49:59.464+0000] {dag.py:3954} INFO - Setting next_dagrun for example_task_group_decorator to 2025-06-19 00:00:00+00:00, run_after=2025-06-20 00:00:00+00:00
[2025-06-20T14:49:59.480+0000] {processor.py:183} INFO - Processing /home/airflow/.local/lib/python3.12/site-packages/airflow/example_dags/example_task_group_decorator.py took 0.088 seconds
[2025-06-20T14:50:29.598+0000] {processor.py:161} INFO - Started process (PID=1887) to work on /home/airflow/.local/lib/python3.12/site-packages/airflow/example_dags/example_task_group_decorator.py
[2025-06-20T14:50:29.599+0000] {processor.py:830} INFO - Processing file /home/airflow/.local/lib/python3.12/site-packages/airflow/example_dags/example_task_group_decorator.py for tasks to queue
[2025-06-20T14:50:29.601+0000] {logging_mixin.py:188} INFO - [2025-06-20T14:50:29.601+0000] {dagbag.py:540} INFO - Filling up the DagBag from /home/airflow/.local/lib/python3.12/site-packages/airflow/example_dags/example_task_group_decorator.py
[2025-06-20T14:50:29.615+0000] {processor.py:840} INFO - DAG(s) 'example_task_group_decorator' retrieved from /home/airflow/.local/lib/python3.12/site-packages/airflow/example_dags/example_task_group_decorator.py
[2025-06-20T14:50:29.638+0000] {logging_mixin.py:188} INFO - [2025-06-20T14:50:29.638+0000] {dag.py:3096} INFO - Sync 1 DAGs
[2025-06-20T14:50:29.658+0000] {logging_mixin.py:188} INFO - [2025-06-20T14:50:29.657+0000] {dag.py:3954} INFO - Setting next_dagrun for example_task_group_decorator to 2025-06-19 00:00:00+00:00, run_after=2025-06-20 00:00:00+00:00
[2025-06-20T14:50:29.673+0000] {processor.py:183} INFO - Processing /home/airflow/.local/lib/python3.12/site-packages/airflow/example_dags/example_task_group_decorator.py took 0.080 seconds
[2025-06-20T14:50:59.729+0000] {processor.py:161} INFO - Started process (PID=1944) to work on /home/airflow/.local/lib/python3.12/site-packages/airflow/example_dags/example_task_group_decorator.py
[2025-06-20T14:50:59.730+0000] {processor.py:830} INFO - Processing file /home/airflow/.local/lib/python3.12/site-packages/airflow/example_dags/example_task_group_decorator.py for tasks to queue
[2025-06-20T14:50:59.733+0000] {logging_mixin.py:188} INFO - [2025-06-20T14:50:59.732+0000] {dagbag.py:540} INFO - Filling up the DagBag from /home/airflow/.local/lib/python3.12/site-packages/airflow/example_dags/example_task_group_decorator.py
[2025-06-20T14:50:59.747+0000] {processor.py:840} INFO - DAG(s) 'example_task_group_decorator' retrieved from /home/airflow/.local/lib/python3.12/site-packages/airflow/example_dags/example_task_group_decorator.py
[2025-06-20T14:50:59.771+0000] {logging_mixin.py:188} INFO - [2025-06-20T14:50:59.771+0000] {dag.py:3096} INFO - Sync 1 DAGs
[2025-06-20T14:50:59.790+0000] {logging_mixin.py:188} INFO - [2025-06-20T14:50:59.790+0000] {dag.py:3954} INFO - Setting next_dagrun for example_task_group_decorator to 2025-06-19 00:00:00+00:00, run_after=2025-06-20 00:00:00+00:00
[2025-06-20T14:50:59.807+0000] {processor.py:183} INFO - Processing /home/airflow/.local/lib/python3.12/site-packages/airflow/example_dags/example_task_group_decorator.py took 0.084 seconds
[2025-06-20T14:51:29.868+0000] {processor.py:161} INFO - Started process (PID=2002) to work on /home/airflow/.local/lib/python3.12/site-packages/airflow/example_dags/example_task_group_decorator.py
[2025-06-20T14:51:29.869+0000] {processor.py:830} INFO - Processing file /home/airflow/.local/lib/python3.12/site-packages/airflow/example_dags/example_task_group_decorator.py for tasks to queue
[2025-06-20T14:51:29.871+0000] {logging_mixin.py:188} INFO - [2025-06-20T14:51:29.871+0000] {dagbag.py:540} INFO - Filling up the DagBag from /home/airflow/.local/lib/python3.12/site-packages/airflow/example_dags/example_task_group_decorator.py
[2025-06-20T14:51:29.885+0000] {processor.py:840} INFO - DAG(s) 'example_task_group_decorator' retrieved from /home/airflow/.local/lib/python3.12/site-packages/airflow/example_dags/example_task_group_decorator.py
[2025-06-20T14:51:29.909+0000] {logging_mixin.py:188} INFO - [2025-06-20T14:51:29.909+0000] {dag.py:3096} INFO - Sync 1 DAGs
[2025-06-20T14:51:29.930+0000] {logging_mixin.py:188} INFO - [2025-06-20T14:51:29.930+0000] {dag.py:3954} INFO - Setting next_dagrun for example_task_group_decorator to 2025-06-19 00:00:00+00:00, run_after=2025-06-20 00:00:00+00:00
[2025-06-20T14:51:29.947+0000] {processor.py:183} INFO - Processing /home/airflow/.local/lib/python3.12/site-packages/airflow/example_dags/example_task_group_decorator.py took 0.085 seconds
[2025-06-20T14:52:00.278+0000] {processor.py:161} INFO - Started process (PID=2061) to work on /home/airflow/.local/lib/python3.12/site-packages/airflow/example_dags/example_task_group_decorator.py
[2025-06-20T14:52:00.279+0000] {processor.py:830} INFO - Processing file /home/airflow/.local/lib/python3.12/site-packages/airflow/example_dags/example_task_group_decorator.py for tasks to queue
[2025-06-20T14:52:00.281+0000] {logging_mixin.py:188} INFO - [2025-06-20T14:52:00.281+0000] {dagbag.py:540} INFO - Filling up the DagBag from /home/airflow/.local/lib/python3.12/site-packages/airflow/example_dags/example_task_group_decorator.py
[2025-06-20T14:52:00.295+0000] {processor.py:840} INFO - DAG(s) 'example_task_group_decorator' retrieved from /home/airflow/.local/lib/python3.12/site-packages/airflow/example_dags/example_task_group_decorator.py
[2025-06-20T14:52:00.319+0000] {logging_mixin.py:188} INFO - [2025-06-20T14:52:00.319+0000] {dag.py:3096} INFO - Sync 1 DAGs
[2025-06-20T14:52:00.339+0000] {logging_mixin.py:188} INFO - [2025-06-20T14:52:00.339+0000] {dag.py:3954} INFO - Setting next_dagrun for example_task_group_decorator to 2025-06-19 00:00:00+00:00, run_after=2025-06-20 00:00:00+00:00
[2025-06-20T14:52:00.361+0000] {processor.py:183} INFO - Processing /home/airflow/.local/lib/python3.12/site-packages/airflow/example_dags/example_task_group_decorator.py took 0.088 seconds
[2025-06-20T14:52:31.141+0000] {processor.py:161} INFO - Started process (PID=2119) to work on /home/airflow/.local/lib/python3.12/site-packages/airflow/example_dags/example_task_group_decorator.py
[2025-06-20T14:52:31.142+0000] {processor.py:830} INFO - Processing file /home/airflow/.local/lib/python3.12/site-packages/airflow/example_dags/example_task_group_decorator.py for tasks to queue
[2025-06-20T14:52:31.144+0000] {logging_mixin.py:188} INFO - [2025-06-20T14:52:31.144+0000] {dagbag.py:540} INFO - Filling up the DagBag from /home/airflow/.local/lib/python3.12/site-packages/airflow/example_dags/example_task_group_decorator.py
[2025-06-20T14:52:31.158+0000] {processor.py:840} INFO - DAG(s) 'example_task_group_decorator' retrieved from /home/airflow/.local/lib/python3.12/site-packages/airflow/example_dags/example_task_group_decorator.py
[2025-06-20T14:52:31.183+0000] {logging_mixin.py:188} INFO - [2025-06-20T14:52:31.183+0000] {dag.py:3096} INFO - Sync 1 DAGs
[2025-06-20T14:52:31.203+0000] {logging_mixin.py:188} INFO - [2025-06-20T14:52:31.203+0000] {dag.py:3954} INFO - Setting next_dagrun for example_task_group_decorator to 2025-06-19 00:00:00+00:00, run_after=2025-06-20 00:00:00+00:00
[2025-06-20T14:52:31.220+0000] {processor.py:183} INFO - Processing /home/airflow/.local/lib/python3.12/site-packages/airflow/example_dags/example_task_group_decorator.py took 0.085 seconds
[2025-06-20T14:53:01.326+0000] {processor.py:161} INFO - Started process (PID=2177) to work on /home/airflow/.local/lib/python3.12/site-packages/airflow/example_dags/example_task_group_decorator.py
[2025-06-20T14:53:01.327+0000] {processor.py:830} INFO - Processing file /home/airflow/.local/lib/python3.12/site-packages/airflow/example_dags/example_task_group_decorator.py for tasks to queue
[2025-06-20T14:53:01.328+0000] {logging_mixin.py:188} INFO - [2025-06-20T14:53:01.328+0000] {dagbag.py:540} INFO - Filling up the DagBag from /home/airflow/.local/lib/python3.12/site-packages/airflow/example_dags/example_task_group_decorator.py
[2025-06-20T14:53:01.342+0000] {processor.py:840} INFO - DAG(s) 'example_task_group_decorator' retrieved from /home/airflow/.local/lib/python3.12/site-packages/airflow/example_dags/example_task_group_decorator.py
[2025-06-20T14:53:01.366+0000] {logging_mixin.py:188} INFO - [2025-06-20T14:53:01.366+0000] {dag.py:3096} INFO - Sync 1 DAGs
[2025-06-20T14:53:01.386+0000] {logging_mixin.py:188} INFO - [2025-06-20T14:53:01.386+0000] {dag.py:3954} INFO - Setting next_dagrun for example_task_group_decorator to 2025-06-19 00:00:00+00:00, run_after=2025-06-20 00:00:00+00:00
[2025-06-20T14:53:01.403+0000] {processor.py:183} INFO - Processing /home/airflow/.local/lib/python3.12/site-packages/airflow/example_dags/example_task_group_decorator.py took 0.083 seconds
[2025-06-20T14:53:31.743+0000] {processor.py:161} INFO - Started process (PID=2235) to work on /home/airflow/.local/lib/python3.12/site-packages/airflow/example_dags/example_task_group_decorator.py
[2025-06-20T14:53:31.744+0000] {processor.py:830} INFO - Processing file /home/airflow/.local/lib/python3.12/site-packages/airflow/example_dags/example_task_group_decorator.py for tasks to queue
[2025-06-20T14:53:31.746+0000] {logging_mixin.py:188} INFO - [2025-06-20T14:53:31.746+0000] {dagbag.py:540} INFO - Filling up the DagBag from /home/airflow/.local/lib/python3.12/site-packages/airflow/example_dags/example_task_group_decorator.py
[2025-06-20T14:53:31.762+0000] {processor.py:840} INFO - DAG(s) 'example_task_group_decorator' retrieved from /home/airflow/.local/lib/python3.12/site-packages/airflow/example_dags/example_task_group_decorator.py
[2025-06-20T14:53:31.788+0000] {logging_mixin.py:188} INFO - [2025-06-20T14:53:31.787+0000] {dag.py:3096} INFO - Sync 1 DAGs
[2025-06-20T14:53:31.807+0000] {logging_mixin.py:188} INFO - [2025-06-20T14:53:31.807+0000] {dag.py:3954} INFO - Setting next_dagrun for example_task_group_decorator to 2025-06-19 00:00:00+00:00, run_after=2025-06-20 00:00:00+00:00
[2025-06-20T14:53:31.823+0000] {processor.py:183} INFO - Processing /home/airflow/.local/lib/python3.12/site-packages/airflow/example_dags/example_task_group_decorator.py took 0.086 seconds
[2025-06-20T14:54:02.710+0000] {processor.py:161} INFO - Started process (PID=2293) to work on /home/airflow/.local/lib/python3.12/site-packages/airflow/example_dags/example_task_group_decorator.py
[2025-06-20T14:54:02.711+0000] {processor.py:830} INFO - Processing file /home/airflow/.local/lib/python3.12/site-packages/airflow/example_dags/example_task_group_decorator.py for tasks to queue
[2025-06-20T14:54:02.713+0000] {logging_mixin.py:188} INFO - [2025-06-20T14:54:02.713+0000] {dagbag.py:540} INFO - Filling up the DagBag from /home/airflow/.local/lib/python3.12/site-packages/airflow/example_dags/example_task_group_decorator.py
[2025-06-20T14:54:02.727+0000] {processor.py:840} INFO - DAG(s) 'example_task_group_decorator' retrieved from /home/airflow/.local/lib/python3.12/site-packages/airflow/example_dags/example_task_group_decorator.py
[2025-06-20T14:54:02.750+0000] {logging_mixin.py:188} INFO - [2025-06-20T14:54:02.750+0000] {dag.py:3096} INFO - Sync 1 DAGs
[2025-06-20T14:54:02.772+0000] {logging_mixin.py:188} INFO - [2025-06-20T14:54:02.772+0000] {dag.py:3954} INFO - Setting next_dagrun for example_task_group_decorator to 2025-06-19 00:00:00+00:00, run_after=2025-06-20 00:00:00+00:00
[2025-06-20T14:54:02.787+0000] {processor.py:183} INFO - Processing /home/airflow/.local/lib/python3.12/site-packages/airflow/example_dags/example_task_group_decorator.py took 0.083 seconds
[2025-06-20T14:54:33.616+0000] {processor.py:161} INFO - Started process (PID=2351) to work on /home/airflow/.local/lib/python3.12/site-packages/airflow/example_dags/example_task_group_decorator.py
[2025-06-20T14:54:33.616+0000] {processor.py:830} INFO - Processing file /home/airflow/.local/lib/python3.12/site-packages/airflow/example_dags/example_task_group_decorator.py for tasks to queue
[2025-06-20T14:54:33.618+0000] {logging_mixin.py:188} INFO - [2025-06-20T14:54:33.618+0000] {dagbag.py:540} INFO - Filling up the DagBag from /home/airflow/.local/lib/python3.12/site-packages/airflow/example_dags/example_task_group_decorator.py
[2025-06-20T14:54:33.632+0000] {processor.py:840} INFO - DAG(s) 'example_task_group_decorator' retrieved from /home/airflow/.local/lib/python3.12/site-packages/airflow/example_dags/example_task_group_decorator.py
[2025-06-20T14:54:33.656+0000] {logging_mixin.py:188} INFO - [2025-06-20T14:54:33.656+0000] {dag.py:3096} INFO - Sync 1 DAGs
[2025-06-20T14:54:33.676+0000] {logging_mixin.py:188} INFO - [2025-06-20T14:54:33.676+0000] {dag.py:3954} INFO - Setting next_dagrun for example_task_group_decorator to 2025-06-19 00:00:00+00:00, run_after=2025-06-20 00:00:00+00:00
[2025-06-20T14:54:33.692+0000] {processor.py:183} INFO - Processing /home/airflow/.local/lib/python3.12/site-packages/airflow/example_dags/example_task_group_decorator.py took 0.082 seconds
[2025-06-20T14:55:03.770+0000] {processor.py:161} INFO - Started process (PID=2409) to work on /home/airflow/.local/lib/python3.12/site-packages/airflow/example_dags/example_task_group_decorator.py
[2025-06-20T14:55:03.771+0000] {processor.py:830} INFO - Processing file /home/airflow/.local/lib/python3.12/site-packages/airflow/example_dags/example_task_group_decorator.py for tasks to queue
[2025-06-20T14:55:03.773+0000] {logging_mixin.py:188} INFO - [2025-06-20T14:55:03.773+0000] {dagbag.py:540} INFO - Filling up the DagBag from /home/airflow/.local/lib/python3.12/site-packages/airflow/example_dags/example_task_group_decorator.py
[2025-06-20T14:55:03.787+0000] {processor.py:840} INFO - DAG(s) 'example_task_group_decorator' retrieved from /home/airflow/.local/lib/python3.12/site-packages/airflow/example_dags/example_task_group_decorator.py
[2025-06-20T14:55:03.811+0000] {logging_mixin.py:188} INFO - [2025-06-20T14:55:03.811+0000] {dag.py:3096} INFO - Sync 1 DAGs
[2025-06-20T14:55:03.832+0000] {logging_mixin.py:188} INFO - [2025-06-20T14:55:03.832+0000] {dag.py:3954} INFO - Setting next_dagrun for example_task_group_decorator to 2025-06-19 00:00:00+00:00, run_after=2025-06-20 00:00:00+00:00
[2025-06-20T14:55:03.853+0000] {processor.py:183} INFO - Processing /home/airflow/.local/lib/python3.12/site-packages/airflow/example_dags/example_task_group_decorator.py took 0.089 seconds
[2025-06-20T14:55:34.084+0000] {processor.py:161} INFO - Started process (PID=2469) to work on /home/airflow/.local/lib/python3.12/site-packages/airflow/example_dags/example_task_group_decorator.py
[2025-06-20T14:55:34.085+0000] {processor.py:830} INFO - Processing file /home/airflow/.local/lib/python3.12/site-packages/airflow/example_dags/example_task_group_decorator.py for tasks to queue
[2025-06-20T14:55:34.086+0000] {logging_mixin.py:188} INFO - [2025-06-20T14:55:34.086+0000] {dagbag.py:540} INFO - Filling up the DagBag from /home/airflow/.local/lib/python3.12/site-packages/airflow/example_dags/example_task_group_decorator.py
[2025-06-20T14:55:34.102+0000] {processor.py:840} INFO - DAG(s) 'example_task_group_decorator' retrieved from /home/airflow/.local/lib/python3.12/site-packages/airflow/example_dags/example_task_group_decorator.py
[2025-06-20T14:55:34.127+0000] {logging_mixin.py:188} INFO - [2025-06-20T14:55:34.127+0000] {dag.py:3096} INFO - Sync 1 DAGs
[2025-06-20T14:55:34.150+0000] {logging_mixin.py:188} INFO - [2025-06-20T14:55:34.150+0000] {dag.py:3954} INFO - Setting next_dagrun for example_task_group_decorator to 2025-06-19 00:00:00+00:00, run_after=2025-06-20 00:00:00+00:00
[2025-06-20T14:55:34.169+0000] {processor.py:183} INFO - Processing /home/airflow/.local/lib/python3.12/site-packages/airflow/example_dags/example_task_group_decorator.py took 0.092 seconds
[2025-06-20T14:56:04.471+0000] {processor.py:161} INFO - Started process (PID=2528) to work on /home/airflow/.local/lib/python3.12/site-packages/airflow/example_dags/example_task_group_decorator.py
[2025-06-20T14:56:04.472+0000] {processor.py:830} INFO - Processing file /home/airflow/.local/lib/python3.12/site-packages/airflow/example_dags/example_task_group_decorator.py for tasks to queue
[2025-06-20T14:56:04.474+0000] {logging_mixin.py:188} INFO - [2025-06-20T14:56:04.473+0000] {dagbag.py:540} INFO - Filling up the DagBag from /home/airflow/.local/lib/python3.12/site-packages/airflow/example_dags/example_task_group_decorator.py
[2025-06-20T14:56:04.488+0000] {processor.py:840} INFO - DAG(s) 'example_task_group_decorator' retrieved from /home/airflow/.local/lib/python3.12/site-packages/airflow/example_dags/example_task_group_decorator.py
[2025-06-20T14:56:04.515+0000] {logging_mixin.py:188} INFO - [2025-06-20T14:56:04.514+0000] {dag.py:3096} INFO - Sync 1 DAGs
[2025-06-20T14:56:04.536+0000] {logging_mixin.py:188} INFO - [2025-06-20T14:56:04.536+0000] {dag.py:3954} INFO - Setting next_dagrun for example_task_group_decorator to 2025-06-19 00:00:00+00:00, run_after=2025-06-20 00:00:00+00:00
[2025-06-20T14:56:04.554+0000] {processor.py:183} INFO - Processing /home/airflow/.local/lib/python3.12/site-packages/airflow/example_dags/example_task_group_decorator.py took 0.090 seconds
[2025-06-20T14:56:34.677+0000] {processor.py:161} INFO - Started process (PID=2587) to work on /home/airflow/.local/lib/python3.12/site-packages/airflow/example_dags/example_task_group_decorator.py
[2025-06-20T14:56:34.678+0000] {processor.py:830} INFO - Processing file /home/airflow/.local/lib/python3.12/site-packages/airflow/example_dags/example_task_group_decorator.py for tasks to queue
[2025-06-20T14:56:34.680+0000] {logging_mixin.py:188} INFO - [2025-06-20T14:56:34.679+0000] {dagbag.py:540} INFO - Filling up the DagBag from /home/airflow/.local/lib/python3.12/site-packages/airflow/example_dags/example_task_group_decorator.py
[2025-06-20T14:56:34.694+0000] {processor.py:840} INFO - DAG(s) 'example_task_group_decorator' retrieved from /home/airflow/.local/lib/python3.12/site-packages/airflow/example_dags/example_task_group_decorator.py
[2025-06-20T14:56:34.719+0000] {logging_mixin.py:188} INFO - [2025-06-20T14:56:34.719+0000] {dag.py:3096} INFO - Sync 1 DAGs
[2025-06-20T14:56:34.741+0000] {logging_mixin.py:188} INFO - [2025-06-20T14:56:34.741+0000] {dag.py:3954} INFO - Setting next_dagrun for example_task_group_decorator to 2025-06-19 00:00:00+00:00, run_after=2025-06-20 00:00:00+00:00
[2025-06-20T14:56:34.758+0000] {processor.py:183} INFO - Processing /home/airflow/.local/lib/python3.12/site-packages/airflow/example_dags/example_task_group_decorator.py took 0.087 seconds
[2025-06-20T14:57:04.836+0000] {processor.py:161} INFO - Started process (PID=2645) to work on /home/airflow/.local/lib/python3.12/site-packages/airflow/example_dags/example_task_group_decorator.py
[2025-06-20T14:57:04.837+0000] {processor.py:830} INFO - Processing file /home/airflow/.local/lib/python3.12/site-packages/airflow/example_dags/example_task_group_decorator.py for tasks to queue
[2025-06-20T14:57:04.839+0000] {logging_mixin.py:188} INFO - [2025-06-20T14:57:04.838+0000] {dagbag.py:540} INFO - Filling up the DagBag from /home/airflow/.local/lib/python3.12/site-packages/airflow/example_dags/example_task_group_decorator.py
[2025-06-20T14:57:04.853+0000] {processor.py:840} INFO - DAG(s) 'example_task_group_decorator' retrieved from /home/airflow/.local/lib/python3.12/site-packages/airflow/example_dags/example_task_group_decorator.py
[2025-06-20T14:57:04.879+0000] {logging_mixin.py:188} INFO - [2025-06-20T14:57:04.879+0000] {dag.py:3096} INFO - Sync 1 DAGs
[2025-06-20T14:57:04.899+0000] {logging_mixin.py:188} INFO - [2025-06-20T14:57:04.899+0000] {dag.py:3954} INFO - Setting next_dagrun for example_task_group_decorator to 2025-06-19 00:00:00+00:00, run_after=2025-06-20 00:00:00+00:00
[2025-06-20T14:57:04.915+0000] {processor.py:183} INFO - Processing /home/airflow/.local/lib/python3.12/site-packages/airflow/example_dags/example_task_group_decorator.py took 0.085 seconds
[2025-06-20T14:57:35.124+0000] {processor.py:161} INFO - Started process (PID=2704) to work on /home/airflow/.local/lib/python3.12/site-packages/airflow/example_dags/example_task_group_decorator.py
[2025-06-20T14:57:35.125+0000] {processor.py:830} INFO - Processing file /home/airflow/.local/lib/python3.12/site-packages/airflow/example_dags/example_task_group_decorator.py for tasks to queue
[2025-06-20T14:57:35.127+0000] {logging_mixin.py:188} INFO - [2025-06-20T14:57:35.127+0000] {dagbag.py:540} INFO - Filling up the DagBag from /home/airflow/.local/lib/python3.12/site-packages/airflow/example_dags/example_task_group_decorator.py
[2025-06-20T14:57:35.145+0000] {processor.py:840} INFO - DAG(s) 'example_task_group_decorator' retrieved from /home/airflow/.local/lib/python3.12/site-packages/airflow/example_dags/example_task_group_decorator.py
[2025-06-20T14:57:35.171+0000] {logging_mixin.py:188} INFO - [2025-06-20T14:57:35.171+0000] {dag.py:3096} INFO - Sync 1 DAGs
[2025-06-20T14:57:35.192+0000] {logging_mixin.py:188} INFO - [2025-06-20T14:57:35.192+0000] {dag.py:3954} INFO - Setting next_dagrun for example_task_group_decorator to 2025-06-19 00:00:00+00:00, run_after=2025-06-20 00:00:00+00:00
[2025-06-20T14:57:35.208+0000] {processor.py:183} INFO - Processing /home/airflow/.local/lib/python3.12/site-packages/airflow/example_dags/example_task_group_decorator.py took 0.093 seconds
[2025-06-20T14:58:05.306+0000] {processor.py:161} INFO - Started process (PID=2763) to work on /home/airflow/.local/lib/python3.12/site-packages/airflow/example_dags/example_task_group_decorator.py
[2025-06-20T14:58:05.307+0000] {processor.py:830} INFO - Processing file /home/airflow/.local/lib/python3.12/site-packages/airflow/example_dags/example_task_group_decorator.py for tasks to queue
[2025-06-20T14:58:05.309+0000] {logging_mixin.py:188} INFO - [2025-06-20T14:58:05.309+0000] {dagbag.py:540} INFO - Filling up the DagBag from /home/airflow/.local/lib/python3.12/site-packages/airflow/example_dags/example_task_group_decorator.py
[2025-06-20T14:58:05.323+0000] {processor.py:840} INFO - DAG(s) 'example_task_group_decorator' retrieved from /home/airflow/.local/lib/python3.12/site-packages/airflow/example_dags/example_task_group_decorator.py
[2025-06-20T14:58:05.349+0000] {logging_mixin.py:188} INFO - [2025-06-20T14:58:05.348+0000] {dag.py:3096} INFO - Sync 1 DAGs
[2025-06-20T14:58:05.370+0000] {logging_mixin.py:188} INFO - [2025-06-20T14:58:05.370+0000] {dag.py:3954} INFO - Setting next_dagrun for example_task_group_decorator to 2025-06-19 00:00:00+00:00, run_after=2025-06-20 00:00:00+00:00
[2025-06-20T14:58:05.387+0000] {processor.py:183} INFO - Processing /home/airflow/.local/lib/python3.12/site-packages/airflow/example_dags/example_task_group_decorator.py took 0.087 seconds
[2025-06-20T14:58:35.548+0000] {processor.py:161} INFO - Started process (PID=2822) to work on /home/airflow/.local/lib/python3.12/site-packages/airflow/example_dags/example_task_group_decorator.py
[2025-06-20T14:58:35.549+0000] {processor.py:830} INFO - Processing file /home/airflow/.local/lib/python3.12/site-packages/airflow/example_dags/example_task_group_decorator.py for tasks to queue
[2025-06-20T14:58:35.551+0000] {logging_mixin.py:188} INFO - [2025-06-20T14:58:35.551+0000] {dagbag.py:540} INFO - Filling up the DagBag from /home/airflow/.local/lib/python3.12/site-packages/airflow/example_dags/example_task_group_decorator.py
[2025-06-20T14:58:35.565+0000] {processor.py:840} INFO - DAG(s) 'example_task_group_decorator' retrieved from /home/airflow/.local/lib/python3.12/site-packages/airflow/example_dags/example_task_group_decorator.py
[2025-06-20T14:58:35.589+0000] {logging_mixin.py:188} INFO - [2025-06-20T14:58:35.589+0000] {dag.py:3096} INFO - Sync 1 DAGs
[2025-06-20T14:58:35.609+0000] {logging_mixin.py:188} INFO - [2025-06-20T14:58:35.608+0000] {dag.py:3954} INFO - Setting next_dagrun for example_task_group_decorator to 2025-06-19 00:00:00+00:00, run_after=2025-06-20 00:00:00+00:00
[2025-06-20T14:58:35.624+0000] {processor.py:183} INFO - Processing /home/airflow/.local/lib/python3.12/site-packages/airflow/example_dags/example_task_group_decorator.py took 0.082 seconds
[2025-06-20T14:59:06.503+0000] {processor.py:161} INFO - Started process (PID=2880) to work on /home/airflow/.local/lib/python3.12/site-packages/airflow/example_dags/example_task_group_decorator.py
[2025-06-20T14:59:06.504+0000] {processor.py:830} INFO - Processing file /home/airflow/.local/lib/python3.12/site-packages/airflow/example_dags/example_task_group_decorator.py for tasks to queue
[2025-06-20T14:59:06.505+0000] {logging_mixin.py:188} INFO - [2025-06-20T14:59:06.505+0000] {dagbag.py:540} INFO - Filling up the DagBag from /home/airflow/.local/lib/python3.12/site-packages/airflow/example_dags/example_task_group_decorator.py
[2025-06-20T14:59:06.519+0000] {processor.py:840} INFO - DAG(s) 'example_task_group_decorator' retrieved from /home/airflow/.local/lib/python3.12/site-packages/airflow/example_dags/example_task_group_decorator.py
[2025-06-20T14:59:06.543+0000] {logging_mixin.py:188} INFO - [2025-06-20T14:59:06.543+0000] {dag.py:3096} INFO - Sync 1 DAGs
[2025-06-20T14:59:06.564+0000] {logging_mixin.py:188} INFO - [2025-06-20T14:59:06.563+0000] {dag.py:3954} INFO - Setting next_dagrun for example_task_group_decorator to 2025-06-19 00:00:00+00:00, run_after=2025-06-20 00:00:00+00:00
[2025-06-20T14:59:06.580+0000] {processor.py:183} INFO - Processing /home/airflow/.local/lib/python3.12/site-packages/airflow/example_dags/example_task_group_decorator.py took 0.083 seconds
[2025-06-20T14:59:36.688+0000] {processor.py:161} INFO - Started process (PID=2939) to work on /home/airflow/.local/lib/python3.12/site-packages/airflow/example_dags/example_task_group_decorator.py
[2025-06-20T14:59:36.689+0000] {processor.py:830} INFO - Processing file /home/airflow/.local/lib/python3.12/site-packages/airflow/example_dags/example_task_group_decorator.py for tasks to queue
[2025-06-20T14:59:36.690+0000] {logging_mixin.py:188} INFO - [2025-06-20T14:59:36.690+0000] {dagbag.py:540} INFO - Filling up the DagBag from /home/airflow/.local/lib/python3.12/site-packages/airflow/example_dags/example_task_group_decorator.py
[2025-06-20T14:59:36.704+0000] {processor.py:840} INFO - DAG(s) 'example_task_group_decorator' retrieved from /home/airflow/.local/lib/python3.12/site-packages/airflow/example_dags/example_task_group_decorator.py
[2025-06-20T14:59:36.735+0000] {logging_mixin.py:188} INFO - [2025-06-20T14:59:36.735+0000] {dag.py:3096} INFO - Sync 1 DAGs
[2025-06-20T14:59:36.755+0000] {logging_mixin.py:188} INFO - [2025-06-20T14:59:36.755+0000] {dag.py:3954} INFO - Setting next_dagrun for example_task_group_decorator to 2025-06-19 00:00:00+00:00, run_after=2025-06-20 00:00:00+00:00
[2025-06-20T14:59:36.772+0000] {processor.py:183} INFO - Processing /home/airflow/.local/lib/python3.12/site-packages/airflow/example_dags/example_task_group_decorator.py took 0.089 seconds
[2025-06-20T15:00:07.202+0000] {processor.py:161} INFO - Started process (PID=2998) to work on /home/airflow/.local/lib/python3.12/site-packages/airflow/example_dags/example_task_group_decorator.py
[2025-06-20T15:00:07.202+0000] {processor.py:830} INFO - Processing file /home/airflow/.local/lib/python3.12/site-packages/airflow/example_dags/example_task_group_decorator.py for tasks to queue
[2025-06-20T15:00:07.204+0000] {logging_mixin.py:188} INFO - [2025-06-20T15:00:07.204+0000] {dagbag.py:540} INFO - Filling up the DagBag from /home/airflow/.local/lib/python3.12/site-packages/airflow/example_dags/example_task_group_decorator.py
[2025-06-20T15:00:07.218+0000] {processor.py:840} INFO - DAG(s) 'example_task_group_decorator' retrieved from /home/airflow/.local/lib/python3.12/site-packages/airflow/example_dags/example_task_group_decorator.py
[2025-06-20T15:00:07.246+0000] {logging_mixin.py:188} INFO - [2025-06-20T15:00:07.246+0000] {dag.py:3096} INFO - Sync 1 DAGs
[2025-06-20T15:00:07.266+0000] {logging_mixin.py:188} INFO - [2025-06-20T15:00:07.266+0000] {dag.py:3954} INFO - Setting next_dagrun for example_task_group_decorator to 2025-06-19 00:00:00+00:00, run_after=2025-06-20 00:00:00+00:00
[2025-06-20T15:00:07.283+0000] {processor.py:183} INFO - Processing /home/airflow/.local/lib/python3.12/site-packages/airflow/example_dags/example_task_group_decorator.py took 0.087 seconds
[2025-06-20T15:00:37.694+0000] {processor.py:161} INFO - Started process (PID=3057) to work on /home/airflow/.local/lib/python3.12/site-packages/airflow/example_dags/example_task_group_decorator.py
[2025-06-20T15:00:37.695+0000] {processor.py:830} INFO - Processing file /home/airflow/.local/lib/python3.12/site-packages/airflow/example_dags/example_task_group_decorator.py for tasks to queue
[2025-06-20T15:00:37.697+0000] {logging_mixin.py:188} INFO - [2025-06-20T15:00:37.696+0000] {dagbag.py:540} INFO - Filling up the DagBag from /home/airflow/.local/lib/python3.12/site-packages/airflow/example_dags/example_task_group_decorator.py
[2025-06-20T15:00:37.711+0000] {processor.py:840} INFO - DAG(s) 'example_task_group_decorator' retrieved from /home/airflow/.local/lib/python3.12/site-packages/airflow/example_dags/example_task_group_decorator.py
[2025-06-20T15:00:37.735+0000] {logging_mixin.py:188} INFO - [2025-06-20T15:00:37.734+0000] {dag.py:3096} INFO - Sync 1 DAGs
[2025-06-20T15:00:37.755+0000] {logging_mixin.py:188} INFO - [2025-06-20T15:00:37.754+0000] {dag.py:3954} INFO - Setting next_dagrun for example_task_group_decorator to 2025-06-19 00:00:00+00:00, run_after=2025-06-20 00:00:00+00:00
[2025-06-20T15:00:37.773+0000] {processor.py:183} INFO - Processing /home/airflow/.local/lib/python3.12/site-packages/airflow/example_dags/example_task_group_decorator.py took 0.085 seconds
[2025-06-20T15:01:07.890+0000] {processor.py:161} INFO - Started process (PID=3116) to work on /home/airflow/.local/lib/python3.12/site-packages/airflow/example_dags/example_task_group_decorator.py
[2025-06-20T15:01:07.891+0000] {processor.py:830} INFO - Processing file /home/airflow/.local/lib/python3.12/site-packages/airflow/example_dags/example_task_group_decorator.py for tasks to queue
[2025-06-20T15:01:07.893+0000] {logging_mixin.py:188} INFO - [2025-06-20T15:01:07.892+0000] {dagbag.py:540} INFO - Filling up the DagBag from /home/airflow/.local/lib/python3.12/site-packages/airflow/example_dags/example_task_group_decorator.py
[2025-06-20T15:01:07.908+0000] {processor.py:840} INFO - DAG(s) 'example_task_group_decorator' retrieved from /home/airflow/.local/lib/python3.12/site-packages/airflow/example_dags/example_task_group_decorator.py
[2025-06-20T15:01:07.933+0000] {logging_mixin.py:188} INFO - [2025-06-20T15:01:07.932+0000] {dag.py:3096} INFO - Sync 1 DAGs
[2025-06-20T15:01:07.953+0000] {logging_mixin.py:188} INFO - [2025-06-20T15:01:07.952+0000] {dag.py:3954} INFO - Setting next_dagrun for example_task_group_decorator to 2025-06-19 00:00:00+00:00, run_after=2025-06-20 00:00:00+00:00
[2025-06-20T15:01:07.968+0000] {processor.py:183} INFO - Processing /home/airflow/.local/lib/python3.12/site-packages/airflow/example_dags/example_task_group_decorator.py took 0.084 seconds
[2025-06-20T15:01:38.081+0000] {processor.py:161} INFO - Started process (PID=3175) to work on /home/airflow/.local/lib/python3.12/site-packages/airflow/example_dags/example_task_group_decorator.py
[2025-06-20T15:01:38.082+0000] {processor.py:830} INFO - Processing file /home/airflow/.local/lib/python3.12/site-packages/airflow/example_dags/example_task_group_decorator.py for tasks to queue
[2025-06-20T15:01:38.084+0000] {logging_mixin.py:188} INFO - [2025-06-20T15:01:38.083+0000] {dagbag.py:540} INFO - Filling up the DagBag from /home/airflow/.local/lib/python3.12/site-packages/airflow/example_dags/example_task_group_decorator.py
[2025-06-20T15:01:38.097+0000] {processor.py:840} INFO - DAG(s) 'example_task_group_decorator' retrieved from /home/airflow/.local/lib/python3.12/site-packages/airflow/example_dags/example_task_group_decorator.py
[2025-06-20T15:01:38.121+0000] {logging_mixin.py:188} INFO - [2025-06-20T15:01:38.121+0000] {dag.py:3096} INFO - Sync 1 DAGs
[2025-06-20T15:01:38.141+0000] {logging_mixin.py:188} INFO - [2025-06-20T15:01:38.141+0000] {dag.py:3954} INFO - Setting next_dagrun for example_task_group_decorator to 2025-06-19 00:00:00+00:00, run_after=2025-06-20 00:00:00+00:00
[2025-06-20T15:01:38.157+0000] {processor.py:183} INFO - Processing /home/airflow/.local/lib/python3.12/site-packages/airflow/example_dags/example_task_group_decorator.py took 0.081 seconds
[2025-06-20T15:02:08.799+0000] {processor.py:161} INFO - Started process (PID=3234) to work on /home/airflow/.local/lib/python3.12/site-packages/airflow/example_dags/example_task_group_decorator.py
[2025-06-20T15:02:08.800+0000] {processor.py:830} INFO - Processing file /home/airflow/.local/lib/python3.12/site-packages/airflow/example_dags/example_task_group_decorator.py for tasks to queue
[2025-06-20T15:02:08.802+0000] {logging_mixin.py:188} INFO - [2025-06-20T15:02:08.801+0000] {dagbag.py:540} INFO - Filling up the DagBag from /home/airflow/.local/lib/python3.12/site-packages/airflow/example_dags/example_task_group_decorator.py
[2025-06-20T15:02:08.815+0000] {processor.py:840} INFO - DAG(s) 'example_task_group_decorator' retrieved from /home/airflow/.local/lib/python3.12/site-packages/airflow/example_dags/example_task_group_decorator.py
[2025-06-20T15:02:08.839+0000] {logging_mixin.py:188} INFO - [2025-06-20T15:02:08.839+0000] {dag.py:3096} INFO - Sync 1 DAGs
[2025-06-20T15:02:08.859+0000] {logging_mixin.py:188} INFO - [2025-06-20T15:02:08.859+0000] {dag.py:3954} INFO - Setting next_dagrun for example_task_group_decorator to 2025-06-19 00:00:00+00:00, run_after=2025-06-20 00:00:00+00:00
[2025-06-20T15:02:08.875+0000] {processor.py:183} INFO - Processing /home/airflow/.local/lib/python3.12/site-packages/airflow/example_dags/example_task_group_decorator.py took 0.081 seconds
[2025-06-20T15:02:39.507+0000] {processor.py:161} INFO - Started process (PID=3293) to work on /home/airflow/.local/lib/python3.12/site-packages/airflow/example_dags/example_task_group_decorator.py
[2025-06-20T15:02:39.507+0000] {processor.py:830} INFO - Processing file /home/airflow/.local/lib/python3.12/site-packages/airflow/example_dags/example_task_group_decorator.py for tasks to queue
[2025-06-20T15:02:39.509+0000] {logging_mixin.py:188} INFO - [2025-06-20T15:02:39.509+0000] {dagbag.py:540} INFO - Filling up the DagBag from /home/airflow/.local/lib/python3.12/site-packages/airflow/example_dags/example_task_group_decorator.py
[2025-06-20T15:02:39.523+0000] {processor.py:840} INFO - DAG(s) 'example_task_group_decorator' retrieved from /home/airflow/.local/lib/python3.12/site-packages/airflow/example_dags/example_task_group_decorator.py
[2025-06-20T15:02:39.551+0000] {logging_mixin.py:188} INFO - [2025-06-20T15:02:39.551+0000] {dag.py:3096} INFO - Sync 1 DAGs
[2025-06-20T15:02:39.572+0000] {logging_mixin.py:188} INFO - [2025-06-20T15:02:39.572+0000] {dag.py:3954} INFO - Setting next_dagrun for example_task_group_decorator to 2025-06-19 00:00:00+00:00, run_after=2025-06-20 00:00:00+00:00
[2025-06-20T15:02:39.588+0000] {processor.py:183} INFO - Processing /home/airflow/.local/lib/python3.12/site-packages/airflow/example_dags/example_task_group_decorator.py took 0.087 seconds
[2025-06-20T15:03:10.161+0000] {processor.py:161} INFO - Started process (PID=3352) to work on /home/airflow/.local/lib/python3.12/site-packages/airflow/example_dags/example_task_group_decorator.py
[2025-06-20T15:03:10.161+0000] {processor.py:830} INFO - Processing file /home/airflow/.local/lib/python3.12/site-packages/airflow/example_dags/example_task_group_decorator.py for tasks to queue
[2025-06-20T15:03:10.163+0000] {logging_mixin.py:188} INFO - [2025-06-20T15:03:10.163+0000] {dagbag.py:540} INFO - Filling up the DagBag from /home/airflow/.local/lib/python3.12/site-packages/airflow/example_dags/example_task_group_decorator.py
[2025-06-20T15:03:10.178+0000] {processor.py:840} INFO - DAG(s) 'example_task_group_decorator' retrieved from /home/airflow/.local/lib/python3.12/site-packages/airflow/example_dags/example_task_group_decorator.py
[2025-06-20T15:03:10.203+0000] {logging_mixin.py:188} INFO - [2025-06-20T15:03:10.202+0000] {dag.py:3096} INFO - Sync 1 DAGs
[2025-06-20T15:03:10.223+0000] {logging_mixin.py:188} INFO - [2025-06-20T15:03:10.223+0000] {dag.py:3954} INFO - Setting next_dagrun for example_task_group_decorator to 2025-06-19 00:00:00+00:00, run_after=2025-06-20 00:00:00+00:00
[2025-06-20T15:03:10.238+0000] {processor.py:183} INFO - Processing /home/airflow/.local/lib/python3.12/site-packages/airflow/example_dags/example_task_group_decorator.py took 0.084 seconds
[2025-06-20T15:03:40.989+0000] {processor.py:161} INFO - Started process (PID=3411) to work on /home/airflow/.local/lib/python3.12/site-packages/airflow/example_dags/example_task_group_decorator.py
[2025-06-20T15:03:40.990+0000] {processor.py:830} INFO - Processing file /home/airflow/.local/lib/python3.12/site-packages/airflow/example_dags/example_task_group_decorator.py for tasks to queue
[2025-06-20T15:03:40.992+0000] {logging_mixin.py:188} INFO - [2025-06-20T15:03:40.992+0000] {dagbag.py:540} INFO - Filling up the DagBag from /home/airflow/.local/lib/python3.12/site-packages/airflow/example_dags/example_task_group_decorator.py
[2025-06-20T15:03:41.012+0000] {processor.py:840} INFO - DAG(s) 'example_task_group_decorator' retrieved from /home/airflow/.local/lib/python3.12/site-packages/airflow/example_dags/example_task_group_decorator.py
[2025-06-20T15:03:41.036+0000] {logging_mixin.py:188} INFO - [2025-06-20T15:03:41.036+0000] {dag.py:3096} INFO - Sync 1 DAGs
[2025-06-20T15:03:41.056+0000] {logging_mixin.py:188} INFO - [2025-06-20T15:03:41.056+0000] {dag.py:3954} INFO - Setting next_dagrun for example_task_group_decorator to 2025-06-19 00:00:00+00:00, run_after=2025-06-20 00:00:00+00:00
[2025-06-20T15:03:41.072+0000] {processor.py:183} INFO - Processing /home/airflow/.local/lib/python3.12/site-packages/airflow/example_dags/example_task_group_decorator.py took 0.088 seconds
[2025-06-20T15:04:11.360+0000] {processor.py:161} INFO - Started process (PID=3470) to work on /home/airflow/.local/lib/python3.12/site-packages/airflow/example_dags/example_task_group_decorator.py
[2025-06-20T15:04:11.361+0000] {processor.py:830} INFO - Processing file /home/airflow/.local/lib/python3.12/site-packages/airflow/example_dags/example_task_group_decorator.py for tasks to queue
[2025-06-20T15:04:11.363+0000] {logging_mixin.py:188} INFO - [2025-06-20T15:04:11.362+0000] {dagbag.py:540} INFO - Filling up the DagBag from /home/airflow/.local/lib/python3.12/site-packages/airflow/example_dags/example_task_group_decorator.py
[2025-06-20T15:04:11.377+0000] {processor.py:840} INFO - DAG(s) 'example_task_group_decorator' retrieved from /home/airflow/.local/lib/python3.12/site-packages/airflow/example_dags/example_task_group_decorator.py
[2025-06-20T15:04:11.402+0000] {logging_mixin.py:188} INFO - [2025-06-20T15:04:11.402+0000] {dag.py:3096} INFO - Sync 1 DAGs
[2025-06-20T15:04:11.422+0000] {logging_mixin.py:188} INFO - [2025-06-20T15:04:11.422+0000] {dag.py:3954} INFO - Setting next_dagrun for example_task_group_decorator to 2025-06-19 00:00:00+00:00, run_after=2025-06-20 00:00:00+00:00
[2025-06-20T15:04:11.438+0000] {processor.py:183} INFO - Processing /home/airflow/.local/lib/python3.12/site-packages/airflow/example_dags/example_task_group_decorator.py took 0.084 seconds
[2025-06-20T15:04:42.159+0000] {processor.py:161} INFO - Started process (PID=3529) to work on /home/airflow/.local/lib/python3.12/site-packages/airflow/example_dags/example_task_group_decorator.py
[2025-06-20T15:04:42.160+0000] {processor.py:830} INFO - Processing file /home/airflow/.local/lib/python3.12/site-packages/airflow/example_dags/example_task_group_decorator.py for tasks to queue
[2025-06-20T15:04:42.163+0000] {logging_mixin.py:188} INFO - [2025-06-20T15:04:42.162+0000] {dagbag.py:540} INFO - Filling up the DagBag from /home/airflow/.local/lib/python3.12/site-packages/airflow/example_dags/example_task_group_decorator.py
[2025-06-20T15:04:42.179+0000] {processor.py:840} INFO - DAG(s) 'example_task_group_decorator' retrieved from /home/airflow/.local/lib/python3.12/site-packages/airflow/example_dags/example_task_group_decorator.py
[2025-06-20T15:04:42.204+0000] {logging_mixin.py:188} INFO - [2025-06-20T15:04:42.204+0000] {dag.py:3096} INFO - Sync 1 DAGs
[2025-06-20T15:04:42.225+0000] {logging_mixin.py:188} INFO - [2025-06-20T15:04:42.225+0000] {dag.py:3954} INFO - Setting next_dagrun for example_task_group_decorator to 2025-06-19 00:00:00+00:00, run_after=2025-06-20 00:00:00+00:00
[2025-06-20T15:04:42.241+0000] {processor.py:183} INFO - Processing /home/airflow/.local/lib/python3.12/site-packages/airflow/example_dags/example_task_group_decorator.py took 0.090 seconds
[2025-06-20T15:05:12.282+0000] {processor.py:161} INFO - Started process (PID=3587) to work on /home/airflow/.local/lib/python3.12/site-packages/airflow/example_dags/example_task_group_decorator.py
[2025-06-20T15:05:12.283+0000] {processor.py:830} INFO - Processing file /home/airflow/.local/lib/python3.12/site-packages/airflow/example_dags/example_task_group_decorator.py for tasks to queue
[2025-06-20T15:05:12.285+0000] {logging_mixin.py:188} INFO - [2025-06-20T15:05:12.284+0000] {dagbag.py:540} INFO - Filling up the DagBag from /home/airflow/.local/lib/python3.12/site-packages/airflow/example_dags/example_task_group_decorator.py
[2025-06-20T15:05:12.299+0000] {processor.py:840} INFO - DAG(s) 'example_task_group_decorator' retrieved from /home/airflow/.local/lib/python3.12/site-packages/airflow/example_dags/example_task_group_decorator.py
[2025-06-20T15:05:12.324+0000] {logging_mixin.py:188} INFO - [2025-06-20T15:05:12.324+0000] {dag.py:3096} INFO - Sync 1 DAGs
[2025-06-20T15:05:12.344+0000] {logging_mixin.py:188} INFO - [2025-06-20T15:05:12.344+0000] {dag.py:3954} INFO - Setting next_dagrun for example_task_group_decorator to 2025-06-19 00:00:00+00:00, run_after=2025-06-20 00:00:00+00:00
[2025-06-20T15:05:12.359+0000] {processor.py:183} INFO - Processing /home/airflow/.local/lib/python3.12/site-packages/airflow/example_dags/example_task_group_decorator.py took 0.084 seconds
[2025-06-20T15:05:42.570+0000] {processor.py:161} INFO - Started process (PID=3647) to work on /home/airflow/.local/lib/python3.12/site-packages/airflow/example_dags/example_task_group_decorator.py
[2025-06-20T15:05:42.570+0000] {processor.py:830} INFO - Processing file /home/airflow/.local/lib/python3.12/site-packages/airflow/example_dags/example_task_group_decorator.py for tasks to queue
[2025-06-20T15:05:42.572+0000] {logging_mixin.py:188} INFO - [2025-06-20T15:05:42.572+0000] {dagbag.py:540} INFO - Filling up the DagBag from /home/airflow/.local/lib/python3.12/site-packages/airflow/example_dags/example_task_group_decorator.py
[2025-06-20T15:05:42.586+0000] {processor.py:840} INFO - DAG(s) 'example_task_group_decorator' retrieved from /home/airflow/.local/lib/python3.12/site-packages/airflow/example_dags/example_task_group_decorator.py
[2025-06-20T15:05:42.610+0000] {logging_mixin.py:188} INFO - [2025-06-20T15:05:42.610+0000] {dag.py:3096} INFO - Sync 1 DAGs
[2025-06-20T15:05:42.630+0000] {logging_mixin.py:188} INFO - [2025-06-20T15:05:42.630+0000] {dag.py:3954} INFO - Setting next_dagrun for example_task_group_decorator to 2025-06-19 00:00:00+00:00, run_after=2025-06-20 00:00:00+00:00
[2025-06-20T15:05:42.645+0000] {processor.py:183} INFO - Processing /home/airflow/.local/lib/python3.12/site-packages/airflow/example_dags/example_task_group_decorator.py took 0.082 seconds
[2025-06-20T15:06:12.975+0000] {processor.py:161} INFO - Started process (PID=3706) to work on /home/airflow/.local/lib/python3.12/site-packages/airflow/example_dags/example_task_group_decorator.py
[2025-06-20T15:06:12.976+0000] {processor.py:830} INFO - Processing file /home/airflow/.local/lib/python3.12/site-packages/airflow/example_dags/example_task_group_decorator.py for tasks to queue
[2025-06-20T15:06:12.977+0000] {logging_mixin.py:188} INFO - [2025-06-20T15:06:12.977+0000] {dagbag.py:540} INFO - Filling up the DagBag from /home/airflow/.local/lib/python3.12/site-packages/airflow/example_dags/example_task_group_decorator.py
[2025-06-20T15:06:12.991+0000] {processor.py:840} INFO - DAG(s) 'example_task_group_decorator' retrieved from /home/airflow/.local/lib/python3.12/site-packages/airflow/example_dags/example_task_group_decorator.py
[2025-06-20T15:06:13.014+0000] {logging_mixin.py:188} INFO - [2025-06-20T15:06:13.014+0000] {dag.py:3096} INFO - Sync 1 DAGs
[2025-06-20T15:06:13.034+0000] {logging_mixin.py:188} INFO - [2025-06-20T15:06:13.034+0000] {dag.py:3954} INFO - Setting next_dagrun for example_task_group_decorator to 2025-06-19 00:00:00+00:00, run_after=2025-06-20 00:00:00+00:00
[2025-06-20T15:06:13.050+0000] {processor.py:183} INFO - Processing /home/airflow/.local/lib/python3.12/site-packages/airflow/example_dags/example_task_group_decorator.py took 0.081 seconds
[2025-06-20T15:06:43.234+0000] {processor.py:161} INFO - Started process (PID=3765) to work on /home/airflow/.local/lib/python3.12/site-packages/airflow/example_dags/example_task_group_decorator.py
[2025-06-20T15:06:43.235+0000] {processor.py:830} INFO - Processing file /home/airflow/.local/lib/python3.12/site-packages/airflow/example_dags/example_task_group_decorator.py for tasks to queue
[2025-06-20T15:06:43.237+0000] {logging_mixin.py:188} INFO - [2025-06-20T15:06:43.237+0000] {dagbag.py:540} INFO - Filling up the DagBag from /home/airflow/.local/lib/python3.12/site-packages/airflow/example_dags/example_task_group_decorator.py
[2025-06-20T15:06:43.251+0000] {processor.py:840} INFO - DAG(s) 'example_task_group_decorator' retrieved from /home/airflow/.local/lib/python3.12/site-packages/airflow/example_dags/example_task_group_decorator.py
[2025-06-20T15:06:43.274+0000] {logging_mixin.py:188} INFO - [2025-06-20T15:06:43.274+0000] {dag.py:3096} INFO - Sync 1 DAGs
[2025-06-20T15:06:43.295+0000] {logging_mixin.py:188} INFO - [2025-06-20T15:06:43.295+0000] {dag.py:3954} INFO - Setting next_dagrun for example_task_group_decorator to 2025-06-19 00:00:00+00:00, run_after=2025-06-20 00:00:00+00:00
[2025-06-20T15:06:43.311+0000] {processor.py:183} INFO - Processing /home/airflow/.local/lib/python3.12/site-packages/airflow/example_dags/example_task_group_decorator.py took 0.083 seconds
[2025-06-20T15:07:13.536+0000] {processor.py:161} INFO - Started process (PID=3824) to work on /home/airflow/.local/lib/python3.12/site-packages/airflow/example_dags/example_task_group_decorator.py
[2025-06-20T15:07:13.537+0000] {processor.py:830} INFO - Processing file /home/airflow/.local/lib/python3.12/site-packages/airflow/example_dags/example_task_group_decorator.py for tasks to queue
[2025-06-20T15:07:13.539+0000] {logging_mixin.py:188} INFO - [2025-06-20T15:07:13.539+0000] {dagbag.py:540} INFO - Filling up the DagBag from /home/airflow/.local/lib/python3.12/site-packages/airflow/example_dags/example_task_group_decorator.py
[2025-06-20T15:07:13.556+0000] {processor.py:840} INFO - DAG(s) 'example_task_group_decorator' retrieved from /home/airflow/.local/lib/python3.12/site-packages/airflow/example_dags/example_task_group_decorator.py
[2025-06-20T15:07:13.584+0000] {logging_mixin.py:188} INFO - [2025-06-20T15:07:13.584+0000] {dag.py:3096} INFO - Sync 1 DAGs
[2025-06-20T15:07:13.608+0000] {logging_mixin.py:188} INFO - [2025-06-20T15:07:13.608+0000] {dag.py:3954} INFO - Setting next_dagrun for example_task_group_decorator to 2025-06-19 00:00:00+00:00, run_after=2025-06-20 00:00:00+00:00
[2025-06-20T15:07:13.625+0000] {processor.py:183} INFO - Processing /home/airflow/.local/lib/python3.12/site-packages/airflow/example_dags/example_task_group_decorator.py took 0.097 seconds
