[2025-06-20T14:34:47.416+0000] {processor.py:161} INFO - Started process (PID=84) to work on /home/airflow/.local/lib/python3.12/site-packages/airflow/example_dags/example_python_decorator.py
[2025-06-20T14:34:47.417+0000] {processor.py:830} INFO - Processing file /home/airflow/.local/lib/python3.12/site-packages/airflow/example_dags/example_python_decorator.py for tasks to queue
[2025-06-20T14:34:47.419+0000] {logging_mixin.py:188} INFO - [2025-06-20T14:34:47.419+0000] {dagbag.py:540} INFO - Filling up the DagBag from /home/airflow/.local/lib/python3.12/site-packages/airflow/example_dags/example_python_decorator.py
[2025-06-20T14:34:47.432+0000] {processor.py:840} INFO - DAG(s) 'example_python_decorator' retrieved from /home/airflow/.local/lib/python3.12/site-packages/airflow/example_dags/example_python_decorator.py
[2025-06-20T14:34:47.445+0000] {logging_mixin.py:188} INFO - [2025-06-20T14:34:47.445+0000] {dag.py:3096} INFO - Sync 1 DAGs
[2025-06-20T14:34:47.460+0000] {logging_mixin.py:188} INFO - [2025-06-20T14:34:47.459+0000] {dag.py:3954} INFO - Setting next_dagrun for example_python_decorator to None, run_after=None
[2025-06-20T14:34:47.477+0000] {processor.py:183} INFO - Processing /home/airflow/.local/lib/python3.12/site-packages/airflow/example_dags/example_python_decorator.py took 0.066 seconds
[2025-06-20T14:35:18.817+0000] {processor.py:161} INFO - Started process (PID=148) to work on /home/airflow/.local/lib/python3.12/site-packages/airflow/example_dags/example_python_decorator.py
[2025-06-20T14:35:18.818+0000] {processor.py:830} INFO - Processing file /home/airflow/.local/lib/python3.12/site-packages/airflow/example_dags/example_python_decorator.py for tasks to queue
[2025-06-20T14:35:18.820+0000] {logging_mixin.py:188} INFO - [2025-06-20T14:35:18.819+0000] {dagbag.py:540} INFO - Filling up the DagBag from /home/airflow/.local/lib/python3.12/site-packages/airflow/example_dags/example_python_decorator.py
[2025-06-20T14:35:18.833+0000] {processor.py:840} INFO - DAG(s) 'example_python_decorator' retrieved from /home/airflow/.local/lib/python3.12/site-packages/airflow/example_dags/example_python_decorator.py
[2025-06-20T14:35:18.934+0000] {logging_mixin.py:188} INFO - [2025-06-20T14:35:18.934+0000] {dag.py:3096} INFO - Sync 1 DAGs
[2025-06-20T14:35:18.945+0000] {logging_mixin.py:188} INFO - [2025-06-20T14:35:18.944+0000] {dag.py:3954} INFO - Setting next_dagrun for example_python_decorator to None, run_after=None
[2025-06-20T14:35:18.960+0000] {processor.py:183} INFO - Processing /home/airflow/.local/lib/python3.12/site-packages/airflow/example_dags/example_python_decorator.py took 0.149 seconds
[2025-06-20T14:35:49.122+0000] {processor.py:161} INFO - Started process (PID=206) to work on /home/airflow/.local/lib/python3.12/site-packages/airflow/example_dags/example_python_decorator.py
[2025-06-20T14:35:49.123+0000] {processor.py:830} INFO - Processing file /home/airflow/.local/lib/python3.12/site-packages/airflow/example_dags/example_python_decorator.py for tasks to queue
[2025-06-20T14:35:49.125+0000] {logging_mixin.py:188} INFO - [2025-06-20T14:35:49.125+0000] {dagbag.py:540} INFO - Filling up the DagBag from /home/airflow/.local/lib/python3.12/site-packages/airflow/example_dags/example_python_decorator.py
[2025-06-20T14:35:49.139+0000] {processor.py:840} INFO - DAG(s) 'example_python_decorator' retrieved from /home/airflow/.local/lib/python3.12/site-packages/airflow/example_dags/example_python_decorator.py
[2025-06-20T14:35:49.161+0000] {logging_mixin.py:188} INFO - [2025-06-20T14:35:49.161+0000] {dag.py:3096} INFO - Sync 1 DAGs
[2025-06-20T14:35:49.173+0000] {logging_mixin.py:188} INFO - [2025-06-20T14:35:49.173+0000] {dag.py:3954} INFO - Setting next_dagrun for example_python_decorator to None, run_after=None
[2025-06-20T14:35:49.190+0000] {processor.py:183} INFO - Processing /home/airflow/.local/lib/python3.12/site-packages/airflow/example_dags/example_python_decorator.py took 0.074 seconds
[2025-06-20T14:36:20.090+0000] {processor.py:161} INFO - Started process (PID=264) to work on /home/airflow/.local/lib/python3.12/site-packages/airflow/example_dags/example_python_decorator.py
[2025-06-20T14:36:20.091+0000] {processor.py:830} INFO - Processing file /home/airflow/.local/lib/python3.12/site-packages/airflow/example_dags/example_python_decorator.py for tasks to queue
[2025-06-20T14:36:20.093+0000] {logging_mixin.py:188} INFO - [2025-06-20T14:36:20.093+0000] {dagbag.py:540} INFO - Filling up the DagBag from /home/airflow/.local/lib/python3.12/site-packages/airflow/example_dags/example_python_decorator.py
[2025-06-20T14:36:20.106+0000] {processor.py:840} INFO - DAG(s) 'example_python_decorator' retrieved from /home/airflow/.local/lib/python3.12/site-packages/airflow/example_dags/example_python_decorator.py
[2025-06-20T14:36:20.128+0000] {logging_mixin.py:188} INFO - [2025-06-20T14:36:20.128+0000] {dag.py:3096} INFO - Sync 1 DAGs
[2025-06-20T14:36:20.140+0000] {logging_mixin.py:188} INFO - [2025-06-20T14:36:20.140+0000] {dag.py:3954} INFO - Setting next_dagrun for example_python_decorator to None, run_after=None
[2025-06-20T14:36:20.155+0000] {processor.py:183} INFO - Processing /home/airflow/.local/lib/python3.12/site-packages/airflow/example_dags/example_python_decorator.py took 0.071 seconds
[2025-06-20T14:36:50.618+0000] {processor.py:161} INFO - Started process (PID=322) to work on /home/airflow/.local/lib/python3.12/site-packages/airflow/example_dags/example_python_decorator.py
[2025-06-20T14:36:50.619+0000] {processor.py:830} INFO - Processing file /home/airflow/.local/lib/python3.12/site-packages/airflow/example_dags/example_python_decorator.py for tasks to queue
[2025-06-20T14:36:50.621+0000] {logging_mixin.py:188} INFO - [2025-06-20T14:36:50.620+0000] {dagbag.py:540} INFO - Filling up the DagBag from /home/airflow/.local/lib/python3.12/site-packages/airflow/example_dags/example_python_decorator.py
[2025-06-20T14:36:50.633+0000] {processor.py:840} INFO - DAG(s) 'example_python_decorator' retrieved from /home/airflow/.local/lib/python3.12/site-packages/airflow/example_dags/example_python_decorator.py
[2025-06-20T14:36:50.656+0000] {logging_mixin.py:188} INFO - [2025-06-20T14:36:50.656+0000] {dag.py:3096} INFO - Sync 1 DAGs
[2025-06-20T14:36:50.669+0000] {logging_mixin.py:188} INFO - [2025-06-20T14:36:50.669+0000] {dag.py:3954} INFO - Setting next_dagrun for example_python_decorator to None, run_after=None
[2025-06-20T14:36:50.686+0000] {processor.py:183} INFO - Processing /home/airflow/.local/lib/python3.12/site-packages/airflow/example_dags/example_python_decorator.py took 0.075 seconds
[2025-06-20T14:37:21.153+0000] {processor.py:161} INFO - Started process (PID=396) to work on /home/airflow/.local/lib/python3.12/site-packages/airflow/example_dags/example_python_decorator.py
[2025-06-20T14:37:21.154+0000] {processor.py:830} INFO - Processing file /home/airflow/.local/lib/python3.12/site-packages/airflow/example_dags/example_python_decorator.py for tasks to queue
[2025-06-20T14:37:21.156+0000] {logging_mixin.py:188} INFO - [2025-06-20T14:37:21.155+0000] {dagbag.py:540} INFO - Filling up the DagBag from /home/airflow/.local/lib/python3.12/site-packages/airflow/example_dags/example_python_decorator.py
[2025-06-20T14:37:21.170+0000] {processor.py:840} INFO - DAG(s) 'example_python_decorator' retrieved from /home/airflow/.local/lib/python3.12/site-packages/airflow/example_dags/example_python_decorator.py
[2025-06-20T14:37:21.193+0000] {logging_mixin.py:188} INFO - [2025-06-20T14:37:21.193+0000] {dag.py:3096} INFO - Sync 1 DAGs
[2025-06-20T14:37:21.205+0000] {logging_mixin.py:188} INFO - [2025-06-20T14:37:21.205+0000] {dag.py:3954} INFO - Setting next_dagrun for example_python_decorator to None, run_after=None
[2025-06-20T14:37:21.222+0000] {processor.py:183} INFO - Processing /home/airflow/.local/lib/python3.12/site-packages/airflow/example_dags/example_python_decorator.py took 0.075 seconds
[2025-06-20T14:37:51.730+0000] {processor.py:161} INFO - Started process (PID=454) to work on /home/airflow/.local/lib/python3.12/site-packages/airflow/example_dags/example_python_decorator.py
[2025-06-20T14:37:51.731+0000] {processor.py:830} INFO - Processing file /home/airflow/.local/lib/python3.12/site-packages/airflow/example_dags/example_python_decorator.py for tasks to queue
[2025-06-20T14:37:51.733+0000] {logging_mixin.py:188} INFO - [2025-06-20T14:37:51.732+0000] {dagbag.py:540} INFO - Filling up the DagBag from /home/airflow/.local/lib/python3.12/site-packages/airflow/example_dags/example_python_decorator.py
[2025-06-20T14:37:51.746+0000] {processor.py:840} INFO - DAG(s) 'example_python_decorator' retrieved from /home/airflow/.local/lib/python3.12/site-packages/airflow/example_dags/example_python_decorator.py
[2025-06-20T14:37:51.769+0000] {logging_mixin.py:188} INFO - [2025-06-20T14:37:51.769+0000] {dag.py:3096} INFO - Sync 1 DAGs
[2025-06-20T14:37:51.782+0000] {logging_mixin.py:188} INFO - [2025-06-20T14:37:51.782+0000] {dag.py:3954} INFO - Setting next_dagrun for example_python_decorator to None, run_after=None
[2025-06-20T14:37:51.803+0000] {processor.py:183} INFO - Processing /home/airflow/.local/lib/python3.12/site-packages/airflow/example_dags/example_python_decorator.py took 0.079 seconds
[2025-06-20T14:38:22.171+0000] {processor.py:161} INFO - Started process (PID=512) to work on /home/airflow/.local/lib/python3.12/site-packages/airflow/example_dags/example_python_decorator.py
[2025-06-20T14:38:22.172+0000] {processor.py:830} INFO - Processing file /home/airflow/.local/lib/python3.12/site-packages/airflow/example_dags/example_python_decorator.py for tasks to queue
[2025-06-20T14:38:22.174+0000] {logging_mixin.py:188} INFO - [2025-06-20T14:38:22.174+0000] {dagbag.py:540} INFO - Filling up the DagBag from /home/airflow/.local/lib/python3.12/site-packages/airflow/example_dags/example_python_decorator.py
[2025-06-20T14:38:22.187+0000] {processor.py:840} INFO - DAG(s) 'example_python_decorator' retrieved from /home/airflow/.local/lib/python3.12/site-packages/airflow/example_dags/example_python_decorator.py
[2025-06-20T14:38:22.211+0000] {logging_mixin.py:188} INFO - [2025-06-20T14:38:22.211+0000] {dag.py:3096} INFO - Sync 1 DAGs
[2025-06-20T14:38:22.225+0000] {logging_mixin.py:188} INFO - [2025-06-20T14:38:22.224+0000] {dag.py:3954} INFO - Setting next_dagrun for example_python_decorator to None, run_after=None
[2025-06-20T14:38:22.242+0000] {processor.py:183} INFO - Processing /home/airflow/.local/lib/python3.12/site-packages/airflow/example_dags/example_python_decorator.py took 0.077 seconds
[2025-06-20T14:38:53.033+0000] {processor.py:161} INFO - Started process (PID=570) to work on /home/airflow/.local/lib/python3.12/site-packages/airflow/example_dags/example_python_decorator.py
[2025-06-20T14:38:53.033+0000] {processor.py:830} INFO - Processing file /home/airflow/.local/lib/python3.12/site-packages/airflow/example_dags/example_python_decorator.py for tasks to queue
[2025-06-20T14:38:53.035+0000] {logging_mixin.py:188} INFO - [2025-06-20T14:38:53.035+0000] {dagbag.py:540} INFO - Filling up the DagBag from /home/airflow/.local/lib/python3.12/site-packages/airflow/example_dags/example_python_decorator.py
[2025-06-20T14:38:53.048+0000] {processor.py:840} INFO - DAG(s) 'example_python_decorator' retrieved from /home/airflow/.local/lib/python3.12/site-packages/airflow/example_dags/example_python_decorator.py
[2025-06-20T14:38:53.070+0000] {logging_mixin.py:188} INFO - [2025-06-20T14:38:53.070+0000] {dag.py:3096} INFO - Sync 1 DAGs
[2025-06-20T14:38:53.083+0000] {logging_mixin.py:188} INFO - [2025-06-20T14:38:53.083+0000] {dag.py:3954} INFO - Setting next_dagrun for example_python_decorator to None, run_after=None
[2025-06-20T14:38:53.100+0000] {processor.py:183} INFO - Processing /home/airflow/.local/lib/python3.12/site-packages/airflow/example_dags/example_python_decorator.py took 0.074 seconds
[2025-06-20T14:39:23.174+0000] {processor.py:161} INFO - Started process (PID=627) to work on /home/airflow/.local/lib/python3.12/site-packages/airflow/example_dags/example_python_decorator.py
[2025-06-20T14:39:23.175+0000] {processor.py:830} INFO - Processing file /home/airflow/.local/lib/python3.12/site-packages/airflow/example_dags/example_python_decorator.py for tasks to queue
[2025-06-20T14:39:23.177+0000] {logging_mixin.py:188} INFO - [2025-06-20T14:39:23.176+0000] {dagbag.py:540} INFO - Filling up the DagBag from /home/airflow/.local/lib/python3.12/site-packages/airflow/example_dags/example_python_decorator.py
[2025-06-20T14:39:23.189+0000] {processor.py:840} INFO - DAG(s) 'example_python_decorator' retrieved from /home/airflow/.local/lib/python3.12/site-packages/airflow/example_dags/example_python_decorator.py
[2025-06-20T14:39:23.211+0000] {logging_mixin.py:188} INFO - [2025-06-20T14:39:23.210+0000] {dag.py:3096} INFO - Sync 1 DAGs
[2025-06-20T14:39:23.223+0000] {logging_mixin.py:188} INFO - [2025-06-20T14:39:23.223+0000] {dag.py:3954} INFO - Setting next_dagrun for example_python_decorator to None, run_after=None
[2025-06-20T14:39:23.238+0000] {processor.py:183} INFO - Processing /home/airflow/.local/lib/python3.12/site-packages/airflow/example_dags/example_python_decorator.py took 0.071 seconds
[2025-06-20T14:39:53.621+0000] {processor.py:161} INFO - Started process (PID=685) to work on /home/airflow/.local/lib/python3.12/site-packages/airflow/example_dags/example_python_decorator.py
[2025-06-20T14:39:53.622+0000] {processor.py:830} INFO - Processing file /home/airflow/.local/lib/python3.12/site-packages/airflow/example_dags/example_python_decorator.py for tasks to queue
[2025-06-20T14:39:53.624+0000] {logging_mixin.py:188} INFO - [2025-06-20T14:39:53.624+0000] {dagbag.py:540} INFO - Filling up the DagBag from /home/airflow/.local/lib/python3.12/site-packages/airflow/example_dags/example_python_decorator.py
[2025-06-20T14:39:53.637+0000] {processor.py:840} INFO - DAG(s) 'example_python_decorator' retrieved from /home/airflow/.local/lib/python3.12/site-packages/airflow/example_dags/example_python_decorator.py
[2025-06-20T14:39:53.658+0000] {logging_mixin.py:188} INFO - [2025-06-20T14:39:53.658+0000] {dag.py:3096} INFO - Sync 1 DAGs
[2025-06-20T14:39:53.670+0000] {logging_mixin.py:188} INFO - [2025-06-20T14:39:53.670+0000] {dag.py:3954} INFO - Setting next_dagrun for example_python_decorator to None, run_after=None
[2025-06-20T14:39:53.686+0000] {processor.py:183} INFO - Processing /home/airflow/.local/lib/python3.12/site-packages/airflow/example_dags/example_python_decorator.py took 0.071 seconds
[2025-06-20T14:40:23.770+0000] {processor.py:161} INFO - Started process (PID=743) to work on /home/airflow/.local/lib/python3.12/site-packages/airflow/example_dags/example_python_decorator.py
[2025-06-20T14:40:23.771+0000] {processor.py:830} INFO - Processing file /home/airflow/.local/lib/python3.12/site-packages/airflow/example_dags/example_python_decorator.py for tasks to queue
[2025-06-20T14:40:23.773+0000] {logging_mixin.py:188} INFO - [2025-06-20T14:40:23.773+0000] {dagbag.py:540} INFO - Filling up the DagBag from /home/airflow/.local/lib/python3.12/site-packages/airflow/example_dags/example_python_decorator.py
[2025-06-20T14:40:23.786+0000] {processor.py:840} INFO - DAG(s) 'example_python_decorator' retrieved from /home/airflow/.local/lib/python3.12/site-packages/airflow/example_dags/example_python_decorator.py
[2025-06-20T14:40:23.808+0000] {logging_mixin.py:188} INFO - [2025-06-20T14:40:23.807+0000] {dag.py:3096} INFO - Sync 1 DAGs
[2025-06-20T14:40:23.819+0000] {logging_mixin.py:188} INFO - [2025-06-20T14:40:23.819+0000] {dag.py:3954} INFO - Setting next_dagrun for example_python_decorator to None, run_after=None
[2025-06-20T14:40:23.835+0000] {processor.py:183} INFO - Processing /home/airflow/.local/lib/python3.12/site-packages/airflow/example_dags/example_python_decorator.py took 0.071 seconds
[2025-06-20T14:40:54.100+0000] {processor.py:161} INFO - Started process (PID=801) to work on /home/airflow/.local/lib/python3.12/site-packages/airflow/example_dags/example_python_decorator.py
[2025-06-20T14:40:54.101+0000] {processor.py:830} INFO - Processing file /home/airflow/.local/lib/python3.12/site-packages/airflow/example_dags/example_python_decorator.py for tasks to queue
[2025-06-20T14:40:54.103+0000] {logging_mixin.py:188} INFO - [2025-06-20T14:40:54.103+0000] {dagbag.py:540} INFO - Filling up the DagBag from /home/airflow/.local/lib/python3.12/site-packages/airflow/example_dags/example_python_decorator.py
[2025-06-20T14:40:54.116+0000] {processor.py:840} INFO - DAG(s) 'example_python_decorator' retrieved from /home/airflow/.local/lib/python3.12/site-packages/airflow/example_dags/example_python_decorator.py
[2025-06-20T14:40:54.136+0000] {logging_mixin.py:188} INFO - [2025-06-20T14:40:54.136+0000] {dag.py:3096} INFO - Sync 1 DAGs
[2025-06-20T14:40:54.148+0000] {logging_mixin.py:188} INFO - [2025-06-20T14:40:54.147+0000] {dag.py:3954} INFO - Setting next_dagrun for example_python_decorator to None, run_after=None
[2025-06-20T14:40:54.163+0000] {processor.py:183} INFO - Processing /home/airflow/.local/lib/python3.12/site-packages/airflow/example_dags/example_python_decorator.py took 0.069 seconds
[2025-06-20T14:41:24.376+0000] {processor.py:161} INFO - Started process (PID=859) to work on /home/airflow/.local/lib/python3.12/site-packages/airflow/example_dags/example_python_decorator.py
[2025-06-20T14:41:24.377+0000] {processor.py:830} INFO - Processing file /home/airflow/.local/lib/python3.12/site-packages/airflow/example_dags/example_python_decorator.py for tasks to queue
[2025-06-20T14:41:24.379+0000] {logging_mixin.py:188} INFO - [2025-06-20T14:41:24.379+0000] {dagbag.py:540} INFO - Filling up the DagBag from /home/airflow/.local/lib/python3.12/site-packages/airflow/example_dags/example_python_decorator.py
[2025-06-20T14:41:24.392+0000] {processor.py:840} INFO - DAG(s) 'example_python_decorator' retrieved from /home/airflow/.local/lib/python3.12/site-packages/airflow/example_dags/example_python_decorator.py
[2025-06-20T14:41:24.415+0000] {logging_mixin.py:188} INFO - [2025-06-20T14:41:24.415+0000] {dag.py:3096} INFO - Sync 1 DAGs
[2025-06-20T14:41:24.427+0000] {logging_mixin.py:188} INFO - [2025-06-20T14:41:24.427+0000] {dag.py:3954} INFO - Setting next_dagrun for example_python_decorator to None, run_after=None
[2025-06-20T14:41:24.443+0000] {processor.py:183} INFO - Processing /home/airflow/.local/lib/python3.12/site-packages/airflow/example_dags/example_python_decorator.py took 0.073 seconds
[2025-06-20T14:41:54.743+0000] {processor.py:161} INFO - Started process (PID=917) to work on /home/airflow/.local/lib/python3.12/site-packages/airflow/example_dags/example_python_decorator.py
[2025-06-20T14:41:54.744+0000] {processor.py:830} INFO - Processing file /home/airflow/.local/lib/python3.12/site-packages/airflow/example_dags/example_python_decorator.py for tasks to queue
[2025-06-20T14:41:54.746+0000] {logging_mixin.py:188} INFO - [2025-06-20T14:41:54.746+0000] {dagbag.py:540} INFO - Filling up the DagBag from /home/airflow/.local/lib/python3.12/site-packages/airflow/example_dags/example_python_decorator.py
[2025-06-20T14:41:54.759+0000] {processor.py:840} INFO - DAG(s) 'example_python_decorator' retrieved from /home/airflow/.local/lib/python3.12/site-packages/airflow/example_dags/example_python_decorator.py
[2025-06-20T14:41:54.780+0000] {logging_mixin.py:188} INFO - [2025-06-20T14:41:54.780+0000] {dag.py:3096} INFO - Sync 1 DAGs
[2025-06-20T14:41:54.792+0000] {logging_mixin.py:188} INFO - [2025-06-20T14:41:54.792+0000] {dag.py:3954} INFO - Setting next_dagrun for example_python_decorator to None, run_after=None
[2025-06-20T14:41:54.808+0000] {processor.py:183} INFO - Processing /home/airflow/.local/lib/python3.12/site-packages/airflow/example_dags/example_python_decorator.py took 0.070 seconds
[2025-06-20T14:42:25.281+0000] {processor.py:161} INFO - Started process (PID=975) to work on /home/airflow/.local/lib/python3.12/site-packages/airflow/example_dags/example_python_decorator.py
[2025-06-20T14:42:25.282+0000] {processor.py:830} INFO - Processing file /home/airflow/.local/lib/python3.12/site-packages/airflow/example_dags/example_python_decorator.py for tasks to queue
[2025-06-20T14:42:25.283+0000] {logging_mixin.py:188} INFO - [2025-06-20T14:42:25.283+0000] {dagbag.py:540} INFO - Filling up the DagBag from /home/airflow/.local/lib/python3.12/site-packages/airflow/example_dags/example_python_decorator.py
[2025-06-20T14:42:25.296+0000] {processor.py:840} INFO - DAG(s) 'example_python_decorator' retrieved from /home/airflow/.local/lib/python3.12/site-packages/airflow/example_dags/example_python_decorator.py
[2025-06-20T14:42:25.318+0000] {logging_mixin.py:188} INFO - [2025-06-20T14:42:25.317+0000] {dag.py:3096} INFO - Sync 1 DAGs
[2025-06-20T14:42:25.329+0000] {logging_mixin.py:188} INFO - [2025-06-20T14:42:25.329+0000] {dag.py:3954} INFO - Setting next_dagrun for example_python_decorator to None, run_after=None
[2025-06-20T14:42:25.344+0000] {processor.py:183} INFO - Processing /home/airflow/.local/lib/python3.12/site-packages/airflow/example_dags/example_python_decorator.py took 0.069 seconds
[2025-06-20T14:42:55.701+0000] {processor.py:161} INFO - Started process (PID=1033) to work on /home/airflow/.local/lib/python3.12/site-packages/airflow/example_dags/example_python_decorator.py
[2025-06-20T14:42:55.702+0000] {processor.py:830} INFO - Processing file /home/airflow/.local/lib/python3.12/site-packages/airflow/example_dags/example_python_decorator.py for tasks to queue
[2025-06-20T14:42:55.703+0000] {logging_mixin.py:188} INFO - [2025-06-20T14:42:55.703+0000] {dagbag.py:540} INFO - Filling up the DagBag from /home/airflow/.local/lib/python3.12/site-packages/airflow/example_dags/example_python_decorator.py
[2025-06-20T14:42:55.717+0000] {processor.py:840} INFO - DAG(s) 'example_python_decorator' retrieved from /home/airflow/.local/lib/python3.12/site-packages/airflow/example_dags/example_python_decorator.py
[2025-06-20T14:42:55.739+0000] {logging_mixin.py:188} INFO - [2025-06-20T14:42:55.739+0000] {dag.py:3096} INFO - Sync 1 DAGs
[2025-06-20T14:42:55.753+0000] {logging_mixin.py:188} INFO - [2025-06-20T14:42:55.752+0000] {dag.py:3954} INFO - Setting next_dagrun for example_python_decorator to None, run_after=None
[2025-06-20T14:42:55.770+0000] {processor.py:183} INFO - Processing /home/airflow/.local/lib/python3.12/site-packages/airflow/example_dags/example_python_decorator.py took 0.075 seconds
[2025-06-20T14:43:26.397+0000] {processor.py:161} INFO - Started process (PID=1091) to work on /home/airflow/.local/lib/python3.12/site-packages/airflow/example_dags/example_python_decorator.py
[2025-06-20T14:43:26.398+0000] {processor.py:830} INFO - Processing file /home/airflow/.local/lib/python3.12/site-packages/airflow/example_dags/example_python_decorator.py for tasks to queue
[2025-06-20T14:43:26.400+0000] {logging_mixin.py:188} INFO - [2025-06-20T14:43:26.399+0000] {dagbag.py:540} INFO - Filling up the DagBag from /home/airflow/.local/lib/python3.12/site-packages/airflow/example_dags/example_python_decorator.py
[2025-06-20T14:43:26.413+0000] {processor.py:840} INFO - DAG(s) 'example_python_decorator' retrieved from /home/airflow/.local/lib/python3.12/site-packages/airflow/example_dags/example_python_decorator.py
[2025-06-20T14:43:26.433+0000] {logging_mixin.py:188} INFO - [2025-06-20T14:43:26.433+0000] {dag.py:3096} INFO - Sync 1 DAGs
[2025-06-20T14:43:26.568+0000] {logging_mixin.py:188} INFO - [2025-06-20T14:43:26.567+0000] {dag.py:3954} INFO - Setting next_dagrun for example_python_decorator to None, run_after=None
[2025-06-20T14:43:26.582+0000] {processor.py:183} INFO - Processing /home/airflow/.local/lib/python3.12/site-packages/airflow/example_dags/example_python_decorator.py took 0.192 seconds
[2025-06-20T14:43:57.033+0000] {processor.py:161} INFO - Started process (PID=1149) to work on /home/airflow/.local/lib/python3.12/site-packages/airflow/example_dags/example_python_decorator.py
[2025-06-20T14:43:57.034+0000] {processor.py:830} INFO - Processing file /home/airflow/.local/lib/python3.12/site-packages/airflow/example_dags/example_python_decorator.py for tasks to queue
[2025-06-20T14:43:57.037+0000] {logging_mixin.py:188} INFO - [2025-06-20T14:43:57.036+0000] {dagbag.py:540} INFO - Filling up the DagBag from /home/airflow/.local/lib/python3.12/site-packages/airflow/example_dags/example_python_decorator.py
[2025-06-20T14:43:57.050+0000] {processor.py:840} INFO - DAG(s) 'example_python_decorator' retrieved from /home/airflow/.local/lib/python3.12/site-packages/airflow/example_dags/example_python_decorator.py
[2025-06-20T14:43:57.073+0000] {logging_mixin.py:188} INFO - [2025-06-20T14:43:57.073+0000] {dag.py:3096} INFO - Sync 1 DAGs
[2025-06-20T14:43:57.088+0000] {logging_mixin.py:188} INFO - [2025-06-20T14:43:57.088+0000] {dag.py:3954} INFO - Setting next_dagrun for example_python_decorator to None, run_after=None
[2025-06-20T14:43:57.207+0000] {processor.py:183} INFO - Processing /home/airflow/.local/lib/python3.12/site-packages/airflow/example_dags/example_python_decorator.py took 0.181 seconds
[2025-06-20T14:44:28.079+0000] {processor.py:161} INFO - Started process (PID=1207) to work on /home/airflow/.local/lib/python3.12/site-packages/airflow/example_dags/example_python_decorator.py
[2025-06-20T14:44:28.080+0000] {processor.py:830} INFO - Processing file /home/airflow/.local/lib/python3.12/site-packages/airflow/example_dags/example_python_decorator.py for tasks to queue
[2025-06-20T14:44:28.082+0000] {logging_mixin.py:188} INFO - [2025-06-20T14:44:28.082+0000] {dagbag.py:540} INFO - Filling up the DagBag from /home/airflow/.local/lib/python3.12/site-packages/airflow/example_dags/example_python_decorator.py
[2025-06-20T14:44:28.095+0000] {processor.py:840} INFO - DAG(s) 'example_python_decorator' retrieved from /home/airflow/.local/lib/python3.12/site-packages/airflow/example_dags/example_python_decorator.py
[2025-06-20T14:44:28.116+0000] {logging_mixin.py:188} INFO - [2025-06-20T14:44:28.116+0000] {dag.py:3096} INFO - Sync 1 DAGs
[2025-06-20T14:44:28.128+0000] {logging_mixin.py:188} INFO - [2025-06-20T14:44:28.128+0000] {dag.py:3954} INFO - Setting next_dagrun for example_python_decorator to None, run_after=None
[2025-06-20T14:44:28.144+0000] {processor.py:183} INFO - Processing /home/airflow/.local/lib/python3.12/site-packages/airflow/example_dags/example_python_decorator.py took 0.070 seconds
[2025-06-20T14:44:58.305+0000] {processor.py:161} INFO - Started process (PID=1265) to work on /home/airflow/.local/lib/python3.12/site-packages/airflow/example_dags/example_python_decorator.py
[2025-06-20T14:44:58.305+0000] {processor.py:830} INFO - Processing file /home/airflow/.local/lib/python3.12/site-packages/airflow/example_dags/example_python_decorator.py for tasks to queue
[2025-06-20T14:44:58.307+0000] {logging_mixin.py:188} INFO - [2025-06-20T14:44:58.307+0000] {dagbag.py:540} INFO - Filling up the DagBag from /home/airflow/.local/lib/python3.12/site-packages/airflow/example_dags/example_python_decorator.py
[2025-06-20T14:44:58.320+0000] {processor.py:840} INFO - DAG(s) 'example_python_decorator' retrieved from /home/airflow/.local/lib/python3.12/site-packages/airflow/example_dags/example_python_decorator.py
[2025-06-20T14:44:58.341+0000] {logging_mixin.py:188} INFO - [2025-06-20T14:44:58.341+0000] {dag.py:3096} INFO - Sync 1 DAGs
[2025-06-20T14:44:58.352+0000] {logging_mixin.py:188} INFO - [2025-06-20T14:44:58.352+0000] {dag.py:3954} INFO - Setting next_dagrun for example_python_decorator to None, run_after=None
[2025-06-20T14:44:58.367+0000] {processor.py:183} INFO - Processing /home/airflow/.local/lib/python3.12/site-packages/airflow/example_dags/example_python_decorator.py took 0.069 seconds
[2025-06-20T14:45:28.813+0000] {processor.py:161} INFO - Started process (PID=1323) to work on /home/airflow/.local/lib/python3.12/site-packages/airflow/example_dags/example_python_decorator.py
[2025-06-20T14:45:28.814+0000] {processor.py:830} INFO - Processing file /home/airflow/.local/lib/python3.12/site-packages/airflow/example_dags/example_python_decorator.py for tasks to queue
[2025-06-20T14:45:28.816+0000] {logging_mixin.py:188} INFO - [2025-06-20T14:45:28.815+0000] {dagbag.py:540} INFO - Filling up the DagBag from /home/airflow/.local/lib/python3.12/site-packages/airflow/example_dags/example_python_decorator.py
[2025-06-20T14:45:28.944+0000] {processor.py:840} INFO - DAG(s) 'example_python_decorator' retrieved from /home/airflow/.local/lib/python3.12/site-packages/airflow/example_dags/example_python_decorator.py
[2025-06-20T14:45:28.962+0000] {logging_mixin.py:188} INFO - [2025-06-20T14:45:28.962+0000] {dag.py:3096} INFO - Sync 1 DAGs
[2025-06-20T14:45:28.972+0000] {logging_mixin.py:188} INFO - [2025-06-20T14:45:28.972+0000] {dag.py:3954} INFO - Setting next_dagrun for example_python_decorator to None, run_after=None
[2025-06-20T14:45:28.986+0000] {processor.py:183} INFO - Processing /home/airflow/.local/lib/python3.12/site-packages/airflow/example_dags/example_python_decorator.py took 0.179 seconds
[2025-06-20T14:45:59.323+0000] {processor.py:161} INFO - Started process (PID=1381) to work on /home/airflow/.local/lib/python3.12/site-packages/airflow/example_dags/example_python_decorator.py
[2025-06-20T14:45:59.324+0000] {processor.py:830} INFO - Processing file /home/airflow/.local/lib/python3.12/site-packages/airflow/example_dags/example_python_decorator.py for tasks to queue
[2025-06-20T14:45:59.326+0000] {logging_mixin.py:188} INFO - [2025-06-20T14:45:59.325+0000] {dagbag.py:540} INFO - Filling up the DagBag from /home/airflow/.local/lib/python3.12/site-packages/airflow/example_dags/example_python_decorator.py
[2025-06-20T14:45:59.338+0000] {processor.py:840} INFO - DAG(s) 'example_python_decorator' retrieved from /home/airflow/.local/lib/python3.12/site-packages/airflow/example_dags/example_python_decorator.py
[2025-06-20T14:45:59.363+0000] {logging_mixin.py:188} INFO - [2025-06-20T14:45:59.362+0000] {dag.py:3096} INFO - Sync 1 DAGs
[2025-06-20T14:45:59.374+0000] {logging_mixin.py:188} INFO - [2025-06-20T14:45:59.374+0000] {dag.py:3954} INFO - Setting next_dagrun for example_python_decorator to None, run_after=None
[2025-06-20T14:45:59.390+0000] {processor.py:183} INFO - Processing /home/airflow/.local/lib/python3.12/site-packages/airflow/example_dags/example_python_decorator.py took 0.073 seconds
[2025-06-20T14:46:29.580+0000] {processor.py:161} INFO - Started process (PID=1439) to work on /home/airflow/.local/lib/python3.12/site-packages/airflow/example_dags/example_python_decorator.py
[2025-06-20T14:46:29.581+0000] {processor.py:830} INFO - Processing file /home/airflow/.local/lib/python3.12/site-packages/airflow/example_dags/example_python_decorator.py for tasks to queue
[2025-06-20T14:46:29.583+0000] {logging_mixin.py:188} INFO - [2025-06-20T14:46:29.583+0000] {dagbag.py:540} INFO - Filling up the DagBag from /home/airflow/.local/lib/python3.12/site-packages/airflow/example_dags/example_python_decorator.py
[2025-06-20T14:46:29.596+0000] {processor.py:840} INFO - DAG(s) 'example_python_decorator' retrieved from /home/airflow/.local/lib/python3.12/site-packages/airflow/example_dags/example_python_decorator.py
[2025-06-20T14:46:29.618+0000] {logging_mixin.py:188} INFO - [2025-06-20T14:46:29.617+0000] {dag.py:3096} INFO - Sync 1 DAGs
[2025-06-20T14:46:29.630+0000] {logging_mixin.py:188} INFO - [2025-06-20T14:46:29.629+0000] {dag.py:3954} INFO - Setting next_dagrun for example_python_decorator to None, run_after=None
[2025-06-20T14:46:29.645+0000] {processor.py:183} INFO - Processing /home/airflow/.local/lib/python3.12/site-packages/airflow/example_dags/example_python_decorator.py took 0.071 seconds
[2025-06-20T14:46:59.773+0000] {processor.py:161} INFO - Started process (PID=1497) to work on /home/airflow/.local/lib/python3.12/site-packages/airflow/example_dags/example_python_decorator.py
[2025-06-20T14:46:59.774+0000] {processor.py:830} INFO - Processing file /home/airflow/.local/lib/python3.12/site-packages/airflow/example_dags/example_python_decorator.py for tasks to queue
[2025-06-20T14:46:59.776+0000] {logging_mixin.py:188} INFO - [2025-06-20T14:46:59.775+0000] {dagbag.py:540} INFO - Filling up the DagBag from /home/airflow/.local/lib/python3.12/site-packages/airflow/example_dags/example_python_decorator.py
[2025-06-20T14:46:59.789+0000] {processor.py:840} INFO - DAG(s) 'example_python_decorator' retrieved from /home/airflow/.local/lib/python3.12/site-packages/airflow/example_dags/example_python_decorator.py
[2025-06-20T14:46:59.810+0000] {logging_mixin.py:188} INFO - [2025-06-20T14:46:59.810+0000] {dag.py:3096} INFO - Sync 1 DAGs
[2025-06-20T14:46:59.821+0000] {logging_mixin.py:188} INFO - [2025-06-20T14:46:59.821+0000] {dag.py:3954} INFO - Setting next_dagrun for example_python_decorator to None, run_after=None
[2025-06-20T14:46:59.837+0000] {processor.py:183} INFO - Processing /home/airflow/.local/lib/python3.12/site-packages/airflow/example_dags/example_python_decorator.py took 0.070 seconds
[2025-06-20T14:47:30.054+0000] {processor.py:161} INFO - Started process (PID=1555) to work on /home/airflow/.local/lib/python3.12/site-packages/airflow/example_dags/example_python_decorator.py
[2025-06-20T14:47:30.055+0000] {processor.py:830} INFO - Processing file /home/airflow/.local/lib/python3.12/site-packages/airflow/example_dags/example_python_decorator.py for tasks to queue
[2025-06-20T14:47:30.056+0000] {logging_mixin.py:188} INFO - [2025-06-20T14:47:30.056+0000] {dagbag.py:540} INFO - Filling up the DagBag from /home/airflow/.local/lib/python3.12/site-packages/airflow/example_dags/example_python_decorator.py
[2025-06-20T14:47:30.069+0000] {processor.py:840} INFO - DAG(s) 'example_python_decorator' retrieved from /home/airflow/.local/lib/python3.12/site-packages/airflow/example_dags/example_python_decorator.py
[2025-06-20T14:47:30.089+0000] {logging_mixin.py:188} INFO - [2025-06-20T14:47:30.089+0000] {dag.py:3096} INFO - Sync 1 DAGs
[2025-06-20T14:47:30.100+0000] {logging_mixin.py:188} INFO - [2025-06-20T14:47:30.100+0000] {dag.py:3954} INFO - Setting next_dagrun for example_python_decorator to None, run_after=None
[2025-06-20T14:47:30.116+0000] {processor.py:183} INFO - Processing /home/airflow/.local/lib/python3.12/site-packages/airflow/example_dags/example_python_decorator.py took 0.068 seconds
[2025-06-20T14:48:00.436+0000] {processor.py:161} INFO - Started process (PID=1613) to work on /home/airflow/.local/lib/python3.12/site-packages/airflow/example_dags/example_python_decorator.py
[2025-06-20T14:48:00.437+0000] {processor.py:830} INFO - Processing file /home/airflow/.local/lib/python3.12/site-packages/airflow/example_dags/example_python_decorator.py for tasks to queue
[2025-06-20T14:48:00.439+0000] {logging_mixin.py:188} INFO - [2025-06-20T14:48:00.438+0000] {dagbag.py:540} INFO - Filling up the DagBag from /home/airflow/.local/lib/python3.12/site-packages/airflow/example_dags/example_python_decorator.py
[2025-06-20T14:48:00.451+0000] {processor.py:840} INFO - DAG(s) 'example_python_decorator' retrieved from /home/airflow/.local/lib/python3.12/site-packages/airflow/example_dags/example_python_decorator.py
[2025-06-20T14:48:00.472+0000] {logging_mixin.py:188} INFO - [2025-06-20T14:48:00.472+0000] {dag.py:3096} INFO - Sync 1 DAGs
[2025-06-20T14:48:00.484+0000] {logging_mixin.py:188} INFO - [2025-06-20T14:48:00.484+0000] {dag.py:3954} INFO - Setting next_dagrun for example_python_decorator to None, run_after=None
[2025-06-20T14:48:00.500+0000] {processor.py:183} INFO - Processing /home/airflow/.local/lib/python3.12/site-packages/airflow/example_dags/example_python_decorator.py took 0.071 seconds
[2025-06-20T14:48:30.693+0000] {processor.py:161} INFO - Started process (PID=1671) to work on /home/airflow/.local/lib/python3.12/site-packages/airflow/example_dags/example_python_decorator.py
[2025-06-20T14:48:30.694+0000] {processor.py:830} INFO - Processing file /home/airflow/.local/lib/python3.12/site-packages/airflow/example_dags/example_python_decorator.py for tasks to queue
[2025-06-20T14:48:30.695+0000] {logging_mixin.py:188} INFO - [2025-06-20T14:48:30.695+0000] {dagbag.py:540} INFO - Filling up the DagBag from /home/airflow/.local/lib/python3.12/site-packages/airflow/example_dags/example_python_decorator.py
[2025-06-20T14:48:30.708+0000] {processor.py:840} INFO - DAG(s) 'example_python_decorator' retrieved from /home/airflow/.local/lib/python3.12/site-packages/airflow/example_dags/example_python_decorator.py
[2025-06-20T14:48:30.729+0000] {logging_mixin.py:188} INFO - [2025-06-20T14:48:30.729+0000] {dag.py:3096} INFO - Sync 1 DAGs
[2025-06-20T14:48:30.740+0000] {logging_mixin.py:188} INFO - [2025-06-20T14:48:30.740+0000] {dag.py:3954} INFO - Setting next_dagrun for example_python_decorator to None, run_after=None
[2025-06-20T14:48:30.756+0000] {processor.py:183} INFO - Processing /home/airflow/.local/lib/python3.12/site-packages/airflow/example_dags/example_python_decorator.py took 0.069 seconds
[2025-06-20T14:49:01.041+0000] {processor.py:161} INFO - Started process (PID=1729) to work on /home/airflow/.local/lib/python3.12/site-packages/airflow/example_dags/example_python_decorator.py
[2025-06-20T14:49:01.042+0000] {processor.py:830} INFO - Processing file /home/airflow/.local/lib/python3.12/site-packages/airflow/example_dags/example_python_decorator.py for tasks to queue
[2025-06-20T14:49:01.044+0000] {logging_mixin.py:188} INFO - [2025-06-20T14:49:01.044+0000] {dagbag.py:540} INFO - Filling up the DagBag from /home/airflow/.local/lib/python3.12/site-packages/airflow/example_dags/example_python_decorator.py
[2025-06-20T14:49:01.058+0000] {processor.py:840} INFO - DAG(s) 'example_python_decorator' retrieved from /home/airflow/.local/lib/python3.12/site-packages/airflow/example_dags/example_python_decorator.py
[2025-06-20T14:49:01.081+0000] {logging_mixin.py:188} INFO - [2025-06-20T14:49:01.081+0000] {dag.py:3096} INFO - Sync 1 DAGs
[2025-06-20T14:49:01.093+0000] {logging_mixin.py:188} INFO - [2025-06-20T14:49:01.093+0000] {dag.py:3954} INFO - Setting next_dagrun for example_python_decorator to None, run_after=None
[2025-06-20T14:49:01.108+0000] {processor.py:183} INFO - Processing /home/airflow/.local/lib/python3.12/site-packages/airflow/example_dags/example_python_decorator.py took 0.074 seconds
[2025-06-20T14:49:31.355+0000] {processor.py:161} INFO - Started process (PID=1787) to work on /home/airflow/.local/lib/python3.12/site-packages/airflow/example_dags/example_python_decorator.py
[2025-06-20T14:49:31.356+0000] {processor.py:830} INFO - Processing file /home/airflow/.local/lib/python3.12/site-packages/airflow/example_dags/example_python_decorator.py for tasks to queue
[2025-06-20T14:49:31.358+0000] {logging_mixin.py:188} INFO - [2025-06-20T14:49:31.357+0000] {dagbag.py:540} INFO - Filling up the DagBag from /home/airflow/.local/lib/python3.12/site-packages/airflow/example_dags/example_python_decorator.py
[2025-06-20T14:49:31.371+0000] {processor.py:840} INFO - DAG(s) 'example_python_decorator' retrieved from /home/airflow/.local/lib/python3.12/site-packages/airflow/example_dags/example_python_decorator.py
[2025-06-20T14:49:31.394+0000] {logging_mixin.py:188} INFO - [2025-06-20T14:49:31.394+0000] {dag.py:3096} INFO - Sync 1 DAGs
[2025-06-20T14:49:31.408+0000] {logging_mixin.py:188} INFO - [2025-06-20T14:49:31.408+0000] {dag.py:3954} INFO - Setting next_dagrun for example_python_decorator to None, run_after=None
[2025-06-20T14:49:31.425+0000] {processor.py:183} INFO - Processing /home/airflow/.local/lib/python3.12/site-packages/airflow/example_dags/example_python_decorator.py took 0.077 seconds
[2025-06-20T14:50:01.549+0000] {processor.py:161} INFO - Started process (PID=1845) to work on /home/airflow/.local/lib/python3.12/site-packages/airflow/example_dags/example_python_decorator.py
[2025-06-20T14:50:01.549+0000] {processor.py:830} INFO - Processing file /home/airflow/.local/lib/python3.12/site-packages/airflow/example_dags/example_python_decorator.py for tasks to queue
[2025-06-20T14:50:01.551+0000] {logging_mixin.py:188} INFO - [2025-06-20T14:50:01.551+0000] {dagbag.py:540} INFO - Filling up the DagBag from /home/airflow/.local/lib/python3.12/site-packages/airflow/example_dags/example_python_decorator.py
[2025-06-20T14:50:01.564+0000] {processor.py:840} INFO - DAG(s) 'example_python_decorator' retrieved from /home/airflow/.local/lib/python3.12/site-packages/airflow/example_dags/example_python_decorator.py
[2025-06-20T14:50:01.585+0000] {logging_mixin.py:188} INFO - [2025-06-20T14:50:01.585+0000] {dag.py:3096} INFO - Sync 1 DAGs
[2025-06-20T14:50:01.597+0000] {logging_mixin.py:188} INFO - [2025-06-20T14:50:01.597+0000] {dag.py:3954} INFO - Setting next_dagrun for example_python_decorator to None, run_after=None
[2025-06-20T14:50:01.612+0000] {processor.py:183} INFO - Processing /home/airflow/.local/lib/python3.12/site-packages/airflow/example_dags/example_python_decorator.py took 0.070 seconds
[2025-06-20T14:50:32.575+0000] {processor.py:161} INFO - Started process (PID=1903) to work on /home/airflow/.local/lib/python3.12/site-packages/airflow/example_dags/example_python_decorator.py
[2025-06-20T14:50:32.576+0000] {processor.py:830} INFO - Processing file /home/airflow/.local/lib/python3.12/site-packages/airflow/example_dags/example_python_decorator.py for tasks to queue
[2025-06-20T14:50:32.578+0000] {logging_mixin.py:188} INFO - [2025-06-20T14:50:32.577+0000] {dagbag.py:540} INFO - Filling up the DagBag from /home/airflow/.local/lib/python3.12/site-packages/airflow/example_dags/example_python_decorator.py
[2025-06-20T14:50:32.591+0000] {processor.py:840} INFO - DAG(s) 'example_python_decorator' retrieved from /home/airflow/.local/lib/python3.12/site-packages/airflow/example_dags/example_python_decorator.py
[2025-06-20T14:50:32.612+0000] {logging_mixin.py:188} INFO - [2025-06-20T14:50:32.612+0000] {dag.py:3096} INFO - Sync 1 DAGs
[2025-06-20T14:50:32.624+0000] {logging_mixin.py:188} INFO - [2025-06-20T14:50:32.624+0000] {dag.py:3954} INFO - Setting next_dagrun for example_python_decorator to None, run_after=None
[2025-06-20T14:50:32.640+0000] {processor.py:183} INFO - Processing /home/airflow/.local/lib/python3.12/site-packages/airflow/example_dags/example_python_decorator.py took 0.071 seconds
[2025-06-20T14:51:02.800+0000] {processor.py:161} INFO - Started process (PID=1961) to work on /home/airflow/.local/lib/python3.12/site-packages/airflow/example_dags/example_python_decorator.py
[2025-06-20T14:51:02.801+0000] {processor.py:830} INFO - Processing file /home/airflow/.local/lib/python3.12/site-packages/airflow/example_dags/example_python_decorator.py for tasks to queue
[2025-06-20T14:51:02.803+0000] {logging_mixin.py:188} INFO - [2025-06-20T14:51:02.802+0000] {dagbag.py:540} INFO - Filling up the DagBag from /home/airflow/.local/lib/python3.12/site-packages/airflow/example_dags/example_python_decorator.py
[2025-06-20T14:51:02.816+0000] {processor.py:840} INFO - DAG(s) 'example_python_decorator' retrieved from /home/airflow/.local/lib/python3.12/site-packages/airflow/example_dags/example_python_decorator.py
[2025-06-20T14:51:02.838+0000] {logging_mixin.py:188} INFO - [2025-06-20T14:51:02.837+0000] {dag.py:3096} INFO - Sync 1 DAGs
[2025-06-20T14:51:02.849+0000] {logging_mixin.py:188} INFO - [2025-06-20T14:51:02.849+0000] {dag.py:3954} INFO - Setting next_dagrun for example_python_decorator to None, run_after=None
[2025-06-20T14:51:02.866+0000] {processor.py:183} INFO - Processing /home/airflow/.local/lib/python3.12/site-packages/airflow/example_dags/example_python_decorator.py took 0.072 seconds
[2025-06-20T14:51:33.003+0000] {processor.py:161} INFO - Started process (PID=2019) to work on /home/airflow/.local/lib/python3.12/site-packages/airflow/example_dags/example_python_decorator.py
[2025-06-20T14:51:33.004+0000] {processor.py:830} INFO - Processing file /home/airflow/.local/lib/python3.12/site-packages/airflow/example_dags/example_python_decorator.py for tasks to queue
[2025-06-20T14:51:33.006+0000] {logging_mixin.py:188} INFO - [2025-06-20T14:51:33.005+0000] {dagbag.py:540} INFO - Filling up the DagBag from /home/airflow/.local/lib/python3.12/site-packages/airflow/example_dags/example_python_decorator.py
[2025-06-20T14:51:33.020+0000] {processor.py:840} INFO - DAG(s) 'example_python_decorator' retrieved from /home/airflow/.local/lib/python3.12/site-packages/airflow/example_dags/example_python_decorator.py
[2025-06-20T14:51:33.043+0000] {logging_mixin.py:188} INFO - [2025-06-20T14:51:33.043+0000] {dag.py:3096} INFO - Sync 1 DAGs
[2025-06-20T14:51:33.054+0000] {logging_mixin.py:188} INFO - [2025-06-20T14:51:33.054+0000] {dag.py:3954} INFO - Setting next_dagrun for example_python_decorator to None, run_after=None
[2025-06-20T14:51:33.072+0000] {processor.py:183} INFO - Processing /home/airflow/.local/lib/python3.12/site-packages/airflow/example_dags/example_python_decorator.py took 0.076 seconds
[2025-06-20T14:52:03.205+0000] {processor.py:161} INFO - Started process (PID=2077) to work on /home/airflow/.local/lib/python3.12/site-packages/airflow/example_dags/example_python_decorator.py
[2025-06-20T14:52:03.206+0000] {processor.py:830} INFO - Processing file /home/airflow/.local/lib/python3.12/site-packages/airflow/example_dags/example_python_decorator.py for tasks to queue
[2025-06-20T14:52:03.208+0000] {logging_mixin.py:188} INFO - [2025-06-20T14:52:03.208+0000] {dagbag.py:540} INFO - Filling up the DagBag from /home/airflow/.local/lib/python3.12/site-packages/airflow/example_dags/example_python_decorator.py
[2025-06-20T14:52:03.221+0000] {processor.py:840} INFO - DAG(s) 'example_python_decorator' retrieved from /home/airflow/.local/lib/python3.12/site-packages/airflow/example_dags/example_python_decorator.py
[2025-06-20T14:52:03.242+0000] {logging_mixin.py:188} INFO - [2025-06-20T14:52:03.242+0000] {dag.py:3096} INFO - Sync 1 DAGs
[2025-06-20T14:52:03.254+0000] {logging_mixin.py:188} INFO - [2025-06-20T14:52:03.254+0000] {dag.py:3954} INFO - Setting next_dagrun for example_python_decorator to None, run_after=None
[2025-06-20T14:52:03.270+0000] {processor.py:183} INFO - Processing /home/airflow/.local/lib/python3.12/site-packages/airflow/example_dags/example_python_decorator.py took 0.071 seconds
[2025-06-20T14:52:34.136+0000] {processor.py:161} INFO - Started process (PID=2135) to work on /home/airflow/.local/lib/python3.12/site-packages/airflow/example_dags/example_python_decorator.py
[2025-06-20T14:52:34.137+0000] {processor.py:830} INFO - Processing file /home/airflow/.local/lib/python3.12/site-packages/airflow/example_dags/example_python_decorator.py for tasks to queue
[2025-06-20T14:52:34.138+0000] {logging_mixin.py:188} INFO - [2025-06-20T14:52:34.138+0000] {dagbag.py:540} INFO - Filling up the DagBag from /home/airflow/.local/lib/python3.12/site-packages/airflow/example_dags/example_python_decorator.py
[2025-06-20T14:52:34.151+0000] {processor.py:840} INFO - DAG(s) 'example_python_decorator' retrieved from /home/airflow/.local/lib/python3.12/site-packages/airflow/example_dags/example_python_decorator.py
[2025-06-20T14:52:34.173+0000] {logging_mixin.py:188} INFO - [2025-06-20T14:52:34.173+0000] {dag.py:3096} INFO - Sync 1 DAGs
[2025-06-20T14:52:34.185+0000] {logging_mixin.py:188} INFO - [2025-06-20T14:52:34.185+0000] {dag.py:3954} INFO - Setting next_dagrun for example_python_decorator to None, run_after=None
[2025-06-20T14:52:34.201+0000] {processor.py:183} INFO - Processing /home/airflow/.local/lib/python3.12/site-packages/airflow/example_dags/example_python_decorator.py took 0.071 seconds
[2025-06-20T14:53:04.319+0000] {processor.py:161} INFO - Started process (PID=2193) to work on /home/airflow/.local/lib/python3.12/site-packages/airflow/example_dags/example_python_decorator.py
[2025-06-20T14:53:04.320+0000] {processor.py:830} INFO - Processing file /home/airflow/.local/lib/python3.12/site-packages/airflow/example_dags/example_python_decorator.py for tasks to queue
[2025-06-20T14:53:04.322+0000] {logging_mixin.py:188} INFO - [2025-06-20T14:53:04.321+0000] {dagbag.py:540} INFO - Filling up the DagBag from /home/airflow/.local/lib/python3.12/site-packages/airflow/example_dags/example_python_decorator.py
[2025-06-20T14:53:04.335+0000] {processor.py:840} INFO - DAG(s) 'example_python_decorator' retrieved from /home/airflow/.local/lib/python3.12/site-packages/airflow/example_dags/example_python_decorator.py
[2025-06-20T14:53:04.357+0000] {logging_mixin.py:188} INFO - [2025-06-20T14:53:04.356+0000] {dag.py:3096} INFO - Sync 1 DAGs
[2025-06-20T14:53:04.369+0000] {logging_mixin.py:188} INFO - [2025-06-20T14:53:04.369+0000] {dag.py:3954} INFO - Setting next_dagrun for example_python_decorator to None, run_after=None
[2025-06-20T14:53:04.385+0000] {processor.py:183} INFO - Processing /home/airflow/.local/lib/python3.12/site-packages/airflow/example_dags/example_python_decorator.py took 0.073 seconds
[2025-06-20T14:53:34.726+0000] {processor.py:161} INFO - Started process (PID=2251) to work on /home/airflow/.local/lib/python3.12/site-packages/airflow/example_dags/example_python_decorator.py
[2025-06-20T14:53:34.727+0000] {processor.py:830} INFO - Processing file /home/airflow/.local/lib/python3.12/site-packages/airflow/example_dags/example_python_decorator.py for tasks to queue
[2025-06-20T14:53:34.729+0000] {logging_mixin.py:188} INFO - [2025-06-20T14:53:34.729+0000] {dagbag.py:540} INFO - Filling up the DagBag from /home/airflow/.local/lib/python3.12/site-packages/airflow/example_dags/example_python_decorator.py
[2025-06-20T14:53:34.743+0000] {processor.py:840} INFO - DAG(s) 'example_python_decorator' retrieved from /home/airflow/.local/lib/python3.12/site-packages/airflow/example_dags/example_python_decorator.py
[2025-06-20T14:53:34.766+0000] {logging_mixin.py:188} INFO - [2025-06-20T14:53:34.766+0000] {dag.py:3096} INFO - Sync 1 DAGs
[2025-06-20T14:53:34.779+0000] {logging_mixin.py:188} INFO - [2025-06-20T14:53:34.779+0000] {dag.py:3954} INFO - Setting next_dagrun for example_python_decorator to None, run_after=None
[2025-06-20T14:53:34.795+0000] {processor.py:183} INFO - Processing /home/airflow/.local/lib/python3.12/site-packages/airflow/example_dags/example_python_decorator.py took 0.075 seconds
[2025-06-20T14:54:05.681+0000] {processor.py:161} INFO - Started process (PID=2309) to work on /home/airflow/.local/lib/python3.12/site-packages/airflow/example_dags/example_python_decorator.py
[2025-06-20T14:54:05.682+0000] {processor.py:830} INFO - Processing file /home/airflow/.local/lib/python3.12/site-packages/airflow/example_dags/example_python_decorator.py for tasks to queue
[2025-06-20T14:54:05.684+0000] {logging_mixin.py:188} INFO - [2025-06-20T14:54:05.684+0000] {dagbag.py:540} INFO - Filling up the DagBag from /home/airflow/.local/lib/python3.12/site-packages/airflow/example_dags/example_python_decorator.py
[2025-06-20T14:54:05.699+0000] {processor.py:840} INFO - DAG(s) 'example_python_decorator' retrieved from /home/airflow/.local/lib/python3.12/site-packages/airflow/example_dags/example_python_decorator.py
[2025-06-20T14:54:05.721+0000] {logging_mixin.py:188} INFO - [2025-06-20T14:54:05.721+0000] {dag.py:3096} INFO - Sync 1 DAGs
[2025-06-20T14:54:05.734+0000] {logging_mixin.py:188} INFO - [2025-06-20T14:54:05.734+0000] {dag.py:3954} INFO - Setting next_dagrun for example_python_decorator to None, run_after=None
[2025-06-20T14:54:05.750+0000] {processor.py:183} INFO - Processing /home/airflow/.local/lib/python3.12/site-packages/airflow/example_dags/example_python_decorator.py took 0.077 seconds
[2025-06-20T14:54:36.661+0000] {processor.py:161} INFO - Started process (PID=2367) to work on /home/airflow/.local/lib/python3.12/site-packages/airflow/example_dags/example_python_decorator.py
[2025-06-20T14:54:36.662+0000] {processor.py:830} INFO - Processing file /home/airflow/.local/lib/python3.12/site-packages/airflow/example_dags/example_python_decorator.py for tasks to queue
[2025-06-20T14:54:36.664+0000] {logging_mixin.py:188} INFO - [2025-06-20T14:54:36.663+0000] {dagbag.py:540} INFO - Filling up the DagBag from /home/airflow/.local/lib/python3.12/site-packages/airflow/example_dags/example_python_decorator.py
[2025-06-20T14:54:36.677+0000] {processor.py:840} INFO - DAG(s) 'example_python_decorator' retrieved from /home/airflow/.local/lib/python3.12/site-packages/airflow/example_dags/example_python_decorator.py
[2025-06-20T14:54:36.698+0000] {logging_mixin.py:188} INFO - [2025-06-20T14:54:36.698+0000] {dag.py:3096} INFO - Sync 1 DAGs
[2025-06-20T14:54:36.710+0000] {logging_mixin.py:188} INFO - [2025-06-20T14:54:36.710+0000] {dag.py:3954} INFO - Setting next_dagrun for example_python_decorator to None, run_after=None
[2025-06-20T14:54:36.726+0000] {processor.py:183} INFO - Processing /home/airflow/.local/lib/python3.12/site-packages/airflow/example_dags/example_python_decorator.py took 0.071 seconds
[2025-06-20T14:55:06.821+0000] {processor.py:161} INFO - Started process (PID=2426) to work on /home/airflow/.local/lib/python3.12/site-packages/airflow/example_dags/example_python_decorator.py
[2025-06-20T14:55:06.822+0000] {processor.py:830} INFO - Processing file /home/airflow/.local/lib/python3.12/site-packages/airflow/example_dags/example_python_decorator.py for tasks to queue
[2025-06-20T14:55:06.823+0000] {logging_mixin.py:188} INFO - [2025-06-20T14:55:06.823+0000] {dagbag.py:540} INFO - Filling up the DagBag from /home/airflow/.local/lib/python3.12/site-packages/airflow/example_dags/example_python_decorator.py
[2025-06-20T14:55:06.836+0000] {processor.py:840} INFO - DAG(s) 'example_python_decorator' retrieved from /home/airflow/.local/lib/python3.12/site-packages/airflow/example_dags/example_python_decorator.py
[2025-06-20T14:55:06.857+0000] {logging_mixin.py:188} INFO - [2025-06-20T14:55:06.857+0000] {dag.py:3096} INFO - Sync 1 DAGs
[2025-06-20T14:55:06.868+0000] {logging_mixin.py:188} INFO - [2025-06-20T14:55:06.868+0000] {dag.py:3954} INFO - Setting next_dagrun for example_python_decorator to None, run_after=None
[2025-06-20T14:55:06.883+0000] {processor.py:183} INFO - Processing /home/airflow/.local/lib/python3.12/site-packages/airflow/example_dags/example_python_decorator.py took 0.069 seconds
[2025-06-20T14:55:37.138+0000] {processor.py:161} INFO - Started process (PID=2485) to work on /home/airflow/.local/lib/python3.12/site-packages/airflow/example_dags/example_python_decorator.py
[2025-06-20T14:55:37.139+0000] {processor.py:830} INFO - Processing file /home/airflow/.local/lib/python3.12/site-packages/airflow/example_dags/example_python_decorator.py for tasks to queue
[2025-06-20T14:55:37.141+0000] {logging_mixin.py:188} INFO - [2025-06-20T14:55:37.140+0000] {dagbag.py:540} INFO - Filling up the DagBag from /home/airflow/.local/lib/python3.12/site-packages/airflow/example_dags/example_python_decorator.py
[2025-06-20T14:55:37.153+0000] {processor.py:840} INFO - DAG(s) 'example_python_decorator' retrieved from /home/airflow/.local/lib/python3.12/site-packages/airflow/example_dags/example_python_decorator.py
[2025-06-20T14:55:37.174+0000] {logging_mixin.py:188} INFO - [2025-06-20T14:55:37.174+0000] {dag.py:3096} INFO - Sync 1 DAGs
[2025-06-20T14:55:37.186+0000] {logging_mixin.py:188} INFO - [2025-06-20T14:55:37.186+0000] {dag.py:3954} INFO - Setting next_dagrun for example_python_decorator to None, run_after=None
[2025-06-20T14:55:37.202+0000] {processor.py:183} INFO - Processing /home/airflow/.local/lib/python3.12/site-packages/airflow/example_dags/example_python_decorator.py took 0.070 seconds
[2025-06-20T14:56:07.550+0000] {processor.py:161} INFO - Started process (PID=2544) to work on /home/airflow/.local/lib/python3.12/site-packages/airflow/example_dags/example_python_decorator.py
[2025-06-20T14:56:07.551+0000] {processor.py:830} INFO - Processing file /home/airflow/.local/lib/python3.12/site-packages/airflow/example_dags/example_python_decorator.py for tasks to queue
[2025-06-20T14:56:07.553+0000] {logging_mixin.py:188} INFO - [2025-06-20T14:56:07.552+0000] {dagbag.py:540} INFO - Filling up the DagBag from /home/airflow/.local/lib/python3.12/site-packages/airflow/example_dags/example_python_decorator.py
[2025-06-20T14:56:07.567+0000] {processor.py:840} INFO - DAG(s) 'example_python_decorator' retrieved from /home/airflow/.local/lib/python3.12/site-packages/airflow/example_dags/example_python_decorator.py
[2025-06-20T14:56:07.593+0000] {logging_mixin.py:188} INFO - [2025-06-20T14:56:07.592+0000] {dag.py:3096} INFO - Sync 1 DAGs
[2025-06-20T14:56:07.609+0000] {logging_mixin.py:188} INFO - [2025-06-20T14:56:07.609+0000] {dag.py:3954} INFO - Setting next_dagrun for example_python_decorator to None, run_after=None
[2025-06-20T14:56:07.625+0000] {processor.py:183} INFO - Processing /home/airflow/.local/lib/python3.12/site-packages/airflow/example_dags/example_python_decorator.py took 0.082 seconds
[2025-06-20T14:56:37.676+0000] {processor.py:161} INFO - Started process (PID=2603) to work on /home/airflow/.local/lib/python3.12/site-packages/airflow/example_dags/example_python_decorator.py
[2025-06-20T14:56:37.677+0000] {processor.py:830} INFO - Processing file /home/airflow/.local/lib/python3.12/site-packages/airflow/example_dags/example_python_decorator.py for tasks to queue
[2025-06-20T14:56:37.679+0000] {logging_mixin.py:188} INFO - [2025-06-20T14:56:37.679+0000] {dagbag.py:540} INFO - Filling up the DagBag from /home/airflow/.local/lib/python3.12/site-packages/airflow/example_dags/example_python_decorator.py
[2025-06-20T14:56:37.692+0000] {processor.py:840} INFO - DAG(s) 'example_python_decorator' retrieved from /home/airflow/.local/lib/python3.12/site-packages/airflow/example_dags/example_python_decorator.py
[2025-06-20T14:56:37.713+0000] {logging_mixin.py:188} INFO - [2025-06-20T14:56:37.712+0000] {dag.py:3096} INFO - Sync 1 DAGs
[2025-06-20T14:56:37.724+0000] {logging_mixin.py:188} INFO - [2025-06-20T14:56:37.724+0000] {dag.py:3954} INFO - Setting next_dagrun for example_python_decorator to None, run_after=None
[2025-06-20T14:56:37.740+0000] {processor.py:183} INFO - Processing /home/airflow/.local/lib/python3.12/site-packages/airflow/example_dags/example_python_decorator.py took 0.070 seconds
[2025-06-20T14:57:07.963+0000] {processor.py:161} INFO - Started process (PID=2662) to work on /home/airflow/.local/lib/python3.12/site-packages/airflow/example_dags/example_python_decorator.py
[2025-06-20T14:57:07.963+0000] {processor.py:830} INFO - Processing file /home/airflow/.local/lib/python3.12/site-packages/airflow/example_dags/example_python_decorator.py for tasks to queue
[2025-06-20T14:57:07.965+0000] {logging_mixin.py:188} INFO - [2025-06-20T14:57:07.965+0000] {dagbag.py:540} INFO - Filling up the DagBag from /home/airflow/.local/lib/python3.12/site-packages/airflow/example_dags/example_python_decorator.py
[2025-06-20T14:57:07.978+0000] {processor.py:840} INFO - DAG(s) 'example_python_decorator' retrieved from /home/airflow/.local/lib/python3.12/site-packages/airflow/example_dags/example_python_decorator.py
[2025-06-20T14:57:07.998+0000] {logging_mixin.py:188} INFO - [2025-06-20T14:57:07.998+0000] {dag.py:3096} INFO - Sync 1 DAGs
[2025-06-20T14:57:08.009+0000] {logging_mixin.py:188} INFO - [2025-06-20T14:57:08.009+0000] {dag.py:3954} INFO - Setting next_dagrun for example_python_decorator to None, run_after=None
[2025-06-20T14:57:08.024+0000] {processor.py:183} INFO - Processing /home/airflow/.local/lib/python3.12/site-packages/airflow/example_dags/example_python_decorator.py took 0.068 seconds
[2025-06-20T14:57:38.202+0000] {processor.py:161} INFO - Started process (PID=2721) to work on /home/airflow/.local/lib/python3.12/site-packages/airflow/example_dags/example_python_decorator.py
[2025-06-20T14:57:38.203+0000] {processor.py:830} INFO - Processing file /home/airflow/.local/lib/python3.12/site-packages/airflow/example_dags/example_python_decorator.py for tasks to queue
[2025-06-20T14:57:38.205+0000] {logging_mixin.py:188} INFO - [2025-06-20T14:57:38.205+0000] {dagbag.py:540} INFO - Filling up the DagBag from /home/airflow/.local/lib/python3.12/site-packages/airflow/example_dags/example_python_decorator.py
[2025-06-20T14:57:38.219+0000] {processor.py:840} INFO - DAG(s) 'example_python_decorator' retrieved from /home/airflow/.local/lib/python3.12/site-packages/airflow/example_dags/example_python_decorator.py
[2025-06-20T14:57:38.241+0000] {logging_mixin.py:188} INFO - [2025-06-20T14:57:38.240+0000] {dag.py:3096} INFO - Sync 1 DAGs
[2025-06-20T14:57:38.252+0000] {logging_mixin.py:188} INFO - [2025-06-20T14:57:38.252+0000] {dag.py:3954} INFO - Setting next_dagrun for example_python_decorator to None, run_after=None
[2025-06-20T14:57:38.268+0000] {processor.py:183} INFO - Processing /home/airflow/.local/lib/python3.12/site-packages/airflow/example_dags/example_python_decorator.py took 0.072 seconds
[2025-06-20T14:58:08.339+0000] {processor.py:161} INFO - Started process (PID=2780) to work on /home/airflow/.local/lib/python3.12/site-packages/airflow/example_dags/example_python_decorator.py
[2025-06-20T14:58:08.340+0000] {processor.py:830} INFO - Processing file /home/airflow/.local/lib/python3.12/site-packages/airflow/example_dags/example_python_decorator.py for tasks to queue
[2025-06-20T14:58:08.342+0000] {logging_mixin.py:188} INFO - [2025-06-20T14:58:08.341+0000] {dagbag.py:540} INFO - Filling up the DagBag from /home/airflow/.local/lib/python3.12/site-packages/airflow/example_dags/example_python_decorator.py
[2025-06-20T14:58:08.355+0000] {processor.py:840} INFO - DAG(s) 'example_python_decorator' retrieved from /home/airflow/.local/lib/python3.12/site-packages/airflow/example_dags/example_python_decorator.py
[2025-06-20T14:58:08.378+0000] {logging_mixin.py:188} INFO - [2025-06-20T14:58:08.378+0000] {dag.py:3096} INFO - Sync 1 DAGs
[2025-06-20T14:58:08.391+0000] {logging_mixin.py:188} INFO - [2025-06-20T14:58:08.391+0000] {dag.py:3954} INFO - Setting next_dagrun for example_python_decorator to None, run_after=None
[2025-06-20T14:58:08.408+0000] {processor.py:183} INFO - Processing /home/airflow/.local/lib/python3.12/site-packages/airflow/example_dags/example_python_decorator.py took 0.076 seconds
[2025-06-20T14:58:38.469+0000] {processor.py:161} INFO - Started process (PID=2839) to work on /home/airflow/.local/lib/python3.12/site-packages/airflow/example_dags/example_python_decorator.py
[2025-06-20T14:58:38.470+0000] {processor.py:830} INFO - Processing file /home/airflow/.local/lib/python3.12/site-packages/airflow/example_dags/example_python_decorator.py for tasks to queue
[2025-06-20T14:58:38.472+0000] {logging_mixin.py:188} INFO - [2025-06-20T14:58:38.472+0000] {dagbag.py:540} INFO - Filling up the DagBag from /home/airflow/.local/lib/python3.12/site-packages/airflow/example_dags/example_python_decorator.py
[2025-06-20T14:58:38.487+0000] {processor.py:840} INFO - DAG(s) 'example_python_decorator' retrieved from /home/airflow/.local/lib/python3.12/site-packages/airflow/example_dags/example_python_decorator.py
[2025-06-20T14:58:38.510+0000] {logging_mixin.py:188} INFO - [2025-06-20T14:58:38.510+0000] {dag.py:3096} INFO - Sync 1 DAGs
[2025-06-20T14:58:38.523+0000] {logging_mixin.py:188} INFO - [2025-06-20T14:58:38.523+0000] {dag.py:3954} INFO - Setting next_dagrun for example_python_decorator to None, run_after=None
[2025-06-20T14:58:38.540+0000] {processor.py:183} INFO - Processing /home/airflow/.local/lib/python3.12/site-packages/airflow/example_dags/example_python_decorator.py took 0.077 seconds
[2025-06-20T14:59:08.867+0000] {processor.py:161} INFO - Started process (PID=2898) to work on /home/airflow/.local/lib/python3.12/site-packages/airflow/example_dags/example_python_decorator.py
[2025-06-20T14:59:08.868+0000] {processor.py:830} INFO - Processing file /home/airflow/.local/lib/python3.12/site-packages/airflow/example_dags/example_python_decorator.py for tasks to queue
[2025-06-20T14:59:08.870+0000] {logging_mixin.py:188} INFO - [2025-06-20T14:59:08.869+0000] {dagbag.py:540} INFO - Filling up the DagBag from /home/airflow/.local/lib/python3.12/site-packages/airflow/example_dags/example_python_decorator.py
[2025-06-20T14:59:08.882+0000] {processor.py:840} INFO - DAG(s) 'example_python_decorator' retrieved from /home/airflow/.local/lib/python3.12/site-packages/airflow/example_dags/example_python_decorator.py
[2025-06-20T14:59:08.904+0000] {logging_mixin.py:188} INFO - [2025-06-20T14:59:08.903+0000] {dag.py:3096} INFO - Sync 1 DAGs
[2025-06-20T14:59:08.917+0000] {logging_mixin.py:188} INFO - [2025-06-20T14:59:08.917+0000] {dag.py:3954} INFO - Setting next_dagrun for example_python_decorator to None, run_after=None
[2025-06-20T14:59:08.932+0000] {processor.py:183} INFO - Processing /home/airflow/.local/lib/python3.12/site-packages/airflow/example_dags/example_python_decorator.py took 0.072 seconds
[2025-06-20T14:59:39.156+0000] {processor.py:161} INFO - Started process (PID=2957) to work on /home/airflow/.local/lib/python3.12/site-packages/airflow/example_dags/example_python_decorator.py
[2025-06-20T14:59:39.157+0000] {processor.py:830} INFO - Processing file /home/airflow/.local/lib/python3.12/site-packages/airflow/example_dags/example_python_decorator.py for tasks to queue
[2025-06-20T14:59:39.158+0000] {logging_mixin.py:188} INFO - [2025-06-20T14:59:39.158+0000] {dagbag.py:540} INFO - Filling up the DagBag from /home/airflow/.local/lib/python3.12/site-packages/airflow/example_dags/example_python_decorator.py
[2025-06-20T14:59:39.172+0000] {processor.py:840} INFO - DAG(s) 'example_python_decorator' retrieved from /home/airflow/.local/lib/python3.12/site-packages/airflow/example_dags/example_python_decorator.py
[2025-06-20T14:59:39.196+0000] {logging_mixin.py:188} INFO - [2025-06-20T14:59:39.196+0000] {dag.py:3096} INFO - Sync 1 DAGs
[2025-06-20T14:59:39.209+0000] {logging_mixin.py:188} INFO - [2025-06-20T14:59:39.208+0000] {dag.py:3954} INFO - Setting next_dagrun for example_python_decorator to None, run_after=None
[2025-06-20T14:59:39.227+0000] {processor.py:183} INFO - Processing /home/airflow/.local/lib/python3.12/site-packages/airflow/example_dags/example_python_decorator.py took 0.078 seconds
[2025-06-20T15:00:09.594+0000] {processor.py:161} INFO - Started process (PID=3016) to work on /home/airflow/.local/lib/python3.12/site-packages/airflow/example_dags/example_python_decorator.py
[2025-06-20T15:00:09.595+0000] {processor.py:830} INFO - Processing file /home/airflow/.local/lib/python3.12/site-packages/airflow/example_dags/example_python_decorator.py for tasks to queue
[2025-06-20T15:00:09.597+0000] {logging_mixin.py:188} INFO - [2025-06-20T15:00:09.597+0000] {dagbag.py:540} INFO - Filling up the DagBag from /home/airflow/.local/lib/python3.12/site-packages/airflow/example_dags/example_python_decorator.py
[2025-06-20T15:00:09.610+0000] {processor.py:840} INFO - DAG(s) 'example_python_decorator' retrieved from /home/airflow/.local/lib/python3.12/site-packages/airflow/example_dags/example_python_decorator.py
[2025-06-20T15:00:09.631+0000] {logging_mixin.py:188} INFO - [2025-06-20T15:00:09.631+0000] {dag.py:3096} INFO - Sync 1 DAGs
[2025-06-20T15:00:09.643+0000] {logging_mixin.py:188} INFO - [2025-06-20T15:00:09.643+0000] {dag.py:3954} INFO - Setting next_dagrun for example_python_decorator to None, run_after=None
[2025-06-20T15:00:09.659+0000] {processor.py:183} INFO - Processing /home/airflow/.local/lib/python3.12/site-packages/airflow/example_dags/example_python_decorator.py took 0.071 seconds
[2025-06-20T15:00:39.950+0000] {processor.py:161} INFO - Started process (PID=3075) to work on /home/airflow/.local/lib/python3.12/site-packages/airflow/example_dags/example_python_decorator.py
[2025-06-20T15:00:39.951+0000] {processor.py:830} INFO - Processing file /home/airflow/.local/lib/python3.12/site-packages/airflow/example_dags/example_python_decorator.py for tasks to queue
[2025-06-20T15:00:39.953+0000] {logging_mixin.py:188} INFO - [2025-06-20T15:00:39.952+0000] {dagbag.py:540} INFO - Filling up the DagBag from /home/airflow/.local/lib/python3.12/site-packages/airflow/example_dags/example_python_decorator.py
[2025-06-20T15:00:39.967+0000] {processor.py:840} INFO - DAG(s) 'example_python_decorator' retrieved from /home/airflow/.local/lib/python3.12/site-packages/airflow/example_dags/example_python_decorator.py
[2025-06-20T15:00:39.991+0000] {logging_mixin.py:188} INFO - [2025-06-20T15:00:39.991+0000] {dag.py:3096} INFO - Sync 1 DAGs
[2025-06-20T15:00:40.004+0000] {logging_mixin.py:188} INFO - [2025-06-20T15:00:40.004+0000] {dag.py:3954} INFO - Setting next_dagrun for example_python_decorator to None, run_after=None
[2025-06-20T15:00:40.022+0000] {processor.py:183} INFO - Processing /home/airflow/.local/lib/python3.12/site-packages/airflow/example_dags/example_python_decorator.py took 0.080 seconds
[2025-06-20T15:01:10.885+0000] {processor.py:161} INFO - Started process (PID=3132) to work on /home/airflow/.local/lib/python3.12/site-packages/airflow/example_dags/example_python_decorator.py
[2025-06-20T15:01:10.886+0000] {processor.py:830} INFO - Processing file /home/airflow/.local/lib/python3.12/site-packages/airflow/example_dags/example_python_decorator.py for tasks to queue
[2025-06-20T15:01:10.888+0000] {logging_mixin.py:188} INFO - [2025-06-20T15:01:10.887+0000] {dagbag.py:540} INFO - Filling up the DagBag from /home/airflow/.local/lib/python3.12/site-packages/airflow/example_dags/example_python_decorator.py
[2025-06-20T15:01:10.901+0000] {processor.py:840} INFO - DAG(s) 'example_python_decorator' retrieved from /home/airflow/.local/lib/python3.12/site-packages/airflow/example_dags/example_python_decorator.py
[2025-06-20T15:01:10.923+0000] {logging_mixin.py:188} INFO - [2025-06-20T15:01:10.922+0000] {dag.py:3096} INFO - Sync 1 DAGs
[2025-06-20T15:01:10.934+0000] {logging_mixin.py:188} INFO - [2025-06-20T15:01:10.934+0000] {dag.py:3954} INFO - Setting next_dagrun for example_python_decorator to None, run_after=None
[2025-06-20T15:01:10.951+0000] {processor.py:183} INFO - Processing /home/airflow/.local/lib/python3.12/site-packages/airflow/example_dags/example_python_decorator.py took 0.072 seconds
[2025-06-20T15:01:41.067+0000] {processor.py:161} INFO - Started process (PID=3191) to work on /home/airflow/.local/lib/python3.12/site-packages/airflow/example_dags/example_python_decorator.py
[2025-06-20T15:01:41.068+0000] {processor.py:830} INFO - Processing file /home/airflow/.local/lib/python3.12/site-packages/airflow/example_dags/example_python_decorator.py for tasks to queue
[2025-06-20T15:01:41.070+0000] {logging_mixin.py:188} INFO - [2025-06-20T15:01:41.069+0000] {dagbag.py:540} INFO - Filling up the DagBag from /home/airflow/.local/lib/python3.12/site-packages/airflow/example_dags/example_python_decorator.py
[2025-06-20T15:01:41.085+0000] {processor.py:840} INFO - DAG(s) 'example_python_decorator' retrieved from /home/airflow/.local/lib/python3.12/site-packages/airflow/example_dags/example_python_decorator.py
[2025-06-20T15:01:41.107+0000] {logging_mixin.py:188} INFO - [2025-06-20T15:01:41.106+0000] {dag.py:3096} INFO - Sync 1 DAGs
[2025-06-20T15:01:41.119+0000] {logging_mixin.py:188} INFO - [2025-06-20T15:01:41.119+0000] {dag.py:3954} INFO - Setting next_dagrun for example_python_decorator to None, run_after=None
[2025-06-20T15:01:41.137+0000] {processor.py:183} INFO - Processing /home/airflow/.local/lib/python3.12/site-packages/airflow/example_dags/example_python_decorator.py took 0.076 seconds
[2025-06-20T15:02:11.769+0000] {processor.py:161} INFO - Started process (PID=3250) to work on /home/airflow/.local/lib/python3.12/site-packages/airflow/example_dags/example_python_decorator.py
[2025-06-20T15:02:11.770+0000] {processor.py:830} INFO - Processing file /home/airflow/.local/lib/python3.12/site-packages/airflow/example_dags/example_python_decorator.py for tasks to queue
[2025-06-20T15:02:11.772+0000] {logging_mixin.py:188} INFO - [2025-06-20T15:02:11.771+0000] {dagbag.py:540} INFO - Filling up the DagBag from /home/airflow/.local/lib/python3.12/site-packages/airflow/example_dags/example_python_decorator.py
[2025-06-20T15:02:11.784+0000] {processor.py:840} INFO - DAG(s) 'example_python_decorator' retrieved from /home/airflow/.local/lib/python3.12/site-packages/airflow/example_dags/example_python_decorator.py
[2025-06-20T15:02:11.805+0000] {logging_mixin.py:188} INFO - [2025-06-20T15:02:11.805+0000] {dag.py:3096} INFO - Sync 1 DAGs
[2025-06-20T15:02:11.817+0000] {logging_mixin.py:188} INFO - [2025-06-20T15:02:11.816+0000] {dag.py:3954} INFO - Setting next_dagrun for example_python_decorator to None, run_after=None
[2025-06-20T15:02:11.832+0000] {processor.py:183} INFO - Processing /home/airflow/.local/lib/python3.12/site-packages/airflow/example_dags/example_python_decorator.py took 0.069 seconds
[2025-06-20T15:02:42.433+0000] {processor.py:161} INFO - Started process (PID=3309) to work on /home/airflow/.local/lib/python3.12/site-packages/airflow/example_dags/example_python_decorator.py
[2025-06-20T15:02:42.434+0000] {processor.py:830} INFO - Processing file /home/airflow/.local/lib/python3.12/site-packages/airflow/example_dags/example_python_decorator.py for tasks to queue
[2025-06-20T15:02:42.436+0000] {logging_mixin.py:188} INFO - [2025-06-20T15:02:42.436+0000] {dagbag.py:540} INFO - Filling up the DagBag from /home/airflow/.local/lib/python3.12/site-packages/airflow/example_dags/example_python_decorator.py
[2025-06-20T15:02:42.450+0000] {processor.py:840} INFO - DAG(s) 'example_python_decorator' retrieved from /home/airflow/.local/lib/python3.12/site-packages/airflow/example_dags/example_python_decorator.py
[2025-06-20T15:02:42.473+0000] {logging_mixin.py:188} INFO - [2025-06-20T15:02:42.472+0000] {dag.py:3096} INFO - Sync 1 DAGs
[2025-06-20T15:02:42.485+0000] {logging_mixin.py:188} INFO - [2025-06-20T15:02:42.485+0000] {dag.py:3954} INFO - Setting next_dagrun for example_python_decorator to None, run_after=None
[2025-06-20T15:02:42.502+0000] {processor.py:183} INFO - Processing /home/airflow/.local/lib/python3.12/site-packages/airflow/example_dags/example_python_decorator.py took 0.075 seconds
[2025-06-20T15:03:13.092+0000] {processor.py:161} INFO - Started process (PID=3368) to work on /home/airflow/.local/lib/python3.12/site-packages/airflow/example_dags/example_python_decorator.py
[2025-06-20T15:03:13.093+0000] {processor.py:830} INFO - Processing file /home/airflow/.local/lib/python3.12/site-packages/airflow/example_dags/example_python_decorator.py for tasks to queue
[2025-06-20T15:03:13.095+0000] {logging_mixin.py:188} INFO - [2025-06-20T15:03:13.094+0000] {dagbag.py:540} INFO - Filling up the DagBag from /home/airflow/.local/lib/python3.12/site-packages/airflow/example_dags/example_python_decorator.py
[2025-06-20T15:03:13.108+0000] {processor.py:840} INFO - DAG(s) 'example_python_decorator' retrieved from /home/airflow/.local/lib/python3.12/site-packages/airflow/example_dags/example_python_decorator.py
[2025-06-20T15:03:13.130+0000] {logging_mixin.py:188} INFO - [2025-06-20T15:03:13.130+0000] {dag.py:3096} INFO - Sync 1 DAGs
[2025-06-20T15:03:13.142+0000] {logging_mixin.py:188} INFO - [2025-06-20T15:03:13.142+0000] {dag.py:3954} INFO - Setting next_dagrun for example_python_decorator to None, run_after=None
[2025-06-20T15:03:13.159+0000] {processor.py:183} INFO - Processing /home/airflow/.local/lib/python3.12/site-packages/airflow/example_dags/example_python_decorator.py took 0.073 seconds
[2025-06-20T15:03:43.986+0000] {processor.py:161} INFO - Started process (PID=3427) to work on /home/airflow/.local/lib/python3.12/site-packages/airflow/example_dags/example_python_decorator.py
[2025-06-20T15:03:43.987+0000] {processor.py:830} INFO - Processing file /home/airflow/.local/lib/python3.12/site-packages/airflow/example_dags/example_python_decorator.py for tasks to queue
[2025-06-20T15:03:43.989+0000] {logging_mixin.py:188} INFO - [2025-06-20T15:03:43.988+0000] {dagbag.py:540} INFO - Filling up the DagBag from /home/airflow/.local/lib/python3.12/site-packages/airflow/example_dags/example_python_decorator.py
[2025-06-20T15:03:44.003+0000] {processor.py:840} INFO - DAG(s) 'example_python_decorator' retrieved from /home/airflow/.local/lib/python3.12/site-packages/airflow/example_dags/example_python_decorator.py
[2025-06-20T15:03:44.025+0000] {logging_mixin.py:188} INFO - [2025-06-20T15:03:44.025+0000] {dag.py:3096} INFO - Sync 1 DAGs
[2025-06-20T15:03:44.038+0000] {logging_mixin.py:188} INFO - [2025-06-20T15:03:44.038+0000] {dag.py:3954} INFO - Setting next_dagrun for example_python_decorator to None, run_after=None
[2025-06-20T15:03:44.056+0000] {processor.py:183} INFO - Processing /home/airflow/.local/lib/python3.12/site-packages/airflow/example_dags/example_python_decorator.py took 0.077 seconds
[2025-06-20T15:04:14.351+0000] {processor.py:161} INFO - Started process (PID=3486) to work on /home/airflow/.local/lib/python3.12/site-packages/airflow/example_dags/example_python_decorator.py
[2025-06-20T15:04:14.352+0000] {processor.py:830} INFO - Processing file /home/airflow/.local/lib/python3.12/site-packages/airflow/example_dags/example_python_decorator.py for tasks to queue
[2025-06-20T15:04:14.354+0000] {logging_mixin.py:188} INFO - [2025-06-20T15:04:14.354+0000] {dagbag.py:540} INFO - Filling up the DagBag from /home/airflow/.local/lib/python3.12/site-packages/airflow/example_dags/example_python_decorator.py
[2025-06-20T15:04:14.367+0000] {processor.py:840} INFO - DAG(s) 'example_python_decorator' retrieved from /home/airflow/.local/lib/python3.12/site-packages/airflow/example_dags/example_python_decorator.py
[2025-06-20T15:04:14.389+0000] {logging_mixin.py:188} INFO - [2025-06-20T15:04:14.389+0000] {dag.py:3096} INFO - Sync 1 DAGs
[2025-06-20T15:04:14.401+0000] {logging_mixin.py:188} INFO - [2025-06-20T15:04:14.401+0000] {dag.py:3954} INFO - Setting next_dagrun for example_python_decorator to None, run_after=None
[2025-06-20T15:04:14.417+0000] {processor.py:183} INFO - Processing /home/airflow/.local/lib/python3.12/site-packages/airflow/example_dags/example_python_decorator.py took 0.071 seconds
[2025-06-20T15:04:45.091+0000] {processor.py:161} INFO - Started process (PID=3545) to work on /home/airflow/.local/lib/python3.12/site-packages/airflow/example_dags/example_python_decorator.py
[2025-06-20T15:04:45.092+0000] {processor.py:830} INFO - Processing file /home/airflow/.local/lib/python3.12/site-packages/airflow/example_dags/example_python_decorator.py for tasks to queue
[2025-06-20T15:04:45.094+0000] {logging_mixin.py:188} INFO - [2025-06-20T15:04:45.094+0000] {dagbag.py:540} INFO - Filling up the DagBag from /home/airflow/.local/lib/python3.12/site-packages/airflow/example_dags/example_python_decorator.py
[2025-06-20T15:04:45.110+0000] {processor.py:840} INFO - DAG(s) 'example_python_decorator' retrieved from /home/airflow/.local/lib/python3.12/site-packages/airflow/example_dags/example_python_decorator.py
[2025-06-20T15:04:45.134+0000] {logging_mixin.py:188} INFO - [2025-06-20T15:04:45.134+0000] {dag.py:3096} INFO - Sync 1 DAGs
[2025-06-20T15:04:45.148+0000] {logging_mixin.py:188} INFO - [2025-06-20T15:04:45.147+0000] {dag.py:3954} INFO - Setting next_dagrun for example_python_decorator to None, run_after=None
[2025-06-20T15:04:45.165+0000] {processor.py:183} INFO - Processing /home/airflow/.local/lib/python3.12/site-packages/airflow/example_dags/example_python_decorator.py took 0.082 seconds
[2025-06-20T15:05:15.358+0000] {processor.py:161} INFO - Started process (PID=3604) to work on /home/airflow/.local/lib/python3.12/site-packages/airflow/example_dags/example_python_decorator.py
[2025-06-20T15:05:15.359+0000] {processor.py:830} INFO - Processing file /home/airflow/.local/lib/python3.12/site-packages/airflow/example_dags/example_python_decorator.py for tasks to queue
[2025-06-20T15:05:15.361+0000] {logging_mixin.py:188} INFO - [2025-06-20T15:05:15.361+0000] {dagbag.py:540} INFO - Filling up the DagBag from /home/airflow/.local/lib/python3.12/site-packages/airflow/example_dags/example_python_decorator.py
[2025-06-20T15:05:15.376+0000] {processor.py:840} INFO - DAG(s) 'example_python_decorator' retrieved from /home/airflow/.local/lib/python3.12/site-packages/airflow/example_dags/example_python_decorator.py
[2025-06-20T15:05:15.406+0000] {logging_mixin.py:188} INFO - [2025-06-20T15:05:15.405+0000] {dag.py:3096} INFO - Sync 1 DAGs
[2025-06-20T15:05:15.423+0000] {logging_mixin.py:188} INFO - [2025-06-20T15:05:15.422+0000] {dag.py:3954} INFO - Setting next_dagrun for example_python_decorator to None, run_after=None
[2025-06-20T15:05:15.444+0000] {processor.py:183} INFO - Processing /home/airflow/.local/lib/python3.12/site-packages/airflow/example_dags/example_python_decorator.py took 0.094 seconds
[2025-06-20T15:05:45.564+0000] {processor.py:161} INFO - Started process (PID=3663) to work on /home/airflow/.local/lib/python3.12/site-packages/airflow/example_dags/example_python_decorator.py
[2025-06-20T15:05:45.565+0000] {processor.py:830} INFO - Processing file /home/airflow/.local/lib/python3.12/site-packages/airflow/example_dags/example_python_decorator.py for tasks to queue
[2025-06-20T15:05:45.567+0000] {logging_mixin.py:188} INFO - [2025-06-20T15:05:45.567+0000] {dagbag.py:540} INFO - Filling up the DagBag from /home/airflow/.local/lib/python3.12/site-packages/airflow/example_dags/example_python_decorator.py
[2025-06-20T15:05:45.581+0000] {processor.py:840} INFO - DAG(s) 'example_python_decorator' retrieved from /home/airflow/.local/lib/python3.12/site-packages/airflow/example_dags/example_python_decorator.py
[2025-06-20T15:05:45.605+0000] {logging_mixin.py:188} INFO - [2025-06-20T15:05:45.604+0000] {dag.py:3096} INFO - Sync 1 DAGs
[2025-06-20T15:05:45.617+0000] {logging_mixin.py:188} INFO - [2025-06-20T15:05:45.617+0000] {dag.py:3954} INFO - Setting next_dagrun for example_python_decorator to None, run_after=None
[2025-06-20T15:05:45.635+0000] {processor.py:183} INFO - Processing /home/airflow/.local/lib/python3.12/site-packages/airflow/example_dags/example_python_decorator.py took 0.080 seconds
[2025-06-20T15:06:15.899+0000] {processor.py:161} INFO - Started process (PID=3722) to work on /home/airflow/.local/lib/python3.12/site-packages/airflow/example_dags/example_python_decorator.py
[2025-06-20T15:06:15.900+0000] {processor.py:830} INFO - Processing file /home/airflow/.local/lib/python3.12/site-packages/airflow/example_dags/example_python_decorator.py for tasks to queue
[2025-06-20T15:06:15.902+0000] {logging_mixin.py:188} INFO - [2025-06-20T15:06:15.902+0000] {dagbag.py:540} INFO - Filling up the DagBag from /home/airflow/.local/lib/python3.12/site-packages/airflow/example_dags/example_python_decorator.py
[2025-06-20T15:06:15.918+0000] {processor.py:840} INFO - DAG(s) 'example_python_decorator' retrieved from /home/airflow/.local/lib/python3.12/site-packages/airflow/example_dags/example_python_decorator.py
[2025-06-20T15:06:15.941+0000] {logging_mixin.py:188} INFO - [2025-06-20T15:06:15.941+0000] {dag.py:3096} INFO - Sync 1 DAGs
[2025-06-20T15:06:15.954+0000] {logging_mixin.py:188} INFO - [2025-06-20T15:06:15.954+0000] {dag.py:3954} INFO - Setting next_dagrun for example_python_decorator to None, run_after=None
[2025-06-20T15:06:15.970+0000] {processor.py:183} INFO - Processing /home/airflow/.local/lib/python3.12/site-packages/airflow/example_dags/example_python_decorator.py took 0.077 seconds
[2025-06-20T15:06:46.222+0000] {processor.py:161} INFO - Started process (PID=3781) to work on /home/airflow/.local/lib/python3.12/site-packages/airflow/example_dags/example_python_decorator.py
[2025-06-20T15:06:46.223+0000] {processor.py:830} INFO - Processing file /home/airflow/.local/lib/python3.12/site-packages/airflow/example_dags/example_python_decorator.py for tasks to queue
[2025-06-20T15:06:46.225+0000] {logging_mixin.py:188} INFO - [2025-06-20T15:06:46.225+0000] {dagbag.py:540} INFO - Filling up the DagBag from /home/airflow/.local/lib/python3.12/site-packages/airflow/example_dags/example_python_decorator.py
[2025-06-20T15:06:46.238+0000] {processor.py:840} INFO - DAG(s) 'example_python_decorator' retrieved from /home/airflow/.local/lib/python3.12/site-packages/airflow/example_dags/example_python_decorator.py
[2025-06-20T15:06:46.260+0000] {logging_mixin.py:188} INFO - [2025-06-20T15:06:46.260+0000] {dag.py:3096} INFO - Sync 1 DAGs
[2025-06-20T15:06:46.272+0000] {logging_mixin.py:188} INFO - [2025-06-20T15:06:46.272+0000] {dag.py:3954} INFO - Setting next_dagrun for example_python_decorator to None, run_after=None
[2025-06-20T15:06:46.288+0000] {processor.py:183} INFO - Processing /home/airflow/.local/lib/python3.12/site-packages/airflow/example_dags/example_python_decorator.py took 0.072 seconds
[2025-06-20T15:07:16.572+0000] {processor.py:161} INFO - Started process (PID=3840) to work on /home/airflow/.local/lib/python3.12/site-packages/airflow/example_dags/example_python_decorator.py
[2025-06-20T15:07:16.573+0000] {processor.py:830} INFO - Processing file /home/airflow/.local/lib/python3.12/site-packages/airflow/example_dags/example_python_decorator.py for tasks to queue
[2025-06-20T15:07:16.575+0000] {logging_mixin.py:188} INFO - [2025-06-20T15:07:16.575+0000] {dagbag.py:540} INFO - Filling up the DagBag from /home/airflow/.local/lib/python3.12/site-packages/airflow/example_dags/example_python_decorator.py
[2025-06-20T15:07:16.588+0000] {processor.py:840} INFO - DAG(s) 'example_python_decorator' retrieved from /home/airflow/.local/lib/python3.12/site-packages/airflow/example_dags/example_python_decorator.py
[2025-06-20T15:07:16.610+0000] {logging_mixin.py:188} INFO - [2025-06-20T15:07:16.610+0000] {dag.py:3096} INFO - Sync 1 DAGs
[2025-06-20T15:07:16.621+0000] {logging_mixin.py:188} INFO - [2025-06-20T15:07:16.621+0000] {dag.py:3954} INFO - Setting next_dagrun for example_python_decorator to None, run_after=None
[2025-06-20T15:07:16.638+0000] {processor.py:183} INFO - Processing /home/airflow/.local/lib/python3.12/site-packages/airflow/example_dags/example_python_decorator.py took 0.072 seconds
