[2025-06-20T14:37:11.744+0000] {local_task_job_runner.py:120} INFO - ::group::Pre task execution logs
[2025-06-20T14:37:11.773+0000] {taskinstance.py:2073} INFO - Dependencies all met for dep_context=non-requeueable deps ti=<TaskInstance: example_bash_operator.runme_1 scheduled__2025-06-19T00:00:00+00:00 [queued]>
[2025-06-20T14:37:11.786+0000] {taskinstance.py:2073} INFO - Dependencies all met for dep_context=requeueable deps ti=<TaskInstance: example_bash_operator.runme_1 scheduled__2025-06-19T00:00:00+00:00 [queued]>
[2025-06-20T14:37:11.787+0000] {taskinstance.py:2303} INFO - Starting attempt 1 of 1
[2025-06-20T14:37:11.802+0000] {taskinstance.py:2327} INFO - Executing <Task(BashOperator): runme_1> on 2025-06-19 00:00:00+00:00
[2025-06-20T14:37:11.814+0000] {warnings.py:110} WARNING - /home/***/.local/lib/python3.12/site-packages/***/task/task_runner/standard_task_runner.py:61: DeprecationWarning: This process (pid=101) is multi-threaded, use of fork() may lead to deadlocks in the child.
  pid = os.fork()

[2025-06-20T14:37:11.817+0000] {standard_task_runner.py:63} INFO - Started process 119 to run task
[2025-06-20T14:37:11.817+0000] {standard_task_runner.py:90} INFO - Running: ['***', 'tasks', 'run', 'example_bash_operator', 'runme_1', 'scheduled__2025-06-19T00:00:00+00:00', '--job-id', '3', '--raw', '--subdir', '/home/***/.local/lib/python3.12/site-packages/***/example_dags/example_bash_operator.py', '--cfg-path', '/tmp/tmp_3fke02f']
[2025-06-20T14:37:11.825+0000] {standard_task_runner.py:91} INFO - Job 3: Subtask runme_1
[2025-06-20T14:37:11.900+0000] {task_command.py:426} INFO - Running <TaskInstance: example_bash_operator.runme_1 scheduled__2025-06-19T00:00:00+00:00 [running]> on host 87470d602e6b
[2025-06-20T14:37:12.014+0000] {taskinstance.py:2644} INFO - Exporting env vars: AIRFLOW_CTX_DAG_OWNER='***' AIRFLOW_CTX_DAG_ID='example_bash_operator' AIRFLOW_CTX_TASK_ID='runme_1' AIRFLOW_CTX_EXECUTION_DATE='2025-06-19T00:00:00+00:00' AIRFLOW_CTX_TRY_NUMBER='1' AIRFLOW_CTX_DAG_RUN_ID='scheduled__2025-06-19T00:00:00+00:00'
[2025-06-20T14:37:12.017+0000] {taskinstance.py:430} INFO - ::endgroup::
[2025-06-20T14:37:12.018+0000] {subprocess.py:63} INFO - Tmp dir root location: /tmp
[2025-06-20T14:37:12.020+0000] {subprocess.py:75} INFO - Running command: ['/usr/bin/bash', '-c', 'echo "example_bash_operator__runme_1__20250619" && sleep 1']
[2025-06-20T14:37:12.043+0000] {subprocess.py:86} INFO - Output:
[2025-06-20T14:37:12.045+0000] {subprocess.py:93} INFO - example_bash_operator__runme_1__20250619
[2025-06-20T14:37:13.048+0000] {subprocess.py:97} INFO - Command exited with return code 0
[2025-06-20T14:37:13.049+0000] {taskinstance.py:441} INFO - ::group::Post task execution logs
[2025-06-20T14:37:13.073+0000] {taskinstance.py:1205} INFO - Marking task as SUCCESS. dag_id=example_bash_operator, task_id=runme_1, execution_date=20250619T000000, start_date=20250620T143711, end_date=20250620T143713
[2025-06-20T14:37:13.116+0000] {local_task_job_runner.py:240} INFO - Task exited with return code 0
[2025-06-20T14:37:13.136+0000] {taskinstance.py:3482} INFO - 1 downstream tasks scheduled from follow-on schedule check
[2025-06-20T14:37:13.142+0000] {local_task_job_runner.py:222} INFO - ::endgroup::
