[2025-06-20T14:37:15.236+0000] {local_task_job_runner.py:120} INFO - ::group::Pre task execution logs
[2025-06-20T14:37:15.256+0000] {taskinstance.py:2073} INFO - Dependencies all met for dep_context=non-requeueable deps ti=<TaskInstance: example_bash_operator.run_after_loop manual__2025-06-20T14:37:01+00:00 [queued]>
[2025-06-20T14:37:15.262+0000] {taskinstance.py:2073} INFO - Dependencies all met for dep_context=requeueable deps ti=<TaskInstance: example_bash_operator.run_after_loop manual__2025-06-20T14:37:01+00:00 [queued]>
[2025-06-20T14:37:15.263+0000] {taskinstance.py:2303} INFO - Starting attempt 1 of 1
[2025-06-20T14:37:15.274+0000] {taskinstance.py:2327} INFO - Executing <Task(BashOperator): run_after_loop> on 2025-06-20 14:37:01+00:00
[2025-06-20T14:37:15.282+0000] {warnings.py:110} WARNING - /home/***/.local/lib/python3.12/site-packages/***/task/task_runner/standard_task_runner.py:61: DeprecationWarning: This process (pid=140) is multi-threaded, use of fork() may lead to deadlocks in the child.
  pid = os.fork()

[2025-06-20T14:37:15.284+0000] {standard_task_runner.py:63} INFO - Started process 143 to run task
[2025-06-20T14:37:15.284+0000] {standard_task_runner.py:90} INFO - Running: ['***', 'tasks', 'run', 'example_bash_operator', 'run_after_loop', 'manual__2025-06-20T14:37:01+00:00', '--job-id', '13', '--raw', '--subdir', '/home/***/.local/lib/python3.12/site-packages/***/example_dags/example_bash_operator.py', '--cfg-path', '/tmp/tmp4s3ooi39']
[2025-06-20T14:37:15.286+0000] {standard_task_runner.py:91} INFO - Job 13: Subtask run_after_loop
[2025-06-20T14:37:15.330+0000] {task_command.py:426} INFO - Running <TaskInstance: example_bash_operator.run_after_loop manual__2025-06-20T14:37:01+00:00 [running]> on host 87470d602e6b
[2025-06-20T14:37:15.418+0000] {taskinstance.py:2644} INFO - Exporting env vars: AIRFLOW_CTX_DAG_OWNER='***' AIRFLOW_CTX_DAG_ID='example_bash_operator' AIRFLOW_CTX_TASK_ID='run_after_loop' AIRFLOW_CTX_EXECUTION_DATE='2025-06-20T14:37:01+00:00' AIRFLOW_CTX_TRY_NUMBER='1' AIRFLOW_CTX_DAG_RUN_ID='manual__2025-06-20T14:37:01+00:00'
[2025-06-20T14:37:15.420+0000] {taskinstance.py:430} INFO - ::endgroup::
[2025-06-20T14:37:15.421+0000] {subprocess.py:63} INFO - Tmp dir root location: /tmp
[2025-06-20T14:37:15.422+0000] {subprocess.py:75} INFO - Running command: ['/usr/bin/bash', '-c', "ls -alh --color=always / && echo https://***.apache.org/  && echo 'some <code>html</code>'"]
[2025-06-20T14:37:15.440+0000] {subprocess.py:86} INFO - Output:
[2025-06-20T14:37:15.448+0000] {subprocess.py:93} INFO - total 160K
[2025-06-20T14:37:15.448+0000] {subprocess.py:93} INFO - drwxr-xr-x   1 root    root 4.0K Jun 20 14:34 .
[2025-06-20T14:37:15.449+0000] {subprocess.py:93} INFO - drwxr-xr-x   1 root    root 4.0K Jun 20 14:34 ..
[2025-06-20T14:37:15.449+0000] {subprocess.py:93} INFO - -rwxr-xr-x   1 root    root    0 Jun 20 14:34 .dockerenv
[2025-06-20T14:37:15.450+0000] {subprocess.py:93} INFO - -rw-r--r--   1 *** root  72K Apr  8  2024 Dockerfile
[2025-06-20T14:37:15.450+0000] {subprocess.py:93} INFO - -rw-rw-r--   1 root    root  282 Apr  8  2024 ***-scheduler-autorestart
[2025-06-20T14:37:15.450+0000] {subprocess.py:93} INFO - lrwxrwxrwx   1 root    root    7 Mar 11  2024 bin -> usr/bin
[2025-06-20T14:37:15.451+0000] {subprocess.py:93} INFO - drwxr-xr-x   2 root    root 4.0K Jan 28  2024 boot
[2025-06-20T14:37:15.451+0000] {subprocess.py:93} INFO - -rwxrwxr-x   1 root    root  643 Apr  8  2024 clean-logs
[2025-06-20T14:37:15.453+0000] {subprocess.py:93} INFO - drwxr-xr-x   5 root    root  340 Jun 20 14:34 dev
[2025-06-20T14:37:15.453+0000] {subprocess.py:93} INFO - -rwxrwxr-x   1 root    root  12K Apr  8  2024 entrypoint
[2025-06-20T14:37:15.454+0000] {subprocess.py:93} INFO - drwxr-xr-x   1 root    root 4.0K Jun 20 14:34 etc
[2025-06-20T14:37:15.454+0000] {subprocess.py:93} INFO - drwxr-xr-x   1 root    root 4.0K Apr  8  2024 home
[2025-06-20T14:37:15.454+0000] {subprocess.py:93} INFO - lrwxrwxrwx   1 root    root    7 Mar 11  2024 lib -> usr/lib
[2025-06-20T14:37:15.455+0000] {subprocess.py:93} INFO - lrwxrwxrwx   1 root    root    9 Mar 11  2024 lib64 -> usr/lib64
[2025-06-20T14:37:15.455+0000] {subprocess.py:93} INFO - drwxr-xr-x   2 root    root 4.0K Mar 11  2024 media
[2025-06-20T14:37:15.455+0000] {subprocess.py:93} INFO - drwxr-xr-x   2 root    root 4.0K Mar 11  2024 mnt
[2025-06-20T14:37:15.456+0000] {subprocess.py:93} INFO - drwxr-xr-x   1 root    root 4.0K Apr  8  2024 opt
[2025-06-20T14:37:15.456+0000] {subprocess.py:93} INFO - dr-xr-xr-x 392 root    root    0 Jun 20 14:34 proc
[2025-06-20T14:37:15.456+0000] {subprocess.py:93} INFO - drwx------   1 root    root 4.0K Apr  8  2024 root
[2025-06-20T14:37:15.457+0000] {subprocess.py:93} INFO - drwxr-xr-x   1 root    root 4.0K Apr  8  2024 run
[2025-06-20T14:37:15.457+0000] {subprocess.py:93} INFO - lrwxrwxrwx   1 root    root    8 Mar 11  2024 sbin -> usr/sbin
[2025-06-20T14:37:15.457+0000] {subprocess.py:93} INFO - drwxr-xr-x   1 root    root 4.0K Apr  8  2024 scripts
[2025-06-20T14:37:15.458+0000] {subprocess.py:93} INFO - drwxr-xr-x   2 root    root 4.0K Mar 11  2024 srv
[2025-06-20T14:37:15.458+0000] {subprocess.py:93} INFO - dr-xr-xr-x  13 root    root    0 Jun 20 14:34 sys
[2025-06-20T14:37:15.458+0000] {subprocess.py:93} INFO - drwxrwxrwt   1 root    root 4.0K Jun 20 14:37 tmp
[2025-06-20T14:37:15.459+0000] {subprocess.py:93} INFO - drwxr-xr-x   1 root    root 4.0K Mar 11  2024 usr
[2025-06-20T14:37:15.459+0000] {subprocess.py:93} INFO - drwxr-xr-x   1 root    root 4.0K Mar 11  2024 var
[2025-06-20T14:37:15.459+0000] {subprocess.py:93} INFO - https://***.apache.org/
[2025-06-20T14:37:15.460+0000] {subprocess.py:93} INFO - some <code>html</code>
[2025-06-20T14:37:15.460+0000] {subprocess.py:97} INFO - Command exited with return code 0
[2025-06-20T14:37:15.461+0000] {taskinstance.py:441} INFO - ::group::Post task execution logs
[2025-06-20T14:37:15.484+0000] {taskinstance.py:1205} INFO - Marking task as SUCCESS. dag_id=example_bash_operator, task_id=run_after_loop, execution_date=20250620T143701, start_date=20250620T143715, end_date=20250620T143715
[2025-06-20T14:37:15.538+0000] {local_task_job_runner.py:240} INFO - Task exited with return code 0
[2025-06-20T14:37:15.554+0000] {taskinstance.py:3482} INFO - 0 downstream tasks scheduled from follow-on schedule check
[2025-06-20T14:37:15.555+0000] {local_task_job_runner.py:222} INFO - ::endgroup::
