[2025-06-20T14:37:11.747+0000] {local_task_job_runner.py:120} INFO - ::group::Pre task execution logs
[2025-06-20T14:37:11.785+0000] {taskinstance.py:2073} INFO - Dependencies all met for dep_context=non-requeueable deps ti=<TaskInstance: example_bash_operator.also_run_this scheduled__2025-06-19T00:00:00+00:00 [queued]>
[2025-06-20T14:37:11.794+0000] {taskinstance.py:2073} INFO - Dependencies all met for dep_context=requeueable deps ti=<TaskInstance: example_bash_operator.also_run_this scheduled__2025-06-19T00:00:00+00:00 [queued]>
[2025-06-20T14:37:11.795+0000] {taskinstance.py:2303} INFO - Starting attempt 1 of 1
[2025-06-20T14:37:11.811+0000] {taskinstance.py:2327} INFO - Executing <Task(BashOperator): also_run_this> on 2025-06-19 00:00:00+00:00
[2025-06-20T14:37:11.824+0000] {warnings.py:110} WARNING - /home/***/.local/lib/python3.12/site-packages/***/task/task_runner/standard_task_runner.py:61: DeprecationWarning: This process (pid=105) is multi-threaded, use of fork() may lead to deadlocks in the child.
  pid = os.fork()

[2025-06-20T14:37:11.829+0000] {standard_task_runner.py:63} INFO - Started process 127 to run task
[2025-06-20T14:37:11.828+0000] {standard_task_runner.py:90} INFO - Running: ['***', 'tasks', 'run', 'example_bash_operator', 'also_run_this', 'scheduled__2025-06-19T00:00:00+00:00', '--job-id', '9', '--raw', '--subdir', '/home/***/.local/lib/python3.12/site-packages/***/example_dags/example_bash_operator.py', '--cfg-path', '/tmp/tmp_a8d1v4q']
[2025-06-20T14:37:11.832+0000] {standard_task_runner.py:91} INFO - Job 9: Subtask also_run_this
[2025-06-20T14:37:11.909+0000] {task_command.py:426} INFO - Running <TaskInstance: example_bash_operator.also_run_this scheduled__2025-06-19T00:00:00+00:00 [running]> on host 87470d602e6b
[2025-06-20T14:37:12.021+0000] {taskinstance.py:2644} INFO - Exporting env vars: AIRFLOW_CTX_DAG_OWNER='***' AIRFLOW_CTX_DAG_ID='example_bash_operator' AIRFLOW_CTX_TASK_ID='also_run_this' AIRFLOW_CTX_EXECUTION_DATE='2025-06-19T00:00:00+00:00' AIRFLOW_CTX_TRY_NUMBER='1' AIRFLOW_CTX_DAG_RUN_ID='scheduled__2025-06-19T00:00:00+00:00'
[2025-06-20T14:37:12.024+0000] {taskinstance.py:430} INFO - ::endgroup::
[2025-06-20T14:37:12.025+0000] {subprocess.py:63} INFO - Tmp dir root location: /tmp
[2025-06-20T14:37:12.027+0000] {subprocess.py:75} INFO - Running command: ['/usr/bin/bash', '-c', 'echo "ti_key=example_bash_operator__also_run_this__20250619"']
[2025-06-20T14:37:12.046+0000] {subprocess.py:86} INFO - Output:
[2025-06-20T14:37:12.049+0000] {subprocess.py:93} INFO - ti_key=example_bash_operator__also_run_this__20250619
[2025-06-20T14:37:12.049+0000] {subprocess.py:97} INFO - Command exited with return code 0
[2025-06-20T14:37:12.050+0000] {taskinstance.py:441} INFO - ::group::Post task execution logs
[2025-06-20T14:37:12.074+0000] {taskinstance.py:1205} INFO - Marking task as SUCCESS. dag_id=example_bash_operator, task_id=also_run_this, execution_date=20250619T000000, start_date=20250620T143711, end_date=20250620T143712
[2025-06-20T14:37:12.124+0000] {local_task_job_runner.py:240} INFO - Task exited with return code 0
[2025-06-20T14:37:12.158+0000] {taskinstance.py:3482} INFO - 0 downstream tasks scheduled from follow-on schedule check
[2025-06-20T14:37:12.162+0000] {local_task_job_runner.py:222} INFO - ::endgroup::
