[2025-06-20T14:37:11.744+0000] {local_task_job_runner.py:120} INFO - ::group::Pre task execution logs
[2025-06-20T14:37:11.780+0000] {taskinstance.py:2073} INFO - Dependencies all met for dep_context=non-requeueable deps ti=<TaskInstance: example_bash_operator.runme_2 manual__2025-06-20T14:37:01+00:00 [queued]>
[2025-06-20T14:37:11.789+0000] {taskinstance.py:2073} INFO - Dependencies all met for dep_context=requeueable deps ti=<TaskInstance: example_bash_operator.runme_2 manual__2025-06-20T14:37:01+00:00 [queued]>
[2025-06-20T14:37:11.790+0000] {taskinstance.py:2303} INFO - Starting attempt 1 of 1
[2025-06-20T14:37:11.806+0000] {taskinstance.py:2327} INFO - Executing <Task(BashOperator): runme_2> on 2025-06-20 14:37:01+00:00
[2025-06-20T14:37:11.822+0000] {warnings.py:110} WARNING - /home/***/.local/lib/python3.12/site-packages/***/task/task_runner/standard_task_runner.py:61: DeprecationWarning: This process (pid=103) is multi-threaded, use of fork() may lead to deadlocks in the child.
  pid = os.fork()

[2025-06-20T14:37:11.825+0000] {standard_task_runner.py:63} INFO - Started process 125 to run task
[2025-06-20T14:37:11.826+0000] {standard_task_runner.py:90} INFO - Running: ['***', 'tasks', 'run', 'example_bash_operator', 'runme_2', 'manual__2025-06-20T14:37:01+00:00', '--job-id', '4', '--raw', '--subdir', '/home/***/.local/lib/python3.12/site-packages/***/example_dags/example_bash_operator.py', '--cfg-path', '/tmp/tmpx0dfnznb']
[2025-06-20T14:37:11.831+0000] {standard_task_runner.py:91} INFO - Job 4: Subtask runme_2
[2025-06-20T14:37:11.906+0000] {task_command.py:426} INFO - Running <TaskInstance: example_bash_operator.runme_2 manual__2025-06-20T14:37:01+00:00 [running]> on host 87470d602e6b
[2025-06-20T14:37:12.019+0000] {taskinstance.py:2644} INFO - Exporting env vars: AIRFLOW_CTX_DAG_OWNER='***' AIRFLOW_CTX_DAG_ID='example_bash_operator' AIRFLOW_CTX_TASK_ID='runme_2' AIRFLOW_CTX_EXECUTION_DATE='2025-06-20T14:37:01+00:00' AIRFLOW_CTX_TRY_NUMBER='1' AIRFLOW_CTX_DAG_RUN_ID='manual__2025-06-20T14:37:01+00:00'
[2025-06-20T14:37:12.022+0000] {taskinstance.py:430} INFO - ::endgroup::
[2025-06-20T14:37:12.023+0000] {subprocess.py:63} INFO - Tmp dir root location: /tmp
[2025-06-20T14:37:12.025+0000] {subprocess.py:75} INFO - Running command: ['/usr/bin/bash', '-c', 'echo "example_bash_operator__runme_2__20250620" && sleep 1']
[2025-06-20T14:37:12.045+0000] {subprocess.py:86} INFO - Output:
[2025-06-20T14:37:12.047+0000] {subprocess.py:93} INFO - example_bash_operator__runme_2__20250620
[2025-06-20T14:37:13.050+0000] {subprocess.py:97} INFO - Command exited with return code 0
[2025-06-20T14:37:13.051+0000] {taskinstance.py:441} INFO - ::group::Post task execution logs
[2025-06-20T14:37:13.076+0000] {taskinstance.py:1205} INFO - Marking task as SUCCESS. dag_id=example_bash_operator, task_id=runme_2, execution_date=20250620T143701, start_date=20250620T143711, end_date=20250620T143713
[2025-06-20T14:37:13.123+0000] {local_task_job_runner.py:240} INFO - Task exited with return code 0
[2025-06-20T14:37:13.145+0000] {taskinstance.py:3482} INFO - 0 downstream tasks scheduled from follow-on schedule check
[2025-06-20T14:37:13.147+0000] {local_task_job_runner.py:222} INFO - ::endgroup::
